   Compiling deadpan-core v0.1.0 (/Users/michael/Code/deadpan/crates/deadpan-core)
   Compiling deadpan-render v0.1.0 (/Users/michael/Code/deadpan/crates/deadpan-render)
warning: linker stderr: ld: __eh_frame section too large (max 16MB) to encode dwarf unwind offsets in compact unwind table, performance of exception handling might be affected
  |
  = note: `#[warn(linker_messages)]` on by default

warning: `deadpan-app` (bin "deadpan-app") generated 1 warning
   Compiling deadpan-plan v0.1.0 (/Users/michael/Code/deadpan/crates/deadpan-plan)
    Finished `test` profile [unoptimized + debuginfo] target(s) in 1m 58s
     Running unittests src/main.rs (target/debug/deps/deadpan_app-ee1862e87f36dd24)

running 8 tests
test preview::help_scroll::tests::lines_pages_and_ends_clamp_to_measured_geometry_and_use_pointer_offset ... ok
test preview::help_scroll::tests::held_keys_repeat_and_native_modifiers_do_not_scroll_or_escape ... ok
test preview::help_scroll::tests::popup_owned_commit_and_focus_loss_clear_composition_without_consuming_events ... ok
test preview::help_scroll::tests::escape_preserves_the_ordered_command_suffix_without_replaying_help_input ... ok
test preview::help_scroll::tests::closing_help_discards_its_pointer_and_ime_prefix_before_editor_gating ... ok
test preview::help_scroll::tests::opening_closing_and_reopening_help_changes_ownership_within_one_batch ... ok
test preview::help_scroll::tests::headless_file_menu_owns_escape_and_edit_keys_before_help_and_editor ... ok
test preview::help_scroll::tests::headless_window_replay_reaches_the_final_row_and_keeps_pointer_and_keyboard_in_sync ... ok

test result: ok. 8 passed; 0 failed; 0 ignored; 0 measured; 456 filtered out; finished in 0.05s

     Running tests/headless.rs (target/debug/deps/headless-e178f18b4f10557f)

running 0 tests

test result: ok. 0 passed; 0 failed; 0 ignored; 0 measured; 3 filtered out; finished in 0.00s

     Running unittests src/lib.rs (target/debug/deps/deadpan_audio-ceff8498e7c518dd)

running 11 tests
test stages::controlled_reads::controlled_depth_cannot_restart_at_a_domain_or_bypass_through_cache ... ok
test stages::controlled_reads::every_controlled_block_retains_dependencies_already_observed_or_cached ... ok
test stages::controlled_reads::placed_point_source_keeps_selected_origin_and_matches_partitioned_pcm ... ok
test stages::bound_reads::source_origin::gain::trim::roll::roll_right_prefix_preserves_symbolic_resume_and_chronological_reanchors ... ok
test stages::controlled_reads::placed_ntsc_source_preserves_signed_reference_phase_and_controlled_dependencies ... ok
test stages::controlled_reads::controlled_transfer_unions_halo_dependencies_and_keeps_parent_work_limit ... ok
test stages::bound_reads::source_origin::gain::trim::roll::roll_preserves_explicit_hard_on_one_side_without_suppressing_the_other_sides_default_fade ... ok
test stages::bound_reads::source_origin::gain::trim::roll::reverse_roll_grows_the_right_physical_prefix_without_shifting_its_retained_body ... FAILED
test stages::controlled_reads::placed_point_preserve_rechecks_policy_that_owned_no_input_point ... ok
test stages::bound_reads::source_origin::gain::trim::roll::roll_exposes_dormant_right_audio_but_keeps_intentionally_absent_audio_silent ... ok
test stages::bound_reads::source_origin::gain::trim::roll::roll_ntsc_transfers_1601_samples_and_marks_only_the_changed_join ... ok

failures:

---- stages::bound_reads::source_origin::gain::trim::roll::reverse_roll_grows_the_right_physical_prefix_without_shifting_its_retained_body stdout ----

thread 'stages::bound_reads::source_origin::gain::trim::roll::reverse_roll_grows_the_right_physical_prefix_without_shifting_its_retained_body' (61529700) panicked at crates/deadpan-audio/src/bound_reads/source_origin/gain/trim/roll.rs:214:9:
absolute retained body: first mismatch 0: actual [0.0015232434, 0.002016793], expected [0.0015232434, 0.0020168277]
note: run with `RUST_BACKTRACE=1` environment variable to display a backtrace


failures:
    stages::bound_reads::source_origin::gain::trim::roll::reverse_roll_grows_the_right_physical_prefix_without_shifting_its_retained_body

test result: FAILED. 10 passed; 1 failed; 0 ignored; 0 measured; 71 filtered out; finished in 0.23s

error: test failed, to rerun pass `-p deadpan-audio --lib`
     Running tests/audio_context.rs (target/debug/deps/audio_context-1a0ece656d097e52)

running 0 tests

test result: ok. 0 passed; 0 failed; 0 ignored; 0 measured; 4 filtered out; finished in 0.00s

     Running tests/audio_definition.rs (target/debug/deps/audio_definition-bd6a7c09bca18672)

running 0 tests

test result: ok. 0 passed; 0 failed; 0 ignored; 0 measured; 49 filtered out; finished in 0.00s

     Running tests/audio_domain.rs (target/debug/deps/audio_domain-43be90aef483f97d)

running 0 tests

test result: ok. 0 passed; 0 failed; 0 ignored; 0 measured; 12 filtered out; finished in 0.00s

     Running tests/composite_insert.rs (target/debug/deps/composite_insert-d4f09f8623205124)

running 1 test
test trim::roll::roll_44100_keeps_exact_offset_kernel_and_every_composite_suffix_at_its_absolute_position ... ok

test result: ok. 1 passed; 0 failed; 0 ignored; 0 measured; 63 filtered out; finished in 2.80s

     Running tests/dormant_source.rs (target/debug/deps/dormant_source-f97367edec068445)

running 0 tests

test result: ok. 0 passed; 0 failed; 0 ignored; 0 measured; 4 filtered out; finished in 0.00s

     Running tests/gap_bindings.rs (target/debug/deps/gap_bindings-6da72b80d54adcfb)

running 0 tests

test result: ok. 0 passed; 0 failed; 0 ignored; 0 measured; 10 filtered out; finished in 0.00s

     Running tests/gap_definition.rs (target/debug/deps/gap_definition-0d4df77c28b6153b)

running 0 tests

test result: ok. 0 passed; 0 failed; 0 ignored; 0 measured; 6 filtered out; finished in 0.00s

     Running tests/limiter.rs (target/debug/deps/limiter-422ae86e1382421f)

running 0 tests

test result: ok. 0 passed; 0 failed; 0 ignored; 0 measured; 9 filtered out; finished in 0.00s

     Running tests/loudness.rs (target/debug/deps/loudness-c8321cf09fc51d0b)

running 0 tests

test result: ok. 0 passed; 0 failed; 0 ignored; 0 measured; 9 filtered out; finished in 0.00s

     Running tests/reanchors.rs (target/debug/deps/reanchors-04e53739dcd32d15)

running 0 tests

test result: ok. 0 passed; 0 failed; 0 ignored; 0 measured; 6 filtered out; finished in 0.00s

     Running tests/reference_policy.rs (target/debug/deps/reference_policy-e66d1794489c1f3b)

running 0 tests

test result: ok. 0 passed; 0 failed; 0 ignored; 0 measured; 4 filtered out; finished in 0.00s

     Running tests/resample.rs (target/debug/deps/resample-bafe4bb51e60746c)

running 0 tests

test result: ok. 0 passed; 0 failed; 0 ignored; 0 measured; 7 filtered out; finished in 0.00s

     Running tests/sequence.rs (target/debug/deps/sequence-0a9f1443ab39e106)

running 0 tests

test result: ok. 0 passed; 0 failed; 0 ignored; 0 measured; 12 filtered out; finished in 0.00s

     Running tests/session.rs (target/debug/deps/session-a1ee85cb217662db)

running 0 tests

test result: ok. 0 passed; 0 failed; 0 ignored; 0 measured; 8 filtered out; finished in 0.00s

     Running tests/signal_transfer.rs (target/debug/deps/signal_transfer-09c96373ac378788)

running 0 tests

test result: ok. 0 passed; 0 failed; 0 ignored; 0 measured; 7 filtered out; finished in 0.00s

     Running tests/sound_events.rs (target/debug/deps/sound_events-08b15bc07bfee0c8)

running 0 tests

test result: ok. 0 passed; 0 failed; 0 ignored; 0 measured; 5 filtered out; finished in 0.00s

     Running tests/stages.rs (target/debug/deps/stages-b4538e4ae9586a7c)

running 0 tests

test result: ok. 0 passed; 0 failed; 0 ignored; 0 measured; 71 filtered out; finished in 0.00s

     Running tests/true_peak.rs (target/debug/deps/true_peak-ac96106fcbdb0638)

running 0 tests

test result: ok. 0 passed; 0 failed; 0 ignored; 0 measured; 7 filtered out; finished in 0.00s

     Running unittests src/lib.rs (target/debug/deps/deadpan_cli-f406af7029796444)

running 1 test
test encoded_render::publication::filesystem::recovery::tests::recovery_reads_are_bounded_controlled_and_detect_same_inode_mutation ... ok

test result: ok. 1 passed; 0 failed; 0 ignored; 0 measured; 225 filtered out; finished in 0.02s

     Running unittests src/main.rs (target/debug/deps/deadpan_cli-67f9622908ea1bc6)

running 0 tests

test result: ok. 0 passed; 0 failed; 0 ignored; 0 measured; 0 filtered out; finished in 0.00s

     Running tests/audio_context.rs (target/debug/deps/audio_context-dcb7dd4ecefbbc39)

running 0 tests

test result: ok. 0 passed; 0 failed; 0 ignored; 0 measured; 3 filtered out; finished in 0.00s

     Running tests/audio_inspection.rs (target/debug/deps/audio_inspection-e37c5528d3ed92c8)

running 0 tests

test result: ok. 0 passed; 0 failed; 0 ignored; 0 measured; 18 filtered out; finished in 0.00s

     Running tests/boundary_location.rs (target/debug/deps/boundary_location-464d9c86fe3c3986)

running 0 tests

test result: ok. 0 passed; 0 failed; 0 ignored; 0 measured; 5 filtered out; finished in 0.00s

     Running tests/doctor.rs (target/debug/deps/doctor-2208f1f1fd23099f)

running 0 tests

test result: ok. 0 passed; 0 failed; 0 ignored; 0 measured; 2 filtered out; finished in 0.00s

     Running tests/encoded_render.rs (target/debug/deps/encoded_render-0aef728557034f34)

running 0 tests

test result: ok. 0 passed; 0 failed; 0 ignored; 0 measured; 8 filtered out; finished in 0.00s

     Running tests/encoded_verification.rs (target/debug/deps/encoded_verification-123b039de94c59ff)

running 0 tests

test result: ok. 0 passed; 0 failed; 0 ignored; 0 measured; 21 filtered out; finished in 0.00s

     Running tests/encoder_admission.rs (target/debug/deps/encoder_admission-2896d67c9b1c5149)

running 0 tests

test result: ok. 0 passed; 0 failed; 0 ignored; 0 measured; 4 filtered out; finished in 0.00s

     Running tests/live_preparation.rs (target/debug/deps/live_preparation-939cd41f130a433c)

running 0 tests

test result: ok. 0 passed; 0 failed; 0 ignored; 0 measured; 2 filtered out; finished in 0.00s

     Running tests/live_project.rs (target/debug/deps/live_project-4256ee9a662ef49f)

running 0 tests

test result: ok. 0 passed; 0 failed; 0 ignored; 0 measured; 9 filtered out; finished in 0.00s

     Running tests/offline_audio.rs (target/debug/deps/offline_audio-cb3edb20bb9fc557)

running 0 tests

test result: ok. 0 passed; 0 failed; 0 ignored; 0 measured; 4 filtered out; finished in 0.00s

     Running tests/original_commands.rs (target/debug/deps/original_commands-ed0fd602e3d33380)

running 0 tests

test result: ok. 0 passed; 0 failed; 0 ignored; 0 measured; 2 filtered out; finished in 0.00s

     Running tests/project_commands.rs (target/debug/deps/project_commands-382c730ab29d6393)

running 0 tests

test result: ok. 0 passed; 0 failed; 0 ignored; 0 measured; 22 filtered out; finished in 0.00s

     Running tests/render.rs (target/debug/deps/render-3f709b58cac18a12)

running 0 tests

test result: ok. 0 passed; 0 failed; 0 ignored; 0 measured; 5 filtered out; finished in 0.00s

     Running tests/render_worker.rs (target/debug/deps/render_worker-b7331ad9df2fdc70)

running 0 tests

test result: ok. 0 passed; 0 failed; 0 ignored; 0 measured; 5 filtered out; finished in 0.00s

     Running tests/source_registration.rs (target/debug/deps/source_registration-edcc6378c4d87d72)

running 2 tests
test roll::headless_roll_zero_and_invalid_metadata_match_live_without_writes ... ok
test roll::headless_roll_cold_and_live_share_preview_one_commit_and_durable_history ... ok

test result: ok. 2 passed; 0 failed; 0 ignored; 0 measured; 10 filtered out; finished in 1.44s

     Running unittests src/lib.rs (target/debug/deps/deadpan_core-bb206479d7acc486)

running 0 tests

test result: ok. 0 passed; 0 failed; 0 ignored; 0 measured; 103 filtered out; finished in 0.00s

     Running tests/allocation_projection.rs (target/debug/deps/allocation_projection-6c2970e7ff2f484e)

running 0 tests

test result: ok. 0 passed; 0 failed; 0 ignored; 0 measured; 8 filtered out; finished in 0.00s

     Running tests/anchors.rs (target/debug/deps/anchors-25fc30c441a20962)

running 0 tests

test result: ok. 0 passed; 0 failed; 0 ignored; 0 measured; 36 filtered out; finished in 0.00s

     Running tests/audio_binding_capture.rs (target/debug/deps/audio_binding_capture-9f894ffd27a83163)

running 0 tests

test result: ok. 0 passed; 0 failed; 0 ignored; 0 measured; 6 filtered out; finished in 0.00s

     Running tests/audio_bindings.rs (target/debug/deps/audio_bindings-5aab303f5eb0b120)

running 0 tests

test result: ok. 0 passed; 0 failed; 0 ignored; 0 measured; 52 filtered out; finished in 0.00s

     Running tests/audio_context.rs (target/debug/deps/audio_context-9af701e973bca681)

running 0 tests

test result: ok. 0 passed; 0 failed; 0 ignored; 0 measured; 15 filtered out; finished in 0.00s

     Running tests/audio_edges.rs (target/debug/deps/audio_edges-3da0f26557e4e9df)

running 0 tests

test result: ok. 0 passed; 0 failed; 0 ignored; 0 measured; 6 filtered out; finished in 0.00s

     Running tests/audio_gain.rs (target/debug/deps/audio_gain-a211f25012f91be0)

running 0 tests

test result: ok. 0 passed; 0 failed; 0 ignored; 0 measured; 14 filtered out; finished in 0.00s

     Running tests/audio_gain_prefix.rs (target/debug/deps/audio_gain_prefix-21b452733d9a8a9b)

running 0 tests

test result: ok. 0 passed; 0 failed; 0 ignored; 0 measured; 3 filtered out; finished in 0.00s

     Running tests/audio_lineage.rs (target/debug/deps/audio_lineage-997bd37aa522baa4)

running 0 tests

test result: ok. 0 passed; 0 failed; 0 ignored; 0 measured; 10 filtered out; finished in 0.00s

     Running tests/audio_reference.rs (target/debug/deps/audio_reference-743ebd03bb9dc1b5)

running 0 tests

test result: ok. 0 passed; 0 failed; 0 ignored; 0 measured; 15 filtered out; finished in 0.00s

     Running tests/document.rs (target/debug/deps/document-1dd309fbeea4f31b)

running 0 tests

test result: ok. 0 passed; 0 failed; 0 ignored; 0 measured; 17 filtered out; finished in 0.00s

     Running tests/edited_slice.rs (target/debug/deps/edited_slice-d063d974df1ada3d)

running 0 tests

test result: ok. 0 passed; 0 failed; 0 ignored; 0 measured; 31 filtered out; finished in 0.00s

     Running tests/framing.rs (target/debug/deps/framing-39df36d832439b2f)

running 0 tests

test result: ok. 0 passed; 0 failed; 0 ignored; 0 measured; 18 filtered out; finished in 0.00s

     Running tests/gap_overrides.rs (target/debug/deps/gap_overrides-3accc84fcde75a13)

running 0 tests

test result: ok. 0 passed; 0 failed; 0 ignored; 0 measured; 9 filtered out; finished in 0.00s

     Running tests/gap_projection.rs (target/debug/deps/gap_projection-818ab5d3752770f3)

running 0 tests

test result: ok. 0 passed; 0 failed; 0 ignored; 0 measured; 7 filtered out; finished in 0.00s

     Running tests/generated_holds.rs (target/debug/deps/generated_holds-bc94f7e79f8daedc)

running 0 tests

test result: ok. 0 passed; 0 failed; 0 ignored; 0 measured; 6 filtered out; finished in 0.00s

     Running tests/hold_audio.rs (target/debug/deps/hold_audio-8371b9985aca9fd7)

running 0 tests

test result: ok. 0 passed; 0 failed; 0 ignored; 0 measured; 5 filtered out; finished in 0.00s

     Running tests/insert_time.rs (target/debug/deps/insert_time-2407e2c70ad42d7d)

running 0 tests

test result: ok. 0 passed; 0 failed; 0 ignored; 0 measured; 68 filtered out; finished in 0.00s

     Running tests/legacy_audio_editorial.rs (target/debug/deps/legacy_audio_editorial-ef70d8927e3cb9c1)

running 0 tests

test result: ok. 0 passed; 0 failed; 0 ignored; 0 measured; 32 filtered out; finished in 0.00s

     Running tests/legacy_audio_lineage.rs (target/debug/deps/legacy_audio_lineage-c9161f7946f7f263)

running 0 tests

test result: ok. 0 passed; 0 failed; 0 ignored; 0 measured; 2 filtered out; finished in 0.00s

     Running tests/legacy_audio_selection.rs (target/debug/deps/legacy_audio_selection-b8ed68e032892f4b)

running 0 tests

test result: ok. 0 passed; 0 failed; 0 ignored; 0 measured; 21 filtered out; finished in 0.00s

     Running tests/legacy_dormant_audio.rs (target/debug/deps/legacy_dormant_audio-909e078f28efdfe0)

running 0 tests

test result: ok. 0 passed; 0 failed; 0 ignored; 0 measured; 66 filtered out; finished in 0.00s

     Running tests/legacy_framing_clock.rs (target/debug/deps/legacy_framing_clock-7813b78abe88032a)

running 0 tests

test result: ok. 0 passed; 0 failed; 0 ignored; 0 measured; 15 filtered out; finished in 0.00s

     Running tests/legacy_marks.rs (target/debug/deps/legacy_marks-febe8a456ea6c619)

running 0 tests

test result: ok. 0 passed; 0 failed; 0 ignored; 0 measured; 5 filtered out; finished in 0.00s

     Running tests/legacy_source_edit_window.rs (target/debug/deps/legacy_source_edit_window-009276c285564067)

running 0 tests

test result: ok. 0 passed; 0 failed; 0 ignored; 0 measured; 32 filtered out; finished in 0.00s

     Running tests/legacy_split.rs (target/debug/deps/legacy_split-0b9009d3787930da)

running 0 tests

test result: ok. 0 passed; 0 failed; 0 ignored; 0 measured; 4 filtered out; finished in 0.00s

     Running tests/legacy_video_selection.rs (target/debug/deps/legacy_video_selection-a7f0e71754fdd487)

running 0 tests

test result: ok. 0 passed; 0 failed; 0 ignored; 0 measured; 32 filtered out; finished in 0.00s

     Running tests/mark_fragments.rs (target/debug/deps/mark_fragments-bc69f9fc3ca93f4d)

running 0 tests

test result: ok. 0 passed; 0 failed; 0 ignored; 0 measured; 9 filtered out; finished in 0.00s

     Running tests/mark_resolution.rs (target/debug/deps/mark_resolution-6c325c49b35e9925)

running 0 tests

test result: ok. 0 passed; 0 failed; 0 ignored; 0 measured; 9 filtered out; finished in 0.00s

     Running tests/marks.rs (target/debug/deps/marks-837fc2a8e2a37645)

running 0 tests

test result: ok. 0 passed; 0 failed; 0 ignored; 0 measured; 18 filtered out; finished in 0.00s

     Running tests/move_range.rs (target/debug/deps/move_range-be6520de7289931c)

running 0 tests

test result: ok. 0 passed; 0 failed; 0 ignored; 0 measured; 8 filtered out; finished in 0.00s

     Running tests/node_gain.rs (target/debug/deps/node_gain-c73ea055346b6d37)

running 0 tests

test result: ok. 0 passed; 0 failed; 0 ignored; 0 measured; 12 filtered out; finished in 0.00s

     Running tests/occurrence_edits.rs (target/debug/deps/occurrence_edits-79311d1bd3fbb439)

running 0 tests

test result: ok. 0 passed; 0 failed; 0 ignored; 0 measured; 8 filtered out; finished in 0.00s

     Running tests/partitions.rs (target/debug/deps/partitions-7badbe366b4c11a4)

running 0 tests

test result: ok. 0 passed; 0 failed; 0 ignored; 0 measured; 5 filtered out; finished in 0.00s

     Running tests/picture_context.rs (target/debug/deps/picture_context-31d144de4eb3ccea)

running 0 tests

test result: ok. 0 passed; 0 failed; 0 ignored; 0 measured; 20 filtered out; finished in 0.00s

     Running tests/play_overrides.rs (target/debug/deps/play_overrides-e9a409b05db71ba1)

running 0 tests

test result: ok. 0 passed; 0 failed; 0 ignored; 0 measured; 8 filtered out; finished in 0.00s

     Running tests/presentation_basis.rs (target/debug/deps/presentation_basis-f6814b50706bc91d)

running 0 tests

test result: ok. 0 passed; 0 failed; 0 ignored; 0 measured; 15 filtered out; finished in 0.00s

     Running tests/repeat_gap_layout.rs (target/debug/deps/repeat_gap_layout-a6e688a198ea7f45)

running 0 tests

test result: ok. 0 passed; 0 failed; 0 ignored; 0 measured; 6 filtered out; finished in 0.00s

     Running tests/retime_edits.rs (target/debug/deps/retime_edits-bcda5d961ba96d39)

running 0 tests

test result: ok. 0 passed; 0 failed; 0 ignored; 0 measured; 6 filtered out; finished in 0.00s

     Running tests/sound_allowances.rs (target/debug/deps/sound_allowances-65388b8e668447e8)

running 0 tests

test result: ok. 0 passed; 0 failed; 0 ignored; 0 measured; 12 filtered out; finished in 0.00s

     Running tests/sound_events.rs (target/debug/deps/sound_events-3fe4dac2f21ea7e5)

running 0 tests

test result: ok. 0 passed; 0 failed; 0 ignored; 0 measured; 7 filtered out; finished in 0.00s

     Running tests/sound_routes.rs (target/debug/deps/sound_routes-7c14f687462cdb59)

running 0 tests

test result: ok. 0 passed; 0 failed; 0 ignored; 0 measured; 19 filtered out; finished in 0.00s

     Running tests/sound_routing.rs (target/debug/deps/sound_routing-b736331a0b713422)

running 0 tests

test result: ok. 0 passed; 0 failed; 0 ignored; 0 measured; 17 filtered out; finished in 0.00s

     Running tests/source_edit_window.rs (target/debug/deps/source_edit_window-867af5589d158415)

running 0 tests

test result: ok. 0 passed; 0 failed; 0 ignored; 0 measured; 5 filtered out; finished in 0.00s

     Running tests/source_import.rs (target/debug/deps/source_import-e90c995edb7d21fd)

running 0 tests

test result: ok. 0 passed; 0 failed; 0 ignored; 0 measured; 7 filtered out; finished in 0.00s

     Running tests/source_roll.rs (target/debug/deps/source_roll-c4bab8e42b0959d6)

running 11 tests
test roll_shared_limits_keep_strict_fractional_rules_and_report_the_controlling_side ... ok
test roll_rejects_bad_identities_metadata_and_zero_without_mutation ... ok
test roll_avoids_unary_total_overflow_but_reports_real_physical_prefix_overflow ... ok
test roll_refuses_nonadjacent_unqualified_incoherent_and_unsupported_targets ... ok
test roll_preserves_hidden_windows_until_the_edge_crosses_them ... ok
test roll_keeps_independent_coherent_affine_rates_and_offsets_on_both_sides ... ok
test historical_command_grammars_refuse_roll_and_current_wire_is_closed ... ok
test roll_activates_dormant_linked_audio_without_inventing_an_absent_voice ... ok
test roll_transforms_marks_once_preserving_physical_bindings_and_seam_bias ... ok
test roll_preserves_existing_clocks_effects_root_routes_and_hold_allowances ... ok
test roll_uses_one_delta_and_preserves_fractional_padding_in_all_source_view_pairs ... ok

test result: ok. 11 passed; 0 failed; 0 ignored; 0 measured; 0 filtered out; finished in 0.04s

     Running tests/source_slip.rs (target/debug/deps/source_slip-41d32a00415caa28)

running 0 tests

test result: ok. 0 passed; 0 failed; 0 ignored; 0 measured; 11 filtered out; finished in 0.00s

     Running tests/source_trim_command.rs (target/debug/deps/source_trim_command-2bfce5ffbda3965f)

running 0 tests

test result: ok. 0 passed; 0 failed; 0 ignored; 0 measured; 14 filtered out; finished in 0.00s

     Running tests/source_trim_resolution.rs (target/debug/deps/source_trim_resolution-9dd6784c55b3cb4f)

running 0 tests

test result: ok. 0 passed; 0 failed; 0 ignored; 0 measured; 10 filtered out; finished in 0.00s

     Running tests/source_view.rs (target/debug/deps/source_view-cff3ffc6554eb4c9)

running 0 tests

test result: ok. 0 passed; 0 failed; 0 ignored; 0 measured; 1 filtered out; finished in 0.00s

     Running tests/split.rs (target/debug/deps/split-56476b0da89221b8)

running 0 tests

test result: ok. 0 passed; 0 failed; 0 ignored; 0 measured; 18 filtered out; finished in 0.00s

     Running unittests src/lib.rs (target/debug/deps/deadpan_dsp-e20d9a32cd90d551)

running 0 tests

test result: ok. 0 passed; 0 failed; 0 ignored; 0 measured; 0 filtered out; finished in 0.00s

     Running tests/canonical.rs (target/debug/deps/canonical-09f4240a9e3764a6)

running 0 tests

test result: ok. 0 passed; 0 failed; 0 ignored; 0 measured; 11 filtered out; finished in 0.00s

     Running tests/finite_peak.rs (target/debug/deps/finite_peak-979a6959e98b0411)

running 0 tests

test result: ok. 0 passed; 0 failed; 0 ignored; 0 measured; 3 filtered out; finished in 0.00s

     Running unittests src/lib.rs (target/debug/deps/deadpan_encode-95cdce37cc1f4495)

running 0 tests

test result: ok. 0 passed; 0 failed; 0 ignored; 0 measured; 8 filtered out; finished in 0.00s

     Running tests/failures.rs (target/debug/deps/failures-933dff587d7927d1)

running 0 tests

test result: ok. 0 passed; 0 failed; 0 ignored; 0 measured; 4 filtered out; finished in 0.00s

     Running tests/policy.rs (target/debug/deps/policy-799f0cb6262c3399)

running 0 tests

test result: ok. 0 passed; 0 failed; 0 ignored; 0 measured; 8 filtered out; finished in 0.00s

     Running tests/probe.rs (target/debug/deps/probe-1849cfa253272dec)

running 0 tests

test result: ok. 0 passed; 0 failed; 0 ignored; 0 measured; 9 filtered out; finished in 0.00s

     Running tests/runtime.rs (target/debug/deps/runtime-db2bf4b80972eed1)

running 0 tests

test result: ok. 0 passed; 0 failed; 0 ignored; 0 measured; 5 filtered out; finished in 0.00s

     Running unittests src/lib.rs (target/debug/deps/deadpan_fileclone-cbe80657c57ec17d)

running 0 tests

test result: ok. 0 passed; 0 failed; 0 ignored; 0 measured; 4 filtered out; finished in 0.00s

     Running unittests src/lib.rs (target/debug/deps/deadpan_filesystem-74d0d7e7bcda6171)

running 0 tests

test result: ok. 0 passed; 0 failed; 0 ignored; 0 measured; 3 filtered out; finished in 0.00s

     Running unittests src/lib.rs (target/debug/deps/deadpan_jobs-908e8c0c245f7c02)

running 0 tests

test result: ok. 0 passed; 0 failed; 0 ignored; 0 measured; 28 filtered out; finished in 0.00s

     Running tests/artifact.rs (target/debug/deps/artifact-913100d7cd580336)

running 1 test
test controlled_snapshot_reports_typed_interruption_before_filesystem_access ... ok

test result: ok. 1 passed; 0 failed; 0 ignored; 0 measured; 8 filtered out; finished in 0.00s

     Running tests/generation_plan.rs (target/debug/deps/generation_plan-c67abbf012fbbbc9)

running 0 tests

test result: ok. 0 passed; 0 failed; 0 ignored; 0 measured; 10 filtered out; finished in 0.00s

     Running tests/lifecycle.rs (target/debug/deps/lifecycle-5e9cd5db54f51d77)

running 0 tests

test result: ok. 0 passed; 0 failed; 0 ignored; 0 measured; 15 filtered out; finished in 0.00s

     Running tests/protocol.rs (target/debug/deps/protocol-1969f0b3e1b24cd8)

running 0 tests

test result: ok. 0 passed; 0 failed; 0 ignored; 0 measured; 11 filtered out; finished in 0.00s

     Running tests/supervisor.rs (target/debug/deps/supervisor-ebb45948f97dd9de)

running 0 tests

test result: ok. 0 passed; 0 failed; 0 ignored; 0 measured; 17 filtered out; finished in 0.00s

     Running unittests examples/qualify_model_worker.rs (target/debug/examples/qualify_model_worker-cb9fdca54396d63a)

running 0 tests

test result: ok. 0 passed; 0 failed; 0 ignored; 0 measured; 3 filtered out; finished in 0.00s

     Running unittests src/lib.rs (target/debug/deps/deadpan_media-4a88584bfb7d8e51)

running 1 test
test audio_index::tests::controlled_index_stops_between_observations_before_publishing ... ok

test result: ok. 1 passed; 0 failed; 0 ignored; 0 measured; 19 filtered out; finished in 0.00s

     Running tests/audio_session.rs (target/debug/deps/audio_session-b6c4e09f4afc2293)

running 0 tests

test result: ok. 0 passed; 0 failed; 0 ignored; 0 measured; 6 filtered out; finished in 0.00s

     Running tests/host_boundary.rs (target/debug/deps/host_boundary-61c0327cf08cdacc)

running 0 tests

test result: ok. 0 passed; 0 failed; 0 ignored; 0 measured; 9 filtered out; finished in 0.00s

     Running tests/source_import_timing.rs (target/debug/deps/source_import_timing-876beb7717f8eeb3)

running 0 tests

test result: ok. 0 passed; 0 failed; 0 ignored; 0 measured; 25 filtered out; finished in 0.00s

     Running tests/source_qualification.rs (target/debug/deps/source_qualification-eca6f03ce5a78e31)

running 0 tests

test result: ok. 0 passed; 0 failed; 0 ignored; 0 measured; 10 filtered out; finished in 0.00s

     Running tests/source_session.rs (target/debug/deps/source_session-9a6ce009a47f0349)

running 0 tests

test result: ok. 0 passed; 0 failed; 0 ignored; 0 measured; 8 filtered out; finished in 0.00s

     Running unittests src/main.rs (target/debug/deps/deadpan_media_worker-66031e7d7fd672f6)

running 0 tests

test result: ok. 0 passed; 0 failed; 0 ignored; 0 measured; 3 filtered out; finished in 0.00s

     Running tests/bridge_real_media.rs (target/debug/deps/bridge_real_media-d2a4fa38852bf5ea)

running 0 tests

test result: ok. 0 passed; 0 failed; 0 ignored; 0 measured; 3 filtered out; finished in 0.00s

     Running tests/bundle_qualification.rs (target/debug/deps/bundle_qualification-5a1e2069bcbdb7b2)

running 0 tests

test result: ok. 0 passed; 0 failed; 0 ignored; 0 measured; 5 filtered out; finished in 0.00s

     Running tests/canonicalize_real_media.rs (target/debug/deps/canonicalize_real_media-d552e7dc140cb9f5)

running 0 tests

test result: ok. 0 passed; 0 failed; 0 ignored; 0 measured; 7 filtered out; finished in 0.00s

     Running unittests src/lib.rs (target/debug/deps/deadpan_models-52dc4a21958abb62)

running 0 tests

test result: ok. 0 passed; 0 failed; 0 ignored; 0 measured; 15 filtered out; finished in 0.00s

     Running unittests src/lib.rs (target/debug/deps/deadpan_native_process-376291721d0237d5)

running 0 tests

test result: ok. 0 passed; 0 failed; 0 ignored; 0 measured; 10 filtered out; finished in 0.00s

     Running tests/linux_ownership.rs (target/debug/deps/linux_ownership-05222d4bb01eb70d)

running 0 tests

test result: ok. 0 passed; 0 failed; 0 ignored; 0 measured; 0 filtered out; finished in 0.00s

     Running unittests src/lib.rs (target/debug/deps/deadpan_output-8c1f5f4099cb79a0)

running 0 tests

test result: ok. 0 passed; 0 failed; 0 ignored; 0 measured; 12 filtered out; finished in 0.00s

     Running tests/clock.rs (target/debug/deps/clock-efface5cf2dc61ae)

running 0 tests

test result: ok. 0 passed; 0 failed; 0 ignored; 0 measured; 10 filtered out; finished in 0.00s

     Running tests/no_alloc.rs (target/debug/deps/no_alloc-19c3118821932b0b)

running 0 tests

test result: ok. 0 passed; 0 failed; 0 ignored; 0 measured; 1 filtered out; finished in 0.00s

     Running tests/queue.rs (target/debug/deps/queue-357548cb563b9b33)

running 0 tests

test result: ok. 0 passed; 0 failed; 0 ignored; 0 measured; 15 filtered out; finished in 0.00s

     Running unittests src/lib.rs (target/debug/deps/deadpan_plan-cb75e53019a31228)

running 0 tests

test result: ok. 0 passed; 0 failed; 0 ignored; 0 measured; 26 filtered out; finished in 0.00s

     Running tests/audio_bindings.rs (target/debug/deps/audio_bindings-edf557f7ae9d8959)

running 0 tests

test result: ok. 0 passed; 0 failed; 0 ignored; 0 measured; 1 filtered out; finished in 0.00s

     Running tests/audio_context.rs (target/debug/deps/audio_context-bd54d0fb2f7d9c45)

running 0 tests

test result: ok. 0 passed; 0 failed; 0 ignored; 0 measured; 3 filtered out; finished in 0.00s

     Running tests/audio_definition.rs (target/debug/deps/audio_definition-dae11b9a3d6183a6)

running 0 tests

test result: ok. 0 passed; 0 failed; 0 ignored; 0 measured; 28 filtered out; finished in 0.00s

     Running tests/audio_domain.rs (target/debug/deps/audio_domain-3c140c2d5e3ea7be)

running 0 tests

test result: ok. 0 passed; 0 failed; 0 ignored; 0 measured; 8 filtered out; finished in 0.00s

     Running tests/audio_fades.rs (target/debug/deps/audio_fades-cf681ff20cc5135a)

running 0 tests

test result: ok. 0 passed; 0 failed; 0 ignored; 0 measured; 16 filtered out; finished in 0.00s

     Running tests/audio_plan.rs (target/debug/deps/audio_plan-0b1b321eaaba77d1)

running 0 tests

test result: ok. 0 passed; 0 failed; 0 ignored; 0 measured; 22 filtered out; finished in 0.00s

     Running tests/audio_policy.rs (target/debug/deps/audio_policy-2ba7eab021949522)

running 0 tests

test result: ok. 0 passed; 0 failed; 0 ignored; 0 measured; 1 filtered out; finished in 0.00s

     Running tests/audio_reference.rs (target/debug/deps/audio_reference-3ac17e6fd604a712)

running 0 tests

test result: ok. 0 passed; 0 failed; 0 ignored; 0 measured; 18 filtered out; finished in 0.00s

     Running tests/audio_signal.rs (target/debug/deps/audio_signal-6568a8eef1b21f35)

running 0 tests

test result: ok. 0 passed; 0 failed; 0 ignored; 0 measured; 17 filtered out; finished in 0.00s

     Running tests/audio_tape.rs (target/debug/deps/audio_tape-9f9adf27bfff9ba8)

running 0 tests

test result: ok. 0 passed; 0 failed; 0 ignored; 0 measured; 12 filtered out; finished in 0.00s

     Running tests/edited_slice.rs (target/debug/deps/edited_slice-65a958999ffa7881)

running 0 tests

test result: ok. 0 passed; 0 failed; 0 ignored; 0 measured; 13 filtered out; finished in 0.00s

     Running tests/gap_bindings.rs (target/debug/deps/gap_bindings-4f7c92ad99cf94e7)

running 0 tests

test result: ok. 0 passed; 0 failed; 0 ignored; 0 measured; 3 filtered out; finished in 0.00s

     Running tests/gap_branches.rs (target/debug/deps/gap_branches-6143ab00e54250c5)

running 0 tests

test result: ok. 0 passed; 0 failed; 0 ignored; 0 measured; 4 filtered out; finished in 0.00s

     Running tests/hold_policy.rs (target/debug/deps/hold_policy-bd77b4e9324e9d5e)

running 0 tests

test result: ok. 0 passed; 0 failed; 0 ignored; 0 measured; 10 filtered out; finished in 0.00s

     Running tests/occurrence_edits.rs (target/debug/deps/occurrence_edits-af4be20d05bc85b6)

running 0 tests

test result: ok. 0 passed; 0 failed; 0 ignored; 0 measured; 4 filtered out; finished in 0.00s

     Running tests/picture_plan.rs (target/debug/deps/picture_plan-8c85ce3caf74a61c)

running 0 tests

test result: ok. 0 passed; 0 failed; 0 ignored; 0 measured; 32 filtered out; finished in 0.00s

     Running tests/play_overrides.rs (target/debug/deps/play_overrides-c32c6a97b0dddeff)

running 0 tests

test result: ok. 0 passed; 0 failed; 0 ignored; 0 measured; 5 filtered out; finished in 0.00s

     Running tests/root_sound_routes.rs (target/debug/deps/root_sound_routes-15bf1d5d8ad1dadb)

running 0 tests

test result: ok. 0 passed; 0 failed; 0 ignored; 0 measured; 12 filtered out; finished in 0.00s

     Running tests/routed_voice.rs (target/debug/deps/routed_voice-455508c50a7a071e)

running 0 tests

test result: ok. 0 passed; 0 failed; 0 ignored; 0 measured; 7 filtered out; finished in 0.00s

     Running tests/selected_video_window.rs (target/debug/deps/selected_video_window-ccaff47e90125cf6)

running 1 test
test roll::roll_moves_exact_vfr_ownership_at_signed_origins_and_keeps_terminal_padding_and_suffix ... ok

test result: ok. 1 passed; 0 failed; 0 ignored; 0 measured; 14 filtered out; finished in 0.02s

     Running tests/sound_event_fades.rs (target/debug/deps/sound_event_fades-3df8b2d428303c60)

running 0 tests

test result: ok. 0 passed; 0 failed; 0 ignored; 0 measured; 9 filtered out; finished in 0.00s

     Running tests/sound_events.rs (target/debug/deps/sound_events-e4e81ac2428f4f06)

running 0 tests

test result: ok. 0 passed; 0 failed; 0 ignored; 0 measured; 2 filtered out; finished in 0.00s

     Running tests/sound_route_sampling.rs (target/debug/deps/sound_route_sampling-c9b1909ab8e7b07c)

running 0 tests

test result: ok. 0 passed; 0 failed; 0 ignored; 0 measured; 14 filtered out; finished in 0.00s

     Running tests/source_voice.rs (target/debug/deps/source_voice-bbf5e8fb6e4b9c1e)

running 0 tests

test result: ok. 0 passed; 0 failed; 0 ignored; 0 measured; 4 filtered out; finished in 0.00s

     Running tests/source_voice_policy.rs (target/debug/deps/source_voice_policy-5affc3e41cf6f828)

running 0 tests

test result: ok. 0 passed; 0 failed; 0 ignored; 0 measured; 6 filtered out; finished in 0.00s

     Running unittests src/lib.rs (target/debug/deps/deadpan_playback-893f386b5fc7a189)

running 0 tests

test result: ok. 0 passed; 0 failed; 0 ignored; 0 measured; 60 filtered out; finished in 0.00s

     Running unittests src/lib.rs (target/debug/deps/deadpan_render-4b4c32996c0d357e)

running 0 tests

test result: ok. 0 passed; 0 failed; 0 ignored; 0 measured; 31 filtered out; finished in 0.00s

     Running unittests src/lib.rs (target/debug/deps/deadpan_source-30feff13994babe2)

running 1 test
test opening_budget_tests::admission_and_controlled_first_frame_share_the_opening_io_budget ... ok

test result: ok. 1 passed; 0 failed; 0 ignored; 0 measured; 48 filtered out; finished in 0.00s

     Running tests/audio_decode.rs (target/debug/deps/audio_decode-c3bf0da4bba117b8)

running 0 tests

test result: ok. 0 passed; 0 failed; 0 ignored; 0 measured; 13 filtered out; finished in 0.00s

     Running tests/export_decode.rs (target/debug/deps/export_decode-b8351ce147bc3998)

running 0 tests

test result: ok. 0 passed; 0 failed; 0 ignored; 0 measured; 5 filtered out; finished in 0.00s

     Running tests/persistent_decode.rs (target/debug/deps/persistent_decode-a9d64cf1cbcb6515)

running 0 tests

test result: ok. 0 passed; 0 failed; 0 ignored; 0 measured; 14 filtered out; finished in 0.00s

     Running unittests src/lib.rs (target/debug/deps/deadpan_store-6ef24c19124517f0)

running 3 tests
test object_storage::tests::controlled_publication_cancels_and_cleans_its_pending_object ... ok
test migration::tests::disk_full_during_promotion_rolls_back_original ... ok
test checkpoint::tests::setup_rollback_preserves_replacements_and_unknown_contents ... ok

test result: ok. 3 passed; 0 failed; 0 ignored; 0 measured; 54 filtered out; finished in 0.05s

     Running tests/delete_range.rs (target/debug/deps/delete_range-9fac6b4308dc31e8)

running 0 tests

test result: ok. 0 passed; 0 failed; 0 ignored; 0 measured; 2 filtered out; finished in 0.00s

     Running tests/delete_ripple.rs (target/debug/deps/delete_ripple-84b8a61203ccc08b)

running 0 tests

test result: ok. 0 passed; 0 failed; 0 ignored; 0 measured; 1 filtered out; finished in 0.00s

     Running tests/edited_slice.rs (target/debug/deps/edited_slice-1b7507c94a3b2c8f)

running 0 tests

test result: ok. 0 passed; 0 failed; 0 ignored; 0 measured; 17 filtered out; finished in 0.00s

     Running tests/generated_admission.rs (target/debug/deps/generated_admission-825654313036024d)

running 0 tests

test result: ok. 0 passed; 0 failed; 0 ignored; 0 measured; 2 filtered out; finished in 0.00s

     Running tests/generated_media.rs (target/debug/deps/generated_media-7030c94f452aa80c)

running 0 tests

test result: ok. 0 passed; 0 failed; 0 ignored; 0 measured; 8 filtered out; finished in 0.00s

     Running tests/generated_read_handle.rs (target/debug/deps/generated_read_handle-c3a625a7065d80c0)

running 0 tests

test result: ok. 0 passed; 0 failed; 0 ignored; 0 measured; 5 filtered out; finished in 0.00s

     Running tests/generation.rs (target/debug/deps/generation-0916c66b52273f6a)

running 1 test
test relevance_and_revision_changes_roll_back_together ... ok

test result: ok. 1 passed; 0 failed; 0 ignored; 0 measured; 10 filtered out; finished in 0.05s

     Running tests/generation_attempts.rs (target/debug/deps/generation_attempts-39265d826b7102a1)

running 2 tests
test recovery_of_multiple_attempts_rolls_back_if_one_sequence_is_exhausted ... ok
test receipt_mismatch_and_late_selection_roll_back_atomically ... ok

test result: ok. 2 passed; 0 failed; 0 ignored; 0 measured; 6 filtered out; finished in 0.11s

     Running tests/generation_bundles.rs (target/debug/deps/generation_bundles-1cc974307e88dd84)

running 1 test
test acceptance_rollback_read_only_and_legacy_receipt_are_safe ... ok

test result: ok. 1 passed; 0 failed; 0 ignored; 0 measured; 17 filtered out; finished in 0.17s

     Running tests/host_owner.rs (target/debug/deps/host_owner-c73c0bb5f3b693d5)

running 0 tests

test result: ok. 0 passed; 0 failed; 0 ignored; 0 measured; 11 filtered out; finished in 0.00s

     Running tests/migration.rs (target/debug/deps/migration-f846840520f9f5e4)

running 0 tests

test result: ok. 0 passed; 0 failed; 0 ignored; 0 measured; 131 filtered out; finished in 0.00s

     Running tests/occurrence_edits.rs (target/debug/deps/occurrence_edits-3523e7d65e30a660)

running 0 tests

test result: ok. 0 passed; 0 failed; 0 ignored; 0 measured; 3 filtered out; finished in 0.00s

     Running tests/original_media.rs (target/debug/deps/original_media-66277f18d9efe113)

running 0 tests

test result: ok. 0 passed; 0 failed; 0 ignored; 0 measured; 6 filtered out; finished in 0.00s

     Running tests/original_preparation.rs (target/debug/deps/original_preparation-ae42a067e4f6d006)

running 1 test
test database_rollback_keeps_published_bytes_and_the_prepared_token_can_retry ... ok

test result: ok. 1 passed; 0 failed; 0 ignored; 0 measured; 8 filtered out; finished in 0.06s

     Running tests/persistence.rs (target/debug/deps/persistence-4523968b5cc8f9a3)

running 1 test
test failed_history_write_rolls_back_both_revision_and_current_state ... ok

test result: ok. 1 passed; 0 failed; 0 ignored; 0 measured; 18 filtered out; finished in 0.05s

     Running tests/prepared_checkpoint.rs (target/debug/deps/prepared_checkpoint-b5574fbbaeec283b)

running 0 tests

test result: ok. 0 passed; 0 failed; 0 ignored; 0 measured; 10 filtered out; finished in 0.00s

     Running tests/prepared_relink.rs (target/debug/deps/prepared_relink-6b9fd1e51b83ddb2)

running 0 tests

test result: ok. 0 passed; 0 failed; 0 ignored; 0 measured; 7 filtered out; finished in 0.00s

     Running tests/prepared_source_registration.rs (target/debug/deps/prepared_source_registration-63e5be16584a48a1)

running 1 test
test prepared_insertion_rolls_back_on_history_failure_and_retries_same_token ... ok

test result: ok. 1 passed; 0 failed; 0 ignored; 0 measured; 22 filtered out; finished in 0.13s

     Running tests/presentation_basis.rs (target/debug/deps/presentation_basis-e5bf8d17485942f7)

running 1 test
test failed_insertion_rolls_back_basis_origin_receipt_and_history_together ... ok

test result: ok. 1 passed; 0 failed; 0 ignored; 0 measured; 5 filtered out; finished in 0.07s

     Running tests/render_jobs.rs (target/debug/deps/render_jobs-4f170296e4f530d1)

running 1 test
test transition_counter_exhaustion_rolls_back_and_reserves_terminal_recovery ... ok

test result: ok. 1 passed; 0 failed; 0 ignored; 0 measured; 27 filtered out; finished in 0.06s

     Running tests/single_source.rs (target/debug/deps/single_source-5af7bd9f2cf1b290)

running 1 test
test failing_baseline_publication_rolls_back_source_history_and_can_retry ... ok

test result: ok. 1 passed; 0 failed; 0 ignored; 0 measured; 7 filtered out; finished in 0.11s

     Running tests/source_effects.rs (target/debug/deps/source_effects-910acdeaca901a11)

running 0 tests

test result: ok. 0 passed; 0 failed; 0 ignored; 0 measured; 1 filtered out; finished in 0.00s

     Running tests/source_origin.rs (target/debug/deps/source_origin-156a14ca399aa39f)

running 0 tests

test result: ok. 0 passed; 0 failed; 0 ignored; 0 measured; 1 filtered out; finished in 0.00s

     Running tests/source_registration.rs (target/debug/deps/source_registration-92572b02b02574c2)

running 7 tests
test failed_transaction_retains_original_but_rolls_back_receipt_asset_history_and_cursor ... ok
test slip::slip_rolls_back_the_complete_write_and_does_not_require_current_media_bytes ... ok
test roll::roll_rejects_wrong_resources_reused_revisions_and_a_stale_captured_pair ... ok
test roll::zero_roll_preview_checks_metadata_and_never_reserves_identity_or_history ... ok
test roll::roll_failure_after_history_write_restores_both_sources_and_existing_redo ... ok
test roll::roll_qualifies_two_originals_clamps_once_and_replays_one_durable_edit ... ok
test roll::roll_rechecks_each_receipt_and_original_with_the_other_side_valid ... ok

test result: ok. 7 passed; 0 failed; 0 ignored; 0 measured; 21 filtered out; finished in 0.67s

error: 1 target failed:
    `-p deadpan-audio --lib`
