   Compiling deadpan-core v0.1.0 (/Users/michael/Code/deadpan/crates/deadpan-core)
   Compiling deadpan-media v0.1.0 (/Users/michael/Code/deadpan/crates/deadpan-media)
   Compiling deadpan-jobs v0.1.0 (/Users/michael/Code/deadpan/crates/deadpan-jobs)
   Compiling deadpan-plan v0.1.0 (/Users/michael/Code/deadpan/crates/deadpan-plan)
   Compiling deadpan-render v0.1.0 (/Users/michael/Code/deadpan/crates/deadpan-render)
   Compiling deadpan-audio v0.1.0 (/Users/michael/Code/deadpan/crates/deadpan-audio)
   Compiling deadpan-store v0.1.0 (/Users/michael/Code/deadpan/crates/deadpan-store)
   Compiling deadpan-models v0.1.0 (/Users/michael/Code/deadpan/crates/deadpan-models)
   Compiling deadpan-cli v0.1.0 (/Users/michael/Code/deadpan/crates/deadpan-cli)
   Compiling deadpan-playback v0.1.0 (/Users/michael/Code/deadpan/crates/deadpan-playback)
   Compiling deadpan-app v0.1.0 (/Users/michael/Code/deadpan/crates/deadpan-app)
warning: linker stderr: ld: __eh_frame section too large (max 16MB) to encode dwarf unwind offsets in compact unwind table, performance of exception handling might be affected
  |
  = note: `#[warn(linker_messages)]` on by default

warning: `deadpan-app` (bin "deadpan-app") generated 1 warning
    Finished `test` profile [unoptimized + debuginfo] target(s) in 1m 56s
     Running unittests src/main.rs (target/debug/deps/deadpan_app-ee1862e87f36dd24)

running 1 test
test preview::camera::tests::camera_adjustment_keeps_retained_domain_until_explicit_reset ... ok

test result: ok. 1 passed; 0 failed; 0 ignored; 0 measured; 445 filtered out; finished in 0.00s

     Running tests/headless.rs (target/debug/deps/headless-e178f18b4f10557f)

running 0 tests

test result: ok. 0 passed; 0 failed; 0 ignored; 0 measured; 3 filtered out; finished in 0.00s

