warning: linker stderr: ld: __eh_frame section too large (max 16MB) to encode dwarf unwind offsets in compact unwind table, performance of exception handling might be affected
  |
  = note: `#[warn(linker_messages)]` on by default

   Compiling deadpan-app v0.1.0 (/Users/michael/Code/deadpan/crates/deadpan-app)
warning: `deadpan-app` (bin "deadpan-app") generated 1 warning
    Finished `test` profile [unoptimized + debuginfo] target(s) in 15.81s
     Running unittests src/main.rs (target/debug/deps/deadpan_app-9ddce6a675363c64)

running 6 tests

thread 'project::tests::saved_receipts::warm_original_insertion_retains_saved_receipt_after_refresh_failure' (63743996) panicked at crates/deadpan-app/src/project/tests/saved_receipts.rs:157:5:
assertion `left == right` failed
  left: 120
 right: 240
note: run with `RUST_BACKTRACE=1` environment variable to display a backtrace

thread 'project::tests::saved_receipts::initialized_original_retains_saved_baseline_after_refresh_failure' (63743993) panicked at crates/deadpan-app/src/project/tests/saved_receipts.rs:209:5:
assertion `left == right` failed
  left: 120
 right: 240
test project::tests::saved_receipts::warm_original_insertion_retains_saved_receipt_after_refresh_failure ... FAILED
test project::tests::saved_receipts::initialized_original_retains_saved_baseline_after_refresh_failure ... FAILED
test project::tests::saved_receipts::qualification_failure_has_no_saved_receipt_or_history_change ... ok
test project::tests::saved_receipts::catalog_registration_reports_saved_asset_without_inventing_an_edit_receipt ... ok

thread 'project::tests::saved_receipts::worker_original_insertion_retains_saved_receipt_after_refresh_failure' (63743997) panicked at crates/deadpan-app/src/project/tests/saved_receipts.rs:157:5:
assertion `left == right` failed
  left: 120
 right: 240
test project::tests::saved_receipts::worker_original_insertion_retains_saved_receipt_after_refresh_failure ... FAILED
test project::tests::saved_receipts::sound_place_and_delete_retain_exact_saved_receipts_after_refresh_failure ... ok

failures:

failures:
    project::tests::saved_receipts::initialized_original_retains_saved_baseline_after_refresh_failure
    project::tests::saved_receipts::warm_original_insertion_retains_saved_receipt_after_refresh_failure
    project::tests::saved_receipts::worker_original_insertion_retains_saved_receipt_after_refresh_failure

test result: FAILED. 3 passed; 3 failed; 0 ignored; 0 measured; 599 filtered out; finished in 0.48s

error: test failed, to rerun pass `-p deadpan-app --bin deadpan-app`
