    Checking deadpan-app v0.1.0 (/Users/michael/Code/deadpan/crates/deadpan-app)
error[E0277]: the trait bound `std::sync::Arc<deadpan_core::ProjectDocument>: serde::Serialize` is not satisfied
   --> crates/deadpan-app/src/preview/harness/repeat_input.rs:244:45
    |
244 |     let mut restored = serde_json::to_value(document).map_err(|error| error.to_string())?;
    |                        -------------------- ^^^^^^^^ the trait `ui_harness::report::_::_serde::Serialize` is not implemented for `std::sync::Arc<deadpan_core::ProjectDocument>`
    |                        |
    |                        required by a bound introduced by this call
    |
    = note: for local types consider adding `#[derive(serde::Serialize)]` to your `std::sync::Arc<deadpan_core::ProjectDocument>` type
    = note: for types from other crates check whether the crate offers a `serde` feature flag
    = help: the following other types implement trait `ui_harness::report::_::_serde::Serialize`:
              &'a T
              &'a mut T
              ()
              (T,)
              (T0, T1)
              (T0, T1, T2)
              (T0, T1, T2, T3)
              (T0, T1, T2, T3, T4)
            and 448 others
    = note: required for `&std::sync::Arc<deadpan_core::ProjectDocument>` to implement `ui_harness::report::_::_serde::Serialize`
note: required by a bound in `serde_json::to_value`
   --> /Users/michael/.cargo/registry/src/index.crates.io-1949cf8c6b5b557f/serde_json-1.0.151/src/value/mod.rs:997:8
    |
995 | pub fn to_value<T>(value: T) -> Result<Value, Error>
    |        -------- required by a bound in this function
996 | where
997 |     T: Serialize,
    |        ^^^^^^^^^ required by this bound in `to_value`

For more information about this error, try `rustc --explain E0277`.
error: could not compile `deadpan-app` (bin "deadpan-app") due to 1 previous error
warning: build failed, waiting for other jobs to finish...
error: could not compile `deadpan-app` (bin "deadpan-app" test) due to 1 previous error
