   Compiling deadpan-core v0.1.0 (/Users/michael/Code/deadpan/crates/deadpan-core)
   Compiling deadpan-media v0.1.0 (/Users/michael/Code/deadpan/crates/deadpan-media)
   Compiling deadpan-jobs v0.1.0 (/Users/michael/Code/deadpan/crates/deadpan-jobs)
   Compiling deadpan-plan v0.1.0 (/Users/michael/Code/deadpan/crates/deadpan-plan)
   Compiling deadpan-render v0.1.0 (/Users/michael/Code/deadpan/crates/deadpan-render)
   Compiling deadpan-audio v0.1.0 (/Users/michael/Code/deadpan/crates/deadpan-audio)
   Compiling deadpan-store v0.1.0 (/Users/michael/Code/deadpan/crates/deadpan-store)
   Compiling deadpan-models v0.1.0 (/Users/michael/Code/deadpan/crates/deadpan-models)
   Compiling deadpan-cli v0.1.0 (/Users/michael/Code/deadpan/crates/deadpan-cli)
   Compiling deadpan-playback v0.1.0 (/Users/michael/Code/deadpan/crates/deadpan-playback)
   Compiling deadpan-app v0.1.0 (/Users/michael/Code/deadpan/crates/deadpan-app)
warning: linker stderr: ld: __eh_frame section too large (max 16MB) to encode dwarf unwind offsets in compact unwind table, performance of exception handling might be affected
  |
  = note: `#[warn(linker_messages)]` on by default

warning: `deadpan-app` (bin "deadpan-app") generated 1 warning
    Finished `test` profile [unoptimized + debuginfo] target(s) in 1m 42s
     Running unittests src/main.rs (target/debug/deps/deadpan_app-ee1862e87f36dd24)

running 411 tests
test navigation::camera::tests::camera_enters_adjust_at_current_pose_and_escape_discards_the_draft ... ok
test gain::tests::exact_keys_keep_incoming_curves_and_leave_other_envelopes_intact ... ok
test library::tests::file_names_are_bounded_without_changing_the_source_label ... ok
test gain::tests::configured_unity_and_absent_treatment_remain_distinct ... ok
test gain::tests::mute_ranges_are_exact_independent_and_bounded ... ok
test navigation::camera::tests::logical_router_respects_focus_modifiers_and_key_repeat ... ok
test navigation::camera::tests::invalid_or_stale_targets_leave_picker_open ... ok
test navigation::camera::tests::numeric_pose_update_preserves_exact_components_and_reset_intent ... ok
test navigation::camera::tests::f_toggles_target_picker_without_discarding_the_adjustment ... ok
test gain::tests::decimal_db_parser_has_no_rounding_and_formats_losslessly ... ok
test navigation::camera::tests::target_picker_digits_choose_targets_instead_of_becoming_counts ... ok
test navigation::camera::tests::reset_is_explicit_and_survives_later_pose_adjustments ... ok
test navigation::camera::tests::bounds_and_missing_projection_reject_without_changing_the_pose ... ok
test gain::tests::collection_limits_and_wide_key_comparisons_are_checked ... ok
test gain::tests::insert_and_remove_reshape_only_affected_segments_and_retain_cubic_controls ... ok
test navigation::camera::tests::unchanged_enter_is_not_a_project_edit_but_reset_is ... ok
test navigation::camera::tests::zero_overflow_unsupported_count_and_repeated_commit_are_bounded ... ok
test navigation::camera::tests::source_axis_vectors_pan_exactly_and_coarse_steps_are_five_percent ... ok
test gain::tests::invalid_edits_are_atomic_and_range_changes_do_not_drop_hidden_keys ... ok
test gain::tests::trim_and_true_mute_preserve_all_envelopes_controls_and_ranges ... ok
test gain::tests::frame_parser_is_exact_bounded_and_handles_full_width_ratios ... ok
test navigation::delete_range_tests::visual_delete_preserves_native_guards_and_rejects_counts ... ok
test navigation::command::tests::gain_commands_distinguish_draft_absolute_trim_and_true_mute ... ok
test navigation::command::tests::hold_duration_requires_exact_frame_units_without_lowercasing_arguments ... ok
test navigation::command::tests::repeat_setter_and_explicit_wrapper_remain_distinct ... ok
test navigation::command::tests::existing_commands_keep_their_explicit_actions ... ok
test navigation::command::tests::invalid_counts_and_unimplemented_parameters_never_become_edits ... ok
test navigation::command::tests::monitor_command_preserves_bounded_percentages_without_authored_edits ... ok
test navigation::delete_range_tests::whole_beat_prefix_remains_distinct_from_visual_delete ... ok
test navigation::gain::tests::gain_keys_preserve_buffered_fields_buttons_composition_and_repeat ... ok
test navigation::duration::tests::malformed_or_unbounded_durations_are_not_approximated ... ok
test navigation::command::tests::pause_command_keeps_exact_units_and_zero_without_committing ... ok
test navigation::duration::tests::sample_durations_keep_subframe_precision_and_exact_frame_boundaries ... ok
test navigation::duration::tests::duration_inputs_quantize_once_with_ties_to_even ... ok
test navigation::command::tests::audition_context_requires_two_distinct_named_exact_durations ... ok
test navigation::room_tone::tests::modal_shortcuts_preserve_field_and_control_ownership_and_composition ... ok
test navigation::retime::tests::invalid_or_ambiguous_speed_never_becomes_an_edit ... ok
test navigation::duration::tests::sample_durations_check_negative_values_and_all_overflow_boundaries ... ok
test navigation::retime::tests::speeds_are_exact_and_pitch_is_chosen_explicitly ... ok
test navigation::sound::tests::sound_commands_are_explicit_and_reject_extraneous_arguments ... ok
test navigation::sound::tests::sound_gain_is_exact_bounded_millidecibels ... ok
test navigation::tests::boundaries_include_the_end_and_saturate_without_wrapping ... ok
test navigation::tests::comma_s_places_once_without_counts_or_native_input_capture ... ok
test navigation::tests::control_r_is_redo_only_outside_text_and_composition ... ok
test navigation::splice::tests::slice_shortcuts_preserve_native_buttons_composition_and_global_chords ... ok
test navigation::tests::endpoint_search_history_and_pane_actions_clear_counts ... ok
test navigation::sound::tests::sound_onset_uses_whole_sample_labels_without_frame_rounding ... ok
test navigation::tests::enter_and_escape_belong_to_composition_until_it_finishes ... ok
test navigation::tests::comma_i_reuses_once_and_keeps_native_text_and_global_return_free ... ok
test navigation::tests::counts_reject_overflow_and_zero_never_creates_a_zero_distance_motion ... ok
test navigation::tests::inspector_enter_is_distinct_from_native_text_and_composition ... ok
test navigation::tests::comma_f_z_c_are_direct_unrepeatable_camera_actions ... ok
test navigation::tests::held_keys_cannot_finish_an_operator_or_repeat_an_edit ... ok
test navigation::tests::frame_and_beat_bindings_use_one_accumulated_count ... ok
test navigation::tests::group_navigation_cancels_prefixes_and_respects_native_input_ownership ... ok
test navigation::tests::inspector_participates_only_while_visible ... ok
test navigation::shortcut_audit::tests::fixture_validation_cannot_silently_skip_unknown_bindings ... ok
test navigation::tests::invalid_operator_counts_and_unimplemented_selectors_never_commit ... ok
test navigation::tests::invalid_prefixes_escape_and_explicit_reset_discard_pending_input ... ok
test navigation::tests::logical_comma_accepts_layout_modifiers_but_never_command_or_control ... ok
test navigation::camera::tests::count_multiplies_pan_and_scale ... ok
test navigation::tests::logical_question_mark_opens_help_and_remains_text_during_editing ... ok
test navigation::tests::logical_symbols_and_digits_do_not_assume_a_us_layout ... ok
test navigation::tests::modified_navigation_and_reserved_shortcuts_do_not_edit ... ok
test navigation::tests::moment_keys_are_native_owned_and_never_counted_or_repeated_edits ... ok
test navigation::tests::native_command_shortcuts_preserve_text_editing_history ... ok
test navigation::tests::pane_order_cycles_both_directions_and_reverses_exactly ... ok
test navigation::tests::pause_leader_preserves_counts_and_cannot_fire_from_text_or_repeat ... ok
test navigation::tests::pending_edits_cancel_for_text_ime_context_reset_and_escape ... ok
test navigation::tests::render_captures_only_the_exact_shortcut_outside_text_and_composition ... ok
test navigation::tests::shift_space_loops_once_and_preserves_native_and_global_ownership ... ok
test navigation::tests::space_is_one_normal_mode_toggle_and_clears_pending_edits ... ok
test navigation::tests::split_uses_a_single_unmodified_key_and_respects_native_text_entry ... ok
test navigation::tests::sound_gain_uses_logical_symbols_and_preserves_text_and_reserved_modifiers ... ok
test navigation::tests::sound_gain_counts_are_checked_and_never_complete_another_prefix ... ok
test navigation::tests::text_and_ime_discard_pending_normal_mode_bindings ... ok
test presentation::tests::background_and_empty_sequence_do_not_invent_source_frame_identity ... ok
test presentation::tests::camera_ticket_cannot_modify_retained_picture_after_a_new_request ... ok
test presentation::tests::current_decode_failure_removes_the_old_picture_and_label ... ok
test presentation::tests::camera_geometry_redraws_same_bytes_and_only_submission_advances_display ... ok
test navigation::tests::repeat_and_delete_operators_keep_counts_and_wait_without_a_timeout ... ok
test navigation::tests::g_prefix_survives_idle_observation_without_a_clock_or_timeout ... ok
test presentation::tests::clearing_rejects_old_success_and_failure_even_after_reopening ... ok
test presentation::tests::late_decode_and_error_cannot_replace_the_newest_request ... ok
test presentation::tests::refined_copied_identity_rejects_old_success_and_failure_and_accepts_explicit_background ... ok
test presentation::tests::accepted_picture_waiting_for_gpu_survives_a_new_request ... ok
test presentation::tests::copied_identical_images_advance_only_the_submitted_historical_clock_and_cannot_enter_camera ... ok
test presentation::tests::render_failure_preserves_the_last_displayed_identity_until_a_new_request ... ok
test presentation::tests::repeated_original_picture_has_distinct_sequence_and_revision_identity ... ok
test presentation::tests::successful_decode_clears_an_older_gpu_failure_while_waiting ... ok
test presentation::tests::proposed_content_identity_never_becomes_a_committed_display_or_camera_target ... ok
test presentation::tests::transport_stop_keeps_displayed_picture_but_revokes_unsubmitted_decode ... ok
test preview::camera::tests::camera_routing_preserves_native_text_ime_and_global_shortcuts ... ok
test presentation::tests::source_caption_uses_the_source_view_even_inside_a_project ... ok
test preview::camera::tests::invalid_curve_adjustment_and_nonfinite_projection_fail_without_mutation ... ok
test preview::camera::tests::camera_adjusts_the_whole_curve_and_controls_without_changing_time_hosts ... ok
test dialogs::tests::pending_dialog_rejects_another_and_cancellation_releases_it ... ok
test dialogs::tests::new_project_returns_the_selected_original_once_without_changing_its_path ... ok
test preview::camera_fields::tests::sync_resets_text_and_nonfinite_or_out_of_range_values_never_parse ... ok
test preview::camera::tests::target_picker_tab_keeps_same_batch_digits_and_return_key_routable ... ok
test library::tests::a_library_failure_does_not_create_a_project_elsewhere ... ok
test dialogs::tests::render_directory_preparation_creates_only_the_neighbor_folder_and_preserves_collisions ... ok
test navigation::shortcut_audit::tests::shipped_routers_never_claim_a_kestrel_global_chord_or_prefix ... ok
test navigation::shortcut_audit::tests::changed_live_registry_is_reported_as_drift ... ok
test preview::copied::tests::closing_project_discards_register_and_pending_reply ... ok
test preview::copied::tests::new_original_or_rejected_yank_supersedes_pending_edited_copy ... ok
test preview::copied::tests::stale_and_duplicate_replies_cannot_complete_a_newer_yank ... ok
test navigation::shortcut_audit::tests::audit_rejects_reserved_keys_that_only_start_a_count ... ok
test navigation::shortcut_audit::tests::audit_rejects_the_old_command_return_binding ... ok
test preview::edit_range::tests::reverse_range_is_half_open_and_finished_range_does_not_follow_cursor ... ok
test preview::edit_range::tests::revision_session_project_scope_or_owner_change_discards_range ... ok
test preview::gain::controls::tests::failed_key_update_is_atomic_and_keeps_visible_pending_text ... ok
test preview::gain::controls::tests::opening_and_equivalent_text_preserve_the_complete_entry_recipe ... ok
test preview::gain::controls::tests::unapplied_or_invalid_fields_and_new_items_block_parent_apply ... ok
test preview::gain::controls::tests::updates_do_not_discard_unrelated_pending_rows ... ok
test preview::gain::waveform::tests::owner_coordinates_keep_fractional_phase_and_fixed_signed_amplitude ... ok
test preview::gain::waveform::tests::pending_and_interrupted_measurements_never_describe_unknown_audio_as_silence ... ok
test preview::harness::scenarios::picture_geometry_tests::a_quarter_pixel_overflow_is_rejected_on_every_edge ... ok
test preview::harness::scenarios::picture_geometry_tests::allowance_is_measured_in_physical_pixels ... ok
test preview::harness::scenarios::picture_geometry_tests::fitted_canvas_rounding_residue_is_visible_at_one_and_two_times_scale ... ok
test preview::harness::scenarios::picture_geometry_tests::invalid_rectangles_and_pixel_scales_cannot_pass_visibility ... ok
test preview::harness::telemetry::tests::absent_worker_timing_preserves_existing_delivery_without_zero_samples ... ok
test preview::harness::telemetry::tests::completion_before_new_input_keeps_its_admitted_origin ... ok
test preview::harness::telemetry::tests::failures_are_retained_without_success_samples_and_recovery_has_its_own_clock ... ok
test navigation::camera::tests::counted_scale_matches_repeated_quantized_steps_and_stays_bounded ... ok
test preview::harness::telemetry::tests::held_receipt_changes_observation_delay_without_changing_worker_phases ... ok
test preview::harness::telemetry::tests::invalid_or_incomplete_worker_timing_never_produces_phase_samples ... ok
test preview::harness::telemetry::tests::picker_completion_before_dispatch_does_not_admit_the_new_input ... ok
test preview::harness::telemetry::tests::queued_repeats_keep_fifo_input_origins_and_cancel_without_leaking_them ... ok
test preview::harness::telemetry::tests::repeated_delivery_resize_and_camera_submissions_do_not_duplicate_latency ... ok
test preview::harness::telemetry::tests::superseded_decode_and_retained_resize_cannot_complete_new_request ... ok
test preview::harness::telemetry::tests::worker_phases_decompose_delivery_and_retain_actual_ticket_timestamps ... ok
test preview::harness::telemetry::tests::unsuccessful_and_repeated_receipts_keep_trace_without_worker_samples ... ok
test preview::harness::wake::tests::actual_egui_context_wakes_from_cloned_background_context ... ok
test preview::harness::wake::tests::delayed_requests_coalesce_and_immediate_work_wins ... ok
test preview::harness::wake::tests::future_deadline_survives_an_early_input_step_until_due_or_stale ... ok
test preview::camera_fields::tests::fields_fit_the_minimum_inspector_content_width ... ok
test preview::camera_fields::tests::focused_arrow_steps_only_the_selected_exact_component ... ok
test preview::cards::tests::card_identity_and_keyboard_focus_follow_its_node_after_a_move ... ok
test preview::camera_fields::tests::same_frame_text_and_enter_validate_new_value_without_rounding_untouched_fields ... ok
test preview::harness::wake::tests::absent_or_late_repaint_obeys_finite_deadline ... ok
test preview::camera_fields::tests::nonfinite_text_in_same_batch_as_apply_is_rejected_without_clamping ... ok
test preview::camera_fields::tests::canceled_ime_preedit_restores_the_exact_precomposition_buffer ... ok
test preview::camera_fields::tests::active_ime_preedit_blocks_apply_until_its_commit_is_consumed ... ok
test preview::camera::tests::tab_into_camera_fields_does_not_retype_an_earlier_count ... ok
test preview::cards::tests::resize_keeps_the_selected_card_visible_when_card_pitch_changes ... ok
test preview::cards::tests::original_caption_follows_the_whole_card_at_both_sidebar_widths ... ok
test preview::cards::tests::undo_then_insert_after_first_preserves_each_card_and_its_text ... ok
test preview::harness::wake::tests::notification_crossing_the_wait_handoff_is_not_lost ... ok
test preview::cards::tests::appending_beats_keeps_every_fitting_card_visible_on_the_first_frame ... ok
test preview::harness::wake::tests::pending_before_wait_is_not_lost_and_step_consumes_it ... ok
test preview::harness::wake::tests::requests_during_step_and_final_output_survive_old_pass_pruning ... ok
test preview::help_scroll::tests::closing_help_discards_its_pointer_and_ime_prefix_before_editor_gating ... ok
test preview::help_scroll::tests::escape_preserves_the_ordered_command_suffix_without_replaying_help_input ... ok
test preview::help_scroll::tests::lines_pages_and_ends_clamp_to_measured_geometry_and_use_pointer_offset ... ok
test preview::help_scroll::tests::held_keys_repeat_and_native_modifiers_do_not_scroll_or_escape ... ok
test preview::help_scroll::tests::opening_closing_and_reopening_help_changes_ownership_within_one_batch ... ok
test preview::help_scroll::tests::popup_owned_commit_and_focus_loss_clear_composition_without_consuming_events ... ok
test preview::inspector::tests::empty_group_has_truthful_zero_duration_without_invented_parameter_controls ... ok
test preview::inspector::tests::hold_facts_and_duration_entry_preserve_actual_policy_and_frame_units ... ok
test preview::inspector::tests::retime_entry_uses_the_exact_retained_input_speed_and_current_pitch ... ok
test preview::moment::tests::finish_freezes_range_and_identity_change_discards_selection ... ok
test preview::moment::tests::selection_is_half_open_reversible_and_copy_survives_cancel ... ok
test preview::moment::tests::paste_slot_requires_selection_and_keeps_explicit_group_edges ... ok
test preview::inspector::tests::repeat_inspection_is_compact_and_edits_the_existing_repeat ... ok
test preview::playback::tests::loop_context_is_exact_in_audio_samples_and_clamps_to_the_captured_domain ... ok
test preview::render::history::tests::a_durable_movie_commit_survives_every_later_failure_label ... ok
test preview::render::history::tests::only_the_pending_query_ticket_and_session_can_complete_history ... ok
test preview::moment::tests::temporal_bar_uses_measured_vfr_time_and_snaps_to_actual_boundaries ... ok
test preview::render::tests::movie_commit_survives_later_failure_in_the_visible_status ... ok
test preview::repeat_queue::tests::same_revision_background_progress_neither_finishes_nor_consumes_waiting_intents ... ok
test preview::repeat_queue::tests::service_failure_cancels_pending_work_even_if_the_revision_or_commit_looks_valid ... ok
test preview::repeat_queue::tests::cancellation_before_dispatch_or_during_save_never_resurrects_waiting_work ... ok
test preview::repeat_queue::tests::completion_requires_the_current_session_document_and_exact_commit_metadata ... ok
test preview::repeat_queue::tests::changed_context_cannot_append_intents_or_retarget_ready_work ... ok
test preview::repeat_queue::tests::a_real_repeat_with_the_wrong_child_count_or_gap_cannot_authorize_continuation ... ok
test preview::repeat_queue::tests::counted_wraps_continue_in_fifo_order_from_each_exact_committed_wrapper ... ok
test preview::room_tone::tests::delayed_failures_cannot_consume_a_newer_range_ticket_or_context ... ok
test preview::room_tone::tests::native_sample_fields_keep_signed_source_units_and_reject_invalid_ranges ... ok
test preview::selection::tests::beat_navigation_visits_empty_rows_in_both_directions_without_skipping ... ok
test preview::selection::tests::committed_nested_pause_selects_its_visible_group_at_the_captured_boundary ... ok
test preview::selection::tests::cursor_crossings_choose_the_right_hand_root_beat ... ok
test preview::selection::tests::cursor_marker_maps_only_within_its_own_structural_card ... ok
test preview::selection::tests::duration_changes_and_deletion_recompute_selection_from_committed_rows ... ok
test preview::selection::tests::empty_and_zero_duration_structures_have_no_invented_frame ... ok
test preview::selection::tests::empty_beat_has_no_invented_cursor_progress ... ok
test preview::selection::tests::explicit_empty_row_survives_refresh_but_frame_motion_reselects ... ok
test preview::selection::tests::nested_rows_keep_absolute_cursor_and_local_split_coordinates ... ok
test preview::selection::tests::range_receipt_requires_its_exact_visible_session_project_and_revision_once ... ok
test preview::selection::tests::returning_from_a_group_preserves_a_heard_cursor_outside_its_parent ... ok
test preview::selection::tests::split_captures_only_an_interior_boundary_of_the_selected_beat ... ok
test preview::selection::tests::split_or_coalesced_import_completion_cannot_override_an_edit ... ok
test preview::sound_events::tests::gain_labels_preserve_millidecibels_for_command_entry ... ok
test preview::splice::comparison::tests::context_stops_at_other_site_in_both_directions ... ok
test preview::splice::comparison::tests::independent_move_sites_map_prefixes_interiors_suffixes_and_empty_seams ... ok
test preview::splice::comparison::tests::ntsc_move_uses_complete_absolute_boundaries ... ok
test preview::splice::pictures::tests::failed_resize_preserves_the_accepted_pair_and_odd_canvas_aspect ... ok
test preview::splice::pictures::tests::labels_wait_for_both_clocks_and_background_completes_a_pair ... ok
test preview::splice::pictures::tests::prior_source_error_cannot_label_the_refined_range_unavailable ... ok
test preview::splice::tests::comparison_retains_prefix_suffix_and_clamps_only_replaced_interiors ... ok
test preview::style::tests::layout_metrics_stay_finite_and_bounded_for_transient_resize_inputs ... ok
test preview::style::tests::supported_windows_keep_the_picture_larger_than_either_sidebar ... ok
test preview::splice::tests::ntsc_comparison_uses_absolute_sample_boundaries_and_round_trips_suffix ... ok
test preview::splice::comparison::tests::boundary_reparenting_keeps_identical_frames_and_samples ... ok
test preview::repeat_queue::tests::overflow_preserves_the_admitted_fifo_prefix_and_counts_every_rejected_intent ... ok
test preview::tests::clicking_away_closes_command_mode_before_normal_edit_keys_resume ... ok
test preview::tests::import_completion_after_history_preserves_the_current_view ... ok
test preview::tests::pointer_focus_batches_defer_shortcuts_and_old_command_submission ... ok
test preview::tests::preview_target_bounds_retina_and_preserves_canvas_geometry ... ok
test preview::tests::repeat_description_exposes_current_total_plays_without_expanding_them ... ok
test preview::tests::sound_catalog_keys_use_production_bindings_and_honor_native_text ... ok
test preview::tests::sound_catalog_shortcuts_cannot_target_the_retained_timeline_selection ... ok
test preview::tests::source_hint_clears_on_context_change_without_clearing_project_feedback ... ok
test preview::tests::v1_open_and_sound_completion_preserve_original_identity_and_cursor ... ok
test project::service::headless::tests::compact_host_error_keeps_conflict_identity_without_claiming_a_commit ... ok
test project::service::headless::tests::compact_host_reply_preserves_commit_even_after_refresh_failure ... ok
test project::service::headless::tests::compact_preparation_reply_retains_published_checkpoint_and_durability_failure ... ok
test preview::tests::focused_control_keeps_shift_space_and_pane_shift_space_loops_selection ... ok
test preview::style::tests::wrapped_shortcuts_keep_every_key_and_label_inside_the_panel ... ok
test preview::scope::tests::compact_empty_sounds_does_not_cover_parent_group_navigation ... ok
test preview::tests::parameter_entry_opened_after_footer_draw_receives_next_frame_text ... ok
test preview::tests::pane_focus_survives_egui_arrow_routing_and_cycles_explicitly ... ok
test preview::tests::text_exit_keeps_final_text_and_returns_to_a_real_pane ... ok
test preview::tests::focused_button_keeps_space_and_return_while_pane_space_controls_playback ... ok
test preview::help_scroll::tests::headless_file_menu_owns_escape_and_edit_keys_before_help_and_editor ... ok
test preview::help_scroll::tests::headless_window_replay_reaches_the_final_row_and_keeps_pointer_and_keyboard_in_sync ... ok
test preview::tests::command_composition_keeps_focus_through_enter_and_layout_retries ... ok
test preview::scope::tests::compact_empty_sounds_stays_visible_beside_long_nested_breadcrumbs ... ok
test preview::gain::tests::replaced_gain_proposals_coalesce_and_stale_errors_cannot_consume_new_request ... ok
test preview::gain::tests::tagged_gain_success_admits_only_current_proposed_content ... ok
test preview::cards::tests::beat_headers_and_card_rows_remain_visible_below_the_viewer ... ok
test library::tests::library_uses_injected_documents_and_exclusive_collision_names ... ok
test project::tests::delete::native_nested_delete_retains_suffix_timing_in_one_transaction_and_undo ... ok
test project::tests::delete::native_delete_empty_terminal_group_keeps_time_and_allows_full_deletion ... ok
test project::tests::delete_selects_successor_then_predecessor_and_explicitly_clears_empty_selection ... ok
test project::tests::edit_rejects_stale_session_revision_and_invalid_targets_without_authored_changes ... ok
test project::tests::cancel_and_switch_reject_late_prepared_results_and_release_writer_lock ... ok
test project::tests::delete_range::native_range_delete_reports_saved_when_refresh_fails_then_reopen_undo_restores ... ok
test project::tests::delete_range::native_range_delete_captures_nested_owner_and_returns_exact_join_once ... ok
test project::tests::edited_slice::edited_proposal_retains_its_saved_receipt_and_duplicate_commit_when_refresh_fails ... ok
test project::tests::consecutive_cached_insertions_report_distinct_committed_nodes ... ok
test project::tests::edited_slice::edited_fast_paste_retains_its_saved_receipt_when_refresh_fails ... ok
test project::tests::edited_slice::capture_is_history_neutral_and_reads_the_named_revision_after_edit_delete_and_undo ... ok
test project::tests::edited_slice::invalid_source_scope_forged_capture_and_stale_destinations_never_write_history ... ok
test project::tests::delete::native_full_original_delete_reopens_and_undo_restores_the_protected_baseline ... ok
test project::tests::edited_slice::move_range::boundary_reparenting_keeps_time_but_returns_the_destination_scope_and_whole_forest ... ok
test project::tests::edited_slice::move_range::move_forest_preview_is_history_neutral_and_commits_one_retained_command_and_range ... ok
test project::tests::edited_slice::all_edited_destinations_preview_exactly_one_commit_with_fresh_paste_identities ... ok
test project::tests::explicit_audio_import_is_measured_and_invalid_selected_stream_fails ... ok
test project::tests::edited_slice::move_range::old_copy_still_pastes_but_move_requires_current_source_even_after_undo ... ok
test project::tests::edited_slice::move_range::rejected_moves_keep_endpoints_and_cannot_commit_or_replace_a_previous_ready_draft ... ok
test project::tests::gain::gain_proposal_failures_retain_identity_and_cannot_retarget_scope_recipe_or_session ... ok
test project::tests::edited_slice::move_range::move_refinement_uses_current_source_range_and_saved_refresh_failure_retains_its_exact_selection ... ok
test project::tests::edited_slice::refinement_stays_historical_and_source_view_survives_invalid_destination_and_reuses_media ... ok
test project::tests::edited_slice::historical_qualified_media_remains_available_after_registration_undo ... ok
test project::tests::edited_slice::nested_copy_excludes_parent_framing_and_pasted_windows_accept_interior_placement ... ok
test project::tests::headless::committed_receipt_survives_native_workspace_refresh_failure ... ok
test project::tests::headless::authenticated_edit_preserves_exact_receipt_and_publishes_native_workspace ... ok
test project::tests::gain::gain_proposals_leave_store_history_unchanged_and_apply_once_with_exact_undo ... ok
test project::tests::delete_range::native_range_delete_terminal_and_full_original_keep_the_protected_baseline ... ok
test project::tests::headless::dry_run_and_malformed_requests_leave_native_state_unchanged ... ok
test project::tests::headless::ipc_cannot_release_an_existing_native_admission ... ok
test project::tests::headless::preparation::cancellation_requires_the_exact_target_and_waits_for_the_worker_reply ... ok
test project::tests::headless::remote_render_cancel_is_exact_and_remains_available_during_native_admission ... ok
test project::tests::headless::preparation::completion_waits_for_native_receipt_and_retains_operational_success_on_refresh_failure ... ok
test project::tests::headless::preparation::retention_stays_operational_and_preserves_an_edit_during_worker_preparation ... ok
test project::tests::headless::remote_render_refuses_temporary_previews_and_unknown_cancel_targets ... ok
test project::tests::failed_original_qualification_reopens_as_an_incomplete_project_for_retry ... ok
test project::tests::headless::socket_replies_do_not_consume_local_edit_selection_receipts ... ok
test project::tests::headless::remote_mutation_waits_until_native_ui_consumes_its_commit_receipt ... ok
test project::tests::lost_import_worker_reports_failure_without_closing_project ... ok
test project::tests::headless::stale_and_foreign_requests_do_not_mutate_or_retarget ... ok
test project::tests::failed_native_migration_retains_the_current_project_and_its_active_preparation ... ok
test project::tests::headless::preparation::checkpoint_reports_the_worker_snapshot_and_preserves_the_later_edit ... ok
test project::tests::headless::preparation::registration_keeps_all_caller_ids_and_refuses_a_late_revision ... ok
test project::tests::headless::old_clients_fail_after_close_reopen_and_same_project_id_switch ... ok
test project::tests::headless::preparation::owner_replacement_revokes_late_preparation_and_keeps_the_worker_bounded ... ok
test project::tests::headless::preparation::new_project_cannot_allocate_a_package_while_remote_preparation_is_draining ... ok
test project::tests::native_framing_preserves_time_and_cursor_with_one_durable_undoable_commit ... ok
test project::tests::pause::native_pause_supports_empty_sequence_and_repeat_seams_but_refuses_repeat_interiors ... ok
test project::tests::moment::native_moment_is_one_undo_and_rejects_stale_or_changed_source_identity ... ok
test project::tests::native_open_migrates_authentic_schema16_with_a_backup_and_keeps_it_generic ... ok
test project::tests::render::close_retains_the_render_writer_until_checked_result_admission ... ok
test project::tests::render::native_render_admission_preserves_proposals_and_rejects_stale_targets ... ok
test project::tests::native_new_starts_with_the_full_original_and_history_stops_at_that_baseline ... ok
test project::tests::interrupted_initialization_is_recoverable_and_never_overlaps_after_project_switch ... ok
test project::tests::insertion_completion_survives_import_progress_and_replaced_mailbox_updates ... ok
test project::tests::native_split_refines_the_original_and_restores_it_through_durable_history ... ok
test project::tests::render::preview_render_rejects_wrong_context_revision_scope_cursor_and_edit_without_commit ... ok
test project::tests::render::refresh_failure_keeps_the_durable_preview_receipt_without_starting_render ... ok
test project::tests::render::preview_commit_renders_its_exact_receipt_and_busy_render_does_not_commit ... ok
test project::tests::pause::native_capture_keeps_lower_clips_and_inherits_root_motion_once ... ok
test project::tests::pause::native_pause_retains_framing_and_repeated_capture_does_not_grow_it ... ok
test project::tests::render::render_admission_failure_reports_and_preserves_the_preview_commit ... ok
test project::tests::render::unchanged_preview_cannot_reuse_an_earlier_commit_receipt ... ok
test project::tests::moment::uncached_moment_preparation_keeps_nested_group_edge_and_explicit_cursor ... ok
test project::tests::render::render_capture_pending_does_not_block_edits_or_retarget_its_revision ... ok
test project::tests::render::shutdown_finishes_admitted_edit_and_pumps_render_before_releasing_writer ... ok
test project::tests::project_commands_and_undo_continue_during_preparation_and_errors_survive_progress ... ok
test project::tests::render::open_validates_before_cancelling_and_switches_only_after_render_release ... ok
test project::tests::pause::native_pause_inside_a_source_fragment_preserves_the_following_repeat_and_durable_history ... ok
test project::tests::pause::native_pause_descends_to_nested_sequence_and_keeps_its_framing_live ... ok
test project::tests::render_history::history_rejects_stale_sessions_and_invalid_queries_without_erasing_receipts ... ok
test project::tests::render_history::recovery_rejects_reopened_session_and_missing_or_engineering_targets ... ok
test project::tests::retime::nested_scope_and_split_partition_are_preserved_by_retime ... ok
test project::tests::repeat_setter_preserves_gap_and_operator_wrap_is_distinct_and_durable ... ok
test project::tests::retime::retime_resolves_once_and_rejects_empty_zero_and_overflow_without_commits ... ok
test project::tests::real_import_registers_without_inserting_and_round_trips_entire_history ... ok
test project::tests::prepared_insertion_retains_captured_revision_and_never_retargets_after_undo ... ok
test project::tests::pause::native_pause_freezes_measured_vfr_picture_and_keeps_one_undo_step ... ok
test project::tests::shutdown_does_not_wait_for_import_and_rejects_new_commands ... ok
test project::tests::scope::scope_resolves_absolute_edges_and_blocks_composite_descent_and_pause_seams ... ok
test project::tests::render_history::captured_recovery_targets_keep_historical_revision_and_fresh_attempts ... ok
test project::tests::shutdown_finishes_an_admitted_command_before_releasing_the_store ... ok
test project::tests::scope::stale_nested_scope_and_revision_are_rejected_and_reconcile_to_nearest_parent ... ok
test project::tests::scope::nested_edits_validate_direct_membership_and_rebuild_sibling_selection_in_scope ... ok
test project::tests::retime::native_original_retime_adjusts_one_wrapper_and_has_durable_undo ... ok
test project::tests::room_tone::native_room_tone_failures_keep_request_identity_and_generic_errors_stay_separate ... ok
test project::tests::room_tone::native_room_tone_preparation_is_sample_exact_and_creates_no_history_or_target ... ok
test project::tests::room_tone::native_hold_audio_rejects_nonholds_wrong_scope_and_stale_session_without_retargeting ... ok
test project::tests::sound::allowances::current_pause_target_stays_indexed_and_names_one_of_a_million_repeat_plays ... ok
test project::tests::room_tone::native_room_tone_preparation_rejects_stale_context_receipts_and_invalid_ranges ... ok
test project::tests::render_history::bounded_history_pages_survive_reopen_and_preserve_publication_commit_knowledge ... ok
test project::tests::sound::allowances::exact_pause_allowance_is_scoped_reversible_and_durable ... ok
test project::tests::room_tone::native_hold_audio_commits_once_preserves_scope_cursor_picture_and_reopens_history ... ok
test project::tests::sound::allowances::selected_sound_between_frame_boundaries_can_be_allowed_and_revoked_atomically ... ok
test project::tests::sound::allowances::routed_gap_cannot_be_filled_but_a_new_sound_can_be_allowed_in_the_same_pause ... ok
test project::tests::sound::placement_rechecks_revoked_stored_qualification_in_the_commit_transaction ... ok
test project::tests::splice::cached_refinement_and_abandon_leave_history_unchanged_and_exact_commit_undo_once ... ok
test project::tests::sound::routed_sound_parameters_preserve_journal_and_native_move_is_explicitly_rejected ... ok
test project::tests::sound::sound_requests_reject_overflow_stale_context_video_sources_and_invalid_parameters ... ok
test project::tests::sound::arbitrary_sample_sound_parameters_move_and_removal_survive_durable_history ... ok
test project::tests::sound::moving_an_unrouted_selected_recipe_targets_its_exact_onset_without_losing_source_phase ... ok
test project::tests::splice::equivalence::move_range::qualified_historical_register_keeps_endpoint_pictures_but_cannot_authorize_move ... ok
test project::tests::sound::frame_nudges_are_count_equivalent_and_semantically_reversible_on_fractional_sample_grids ... ok
test project::tests::sounds_are_audio_only_catalog_entries_and_bad_streams_leave_the_edit_intact ... ok
test project::tests::scope::nested_insert_checks_parent_and_retains_captured_scope_for_cached_and_async_paths ... ok
test project::tests::splice::abandon_does_not_cancel_unrelated_import_and_commit_receipt_survives_refresh_failure ... ok
test project::tests::splice::interior::failed_interior_commit_consumes_draft_without_leaking_split_or_insertion ... ok
test transport::tests::a_window_ends_at_its_own_boundary_and_keeps_out_out_of_the_picture ... ok
test transport::tests::invalid_windows_and_domain_bounds_fail_before_starting_transport ... ok
test transport::tests::inverse_matches_every_sample_of_several_rational_clocks ... ok
test transport::tests::loop_laps_map_content_backwards_without_accepting_backwards_delivery ... ok
test transport::tests::ntsc_picture_changes_at_allocated_sample_boundary_once ... ok
test project::tests::splice::replacement::cached_fast_replacement_retains_saved_receipt_when_preview_refresh_fails ... ok
test project::tests::splice::invalid_identity_qualification_scope_and_reopened_session_fail_without_retargeting ... ok
test project::tests::splice::cancelled_and_revision_stale_worker_replies_cannot_restore_or_commit_a_draft ... ok
test project::tests::unavailable_linked_original_invalidates_cached_insertion_without_losing_registration ... ok
test transport::tests::pause_resume_keeps_subframe_sample_and_rejects_other_locations ... ok
test transport::tests::picture_work_coalesces_while_busy_and_terminal_updates_are_exact ... ok
test transport::tests::proposed_updates_and_resume_require_exact_base_draft_and_change_identity ... ok
test transport::tests::resume_checks_window_domain_rate_duration_and_actual_position ... ok
test project::tests::structural_edit_during_import_preparation_survives_coalesced_progress ... ok
test project::tests::splice::replacement::replacement_proposals_share_exact_commits_for_short_equal_long_and_full_ranges ... ok
test transport::tests::stale_request_session_revision_project_and_generation_cannot_advance_cursor ... ok
test ui_harness::comparison::tests::comparison_adds_review_evidence_without_mutating_baseline_or_failing_checks ... ok
test project::tests::splice::interior::interior_invalid_targets_and_changed_revision_cannot_retarget_or_publish_split ... ok
test ui_harness::comparison::tests::identical_changed_and_differently_sized_images_are_counted ... ok
test ui_harness::comparison::tests::reports_above_the_new_limit_are_rejected_before_reading ... ok
test ui_harness::comparison::tests::traversal_and_duplicate_checkpoints_are_rejected ... ok
test ui_harness::report::tests::failed_scenarios_and_timeouts_keep_all_evidence ... ok
test ui_harness::report::tests::labels_are_escaped_and_paths_cannot_be_urls_or_traversal ... ok
test ui_harness::report::tests::nearest_rank_quantiles_cover_empty_small_and_unsorted_samples ... ok
test project::tests::splice::replacement::cold_fast_replacement_finishes_saved_when_preview_refresh_fails ... ok
test ui_harness::tests::generated_picture_requires_a_dedicated_explicit_project ... ok
test ui_harness::tests::invalid_runs_fail_before_creating_artifacts ... ok
test ui_harness::tests::project_retention_is_explicit_and_does_not_consume_the_next_option ... ok
test ui_harness::tests::retained_project_paths_accept_only_known_scenario_names ... ok
test ui_harness::report::tests::screenshot_symlinks_cannot_escape_the_report_directory ... ok
test transport::tests::original::offset_original_subrange_stops_before_out_and_keeps_leading_audio ... ok
test transport::tests::sound::sound_loops_keep_monotonic_delivery_and_reject_stale_or_invalid_reports ... ok
test transport::tests::sound::sound_uses_exact_sample_cursor_and_never_schedules_a_picture ... ok
test project::tests::splice::interior::nested_source_and_hold_interiors_preview_unsaved_and_commit_one_exact_undo ... ok
test project::tests::splice::replacement::nested_replacement_refines_only_source_and_fast_paste_uses_the_same_range ... ok
test project::tests::splice::uncached_qualification_prepares_latest_exact_nested_destination_without_committing ... ok
test project::tests::splice::replacement::replacement_rejects_wrong_scope_stale_revision_and_failed_cursor_write ... ok
test transport::tests::original::original_vfr_uses_measured_picture_boundaries_at_a_different_project_rate ... ok
test worker::endpoints::tests::endpoint_replacement_cancels_active_work_and_rejects_stale_success_and_failure ... ok
test worker::endpoints::tests::endpoint_queue_never_replaces_the_main_picture_and_rejects_invalid_contexts ... ok
test worker::project_tests::cancelled_open_does_not_leave_a_later_project_request_without_a_source ... ok
test worker::project_tests::generated_decoder_identity_preserves_edits_but_rechecks_media_interpretation ... ok
test worker::project_tests::index_validation_observes_cancellation_between_bounded_chunks ... ok
test transport::tests::original::edge_selection_windows_exclude_audio_lead_tail_and_project_enclosure_until_context_is_added ... ok
test worker::project_tests::actual_decoded_freeze_keeps_sequence_position_and_rejects_old_revision_reply ... ok
test worker::project_tests::edited_slice_tests::copied_endpoints_keep_owned_clocks_pixels_and_exclude_both_ancestor_views ... ok
test worker::project_tests::edited_slice_tests::admitted_move_uses_existing_edited_picture_path_and_keeps_seals_and_revocation ... ok
test worker::project_tests::edited_slice_tests::full_receipt_contracts_are_checked_once_per_view_not_per_warm_picture ... ok
test worker::project_tests::edited_slice_tests::copied_freeze_context_background_and_identical_images_keep_distinct_edit_clocks ... ok
test worker::endpoints::tests::vfr_endpoints_use_exact_in_and_last_included_ordinals_and_canonical_pixels ... ok
test worker::tests::actual_preview_worker_opens_then_coalesces_source_frame_requests ... ok
test worker::tests::nonregular_input_is_rejected_before_hashing ... ok
test worker::tests::opening_another_source_invalidates_even_completed_old_reply ... ok
test worker::tests::rapid_navigation_keeps_only_latest_work_and_cancels_inflight_decode ... ok
test worker::tests::shutdown_cancels_active_and_pending_and_prevents_publication ... ok
test ui_harness::comparison::tests::complete_reports_above_sixteen_mib_remain_valid_baselines ... ok
test transport::tests::original::original_resume_checks_source_receipt_view_rate_and_loop_window ... ok
test worker::project_tests::proposed_tests::proposed_picture_rejects_public_field_tampering_and_equal_but_foreign_base ... ok
test worker::project_tests::frozen_context_reaches_sequence_preview_without_leaking_into_original_view ... ok
test worker::project_tests::proposed_tests::proposed_decode_and_presentation_reject_stale_changes_and_name_the_proposed_edit ... ok
test worker::project_tests::edited_slice_tests::historical_source_decodes_after_undo_and_sealed_views_revoke_even_with_warm_media ... ok
test worker::project_tests::registered_source_and_sequence_decode_the_same_original_frame ... ok
test worker::project_tests::proposed_tests::proposed_picture_uses_exact_slice_joins_without_stored_revision_and_retains_decoder ... ok
test worker::project_tests::sequence_samples_exact_mapping_and_endpoint_policy_after_a_revision_change ... ok
test worker::project_tests::freeze_background_and_empty_sequence_follow_the_plan ... ok
test worker::project_tests::worker_timing_precedes_notification_and_preserves_decoder_across_revisions ... ok
test worker::project_tests::revision_receipt_index_and_session_identity_are_checked ... ok
test project::tests::splice::equivalence::interior_proposal_and_commit_match_both_joins_and_preserve_original_suffix_pcm ... ok
test project::tests::splice::equivalence::service_proposal_and_commit_match_decoded_pictures_and_canonical_pcm_at_both_joins ... ok
test project::tests::splice::equivalence::replacement_proposal_matches_saved_picture_pcm_and_retained_suffix_at_both_joins ... ok
test project::tests::splice::equivalence::move_range::cross_parent_forest_preview_keeps_hold_context_live_treatments_and_fixed_root_sound ... ok
test project::tests::splice::equivalence::move_range::moves_in_both_directions_decode_both_sites_and_match_their_committed_canonical_pcm ... ok

test result: ok. 411 passed; 0 failed; 0 ignored; 0 measured; 0 filtered out; finished in 28.08s

     Running tests/headless.rs (target/debug/deps/headless-e178f18b4f10557f)

running 3 tests
test headless_errors_keep_the_same_structured_protocol ... ok
test native_binary_runs_headless_without_initializing_a_window ... ok
test native_binary_dispatches_private_render_workers_without_a_window_or_argument_wrapper ... ok

test result: ok. 3 passed; 0 failed; 0 ignored; 0 measured; 0 filtered out; finished in 0.03s

