   Compiling deadpan-store v0.1.0 (/Users/michael/Code/deadpan/crates/deadpan-store)
   Compiling deadpan-playback v0.1.0 (/Users/michael/Code/deadpan/crates/deadpan-playback)
   Compiling deadpan-cli v0.1.0 (/Users/michael/Code/deadpan/crates/deadpan-cli)
   Compiling deadpan-media-worker v0.1.0 (/Users/michael/Code/deadpan/native/deadpan-media-worker)
   Compiling deadpan-app v0.1.0 (/Users/michael/Code/deadpan/crates/deadpan-app)
   Compiling deadpan-models v0.1.0 (/Users/michael/Code/deadpan/crates/deadpan-models)
    Finished `test` profile [unoptimized + debuginfo] target(s) in 2m 00s
     Running unittests src/main.rs (target/debug/deps/deadpan_app-a42e1c28bdbfe8ae)

running 6 tests
test presentation::tests::render_failure_preserves_the_last_displayed_identity_until_a_new_request ... ok
test project::tests::render::close_retains_the_render_writer_until_checked_result_admission ... ok
test project::tests::render::native_render_admission_preserves_proposals_and_rejects_stale_targets ... ok
test project::tests::render::shutdown_finishes_admitted_edit_and_pumps_render_before_releasing_writer ... ok
test project::tests::render::render_capture_pending_does_not_block_edits_or_retarget_its_revision ... ok
test project::tests::render::open_validates_before_cancelling_and_switches_only_after_render_release ... ok

test result: ok. 6 passed; 0 failed; 0 ignored; 0 measured; 265 filtered out; finished in 0.34s

     Running tests/headless.rs (target/debug/deps/headless-1598c0174fa4f4e0)

running 1 test
test native_binary_dispatches_private_render_workers_without_a_window_or_argument_wrapper ... ok

test result: ok. 1 passed; 0 failed; 0 ignored; 0 measured; 2 filtered out; finished in 0.03s

     Running unittests src/lib.rs (target/debug/deps/deadpan_audio-6869f5dc8829ea9e)

running 0 tests

test result: ok. 0 passed; 0 failed; 0 ignored; 0 measured; 64 filtered out; finished in 0.00s

     Running tests/audio_context.rs (target/debug/deps/audio_context-53fafc9884c88930)

running 1 test
test restored_context_renders_qualified_source_room_tone_nested_preserve_split_and_silence ... ok

test result: ok. 1 passed; 0 failed; 0 ignored; 0 measured; 3 filtered out; finished in 0.02s

     Running tests/audio_definition.rs (target/debug/deps/audio_definition-ea7e788d439049a2)

running 1 test
test all_overridden_repeat_still_renders_its_unheard_default_definition ... ok

test result: ok. 1 passed; 0 failed; 0 ignored; 0 measured; 48 filtered out; finished in 0.02s

     Running tests/audio_domain.rs (target/debug/deps/audio_domain-c7671b9d3962cdc8)

running 0 tests

test result: ok. 0 passed; 0 failed; 0 ignored; 0 measured; 12 filtered out; finished in 0.00s

     Running tests/composite_insert.rs (target/debug/deps/composite_insert-5c901fe88c0895d3)

running 0 tests

test result: ok. 0 passed; 0 failed; 0 ignored; 0 measured; 14 filtered out; finished in 0.00s

     Running tests/gap_bindings.rs (target/debug/deps/gap_bindings-e7f1dfb379882897)

running 0 tests

test result: ok. 0 passed; 0 failed; 0 ignored; 0 measured; 10 filtered out; finished in 0.00s

     Running tests/gap_definition.rs (target/debug/deps/gap_definition-b7e663ef1478a86c)

running 1 test
test one_play_gap_renders_44100_pcm_without_child_leakage_or_loop_phase_rounding ... ok

test result: ok. 1 passed; 0 failed; 0 ignored; 0 measured; 5 filtered out; finished in 1.08s

     Running tests/limiter.rs (target/debug/deps/limiter-3a4deea0f491790e)

running 0 tests

test result: ok. 0 passed; 0 failed; 0 ignored; 0 measured; 9 filtered out; finished in 0.00s

     Running tests/loudness.rs (target/debug/deps/loudness-7d495f971ef179f3)

running 0 tests

test result: ok. 0 passed; 0 failed; 0 ignored; 0 measured; 9 filtered out; finished in 0.00s

     Running tests/reanchors.rs (target/debug/deps/reanchors-19eb60818e7be832)

running 0 tests

test result: ok. 0 passed; 0 failed; 0 ignored; 0 measured; 6 filtered out; finished in 0.00s

     Running tests/reference_policy.rs (target/debug/deps/reference_policy-a4de2c2c79e19b41)

running 0 tests

test result: ok. 0 passed; 0 failed; 0 ignored; 0 measured; 4 filtered out; finished in 0.00s

     Running tests/resample.rs (target/debug/deps/resample-508df851c962ee29)

running 0 tests

test result: ok. 0 passed; 0 failed; 0 ignored; 0 measured; 7 filtered out; finished in 0.00s

     Running tests/sequence.rs (target/debug/deps/sequence-b4d18ec35c1db3a2)

running 0 tests

test result: ok. 0 passed; 0 failed; 0 ignored; 0 measured; 12 filtered out; finished in 0.00s

     Running tests/session.rs (target/debug/deps/session-2d45b83b07aedfac)

running 0 tests

test result: ok. 0 passed; 0 failed; 0 ignored; 0 measured; 8 filtered out; finished in 0.00s

     Running tests/signal_transfer.rs (target/debug/deps/signal_transfer-464947ebd74097a8)

running 0 tests

test result: ok. 0 passed; 0 failed; 0 ignored; 0 measured; 7 filtered out; finished in 0.00s

     Running tests/sound_events.rs (target/debug/deps/sound_events-ce2ff1e9452bf798)

running 1 test
test initial_and_inflight_cancellation_leave_the_same_sound_renderer_reusable ... ok

test result: ok. 1 passed; 0 failed; 0 ignored; 0 measured; 4 filtered out; finished in 0.01s

     Running tests/stages.rs (target/debug/deps/stages-3b9edaacac26308e)

running 2 tests
test a_subsample_room_tone_hold_renders_through_preserve_without_becoming_silence ... ok
test nested_preserve_retains_inner_history_and_outer_crop_matches_full_render ... ok

test result: ok. 2 passed; 0 failed; 0 ignored; 0 measured; 69 filtered out; finished in 0.04s

     Running tests/true_peak.rs (target/debug/deps/true_peak-66516b5b8fb33a81)

running 0 tests

test result: ok. 0 passed; 0 failed; 0 ignored; 0 measured; 7 filtered out; finished in 0.00s

     Running unittests src/lib.rs (target/debug/deps/deadpan_cli-be7772b177b73e2a)

running 143 tests
test encoded_render::admission::content::tests::content_error_limits_reject_bad_single_planes_and_inconsistent_claims ... ok
test encoded_render::host::tests::artifact_admission_can_retain_the_native_maximum_without_the_raw_picture_spool_limit ... ok
test encoded_render::admission::content::tests::exact_plane_comparison_observes_cancellation ... ok
test encoded_render::admission::content::tests::worst_frame_errors_cannot_be_hidden_by_whole_movie_averages ... ok
test encoded_render::admission::content::tests::marker_observation_never_realigns_the_expected_coordinate ... ok
test encoded_render::host::tests::snapshot_interruption_retains_the_public_cancellation_and_deadline_outcomes ... ok
test encoded_render::admission::host::tests::selection_is_ordered_and_uses_only_exact_admitted_native_failures ... ok
test encoded_render::admission::worker::tests::nonencoder_probe_errors_cannot_claim_capability_through_diagnostics ... ok
test encoded_render::admission::content::tests::content_report_rejects_shifted_missing_swapped_and_unexpected_audio ... ok
test encoded_render::admission::host::tests::every_noncapability_or_invalidated_failure_stops_selection ... ok
test encoded_render::host::tests::supervision_errors_and_control_expiry_invalidate_typed_reports ... ok
test encoded_render::admission::durable::tests::observation_projection_is_bounded_before_parsing ... ok
test encoded_render::admission::tests::probe_rejects_ambiguous_picture_geometry_before_starting_a_worker ... ok
test encoded_render::admission::worker::tests::readonly_probe_input_is_the_same_owned_file_and_rejects_replacements ... ok
test encoded_render::admission::tests::probe_contract_has_its_own_exact_recipe_clock_and_identity ... ok
test encoded_render::protocol::tests::native_reconstruction_rejects_clock_geometry_and_encoding_bounds ... ok
test encoded_render::admission::durable::tests::invalidated_native_failure_retains_fault_boundary_instead_of_capability ... ok
test encoded_render::protocol::tests::encoded_contract_keeps_absolute_audio_phase_and_exceeds_only_raw_sink_limits ... ok
test encoded_render::protocol::tests::progress_and_terminals_bind_both_counts_and_exact_attempt ... ok
test encoded_render::protocol::tests::explicit_software_b_frame_attempt_keeps_requested_and_observed_counts_distinct ... ok
test encoded_render::protocol::tests::completed_manifest_binds_identity_contract_artifact_and_all_host_budgets ... ok
test encoded_render::protocol::tests::wire_rejects_truncation_oversize_and_unbounded_diagnostics ... ok
test encoded_render::admission::worker::tests::queued_probe_controls_are_drained_before_any_terminal_claim ... ok
test encoded_render::protocol::tests::round_trip_handles_fragmented_frames_and_preserves_exact_cancellation ... ok
test encoded_render::admission::tests::wire_admission_rejects_loose_fields_versions_and_work_before_execution ... ok
test encoded_render::protocol::tests::failures_require_a_strict_typed_boundary_independent_of_diagnostic_text ... ok
test encoded_render::protocol::tests::runtime_bound_completion_requires_the_exact_requested_observation ... ok
test encoded_render::publication::filesystem::recovery::tests::strict_file_evidence_rejects_missing_identity_and_invalid_extents ... ok
test encoded_render::protocol::tests::request_limits_versions_and_bounded_scalars_are_admitted_before_allocation ... ok
test encoded_render::publication::filesystem::recovery::tests::directory_evidence_has_strict_paths_components_and_non_utf8_round_trip ... ok
test encoded_render::protocol::tests::unknown_fields_and_unrecognized_encoder_choices_fail_closed ... ok
test encoded_render::protocol::tests::version_three_requires_explicit_binding_without_changing_persisted_manifest ... ok
test encoded_render::admission::durable::tests::retained_measured_probe_preserves_every_native_observation_and_frozen_control ... ok
test encoded_render::host::tests::finalization::confirmed_cleanup_preserves_the_primary_error ... ok
test encoded_render::host::tests::finalization::joined_pump_panic_invalidates_a_typed_worker_report ... ok
test encoded_render::host::tests::finalization::joined_pump_panic_cannot_promote_a_successful_stage ... ok
test encoded_render::protocol::tests::completion_rejects_forged_native_counts_clocks_policy_and_drain_claims ... ok
test encoded_render::publication::filesystem::recovery::tests::recovery_reads_are_bounded_controlled_and_detect_same_inode_mutation ... ok
test encoded_render::publication::filesystem::tests::bounded_write_and_failed_exact_length_keep_partial_bytes ... ok
test encoded_render::publication::filesystem::tests::control_errors_retain_typed_sources_through_read_and_write_traits ... ok
test encoded_render::publication::filesystem::recovery::tests::byte_identical_replacement_is_rejected_even_with_restored_mtime ... ok
test encoded_render::admission::host::tests::revoking_queued_owner_cancels_and_drains_an_active_probe ... ok
test encoded_render::publication::filesystem::tests::final_name_race_is_no_replace_and_keeps_complete_partial ... ok
test encoded_render::publication::filesystem::tests::bounded_copy_readback_and_no_replace_commit_preserve_owner_writable_mode ... ok
test encoded_render::publication::filesystem::tests::invalid_names_limits_and_existing_entries_never_change_destinations ... ok
test encoded_render::publication::filesystem::tests::revoked_guard_is_checked_after_last_sync_and_before_rename ... ok
test encoded_render::publication::filesystem::tests::extra_hard_link_and_same_inode_mutation_reject_readback_and_commit ... ok
test encoded_render::publication::provenance::tests::full_artifact_identity_controls_coalescing_and_blank_seams_remain_separate ... ok
test encoded_render::publication::filesystem::recovery::tests::selected_symlink_replacement_and_canonical_ancestor_replacement_fail ... ok
test encoded_render::publication::provenance::tests::generated_intervals_follow_retime_sparse_plays_and_effective_gap_branches ... ok
test encoded_render::publication::filesystem::tests::initial_directory_alias_is_allowed_but_later_retargeting_is_rejected ... ok
test encoded_render::publication::filesystem::tests::cancellation_and_deadline_before_commit_leave_complete_partial ... ok
test encoded_render::publication::provenance::tests::huge_compact_repeat_rejects_full_scan_but_admits_a_small_selected_suffix ... ok
test encoded_render::publication::provenance::tests::report_versions_preserve_legacy_bytes_and_exact_automatic_decision ... ok
test encoded_render::runtime::tests::binding_rejects_policy_geometry_settings_and_inventory_changes ... ok
test encoded_render::publication::tests::destination_readback_requires_the_exact_extent_and_unmodified_bytes ... ok
test encoded_render::runtime::tests::runtime_hash_rejects_changed_extent_and_control_interruption ... ok
test encoded_render::verification::protocol::tests::completion_cannot_change_the_committed_contract_or_private_bytes ... ok
test encoded_render::verification::protocol::tests::every_response_binds_the_complete_attempt_identity ... ok
test encoded_render::publication::filesystem::tests::published_hash_admission_rejects_same_length_mutation_with_restored_mtime ... ok
test encoded_render::verification::protocol::tests::fragmented_wire_round_trip_preserves_the_exact_cancellation_target ... ok
test encoded_render::verification::protocol::tests::long_exports_require_enough_gops_and_actual_requested_reordering ... ok
test encoded_render::publication::filesystem::tests::replaced_partial_entry_never_writes_or_deletes_foreign_target ... ok
test encoded_render::verification::protocol::tests::progress_totals_are_bound_to_each_captured_stage ... ok
test encoded_render::publication::filesystem::recovery::tests::unchanged_partial_and_renamed_file_reopen_with_original_evidence ... ok
test encoded_render::verification::protocol::tests::reordering_observations_must_use_whole_frames_within_the_captured_policy ... ok
test encoded_render::verification::protocol::tests::malformed_or_oversized_frames_and_diagnostics_are_rejected ... ok
test encoded_render::verification::protocol::tests::report_rejects_inconsistent_clocks_runtime_and_physical_sample_claims ... ok
test encoded_render::publication::filesystem::tests::final_name_replacement_and_later_report_mutation_are_observed_without_unlink ... ok
test encoded_render::verification::worker::tests::eof_and_truncated_controls_never_acknowledge_cancellation ... ok
test encoded_render::verification::worker::tests::cancellation_requires_exact_token_request_attempt_and_protocol ... ok
test encoded_render::verification::protocol::tests::unknown_fields_and_unrecognized_stages_fail_closed ... ok
test encoded_render::verification::protocol::tests::request_rejects_invalid_scalars_and_insufficient_host_budgets ... ok
test encoded_render::publication::filesystem::tests::cancellation_before_rename_retains_partial_but_after_rename_does_not_undo_success ... ok
test encoded_render::publication::filesystem::tests::recorded_partial_names_are_exclusive_and_owned_after_destination_drop ... ok
test encoded_render::worker::tests::hashing_checks_exact_extent_and_interrupts_between_bounded_reads ... ok
test encoded_render::verification::worker::tests::binary_hash_covers_all_chunks_without_moving_the_descriptor_position ... ok
test encoded_render::worker::tests::misleading_output_io_diagnostics_cannot_claim_encoder_capability ... ok
test encoded_render::worker::tests::fractional_range_rebases_absolute_audio_without_rounding_or_padding ... ok
test encoded_render::worker::tests::native_failure_kinds_survive_worker_mapping_without_reading_prose ... ok
test encoded_render::worker::tests::queued_encoded_cancellation_and_invalid_controls_are_drained_before_terminal ... ok
test encoded_render::verification::worker::tests::hashing_honors_cancellation_and_deadline_even_for_empty_files ... ok
test encoded_render::worker::tests::contract_and_source_admission_failures_are_typed_before_output_allocation ... ok
test encoded_render::verification::worker::tests::hashing_keeps_the_open_file_identity_after_its_path_is_replaced ... ok
test encoded_render::verification::worker::tests::hashing_rejects_both_shrink_and_growth_against_the_captured_extent ... ok
test encoded_render::worker::tests::encoded_output_is_private_exclusive_contained_and_hashed_through_its_descriptor ... ok
test encoded_render::publication::filesystem::tests::replaced_parent_or_ancestor_fails_even_if_final_directory_inode_survives ... ok
test encoded_render::workflow::owner::tests::diagnostics_remain_valid_at_utf8_and_nul_bounds ... ok
test encoded_render::publication::filesystem::tests::every_sync_failure_reports_the_correct_side_of_the_commit_point ... ok
test encoded_render::workflow::owner::tests::publication_progress_serializes_as_a_status_snapshot ... ok
test encoded_render::publication::filesystem::recovery::tests::foreign_links_symlinks_modes_and_types_are_never_read_or_modified ... ok
test encoded_render::publication::filesystem::tests::sibling_destinations_share_the_same_directory_pin ... ok
test encoded_render::jobs::tests::legacy_manifest_bytes_keep_frozen_four_field_shape_and_reject_automatic_policy ... ok
test encoded_render::jobs::tests::automatic_manifest_requires_exact_original_decision_and_completion_binding ... ok
test encoded_render::jobs::tests::automatic_manifest_never_accepts_missing_evidence_or_future_fields ... ok
test encoded_render::publication::provenance::tests::bounded_serialization_preserves_control_failures_and_stable_codes ... ok
test encoded_render::publication::tests::provenance_serialization_has_a_hard_byte_ceiling ... ok
test encoded_render::publication::provenance::tests::historical_capture_ignores_live_edits_and_omits_private_catalog_labels ... ok
test encoded_render::workflow::owner::tests::capture_cancel_drains_real_worker_without_creating_job_or_media ... ok
test encoded_render::workflow::worker::tests::durable_diagnostic_retains_the_typed_failure_boundary ... ok
test export_picture::contract::tests::raster_and_committed_canvas_obey_renderer_bounds_before_allocation ... ok
test encoded_render::workflow::owner::tests::separate_coordinators_share_slot_until_worker_release ... ok
test render_worker::host::tests::validation_copy_interruption_keeps_the_same_host_cancellation_and_deadline_outcome ... ok
test render_worker::protocol::tests::checked_picture_lengths_and_request_budgets_bound_the_raw_sink ... ok
test render_worker::protocol::tests::classifier_binds_progress_and_completed_evidence_to_the_request ... ok
test render_worker::protocol::tests::classifier_rejects_other_requests_stale_attempts_and_changed_versions ... ok
test encoded_render::workflow::owner::tests::cancelled_selection_releases_unused_admission_without_encoding ... ok
test render_worker::protocol::tests::contract_rejects_forged_clock_geometry_and_unsupported_color ... ok
test render_worker::protocol::tests::range_and_audio_checks_use_absolute_boundaries_without_duration_rounding ... ok
test encoded_render::workflow::owner::tests::disconnected_release_channel_does_not_erase_commit_knowledge ... ok
test render_worker::protocol::tests::wire_rejects_unknown_fields_at_every_structural_boundary ... ok
test render_worker::protocol::tests::wire_rejects_versions_missing_fields_and_invalid_bounded_values ... ok
test render_worker::protocol::tests::wire_round_trip_handles_fragmented_reads_and_preserves_cancellation ... ok
test render_worker::protocol::tests::wire_rejects_truncated_or_oversized_frames_before_deserialization ... ok
test encoded_render::workflow::owner::tests::automatic_decision_write_failure_never_enqueues_encoding ... ok
test render_worker::worker::control::tests::incomplete_initial_handshake_has_a_deadline ... ok
test render_worker::worker::control::tests::oversized_control_rejects_without_waiting_for_its_payload ... ok
test render_worker::worker::control::tests::queued_invalid_control_and_partial_body_cannot_be_hidden_by_finish ... ok
test render_worker::worker::control::tests::shutdown_joins_a_partial_frame_with_the_host_still_open ... ok
test render_worker::worker::control::tests::shutdown_joins_an_idle_control_stream ... ok
test render_worker::worker::control::tests::terminal_shutdown_drains_an_already_queued_cancel ... ok
test encoded_render::workflow::owner::tests::automatic_retry_without_checkpoint_starts_fresh_qualification ... FAILED
test render_worker::worker::control::tests::valid_cancel_sets_atomic_without_waiting_for_preparation ... ok
test render_worker::worker::control::tests::wrong_token_and_host_eof_fail_closed ... ok
test encoded_render::workflow::owner::tests::observed_movie_commit_survives_terminal_journal_failure ... ok
test encoded_render::workflow::owner::tests::stale_selected_observation_cannot_authorize_current_attempt ... ok
test render_worker::worker::tests::picture_writes_stop_between_bounded_chunks_and_keep_partial_data ... ok
test render_worker::worker::tests::progress_is_bounded_and_diagnostics_end_on_utf8_boundaries ... ok
test encoded_render::workflow::owner::tests::cancellation_is_durable_before_atomic_signal_and_terminal_waits_for_release ... ok
test encoded_render::workflow::owner::tests::automatic_decision_commits_before_encoding_command ... ok
test encoded_render::workflow::owner::tests::reopening_writer_never_rebinds_old_coordinator ... ok
test render_worker::worker::tests::output_creation_is_exclusive_and_rejects_symlink_components ... ok
test encoded_render::workflow::owner::tests::unknown_cleanup_persists_cancelling_and_fences_every_coordinator ... ok
test encoded_render::workflow::owner::tests::unknown_cleanup_preserves_previously_observed_movie_commit ... ok
test encoded_render::workflow::owner::tests::stale_revision_and_foreign_writer_are_rejected_before_work ... ok
test encoded_render::workflow::owner::tests::wrong_phase_reply_never_releases_an_encoding_slot ... ok
test render_worker::tests::cancelled_expired_and_over_budget_preflight_never_launch_the_runtime ... ok
test render_worker::host::tests::every_plane_and_frame_is_checked_before_an_owned_range_can_be_read ... ok
test render_worker::protocol::tests::contract_evidence_matches_every_field_of_a_real_captured_revision ... ok
test encoded_render::workflow::owner::tests::captured_admission_failure_stays_consistent_when_cancellation_races ... ok
test encoded_render::workflow::owner::tests::stopped_reconciliation_keeps_destination_uncertain_during_verification ... ok
test encoded_render::workflow::owner::tests::unresolved_admission_cleanup_preserves_owner_fence ... ok
test render_worker::tests::full_document_hash_detects_same_labelled_revision_with_different_authored_state ... ok

failures:

---- encoded_render::workflow::owner::tests::automatic_retry_without_checkpoint_starts_fresh_qualification stdout ----
Error: Unresolved("stage worker stopped")


failures:
    encoded_render::workflow::owner::tests::automatic_retry_without_checkpoint_starts_fresh_qualification

test result: FAILED. 142 passed; 1 failed; 0 ignored; 0 measured; 26 filtered out; finished in 1.48s

error: test failed, to rerun pass `-p deadpan-cli --lib`
     Running unittests src/main.rs (target/debug/deps/deadpan_cli-f2adfcb9d5746af2)

running 0 tests

test result: ok. 0 passed; 0 failed; 0 ignored; 0 measured; 0 filtered out; finished in 0.00s

     Running tests/audio_context.rs (target/debug/deps/audio_context-0b42aecf550b9036)

running 0 tests

test result: ok. 0 passed; 0 failed; 0 ignored; 0 measured; 3 filtered out; finished in 0.00s

     Running tests/audio_inspection.rs (target/debug/deps/audio_inspection-4a09aac534dd6981)

running 0 tests

test result: ok. 0 passed; 0 failed; 0 ignored; 0 measured; 18 filtered out; finished in 0.00s

     Running tests/boundary_location.rs (target/debug/deps/boundary_location-fe3ec77f5d48a553)

running 0 tests

test result: ok. 0 passed; 0 failed; 0 ignored; 0 measured; 5 filtered out; finished in 0.00s

     Running tests/doctor.rs (target/debug/deps/doctor-b6f9dd2b5f96a1ae)

running 0 tests

test result: ok. 0 passed; 0 failed; 0 ignored; 0 measured; 2 filtered out; finished in 0.00s

     Running tests/encoded_render.rs (target/debug/deps/encoded_render-2c1324c280464538)

running 0 tests

test result: ok. 0 passed; 0 failed; 0 ignored; 0 measured; 8 filtered out; finished in 0.00s

     Running tests/encoded_verification.rs (target/debug/deps/encoded_verification-79722c744e6e023c)

running 0 tests

test result: ok. 0 passed; 0 failed; 0 ignored; 0 measured; 21 filtered out; finished in 0.00s

     Running tests/encoder_admission.rs (target/debug/deps/encoder_admission-245b7d9cfb730f5d)

running 0 tests

test result: ok. 0 passed; 0 failed; 0 ignored; 0 measured; 4 filtered out; finished in 0.00s

     Running tests/offline_audio.rs (target/debug/deps/offline_audio-3c967113ad7ca2b5)

running 0 tests

test result: ok. 0 passed; 0 failed; 0 ignored; 0 measured; 4 filtered out; finished in 0.00s

     Running tests/original_commands.rs (target/debug/deps/original_commands-c5d33fe4e8805479)

running 0 tests

test result: ok. 0 passed; 0 failed; 0 ignored; 0 measured; 2 filtered out; finished in 0.00s

     Running tests/project_commands.rs (target/debug/deps/project_commands-fd9c7efbf6c37c65)

running 0 tests

test result: ok. 0 passed; 0 failed; 0 ignored; 0 measured; 17 filtered out; finished in 0.00s

     Running tests/render_worker.rs (target/debug/deps/render_worker-598e1fc198b6695d)

running 0 tests

test result: ok. 0 passed; 0 failed; 0 ignored; 0 measured; 5 filtered out; finished in 0.00s

     Running tests/source_registration.rs (target/debug/deps/source_registration-d2d2c7e2e97f202d)

running 0 tests

test result: ok. 0 passed; 0 failed; 0 ignored; 0 measured; 8 filtered out; finished in 0.00s

     Running unittests src/lib.rs (target/debug/deps/deadpan_core-ca978f952353c483)

running 0 tests

test result: ok. 0 passed; 0 failed; 0 ignored; 0 measured; 89 filtered out; finished in 0.00s

     Running tests/allocation_projection.rs (target/debug/deps/allocation_projection-1ce438ae698c96b6)

running 0 tests

test result: ok. 0 passed; 0 failed; 0 ignored; 0 measured; 8 filtered out; finished in 0.00s

     Running tests/anchors.rs (target/debug/deps/anchors-f322b1404c58d2f3)

running 0 tests

test result: ok. 0 passed; 0 failed; 0 ignored; 0 measured; 35 filtered out; finished in 0.00s

     Running tests/audio_binding_capture.rs (target/debug/deps/audio_binding_capture-ec6257c811f47598)

running 0 tests

test result: ok. 0 passed; 0 failed; 0 ignored; 0 measured; 6 filtered out; finished in 0.00s

     Running tests/audio_bindings.rs (target/debug/deps/audio_bindings-77804ad62f470c9f)

running 0 tests

test result: ok. 0 passed; 0 failed; 0 ignored; 0 measured; 36 filtered out; finished in 0.00s

     Running tests/audio_context.rs (target/debug/deps/audio_context-3e1623978e24b3fe)

running 0 tests

test result: ok. 0 passed; 0 failed; 0 ignored; 0 measured; 12 filtered out; finished in 0.00s

     Running tests/audio_edges.rs (target/debug/deps/audio_edges-662976b0a79a1404)

running 0 tests

test result: ok. 0 passed; 0 failed; 0 ignored; 0 measured; 5 filtered out; finished in 0.00s

     Running tests/audio_gain.rs (target/debug/deps/audio_gain-870f50c96578cae5)

running 0 tests

test result: ok. 0 passed; 0 failed; 0 ignored; 0 measured; 14 filtered out; finished in 0.00s

     Running tests/audio_lineage.rs (target/debug/deps/audio_lineage-c61ca2e2288ab31b)

running 0 tests

test result: ok. 0 passed; 0 failed; 0 ignored; 0 measured; 10 filtered out; finished in 0.00s

     Running tests/audio_reference.rs (target/debug/deps/audio_reference-ba0479dd2b653aca)

running 0 tests

test result: ok. 0 passed; 0 failed; 0 ignored; 0 measured; 15 filtered out; finished in 0.00s

     Running tests/document.rs (target/debug/deps/document-95cbd2d0a824e40b)

running 0 tests

test result: ok. 0 passed; 0 failed; 0 ignored; 0 measured; 17 filtered out; finished in 0.00s

     Running tests/framing.rs (target/debug/deps/framing-55f306d7625b8658)

running 0 tests

test result: ok. 0 passed; 0 failed; 0 ignored; 0 measured; 13 filtered out; finished in 0.00s

     Running tests/gap_overrides.rs (target/debug/deps/gap_overrides-adf3bdb856ca0ec2)

running 0 tests

test result: ok. 0 passed; 0 failed; 0 ignored; 0 measured; 9 filtered out; finished in 0.00s

     Running tests/gap_projection.rs (target/debug/deps/gap_projection-7117916f9a1f69c8)

running 0 tests

test result: ok. 0 passed; 0 failed; 0 ignored; 0 measured; 7 filtered out; finished in 0.00s

     Running tests/generated_holds.rs (target/debug/deps/generated_holds-6fe8f41b443155df)

running 0 tests

test result: ok. 0 passed; 0 failed; 0 ignored; 0 measured; 6 filtered out; finished in 0.00s

     Running tests/hold_audio.rs (target/debug/deps/hold_audio-9200311487914b54)

running 0 tests

test result: ok. 0 passed; 0 failed; 0 ignored; 0 measured; 5 filtered out; finished in 0.00s

     Running tests/insert_time.rs (target/debug/deps/insert_time-b58ff2f942caf27d)

running 0 tests

test result: ok. 0 passed; 0 failed; 0 ignored; 0 measured; 29 filtered out; finished in 0.00s

     Running tests/legacy_audio_lineage.rs (target/debug/deps/legacy_audio_lineage-a3c724fb4c42f8cd)

running 0 tests

test result: ok. 0 passed; 0 failed; 0 ignored; 0 measured; 2 filtered out; finished in 0.00s

     Running tests/legacy_audio_selection.rs (target/debug/deps/legacy_audio_selection-e3c64498ff4c7349)

running 0 tests

test result: ok. 0 passed; 0 failed; 0 ignored; 0 measured; 21 filtered out; finished in 0.00s

     Running tests/legacy_marks.rs (target/debug/deps/legacy_marks-e93bb0300ebd0eec)

running 0 tests

test result: ok. 0 passed; 0 failed; 0 ignored; 0 measured; 5 filtered out; finished in 0.00s

     Running tests/legacy_split.rs (target/debug/deps/legacy_split-9f11afb32eaccc65)

running 0 tests

test result: ok. 0 passed; 0 failed; 0 ignored; 0 measured; 4 filtered out; finished in 0.00s

     Running tests/mark_fragments.rs (target/debug/deps/mark_fragments-a275ff5b1fda298d)

running 0 tests

test result: ok. 0 passed; 0 failed; 0 ignored; 0 measured; 9 filtered out; finished in 0.00s

     Running tests/mark_resolution.rs (target/debug/deps/mark_resolution-7536f18f3cb57033)

running 0 tests

test result: ok. 0 passed; 0 failed; 0 ignored; 0 measured; 9 filtered out; finished in 0.00s

     Running tests/marks.rs (target/debug/deps/marks-42e3dc10518a1d1f)

running 0 tests

test result: ok. 0 passed; 0 failed; 0 ignored; 0 measured; 18 filtered out; finished in 0.00s

     Running tests/node_gain.rs (target/debug/deps/node_gain-88638910ac36642d)

running 0 tests

test result: ok. 0 passed; 0 failed; 0 ignored; 0 measured; 11 filtered out; finished in 0.00s

     Running tests/occurrence_edits.rs (target/debug/deps/occurrence_edits-42aa3283caa476ff)

running 0 tests

test result: ok. 0 passed; 0 failed; 0 ignored; 0 measured; 8 filtered out; finished in 0.00s

     Running tests/partitions.rs (target/debug/deps/partitions-8045876c4d9b614b)

running 0 tests

test result: ok. 0 passed; 0 failed; 0 ignored; 0 measured; 5 filtered out; finished in 0.00s

     Running tests/picture_context.rs (target/debug/deps/picture_context-3e724a74853a778c)

running 0 tests

test result: ok. 0 passed; 0 failed; 0 ignored; 0 measured; 20 filtered out; finished in 0.00s

     Running tests/play_overrides.rs (target/debug/deps/play_overrides-b7eb5d66316d83da)

running 0 tests

test result: ok. 0 passed; 0 failed; 0 ignored; 0 measured; 8 filtered out; finished in 0.00s

     Running tests/presentation_basis.rs (target/debug/deps/presentation_basis-342657dfc6e48607)

running 0 tests

test result: ok. 0 passed; 0 failed; 0 ignored; 0 measured; 15 filtered out; finished in 0.00s

     Running tests/repeat_gap_layout.rs (target/debug/deps/repeat_gap_layout-278dfa76745d3883)

running 0 tests

test result: ok. 0 passed; 0 failed; 0 ignored; 0 measured; 6 filtered out; finished in 0.00s

     Running tests/retime_edits.rs (target/debug/deps/retime_edits-368fbee1a4b568ec)

running 0 tests

test result: ok. 0 passed; 0 failed; 0 ignored; 0 measured; 6 filtered out; finished in 0.00s

     Running tests/sound_allowances.rs (target/debug/deps/sound_allowances-138b00366ec5a2d8)

running 0 tests

test result: ok. 0 passed; 0 failed; 0 ignored; 0 measured; 10 filtered out; finished in 0.00s

     Running tests/sound_events.rs (target/debug/deps/sound_events-bd4b8a3cf1099bbb)

running 0 tests

test result: ok. 0 passed; 0 failed; 0 ignored; 0 measured; 7 filtered out; finished in 0.00s

     Running tests/sound_routes.rs (target/debug/deps/sound_routes-03eb67d3eb6de171)

running 0 tests

test result: ok. 0 passed; 0 failed; 0 ignored; 0 measured; 19 filtered out; finished in 0.00s

     Running tests/sound_routing.rs (target/debug/deps/sound_routing-7cd0a882ce6fee3a)

running 0 tests

test result: ok. 0 passed; 0 failed; 0 ignored; 0 measured; 9 filtered out; finished in 0.00s

     Running tests/source_import.rs (target/debug/deps/source_import-38159db06a8c693b)

running 0 tests

test result: ok. 0 passed; 0 failed; 0 ignored; 0 measured; 7 filtered out; finished in 0.00s

     Running tests/source_view.rs (target/debug/deps/source_view-dc7b8fb219a0da68)

running 0 tests

test result: ok. 0 passed; 0 failed; 0 ignored; 0 measured; 1 filtered out; finished in 0.00s

     Running tests/split.rs (target/debug/deps/split-2b8f8d4da38140be)

running 0 tests

test result: ok. 0 passed; 0 failed; 0 ignored; 0 measured; 18 filtered out; finished in 0.00s

     Running unittests src/lib.rs (target/debug/deps/deadpan_dsp-e20d9a32cd90d551)

running 0 tests

test result: ok. 0 passed; 0 failed; 0 ignored; 0 measured; 0 filtered out; finished in 0.00s

     Running tests/canonical.rs (target/debug/deps/canonical-09f4240a9e3764a6)

running 0 tests

test result: ok. 0 passed; 0 failed; 0 ignored; 0 measured; 11 filtered out; finished in 0.00s

     Running tests/finite_peak.rs (target/debug/deps/finite_peak-979a6959e98b0411)

running 0 tests

test result: ok. 0 passed; 0 failed; 0 ignored; 0 measured; 3 filtered out; finished in 0.00s

     Running unittests src/lib.rs (target/debug/deps/deadpan_encode-e4865d899d56dd60)

running 0 tests

test result: ok. 0 passed; 0 failed; 0 ignored; 0 measured; 8 filtered out; finished in 0.00s

     Running tests/failures.rs (target/debug/deps/failures-fc8171462883d92f)

running 0 tests

test result: ok. 0 passed; 0 failed; 0 ignored; 0 measured; 4 filtered out; finished in 0.00s

     Running tests/policy.rs (target/debug/deps/policy-9e53e71b7aa69d37)

running 0 tests

test result: ok. 0 passed; 0 failed; 0 ignored; 0 measured; 8 filtered out; finished in 0.00s

     Running tests/probe.rs (target/debug/deps/probe-61e389fdcbd98c95)

running 0 tests

test result: ok. 0 passed; 0 failed; 0 ignored; 0 measured; 9 filtered out; finished in 0.00s

     Running tests/runtime.rs (target/debug/deps/runtime-708d87b368897fef)

running 0 tests

test result: ok. 0 passed; 0 failed; 0 ignored; 0 measured; 5 filtered out; finished in 0.00s

     Running unittests src/lib.rs (target/debug/deps/deadpan_fileclone-806f8695e500f1ca)

running 0 tests

test result: ok. 0 passed; 0 failed; 0 ignored; 0 measured; 4 filtered out; finished in 0.00s

     Running unittests src/lib.rs (target/debug/deps/deadpan_filesystem-178ac60ea66df33c)

running 0 tests

test result: ok. 0 passed; 0 failed; 0 ignored; 0 measured; 3 filtered out; finished in 0.00s

     Running unittests src/lib.rs (target/debug/deps/deadpan_jobs-f7793039cd1a3c72)

running 16 tests
test render::admission::tests::frozen_fallback_graph_never_uses_generic_failures_or_diagnostic_text ... ok
test render::tests::lifecycle_requires_checkpoint_and_confirmed_teardown ... ok
test render::publication::tests::strict_intent_names_and_versions ... ok
test render::tests::engineering_wire_is_unchanged_and_frozen_parser_never_admits_automatic ... ok
test render::tests::strict_intent_rejects_new_policy_and_foreign_fields ... ok
test render::tests::automatic_grammar_rejects_mixed_versions_loose_controls_and_null_fields ... ok
test render::tests::document_identity_preserves_exact_serialization_and_controls ... ok
test render::admission::tests::cancellation_without_runtime_preserves_absence_and_no_selected_evidence ... ok
test render::admission::tests::pinned_controls_recipe_and_project_origin_reject_silent_retiming ... ok
test render::admission::tests::aborted_final_runtime_change_remains_evidence_without_allowing_fallback ... ok
test render::admission::tests::measured_decision_preserves_full_success_rejection_and_output_evidence ... ok
test render::admission::tests::decision_binding_rejects_a_different_owner_document_or_committed_interval ... ok
test render::admission::tests::selected_decision_requires_the_ordered_typed_failure_and_runtime_binding ... ok
test render::tests::verification_evidence_is_bounded_and_versioned ... ok
test render::admission::tests::saved_success_rejects_changed_controls_hashes_clocks_and_measured_events ... ok
test render::admission::tests::strict_decision_grammar_rejects_null_unknown_and_missing_fields ... ok

test result: ok. 16 passed; 0 failed; 0 ignored; 0 measured; 12 filtered out; finished in 0.01s

     Running tests/artifact.rs (target/debug/deps/artifact-21856528bafd5c5f)

running 0 tests

test result: ok. 0 passed; 0 failed; 0 ignored; 0 measured; 9 filtered out; finished in 0.00s

     Running tests/generation_plan.rs (target/debug/deps/generation_plan-a596937c5825d2de)

running 0 tests

test result: ok. 0 passed; 0 failed; 0 ignored; 0 measured; 10 filtered out; finished in 0.00s

     Running tests/lifecycle.rs (target/debug/deps/lifecycle-5e9bb20d2d63eb5d)

running 0 tests

test result: ok. 0 passed; 0 failed; 0 ignored; 0 measured; 15 filtered out; finished in 0.00s

     Running tests/protocol.rs (target/debug/deps/protocol-8da78aed0eac126d)

running 0 tests

test result: ok. 0 passed; 0 failed; 0 ignored; 0 measured; 11 filtered out; finished in 0.00s

     Running tests/supervisor.rs (target/debug/deps/supervisor-8417546f6036ab0b)

running 0 tests

test result: ok. 0 passed; 0 failed; 0 ignored; 0 measured; 17 filtered out; finished in 0.00s

     Running unittests examples/qualify_model_worker.rs (target/debug/examples/qualify_model_worker-6f88c43a95dd711a)

running 0 tests

test result: ok. 0 passed; 0 failed; 0 ignored; 0 measured; 3 filtered out; finished in 0.00s

     Running unittests src/lib.rs (target/debug/deps/deadpan_media-44f3f1f05c153534)

running 0 tests

test result: ok. 0 passed; 0 failed; 0 ignored; 0 measured; 20 filtered out; finished in 0.00s

     Running tests/audio_session.rs (target/debug/deps/audio_session-fec3afa833cb068b)

running 0 tests

test result: ok. 0 passed; 0 failed; 0 ignored; 0 measured; 6 filtered out; finished in 0.00s

     Running tests/host_boundary.rs (target/debug/deps/host_boundary-b3cf320f5d667774)

running 0 tests

test result: ok. 0 passed; 0 failed; 0 ignored; 0 measured; 9 filtered out; finished in 0.00s

     Running tests/source_import_timing.rs (target/debug/deps/source_import_timing-2e958acba6cdb215)

running 0 tests

test result: ok. 0 passed; 0 failed; 0 ignored; 0 measured; 21 filtered out; finished in 0.00s

     Running tests/source_qualification.rs (target/debug/deps/source_qualification-c472af2ce539ed88)

running 0 tests

test result: ok. 0 passed; 0 failed; 0 ignored; 0 measured; 10 filtered out; finished in 0.00s

     Running tests/source_session.rs (target/debug/deps/source_session-f150226800721a15)

running 0 tests

test result: ok. 0 passed; 0 failed; 0 ignored; 0 measured; 8 filtered out; finished in 0.00s

     Running unittests src/main.rs (target/debug/deps/deadpan_media_worker-007280fd45e91520)

running 0 tests

test result: ok. 0 passed; 0 failed; 0 ignored; 0 measured; 3 filtered out; finished in 0.00s

     Running tests/bridge_real_media.rs (target/debug/deps/bridge_real_media-4fedbd15385448a6)

running 0 tests

test result: ok. 0 passed; 0 failed; 0 ignored; 0 measured; 3 filtered out; finished in 0.00s

     Running tests/bundle_qualification.rs (target/debug/deps/bundle_qualification-34866e2bea0e87ae)

running 0 tests

test result: ok. 0 passed; 0 failed; 0 ignored; 0 measured; 5 filtered out; finished in 0.00s

     Running tests/canonicalize_real_media.rs (target/debug/deps/canonicalize_real_media-d63634a21569f0ed)

running 0 tests

test result: ok. 0 passed; 0 failed; 0 ignored; 0 measured; 7 filtered out; finished in 0.00s

     Running unittests src/lib.rs (target/debug/deps/deadpan_models-f2e98d1706efe76a)

running 0 tests

test result: ok. 0 passed; 0 failed; 0 ignored; 0 measured; 15 filtered out; finished in 0.00s

     Running unittests src/lib.rs (target/debug/deps/deadpan_native_process-610b753f4784e3d7)

running 0 tests

test result: ok. 0 passed; 0 failed; 0 ignored; 0 measured; 9 filtered out; finished in 0.00s

     Running tests/linux_ownership.rs (target/debug/deps/linux_ownership-297e9f2d9b1ee91d)

running 0 tests

test result: ok. 0 passed; 0 failed; 0 ignored; 0 measured; 0 filtered out; finished in 0.00s

     Running unittests src/lib.rs (target/debug/deps/deadpan_output-25eb398392130426)

running 0 tests

test result: ok. 0 passed; 0 failed; 0 ignored; 0 measured; 12 filtered out; finished in 0.00s

     Running tests/clock.rs (target/debug/deps/clock-dc82177f40f776cd)

running 0 tests

test result: ok. 0 passed; 0 failed; 0 ignored; 0 measured; 10 filtered out; finished in 0.00s

     Running tests/no_alloc.rs (target/debug/deps/no_alloc-a6c1c744f7b19463)

running 0 tests

test result: ok. 0 passed; 0 failed; 0 ignored; 0 measured; 1 filtered out; finished in 0.00s

     Running tests/queue.rs (target/debug/deps/queue-f0d1a729147f7884)

running 1 test
test matching_pcm_still_renders_after_the_full_stale_cleanup_budget ... ok

test result: ok. 1 passed; 0 failed; 0 ignored; 0 measured; 14 filtered out; finished in 0.00s

     Running unittests src/lib.rs (target/debug/deps/deadpan_plan-6b8ec946bb17e7a0)

running 0 tests

test result: ok. 0 passed; 0 failed; 0 ignored; 0 measured; 26 filtered out; finished in 0.00s

     Running tests/audio_bindings.rs (target/debug/deps/audio_bindings-853deba93dd06c8b)

running 0 tests

test result: ok. 0 passed; 0 failed; 0 ignored; 0 measured; 1 filtered out; finished in 0.00s

     Running tests/audio_context.rs (target/debug/deps/audio_context-7d8b4a0e00f79e21)

running 0 tests

test result: ok. 0 passed; 0 failed; 0 ignored; 0 measured; 2 filtered out; finished in 0.00s

     Running tests/audio_definition.rs (target/debug/deps/audio_definition-3ddde5004f9a4fa0)

running 1 test
test repeat_gap::one_play_gap_definition_exists_without_a_rendered_gap_or_child_audio ... ok

test result: ok. 1 passed; 0 failed; 0 ignored; 0 measured; 27 filtered out; finished in 0.00s

     Running tests/audio_domain.rs (target/debug/deps/audio_domain-1612fc84753bc04e)

running 0 tests

test result: ok. 0 passed; 0 failed; 0 ignored; 0 measured; 8 filtered out; finished in 0.00s

     Running tests/audio_fades.rs (target/debug/deps/audio_fades-06fb79c0289c4eb1)

running 0 tests

test result: ok. 0 passed; 0 failed; 0 ignored; 0 measured; 7 filtered out; finished in 0.00s

     Running tests/audio_plan.rs (target/debug/deps/audio_plan-3607de602ae0b74c)

running 0 tests

test result: ok. 0 passed; 0 failed; 0 ignored; 0 measured; 22 filtered out; finished in 0.00s

     Running tests/audio_policy.rs (target/debug/deps/audio_policy-5efcef77b90aa58a)

running 0 tests

test result: ok. 0 passed; 0 failed; 0 ignored; 0 measured; 1 filtered out; finished in 0.00s

     Running tests/audio_reference.rs (target/debug/deps/audio_reference-8ec2a03f6fdf46c0)

running 0 tests

test result: ok. 0 passed; 0 failed; 0 ignored; 0 measured; 15 filtered out; finished in 0.00s

     Running tests/audio_signal.rs (target/debug/deps/audio_signal-8d763655efaa9656)

running 0 tests

test result: ok. 0 passed; 0 failed; 0 ignored; 0 measured; 17 filtered out; finished in 0.00s

     Running tests/audio_tape.rs (target/debug/deps/audio_tape-d42970ac3a99fa03)

running 0 tests

test result: ok. 0 passed; 0 failed; 0 ignored; 0 measured; 12 filtered out; finished in 0.00s

     Running tests/gap_bindings.rs (target/debug/deps/gap_bindings-dbb384a6447029a5)

running 0 tests

test result: ok. 0 passed; 0 failed; 0 ignored; 0 measured; 3 filtered out; finished in 0.00s

     Running tests/gap_branches.rs (target/debug/deps/gap_branches-c8e64ef7199eeead)

running 0 tests

test result: ok. 0 passed; 0 failed; 0 ignored; 0 measured; 4 filtered out; finished in 0.00s

     Running tests/hold_policy.rs (target/debug/deps/hold_policy-65aaf2b08ab451c5)

running 0 tests

test result: ok. 0 passed; 0 failed; 0 ignored; 0 measured; 10 filtered out; finished in 0.00s

     Running tests/occurrence_edits.rs (target/debug/deps/occurrence_edits-54efb855b8475db9)

running 0 tests

test result: ok. 0 passed; 0 failed; 0 ignored; 0 measured; 4 filtered out; finished in 0.00s

     Running tests/picture_plan.rs (target/debug/deps/picture_plan-5ec0459d3f29dbb7)

running 0 tests

test result: ok. 0 passed; 0 failed; 0 ignored; 0 measured; 31 filtered out; finished in 0.00s

     Running tests/play_overrides.rs (target/debug/deps/play_overrides-084a4da15307dfbe)

running 0 tests

test result: ok. 0 passed; 0 failed; 0 ignored; 0 measured; 5 filtered out; finished in 0.00s

     Running tests/root_sound_routes.rs (target/debug/deps/root_sound_routes-4059d61583f8f012)

running 0 tests

test result: ok. 0 passed; 0 failed; 0 ignored; 0 measured; 10 filtered out; finished in 0.00s

     Running tests/routed_voice.rs (target/debug/deps/routed_voice-f5e2897b614e7714)

running 0 tests

test result: ok. 0 passed; 0 failed; 0 ignored; 0 measured; 7 filtered out; finished in 0.00s

     Running tests/sound_event_fades.rs (target/debug/deps/sound_event_fades-83f53e8b52ba00a7)

running 0 tests

test result: ok. 0 passed; 0 failed; 0 ignored; 0 measured; 9 filtered out; finished in 0.00s

     Running tests/sound_events.rs (target/debug/deps/sound_events-d79ad70f4f7d8f0d)

running 0 tests

test result: ok. 0 passed; 0 failed; 0 ignored; 0 measured; 2 filtered out; finished in 0.00s

     Running tests/sound_route_sampling.rs (target/debug/deps/sound_route_sampling-e6099ba57bf65e96)

running 0 tests

test result: ok. 0 passed; 0 failed; 0 ignored; 0 measured; 14 filtered out; finished in 0.00s

     Running tests/source_voice.rs (target/debug/deps/source_voice-e7408dbb6c9b02c1)

running 0 tests

test result: ok. 0 passed; 0 failed; 0 ignored; 0 measured; 4 filtered out; finished in 0.00s

     Running tests/source_voice_policy.rs (target/debug/deps/source_voice_policy-a2d7e7245f7cca3e)

running 0 tests

test result: ok. 0 passed; 0 failed; 0 ignored; 0 measured; 6 filtered out; finished in 0.00s

     Running unittests src/lib.rs (target/debug/deps/deadpan_playback-49ed40e3bf01122e)

running 0 tests

test result: ok. 0 passed; 0 failed; 0 ignored; 0 measured; 56 filtered out; finished in 0.00s

     Running unittests src/lib.rs (target/debug/deps/deadpan_render-30a02f48618fa1b4)

running 0 tests

test result: ok. 0 passed; 0 failed; 0 ignored; 0 measured; 31 filtered out; finished in 0.00s

     Running unittests src/lib.rs (target/debug/deps/deadpan_source-a0357103ff465ce0)

running 0 tests

test result: ok. 0 passed; 0 failed; 0 ignored; 0 measured; 49 filtered out; finished in 0.00s

     Running tests/audio_decode.rs (target/debug/deps/audio_decode-923fbba8d77c879b)

running 0 tests

test result: ok. 0 passed; 0 failed; 0 ignored; 0 measured; 13 filtered out; finished in 0.00s

     Running tests/export_decode.rs (target/debug/deps/export_decode-514da31102a7886c)

running 0 tests

test result: ok. 0 passed; 0 failed; 0 ignored; 0 measured; 5 filtered out; finished in 0.00s

     Running tests/persistent_decode.rs (target/debug/deps/persistent_decode-b58893d6bb9b1458)

running 0 tests

test result: ok. 0 passed; 0 failed; 0 ignored; 0 measured; 14 filtered out; finished in 0.00s

     Running unittests src/lib.rs (target/debug/deps/deadpan_store-0c418e5d2a699320)

running 14 tests
test render_media::tests::references_are_strict_bounded_claims ... ok
test render_media::tests::read_only_open_never_creates_render_namespace ... ok
test render_jobs::audit_tests::render_audit_reuses_engineering_jobs_across_historical_checkpoint_retries ... ok
test render_jobs::audit_tests::render_audit_reads_each_job_and_revision_once_as_decision_history_grows ... ok
test render_media::tests::revoked_worker_lock_serializes_replacement_session_until_guard_drops ... ok
test render_media::tests::symlinks_hardlinks_and_unsafe_namespace_entries_are_rejected ... ok
test render_media::tests::namespace_replacement_and_lock_replacement_are_detected ... ok
test render_media::tests::pending_and_orphan_bytes_and_entry_count_consume_namespace_capacity ... ok
test render_media::tests::manifest_failure_preserves_movie_already_published ... ok
test render_media::tests::wrong_hash_truncation_extra_bytes_and_combined_budget_publish_nothing ... ok
test render_media::tests::cancellation_and_absolute_deadline_cannot_return_prepared_bytes ... ok
test render_media::tests::snapshot_rehashes_both_objects_and_checks_declared_sha256 ... ok
test render_media::tests::token_rejects_another_session_even_with_identical_package_and_bytes ... ok
test render_media::tests::retention_deduplicates_at_exact_namespace_budget_and_snapshots_independently ... ok

test result: ok. 14 passed; 0 failed; 0 ignored; 0 measured; 39 filtered out; finished in 0.14s

     Running tests/generated_admission.rs (target/debug/deps/generated_admission-6e5cb456334e1a6e)

running 0 tests

test result: ok. 0 passed; 0 failed; 0 ignored; 0 measured; 2 filtered out; finished in 0.00s

     Running tests/generated_media.rs (target/debug/deps/generated_media-af6fad8b2eefaebf)

running 0 tests

test result: ok. 0 passed; 0 failed; 0 ignored; 0 measured; 8 filtered out; finished in 0.00s

     Running tests/generated_read_handle.rs (target/debug/deps/generated_read_handle-9ba348c5062c6f71)

running 0 tests

test result: ok. 0 passed; 0 failed; 0 ignored; 0 measured; 5 filtered out; finished in 0.00s

     Running tests/generation.rs (target/debug/deps/generation-2c514c85f8e4341d)

running 0 tests

test result: ok. 0 passed; 0 failed; 0 ignored; 0 measured; 11 filtered out; finished in 0.00s

     Running tests/generation_attempts.rs (target/debug/deps/generation_attempts-27ea92e425bbaaa8)

running 0 tests

test result: ok. 0 passed; 0 failed; 0 ignored; 0 measured; 8 filtered out; finished in 0.00s

     Running tests/generation_bundles.rs (target/debug/deps/generation_bundles-e83269dbfadb4577)

running 0 tests

test result: ok. 0 passed; 0 failed; 0 ignored; 0 measured; 15 filtered out; finished in 0.00s

     Running tests/migration.rs (target/debug/deps/migration-d7f5cf535dc73e90)

running 7 tests
test render_jobs::schema39_render_vocabulary_collision_fails_before_promotion ... ok
test automatic_render::schema41_nested_publication_intent_uses_frozen_engineering_grammar ... ok
test automatic_render::schema40_and41_reject_current_automatic_intent_even_without_attempts ... ok
test automatic_render::old_databases_reject_even_empty_decision_table_collisions ... ok
test automatic_render::authentic_schema41_adds_empty_decisions_and_preserves_every_old_cell_with_wal_reader ... ok
test render_jobs::authentic_schema39_gains_empty_render_tables_without_rewriting_any_old_cell ... ok
test automatic_render::schema41_rejects_oversized_and_new_null_evidence_without_rewriting_cells ... ok

test result: ok. 7 passed; 0 failed; 0 ignored; 0 measured; 122 filtered out; finished in 0.39s

     Running tests/occurrence_edits.rs (target/debug/deps/occurrence_edits-a994c558a8aabf08)

running 0 tests

test result: ok. 0 passed; 0 failed; 0 ignored; 0 measured; 3 filtered out; finished in 0.00s

     Running tests/original_media.rs (target/debug/deps/original_media-4e6be01229404ca6)

running 0 tests

test result: ok. 0 passed; 0 failed; 0 ignored; 0 measured; 6 filtered out; finished in 0.00s

     Running tests/original_preparation.rs (target/debug/deps/original_preparation-9e6293f70ea13c16)

running 0 tests

test result: ok. 0 passed; 0 failed; 0 ignored; 0 measured; 9 filtered out; finished in 0.00s

     Running tests/persistence.rs (target/debug/deps/persistence-1daef9b929cbed53)

running 0 tests

test result: ok. 0 passed; 0 failed; 0 ignored; 0 measured; 19 filtered out; finished in 0.00s

     Running tests/prepared_source_registration.rs (target/debug/deps/prepared_source_registration-6d25957787348d16)

running 0 tests

test result: ok. 0 passed; 0 failed; 0 ignored; 0 measured; 18 filtered out; finished in 0.00s

     Running tests/presentation_basis.rs (target/debug/deps/presentation_basis-b7720c44a681751d)

running 0 tests

test result: ok. 0 passed; 0 failed; 0 ignored; 0 measured; 6 filtered out; finished in 0.00s

     Running tests/render_jobs.rs (target/debug/deps/render_jobs-6b9ac69457b6162a)

running 2 tests
test render_workflow_admission_survives_unconfirmed_lease_destruction ... ok
test render_workflow_owner_requires_the_same_writable_open ... ok

test result: ok. 2 passed; 0 failed; 0 ignored; 0 measured; 26 filtered out; finished in 0.11s

     Running tests/single_source.rs (target/debug/deps/single_source-d0cbe7dc84b17a02)

running 0 tests

test result: ok. 0 passed; 0 failed; 0 ignored; 0 measured; 8 filtered out; finished in 0.00s

     Running tests/source_registration.rs (target/debug/deps/source_registration-275ff127a7234fb5)

running 0 tests

test result: ok. 0 passed; 0 failed; 0 ignored; 0 measured; 13 filtered out; finished in 0.00s

error: 1 target failed:
    `-p deadpan-cli --lib`
