    Checking deadpan-jobs v0.1.0 (/Users/michael/Code/deadpan/crates/deadpan-jobs)
    Checking deadpan-store v0.1.0 (/Users/michael/Code/deadpan/crates/deadpan-store)
    Checking deadpan-models v0.1.0 (/Users/michael/Code/deadpan/crates/deadpan-models)
    Checking deadpan-playback v0.1.0 (/Users/michael/Code/deadpan/crates/deadpan-playback)
    Checking deadpan-cli v0.1.0 (/Users/michael/Code/deadpan/crates/deadpan-cli)
    Checking deadpan-media-worker v0.1.0 (/Users/michael/Code/deadpan/native/deadpan-media-worker)
    Checking deadpan-app v0.1.0 (/Users/michael/Code/deadpan/crates/deadpan-app)
error[E0277]: the trait bound `Array<u8, UInt<UInt<UInt<UInt<..., ...>, ...>, ...>, ...>>: LowerHex` is not satisfied
  --> crates/deadpan-cli/examples/qualify_automatic_render.rs:82:34
   |
82 |     let digest = format!("{:x}", Sha256::digest(&bytes));
   |                           ----   ^^^^^^^^^^^^^^^^^^^^^^ the trait `std::fmt::LowerHex` is not implemented for `Array<u8, UInt<UInt<UInt<UInt<UInt<..., ...>, ...>, ...>, ...>, ...>>`
   |                           |
   |                           required by this formatting parameter
   |
   = help: the following other types implement trait `std::fmt::LowerHex`:
             &T
             &mut T
             compiler_builtins::math::libm_math::support::big::i256
             compiler_builtins::math::libm_math::support::big::u256
             compiler_builtins::math::libm_math::support::hex_float::hex_fmt::Hex<T>
             dispatch2::generated::dispatch_block_flags_t
             dispatch2::retained::DispatchRetained<T>
             half::bfloat::bf16
           and 213 others
   = note: the full name for the type has been written to '/Users/michael/Code/deadpan/target/debug/examples/qualify_automatic_render-c9b88e9919b38bfe.long-type-4636257751213818968.txt'
   = note: consider using `--verbose` to print the full type name to the console

For more information about this error, try `rustc --explain E0277`.
error: could not compile `deadpan-cli` (example "qualify_automatic_render") due to 1 previous error
warning: build failed, waiting for other jobs to finish...
