   Compiling deadpan-core v0.1.0 (/Users/michael/Code/deadpan/crates/deadpan-core)
    Finished `test` profile [unoptimized + debuginfo] target(s) in 12.51s
     Running tests/audio_context.rs (target/debug/deps/audio_context-9c6cf9ae500b2a5b)

running 15 tests
test effective_placement_can_exceed_authored_placement_bounds ... ok
test copied_snapshot_is_independent_of_later_document_revision ... ok
test legacy_context_roundtrips_its_closed_mapping_vocabulary_without_upgrading ... ok
test selected_context_keeps_full_phase_mapping_and_captures_only_its_audible_extent ... ok
test compact_repeat_overrides_and_lineage_survive_capture ... ok
test old_context_versions_reject_even_empty_gap_branch_vocabulary ... ok
test captures_exact_inputs_and_only_their_full_asset_records ... ok
test frozen_gain_retains_group_and_picture_only_owners_and_authenticates_every_recipe ... ok
test dormant_context_keeps_input_asset_offset_and_distinguishes_absent_audio ... ok
test legacy_context_gain_vocabulary_is_closed_even_for_null_empty_or_escaped_names ... ok
test positive_audio_context_support_keeps_all_pre_dormant_versions_readable ... ok
test frozen_gain_rejects_unknown_empty_duplicate_and_overlayered_owners ... ok
test editorial_edges_survive_context_capture_with_closed_historical_vocabulary ... ok
test ingress_rejects_open_or_inconsistent_inventory ... ok
test frozen_context_rejects_aggregate_gain_records_during_ingress ... ok

test result: ok. 15 passed; 0 failed; 0 ignored; 0 measured; 0 filtered out; finished in 0.72s

     Running tests/audio_edges.rs (target/debug/deps/audio_edges-13bddaca6b06f97f)

running 6 tests
test editorial_edge_wire_is_optional_but_closed_and_boolean_when_present ... ok
test policy_edits_preserve_time_basis_marks_and_unselected_edges ... ok
test current_wire_defaults_an_absent_object_but_requires_complete_known_policies_when_present ... ok
test ungroup_cannot_silently_drop_an_explicit_edge_exception ... ok
test migrating_automatic_edges_does_not_grow_legacy_document_request_or_patch_json ... ok
test source_and_gap_choices_are_kind_checked_and_retained_when_not_audible ... ok

test result: ok. 6 passed; 0 failed; 0 ignored; 0 measured; 0 filtered out; finished in 0.01s

     Running tests/insert_time.rs (target/debug/deps/insert_time-c54e507fd278fef7)

running 68 tests
test delete::deletion_rejects_root_missing_target_and_wrong_allocation_atomically ... ok
test delete_range::invalid_selection_identities_and_timing_fail_without_mutation ... ok
test delete_range::nested_partitions::nested_deletion_identity_bounds_and_timing_rejections_are_atomic ... ok
test delete_range::full_range_preserves_endpoint_empty_groups_and_retires_internal_empty_groups ... ok
test delete::zero_and_terminal_deletion_do_not_capture_unmoved_sampling ... ok
test delete_range::complete_composites_are_admitted_but_partial_or_clocked_ancestry_is_rejected ... ok
test delete::deletion_moves_content_marks_but_keeps_sequence_marks_and_loss_policy ... ok
test delete_range::nested_partitions::recursive_deletion_does_not_broaden_source_replacement_or_pause_admission ... ok
test billion_play_seam_insertion_keeps_one_step_per_owned_recipe ... ok
test delete::nested_delete_keeps_every_surviving_suffix_clock_and_one_inverse ... ok
test duration_overflow_and_nonfallback_provider_are_rejected_before_capture ... ok
test delete_range::deleted_marks_follow_loss_policy_and_surviving_marks_keep_their_content ... ok
test delete_range::nested_partitions::nested_generated_provider_still_requires_a_whole_owned_cut ... ok
test composite_seam_moves_root_marks_once_and_retains_occurrence_and_source_clocks ... ok
test first_pause_locks_an_automatic_empty_project_before_final_validation ... ok
test delete::whole_composites_can_be_deleted_but_their_clocked_children_cannot ... ok
test delete::deletion_retains_previous_lattice_and_appends_one_resume ... ok
test delete_range::one_clock_deletions_use_the_supplied_maximum_timing_ordinal ... ok
test existing_split_seam_reanchors_without_manufacturing_another_split ... ok
test delete_range::nested_partitions::nested_windows_do_not_admit_general_retime_or_repeat_interiors ... ok
test delete_range::nested_partitions::nested_cut_preserves_root_mark_bias_pins_and_unresolved_intent ... ok
test interior::interior_identity_and_timing_exhaustion_leave_the_input_unchanged ... ok
test insertion_after_compact_steps_appends_after_them_and_round_trips_atomically ... ok
test nested_sequence::nested_insertion_failures_do_not_publish_intermediate_copies_or_clocks ... ok
test nested_sequence::preflight_finds_live_sequence_owner_and_exact_split_identity_count ... ok
test delete_range::nested_partitions::nested_endpoint_cut_transforms_the_independent_root_bus_once ... ok
test fully_bound_input_keeps_a_phase_only_clock_until_terms_exist_and_prunes_unused_end_clock ... ok
test interior::interior_cut_before_billion_play_suffix_stays_compact_and_reversible ... ok
test delete_range::nested_partitions::different_nested_endpoints_keep_their_independent_contexts_and_outer_suffix ... ok
test delete_range::nested_partitions::nested_hold_windows_keep_framing_gain_and_owned_recipe_clocks ... ok
test source_replace::replacement_admission_and_identity_failures_are_atomic ... ok
test delete_range::nested_range_keeps_outer_nodes_and_reanchors_every_surviving_suffix_once ... ok
test source_replace::replacement_rejects_repeat_and_retime_ancestors_without_descending ... ok
test delete_range::later_deletion_refines_treated_fragments_without_recapturing_framing_or_lattice ... ok
test ordinary_hold_interior_and_its_partition_can_be_inserted_into_again ... ok
test source_replace::replacement_keeps_pinned_marks_valid_against_final_extent ... ok
test source_splice::empty_project_splice_locks_time_and_has_no_placeholder_or_retained_clock ... ok
test every_shifted_fragment_gets_its_own_old_entry_and_existing_lattice_survives ... ok
test nested_sequence::nested_seam_keeps_empty_children_and_boundary_marks_in_their_own_clocks ... ok
test repeated_interior_insertion_composes_current_phase_on_one_immutable_lattice ... ok
test source_replace::whole_replacement_preserves_endpoint_empty_groups_and_removes_interior_groups ... ok
test source_splice::source_splice_rejects_duration_overflow_before_capturing_clocks ... ok
test delete_range::nested_partitions::two_and_three_windows_split_one_child_with_exact_pools_and_full_context ... ok
test interior::source_and_hold_interiors_keep_pre_split_lattices_and_distinct_current_placements ... ok
test source_splice_interior::interior_splice_never_descends_a_repeat_or_authored_retime ... ok
test source_replace::nested_replacement_removes_whole_composites_and_reanchors_outer_suffix_once ... ok
test source_splice::malformed_splice_is_atomic_for_typed_and_closed_json_callers ... ok
test source_splice::nested_source_splice_transports_marks_and_each_later_owner_once ... ok
test source_splice::repeat_or_retime_ancestry_never_silently_changes_scope ... ok
test sequence_interiors_and_root_composite_seams_preserve_their_owners ... ok
test source_splice_interior::interior_splice_rejects_bad_targets_identity_pools_and_stale_requests_atomically ... ok
test split_and_insertion_compose_mark_bias_and_keep_sequence_pins ... ok
test interior::interior_split_and_pause_shift_each_mark_once_without_losing_fragment_identity ... ok
test zero_bounds_stale_revision_and_identity_errors_leave_input_unchanged ... ok
test source_replace::replacement_retains_source_framing_and_treated_fragment_clock_ownership ... ok
test source_splice_interior::interior_splice_preserves_live_framing_and_transports_boundary_and_local_marks_once ... ok
test source_replace::same_child_replacement_splits_twice_and_undoes_once ... ok
test start_interior_end_and_empty_project_insert_one_reversible_pause ... ok
test source_replace::second_replacement_refines_existing_fragments_with_exact_identity_budget ... ok
test source_splice_interior::interior_source_and_hold_splices_keep_explicit_group_and_both_pre_split_clocks ... ok
test aggregate_identity_and_composed_phase_limits_fail_before_a_transaction ... ok
test source_splice_interior::transparent_source_and_hold_fragments_refine_without_recapturing_their_lattice ... ok
test nested_sequence::nested_pause_keeps_group_ownership_and_reanchors_every_ancestor_suffix_once ... ok
test source_splice::explicit_slot_retains_nested_edges_and_zero_duration_child_order ... ok
test delete_range::every_single_source_range_keeps_exact_fragments_and_one_inverse ... ok
test source_splice_interior::interior_splice_reserves_the_inserted_source_in_addition_to_split_nodes ... ok
test source_replace::replacement_checks_combined_temporary_node_budget_before_any_split ... ok
test delete_range::deletion_preflight_reserves_only_its_endpoint_nodes_at_the_temporary_limit ... ok

test result: ok. 68 passed; 0 failed; 0 ignored; 0 measured; 0 filtered out; finished in 17.06s

     Running tests/legacy_audio_editorial.rs (target/debug/deps/legacy_audio_editorial-b104f3db3240c56b)

running 32 tests
test closed_v1 ... ok
test closed_v24 ... ok
test closed_v21 ... ok
test closed_v20 ... ok
test closed_v17 ... ok
test closed_v14 ... ok
test closed_v22 ... ok
test closed_v16 ... ok
test closed_v18 ... ok
test closed_v10 ... ok
test closed_v11 ... ok
test closed_v19 ... ok
test closed_v12 ... ok
test closed_v23 ... ok
test closed_v15 ... ok
test closed_v13 ... ok
test closed_v25 ... ok
test closed_v2 ... ok
test closed_v3 ... ok
test closed_v4 ... ok
test closed_v8 ... ok
test closed_v7 ... ok
test closed_v5 ... ok
test closed_v6 ... ok
test closed_v9 ... ok
test closed_v26 ... ok
test closed_v27 ... ok
test closed_v28 ... ok
test closed_v29 ... ok
test closed_v31 ... ok
test closed_v30 ... ok
test closed_v32 ... ok

test result: ok. 32 passed; 0 failed; 0 ignored; 0 measured; 0 filtered out; finished in 0.02s

     Running tests/legacy_dormant_audio.rs (target/debug/deps/legacy_dormant_audio-c4816bb2edfc8590)

running 66 tests
test origin_v16 ... ok
test frozen_support_v28 ... ok
test frozen_support_v32 ... ok
test frozen_support_v29 ... ok
test frozen_support_v31 ... ok
test frozen_support_v30 ... ok
test frozen_support_v25 ... ok
test frozen_support_v26 ... ok
test frozen_support_v17 ... ok
test frozen_support_v21 ... ok
test frozen_support_v16 ... ok
test frozen_support_v22 ... ok
test frozen_support_v27 ... ok
test frozen_support_v18 ... ok
test frozen_support_v19 ... ok
test frozen_support_v24 ... ok
test frozen_support_v23 ... ok
test frozen_support_v20 ... ok
test strict_v1 ... ok
test strict_v10 ... ok
test origin_v17 ... ok
test origin_v18 ... ok
test origin_v19 ... ok
test origin_v20 ... ok
test strict_v11 ... ok
test origin_v21 ... ok
test strict_v12 ... ok
test strict_v13 ... ok
test strict_v14 ... ok
test origin_v24 ... ok
test strict_v15 ... ok
test origin_v28 ... ok
test origin_v25 ... ok
test strict_v17 ... ok
test origin_v29 ... ok
test origin_v26 ... ok
test strict_v16 ... ok
test origin_v30 ... ok
test origin_v23 ... ok
test origin_v22 ... ok
test origin_v27 ... ok
test origin_v31 ... ok
test origin_v32 ... ok
test strict_v18 ... ok
test strict_v19 ... ok
test strict_v2 ... ok
test strict_v3 ... ok
test strict_v21 ... ok
test strict_v20 ... ok
test strict_v22 ... ok
test strict_v23 ... ok
test strict_v25 ... ok
test strict_v27 ... ok
test strict_v24 ... ok
test strict_v29 ... ok
test strict_v28 ... ok
test strict_v4 ... ok
test strict_v31 ... ok
test strict_v26 ... ok
test strict_v30 ... ok
test strict_v5 ... ok
test strict_v32 ... ok
test strict_v6 ... ok
test strict_v7 ... ok
test strict_v8 ... ok
test strict_v9 ... ok

test result: ok. 66 passed; 0 failed; 0 ignored; 0 measured; 0 filtered out; finished in 0.09s

     Running tests/partitions.rs (target/debug/deps/partitions-14ce5fd9965316ad)

running 5 tests
test transparent_partition_requires_unity_and_cannot_author_edges ... ok
test partition_metadata_survives_reversible_commands_and_ordinary_retime_stays_default ... ok
test all_legacy_documents_preserve_authored_crops_and_reject_partition_vocabulary ... ok
test all_legacy_subtree_and_occurrence_requests_reject_new_purpose ... ok
test all_legacy_forward_and_inverse_patches_require_ordinary_retime_purpose ... ok

test result: ok. 5 passed; 0 failed; 0 ignored; 0 measured; 0 filtered out; finished in 0.02s

     Running tests/source_slip.rs (target/debug/deps/source_slip-3d889e14af133b3f)

running 10 tests
test distant_linked_context_overflow_is_an_error_not_a_handle_clamp ... ok
test treated_nested_and_authored_retimes_are_explicitly_unsupported ... ok
test common_nonnatural_slope_and_signed_original_origins_stay_exact ... ok
test neutral_partition_uses_visible_handles_and_preserves_hidden_owner_context ... ok
test linked_audio_offset_is_subtracted_once_and_dormant_audio_can_activate ... ok
test fixed_clocks_effects_bindings_and_root_sounds_survive_slip ... ok
test rejects_unqualified_incoherent_and_unsupported_sources_without_mutation ... ok
test local_and_sequence_marks_stay_fixed_while_source_pts_resolves_or_leaves_selection ... ok
test exact_fractional_handles_clamp_inward_and_zero_never_authors ... ok
test frozen_command_grammars_reject_slip_including_escaped_variant ... ok

test result: ok. 10 passed; 0 failed; 0 ignored; 0 measured; 0 filtered out; finished in 0.01s

     Running tests/source_trim_command.rs (target/debug/deps/source_trim_command-245391d89a9e964a)

running 14 tests
test editorial::marked_sequence_cannot_be_ungrouped_and_discard_its_editorial_edge ... ok
test trim_rejects_missing_extra_colliding_or_stale_command_metadata_atomically ... ok
test trim_prefix_moves_physical_content_marks_but_keeps_host_edge_sentinels ... ok
test frozen_command_grammars_reject_trim_including_escaped_variant ... ok
test trim_marks_distinguish_stored_source_coordinates_from_visible_occurrences ... ok
test trim_capture_precedes_growth_and_retains_effect_clocks_and_root_sound_once ... ok
test editorial::trim_neighbor_crosses_ordinary_scopes_and_empty_nodes_but_stops_at_silence ... ok
test trim_loss_policy_applies_per_binding_and_prefix_preserves_unresolved_coordinates ... ok
test trim_crop_boundary_bias_changes_visibility_without_erasing_physical_bindings ... ok
test trim_both_edges_grows_only_the_physical_owner_and_round_trips_exactly ... ok
test trim_prefix_reconstructs_wrapper_and_ancestor_points_on_their_own_clocks ... ok
test editorial::trim_marks_only_the_changed_join_and_preserves_every_existing_policy ... ok
test editorial::retrim_keeps_one_sided_choices_and_split_retains_the_marked_owner_context ... ok
test trim_refuses_a_full_reanchor_budget_without_replacing_the_old_clock ... ok

test result: ok. 14 passed; 0 failed; 0 ignored; 0 measured; 0 filtered out; finished in 0.04s

     Running tests/source_trim_resolution.rs (target/debug/deps/source_trim_resolution-b42ba4e139f1b21b)

running 10 tests
test prefix_overflow_in_dormant_context_is_an_error_without_clamping_or_mutation ... ok
test linked_non_natural_affine_clock_and_independent_offset_survive_prefix_and_extension ... ok
test zero_resolution_preserves_mapping_variants_and_carries_no_authored_work ... ok
test rejects_treated_partition_and_composite_scope_including_zero_queries ... ok
test nested_sequence_reports_old_project_windows_and_exact_root_ripple_once ... ok
test fractional_padding_moves_with_either_edge_and_owner_only_grows ... ok
test exact_handle_reports_distinguish_exclusive_selected_and_inclusive_output_limits ... ok
test extension_activates_dormant_linked_context_on_either_side_but_never_invents_audio ... ok
test neutral_crop_retains_hidden_window_and_filters_until_an_edge_reaches_them ... ok
test rejects_missing_qualification_generic_or_incoherent_clocks_and_held_picture_windows ... ok

test result: ok. 10 passed; 0 failed; 0 ignored; 0 measured; 0 filtered out; finished in 0.01s

