   Compiling deadpan-plan v0.1.0 (/Users/michael/Code/deadpan/crates/deadpan-plan)
    Finished `test` profile [unoptimized + debuginfo] target(s) in 37.73s
     Running tests/audio_context.rs (target/debug/deps/audio_context-5771fef255045b46)

running 3 tests
test frozen_dormant_audio_keeps_assets_and_emits_silence_through_partition ... ok
test billion_play_context_keeps_sparse_override_and_bounded_last_seek ... ok
test restored_context_retains_source_offsets_edges_room_tone_and_preserve_clocks_after_delete ... ok

test result: ok. 3 passed; 0 failed; 0 ignored; 0 measured; 0 filtered out; finished in 0.01s

     Running tests/audio_fades.rs (target/debug/deps/audio_fades-e3c5000af0d803a8)

running 13 tests
test editorial_hard_precedence_uses_exact_coordinates_not_rounded_samples ... ok
test tiny_voice_shortens_a_large_marked_owner_and_frozen_context_keeps_the_marker ... ok
test opaque_preserve_uses_output_geometry_and_does_not_transport_input_fades ... ok
test signed_domain_and_retained_negative_origin_keep_absolute_tie_parity ... ok
test virtual_source_support_can_have_zero_or_one_fade_samples ... ok
test bound_preserve_inner_leaf_cannot_lend_hard_policy_to_a_different_current_leaf ... ok
test bound_outer_edge_fades_the_voice_delivered_at_the_cut_not_the_next_inner_voice ... ok
test later_partition_drops_ancestor_marker_but_retains_its_own_hidden_owner_edge ... ok
test fractional_progress_and_inverse_ceil_partitioning_are_request_independent ... ok
test editorial_entry_uses_current_grid_without_reclocking_the_retained_opposite_edge ... ok
test current_coincident_hard_edges_survive_while_noncoincident_crop_edges_do_not_inherit_them ... ok
test translated_output_retains_tiny_width_and_rate_changes_use_a_stable_virtual_origin ... ok
test selected_origin_point_clock_uses_current_support_without_resetting_phase ... ok

test result: ok. 13 passed; 0 failed; 0 ignored; 0 measured; 0 filtered out; finished in 0.01s

     Running tests/gap_bindings.rs (target/debug/deps/gap_bindings-855e9b6f847acf67)

running 3 tests
test billion_play_gap_binding_queries_stay_bounded_and_reject_insufficient_work ... ok
test one_play_gap_definition_uses_its_own_point_clock_and_current_duration ... ok
test moved_gap_is_bound_in_root_and_captured_domains_with_its_own_edges ... ok

test result: ok. 3 passed; 0 failed; 0 ignored; 0 measured; 0 filtered out; finished in 0.00s

     Running tests/selected_video_window.rs (target/debug/deps/selected_video_window-19db60250f69201a)

running 14 tests
test inverse_source_anchors_admit_exact_fractional_endpoints_and_reject_hidden_context ... ok
test reject_policy_never_uses_available_context_beyond_the_selected_end ... ok
test public_source_pictures_reject_incomplete_context_and_inconsistent_exact_windows ... ok
test inverse_source_window_composes_enclosing_retime_and_explicit_repeat_identity ... ok
test exact_selected_ticks_hold_only_intersecting_vfr_intervals_on_both_sides ... ok
test edit_window::editorial_window_metadata_preserves_vfr_selection_and_rounded_picture_tail ... ok
test full_context_promotion_preserves_vfr_picture_and_rounded_tail_at_signed_origins ... ok
test nested_retimes_and_repeat_plays_preserve_selection_without_rounding_source_points ... ok
test trim::ripple_trim_partition_crop_retains_hidden_selection_and_source_camera ... ok
test slip::indexed_slip_and_source_anchor_inverse_agree_without_rounding_vfr_pts ... ok
test trim::ripple_trim_grown_camera_holds_endpoints_while_ancestor_uses_its_new_duration ... ok
test slip::partition_slip_preserves_full_owner_context_and_retained_camera_domain ... ok
test trim::ripple_trim_signed_vfr_edges_keep_fractional_terminal_selection_and_clamp_handles ... ok
test slip::signed_vfr_slip_selects_known_pts_in_both_directions_and_holds_the_rounded_tail ... ok

test result: ok. 14 passed; 0 failed; 0 ignored; 0 measured; 0 filtered out; finished in 0.02s

