    Checking deadpan-fileclone v0.1.0 (/Users/michael/Code/deadpan/native/deadpan-fileclone)
   Compiling deadpan-source v0.1.0 (/Users/michael/Code/deadpan/native/deadpan-source)
   Compiling deadpan-dsp v0.1.0 (/Users/michael/Code/deadpan/native/deadpan-dsp)
    Checking deadpan-native-process v0.1.0 (/Users/michael/Code/deadpan/native/deadpan-process)
    Checking deadpan-core v0.1.0 (/Users/michael/Code/deadpan/crates/deadpan-core)
    Checking objc2-core-foundation v0.3.2
   Compiling deadpan-media-worker v0.1.0 (/Users/michael/Code/deadpan/native/deadpan-media-worker)
    Checking objc2-foundation v0.3.2
    Checking objc2-core-graphics v0.3.2
    Checking deadpan-media v0.1.0 (/Users/michael/Code/deadpan/crates/deadpan-media)
    Checking deadpan-jobs v0.1.0 (/Users/michael/Code/deadpan/crates/deadpan-jobs)
    Checking deadpan-plan v0.1.0 (/Users/michael/Code/deadpan/crates/deadpan-plan)
    Checking objc2-metal v0.3.2
    Checking objc2-core-audio v0.3.2
    Checking objc2-app-kit v0.3.2
    Checking objc2-audio-toolbox v0.3.2
    Checking deadpan-audio v0.1.0 (/Users/michael/Code/deadpan/crates/deadpan-audio)
    Checking deadpan-store v0.1.0 (/Users/michael/Code/deadpan/crates/deadpan-store)
    Checking deadpan-models v0.1.0 (/Users/michael/Code/deadpan/crates/deadpan-models)
    Checking objc2-quartz-core v0.3.2
    Checking arboard v3.6.1
    Checking rfd v0.17.2
    Checking coreaudio-rs v0.14.2
    Checking deadpan-cli v0.1.0 (/Users/michael/Code/deadpan/crates/deadpan-cli)
    Checking raw-window-metal v1.1.0
    Checking egui-winit v0.36.2
    Checking cpal v0.18.2
    Checking wgpu-hal v30.0.1
    Checking deadpan-output v0.1.0 (/Users/michael/Code/deadpan/native/deadpan-output)
    Checking wgpu-core-deps-apple v30.0.1
    Checking wgpu-core v30.0.1
    Checking wgpu v30.0.1
    Checking egui-wgpu v0.36.2
    Checking deadpan-render v0.1.0 (/Users/michael/Code/deadpan/crates/deadpan-render)
    Checking eframe v0.36.2
    Checking deadpan-app v0.1.0 (/Users/michael/Code/deadpan/crates/deadpan-app)
    Finished `dev` profile [unoptimized + debuginfo] target(s) in 1m 30s
