    Checking deadpan-core v0.1.0 (/Users/michael/Code/deadpan/crates/deadpan-core)
    Checking deadpan-media v0.1.0 (/Users/michael/Code/deadpan/crates/deadpan-media)
    Checking deadpan-plan v0.1.0 (/Users/michael/Code/deadpan/crates/deadpan-plan)
    Checking deadpan-jobs v0.1.0 (/Users/michael/Code/deadpan/crates/deadpan-jobs)
    Checking deadpan-render v0.1.0 (/Users/michael/Code/deadpan/crates/deadpan-render)
    Checking deadpan-store v0.1.0 (/Users/michael/Code/deadpan/crates/deadpan-store)
    Checking deadpan-audio v0.1.0 (/Users/michael/Code/deadpan/crates/deadpan-audio)
    Checking deadpan-models v0.1.0 (/Users/michael/Code/deadpan/crates/deadpan-models)
    Checking deadpan-media-worker v0.1.0 (/Users/michael/Code/deadpan/native/deadpan-media-worker)
    Checking deadpan-cli v0.1.0 (/Users/michael/Code/deadpan/crates/deadpan-cli)
    Checking deadpan-playback v0.1.0 (/Users/michael/Code/deadpan/crates/deadpan-playback)
error: this range is empty so it will yield no values
   --> crates/deadpan-media/tests/source_import_timing/moment.rs:241:28
    |
241 |     for ordinals in [0..0, 2..1, 3..3, 0..4, u64::MAX..u64::MAX] {
    |                            ^^^^
    |
    = help: for further information visit https://rust-lang.github.io/rust-clippy/rust-1.97.0/index.html#reversed_empty_ranges
    = note: `-D clippy::reversed-empty-ranges` implied by `-D warnings`
    = help: to override `-D warnings` add `#[allow(clippy::reversed_empty_ranges)]`
help: consider using the following if you are attempting to iterate over this range in reverse
    |
241 -     for ordinals in [0..0, 2..1, 3..3, 0..4, u64::MAX..u64::MAX] {
241 +     for ordinals in [0..0, (1..2).rev(), 3..3, 0..4, u64::MAX..u64::MAX] {
    |

error: could not compile `deadpan-media` (test "source_import_timing") due to 1 previous error
warning: build failed, waiting for other jobs to finish...
