{
  "committed": true,
  "outcome": {
    "asset_id": "native-original",
    "commit": {
      "edit": {
        "changed_ids": [
          "8cb7be16-8034-4e10-b03c-435433aa6c7c",
          "native-original-clip"
        ],
        "description": "Import source media",
        "duration_delta": 120,
        "forward": {
          "assets": {
            "native-original": {
              "after": {
                "audio": {
                  "end": {
                    "ticks": 192192,
                    "time_base": {
                      "denominator": 48000,
                      "numerator": 1
                    }
                  },
                  "start": {
                    "ticks": 0,
                    "time_base": {
                      "denominator": 48000,
                      "numerator": 1
                    }
                  }
                },
                "content_hash": "blake3:16614ec12d06396d3c0f0e7b91cc902c6dc30ad89c28d74b805cf64dc60d8aa1",
                "frame_count": 120,
                "label": "native-original",
                "source_qualification": "c6bc3e81ab69906267164469d11739cf1363eea546436761ddd219069ed496b6",
                "still_image": false,
                "video": {
                  "end": {
                    "ticks": 120120,
                    "time_base": {
                      "denominator": 30000,
                      "numerator": 1
                    }
                  },
                  "start": {
                    "ticks": 0,
                    "time_base": {
                      "denominator": 30000,
                      "numerator": 1
                    }
                  }
                }
              },
              "before": null
            }
          },
          "from_revision": "9a93abde-a988-448c-b098-99f043990b33",
          "marks": {},
          "nodes": {
            "8cb7be16-8034-4e10-b03c-435433aa6c7c": {
              "after": {
                "kind": {
                  "children": [
                    "native-original-clip"
                  ],
                  "type": "sequence"
                },
                "label": "Sequence"
              },
              "before": {
                "kind": {
                  "children": [],
                  "type": "sequence"
                },
                "label": "Sequence"
              }
            },
            "native-original-clip": {
              "after": {
                "kind": {
                  "source": {
                    "audio": {
                      "asset": "native-original",
                      "span": {
                        "end": {
                          "ticks": 192192,
                          "time_base": {
                            "denominator": 48000,
                            "numerator": 1
                          }
                        },
                        "start": {
                          "ticks": 0,
                          "time_base": {
                            "denominator": 48000,
                            "numerator": 1
                          }
                        }
                      }
                    },
                    "audio_mapping": {
                      "frames": {
                        "denominator": "1",
                        "numerator": "120"
                      },
                      "start": {
                        "denominator": "1",
                        "numerator": "0"
                      },
                      "type": "placement"
                    },
                    "audio_offset": 0,
                    "duration": 120,
                    "link": "linked",
                    "video": {
                      "asset": "native-original",
                      "span": {
                        "end": {
                          "ticks": 120120,
                          "time_base": {
                            "denominator": 30000,
                            "numerator": 1
                          }
                        },
                        "start": {
                          "ticks": 0,
                          "time_base": {
                            "denominator": 30000,
                            "numerator": 1
                          }
                        }
                      },
                      "type": "stream"
                    },
                    "video_mapping": {
                      "endpoints": "hold_adjacent",
                      "frames": {
                        "denominator": "1",
                        "numerator": "120"
                      },
                      "start": {
                        "denominator": "1",
                        "numerator": "0"
                      },
                      "type": "placement"
                    }
                  },
                  "type": "source"
                },
                "label": "Native prepared picture"
              },
              "before": null
            }
          },
          "overrides": {},
          "presentation": {
            "after": {
              "basis": {
                "color_policy": "sdr_rec709",
                "frame_rate": {
                  "denominator": 1001,
                  "numerator": 30000
                },
                "height": 180,
                "width": 320
              },
              "state": {
                "geometry_origin": "explicit",
                "primary": {
                  "asset": "native-original",
                  "qualification": "c6bc3e81ab69906267164469d11739cf1363eea546436761ddd219069ed496b6"
                },
                "rate_origin": "explicit"
              }
            },
            "before": {
              "basis": {
                "color_policy": "sdr_rec709",
                "frame_rate": {
                  "denominator": 1001,
                  "numerator": 30000
                },
                "height": 180,
                "width": 320
              },
              "state": {
                "geometry_origin": "explicit",
                "primary": null,
                "rate_origin": "explicit"
              }
            }
          },
          "project_id": "79f0c32a-cbea-49c8-b8c3-1c6d8fce6712",
          "to_revision": "native-register-original"
        },
        "inverse": {
          "assets": {
            "native-original": {
              "after": null,
              "before": {
                "audio": {
                  "end": {
                    "ticks": 192192,
                    "time_base": {
                      "denominator": 48000,
                      "numerator": 1
                    }
                  },
                  "start": {
                    "ticks": 0,
                    "time_base": {
                      "denominator": 48000,
                      "numerator": 1
                    }
                  }
                },
                "content_hash": "blake3:16614ec12d06396d3c0f0e7b91cc902c6dc30ad89c28d74b805cf64dc60d8aa1",
                "frame_count": 120,
                "label": "native-original",
                "source_qualification": "c6bc3e81ab69906267164469d11739cf1363eea546436761ddd219069ed496b6",
                "still_image": false,
                "video": {
                  "end": {
                    "ticks": 120120,
                    "time_base": {
                      "denominator": 30000,
                      "numerator": 1
                    }
                  },
                  "start": {
                    "ticks": 0,
                    "time_base": {
                      "denominator": 30000,
                      "numerator": 1
                    }
                  }
                }
              }
            }
          },
          "from_revision": "native-register-original",
          "marks": {},
          "nodes": {
            "8cb7be16-8034-4e10-b03c-435433aa6c7c": {
              "after": {
                "kind": {
                  "children": [],
                  "type": "sequence"
                },
                "label": "Sequence"
              },
              "before": {
                "kind": {
                  "children": [
                    "native-original-clip"
                  ],
                  "type": "sequence"
                },
                "label": "Sequence"
              }
            },
            "native-original-clip": {
              "after": null,
              "before": {
                "kind": {
                  "source": {
                    "audio": {
                      "asset": "native-original",
                      "span": {
                        "end": {
                          "ticks": 192192,
                          "time_base": {
                            "denominator": 48000,
                            "numerator": 1
                          }
                        },
                        "start": {
                          "ticks": 0,
                          "time_base": {
                            "denominator": 48000,
                            "numerator": 1
                          }
                        }
                      }
                    },
                    "audio_mapping": {
                      "frames": {
                        "denominator": "1",
                        "numerator": "120"
                      },
                      "start": {
                        "denominator": "1",
                        "numerator": "0"
                      },
                      "type": "placement"
                    },
                    "audio_offset": 0,
                    "duration": 120,
                    "link": "linked",
                    "video": {
                      "asset": "native-original",
                      "span": {
                        "end": {
                          "ticks": 120120,
                          "time_base": {
                            "denominator": 30000,
                            "numerator": 1
                          }
                        },
                        "start": {
                          "ticks": 0,
                          "time_base": {
                            "denominator": 30000,
                            "numerator": 1
                          }
                        }
                      },
                      "type": "stream"
                    },
                    "video_mapping": {
                      "endpoints": "hold_adjacent",
                      "frames": {
                        "denominator": "1",
                        "numerator": "120"
                      },
                      "start": {
                        "denominator": "1",
                        "numerator": "0"
                      },
                      "type": "placement"
                    }
                  },
                  "type": "source"
                },
                "label": "Native prepared picture"
              }
            }
          },
          "overrides": {},
          "presentation": {
            "after": {
              "basis": {
                "color_policy": "sdr_rec709",
                "frame_rate": {
                  "denominator": 1001,
                  "numerator": 30000
                },
                "height": 180,
                "width": 320
              },
              "state": {
                "geometry_origin": "explicit",
                "primary": null,
                "rate_origin": "explicit"
              }
            },
            "before": {
              "basis": {
                "color_policy": "sdr_rec709",
                "frame_rate": {
                  "denominator": 1001,
                  "numerator": 30000
                },
                "height": 180,
                "width": 320
              },
              "state": {
                "geometry_origin": "explicit",
                "primary": {
                  "asset": "native-original",
                  "qualification": "c6bc3e81ab69906267164469d11739cf1363eea546436761ddd219069ed496b6"
                },
                "rate_origin": "explicit"
              }
            }
          },
          "project_id": "79f0c32a-cbea-49c8-b8c3-1c6d8fce6712",
          "to_revision": "9a93abde-a988-448c-b098-99f043990b33"
        }
      },
      "revision_id": "native-register-original"
    },
    "qualification": "c6bc3e81ab69906267164469d11739cf1363eea546436761ddd219069ed496b6"
  },
  "protocol": 1
}
