{
  "basis_state": {
    "geometry_origin": "explicit",
    "primary": null,
    "rate_origin": "explicit"
  },
  "duration_frames": 0,
  "mark_count": 0,
  "node_count": 1,
  "presentation_basis": {
    "color_policy": "sdr_rec709",
    "frame_rate": {
      "denominator": 1001,
      "numerator": 30000
    },
    "height": 180,
    "width": 320
  },
  "project_id": "79f0c32a-cbea-49c8-b8c3-1c6d8fce6712",
  "protocol": 1,
  "revision_id": "9a93abde-a988-448c-b098-99f043990b33",
  "root": "8cb7be16-8034-4e10-b03c-435433aa6c7c",
  "valid": true
}
