{
  "audio": {
    "project_id": "9285d538-981a-4b2b-a0d6-f70b27ca9f3e",
    "revision_id": "preserve-three-into-two",
    "samples": [
      [
        -0.000016771598893683404,
        -0.000039470905903726816
      ],
      [
        0.000034872697142418474,
        0.00004204394281259738
      ],
      [
        0.00003116246807621792,
        -0.0000709927553543821
      ],
      [
        5.55821725356509e-6,
        0.000012930279808642808
      ],
      [
        -0.00004868636096944101,
        -0.000012876327673438936
      ],
      [
        0.00010333659884054214,
        -0.00002403367579972837
      ],
      [
        -0.000024680779461050406,
        0.000018278127754456364
      ],
      [
        -0.000026506824724492617,
        -0.00006574913277290761
      ],
      [
        0.00008655655983602628,
        0.00004782966789207421
      ],
      [
        -0.000028292566639720462,
        -0.00004226801320328377
      ],
      [
        -0.000012017690096399747,
        -0.00008561714639654383
      ],
      [
        0.00012872992374468595,
        0.00012476032134145498
      ],
      [
        -0.00009616970055503771,
        -0.00012843507283832878
      ],
      [
        0.00003337293674121611,
        -0.00002189341284974944
      ],
      [
        0.0000838499327073805,
        0.00006346949521685019
      ],
      [
        -0.000042605428461683914,
        -0.00006840597052359954
      ],
      [
        0.000010687363101169467,
        -0.000024668806872796267
      ],
      [
        0.000045288645196706057,
        0.00002569086427683942
      ],
      [
        -0.000026928608349408023,
        -0.000025407840439584106
      ],
      [
        0.0000447641359642148,
        -0.00004428175452630967
      ],
      [
        2.9019993235124275e-6,
        0.000027373711418476887
      ],
      [
        0.000029534972782130353,
        -0.000016122912711580284
      ],
      [
        -0.00003020846634171903,
        -0.00006902557652210817
      ],
      [
        0.000051862945838365704,
        0.00004005630762549117
      ],
      [
        0.000033115142286987975,
        -0.00003193358861608431
      ],
      [
        -0.000022693711798638105,
        -3.0851567771605914e-6
      ],
      [
        -4.406937023304636e-6,
        -0.00005369843347580172
      ],
      [
        0.0000761903720558621,
        0.000017362342987325974
      ],
      [
        -0.00003816591197391972,
        0.000019964400053140707
      ],
      [
        8.916426850191783e-6,
        -0.00006973544805077836
      ],
      [
        0.00006600275810342282,
        -9.290762136515696e-6
      ],
      [
        -0.00003890777225024067,
        0.00004359522063168697
      ],
      [
        -2.012189042943646e-6,
        -0.00008649885421618819
      ],
      [
        0.00010263199510518461,
        0.00001816460098780226
      ],
      [
        -0.00006158377073006704,
        0.00003384808587725274
      ],
      [
        0.000011683847333188169,
        -0.00012057227286277339
      ],
      [
        0.00006952680269023404,
        0.00002729140396695584
      ],
      [
        3.869314696203219e-6,
        0.00005586766928900033
      ],
      [
        -0.000055417080147890374,
        -0.00010889070836128667
      ],
      [
        0.0001145578280556947,
        0.00001857610186561942
      ],
      [
        -0.0000625125685473904,
        -9.507089515636835e-8
      ],
      [
        0.000015068417269503698,
        -5.649927061313065e-6
      ],
      [
        0.00007941765215946361,
        -0.000050379876483930275
      ],
      [
        -0.000046864206524332985,
        8.341447028215043e-6
      ],
      [
        0.000025966999601223506,
        -7.255726359289838e-6
      ],
      [
        7.298971468117088e-6,
        -0.000048375484766438603
      ],
      [
        0.00005679174137185328,
        0.000028343871235847473
      ],
      [
        -0.00003202788866474293,
        -0.00002617375139379874
      ],
      [
        0.000020986968593206257,
        -0.00004920972787658684
      ],
      [
        0.00005875579154235311,
        0.000015221855392155703
      ],
      [
        -0.00008345946844201535,
        -3.6430540149012813e-6
      ],
      [
        0.0001301175361732021,
        -7.185132290032925e-6
      ],
      [
        -0.00006814218068029732,
        -0.00007035981980152428
      ],
      [
        0.000023654481992707588,
        0.000039740050851833075
      ],
      [
        0.00003403534719836898,
        -1.0324378081350005e-6
      ],
      [
        -7.396798537229188e-6,
        -0.000054336163884727284
      ],
      [
        0.0000315304787363857,
        3.314232344564516e-6
      ],
      [
        2.6877228265220765e-7,
        7.201310381788062e-6
      ],
      [
        7.622052635269938e-6,
        -0.00005567556945607066
      ],
      [
        0.00002426158062007744,
        0.000019816498024738394
      ],
      [
        0.00001636574961594306,
        -4.857433850702364e-6
      ],
      [
        0.00001630852602829691,
        -0.00004985436316928826
      ],
      [
        -0.000019970717403339222,
        -0.00001336701461696066
      ],
      [
        0.000044238640839466825,
        0.0000469557307951618
      ],
      [
        5.033047727920348e-6,
        -0.00006650976865785196
      ],
      [
        5.568605047301389e-6,
        -5.959983354841825e-6
      ],
      [
        0.000011349277883709874,
        7.376689836746664e-7
      ],
      [
        0.000017682576071820222,
        -3.316064749014913e-6
      ],
      [
        6.251514150790172e-7,
        -0.0000305834983009845
      ],
      [
        0.000026052282919408754,
        -0.00001472677195124561
      ],
      [
        0.000015154622815316543,
        0.000019187438738299534
      ],
      [
        -7.321048087760573e-6,
        -0.00005659657108481042
      ],
      [
        1.7516073285150924e-6,
        6.824397132731974e-6
      ],
      [
        0.00007176109647843987,
        0.000019645432985271327
      ],
      [
        -0.00004631119008990936,
        -0.00007342235767282546
      ],
      [
        0.000020033088730997406,
        0.000025556402761139907
      ],
      [
        0.00003503723200992681,
        -2.4237858724518446e-6
      ],
      [
        -7.081645208018017e-7,
        -0.000039972655940800905
      ],
      [
        4.505382548813941e-6,
        -9.919236617861316e-6
      ],
      [
        0.000045088854676578194,
        7.6280352914182e-6
      ],
      [
        -0.000031152027077041566,
        -0.000029319860914256424
      ],
      [
        0.000017663793187239207,
        5.186594535189215e-6
      ],
      [
        0.000042581435991451144,
        -0.0000364403058483731
      ],
      [
        -3.7175498164288e-6,
        0.000021080029910081066
      ],
      [
        -8.13462338555837e-6,
        -0.00003677902350318618
      ],
      [
        0.0000258424424828263,
        -9.668139682617038e-6
      ],
      [
        0.00002992884947161656,
        2.8278420813876437e-6
      ],
      [
        -0.000010432699127704836,
        -0.000027592008336796425
      ],
      [
        7.743975402263459e-6,
        -1.7538942529427004e-6
      ],
      [
        0.00003808148539974354,
        -9.922054232447408e-6
      ],
      [
        -0.00004004863149020821,
        -0.00002159286850655917
      ],
      [
        0.00007698087574681267,
        9.187384080178163e-7
      ],
      [
        -0.00003392987127881497,
        -0.00003098263914580457
      ],
      [
        0.000027509011488291435,
        0.00002678607233974617
      ],
      [
        5.131134912517155e-6,
        -0.00005595411857939325
      ],
      [
        3.4788381526595913e-6,
        -3.1467975531995762e-6
      ],
      [
        0.00005161439548828639,
        0.000030235256417654455
      ],
      [
        -0.00004017903484054841,
        -0.00005199521183385514
      ],
      [
        0.0000202987121156184,
        -0.00001266424897039542
      ],
      [
        0.000056414883147226647,
        0.00001099587734643137
      ],
      [
        -0.00003930092498194426,
        -0.00003689371078507975
      ],
      [
        0.000040254784835269675,
        0.000010360463420511223
      ],
      [
        0.000015568155504297465,
        -0.00002462297743477393
      ],
      [
        -0.000018145807189284824,
        -9.67745108937379e-6
      ],
      [
        0.00003178662882419303,
        -0.00003129033575532958
      ],
      [
        0.000037937326851533726,
        0.000036450230254558846
      ],
      [
        -0.000042746742110466585,
        -0.00004098466888535768
      ],
      [
        0.00004386969521874562,
        -0.00003224007014068775
      ],
      [
        8.016325409698766e-6,
        0.00002196955756517127
      ],
      [
        0.000010670935807866044,
        -0.000021799296519020572
      ],
      [
        8.325206181325484e-6,
        -5.84518420509994e-6
      ],
      [
        0.000015371961126220413,
        -0.000015350895409937948
      ],
      [
        -5.526376753550721e-6,
        -0.00003363227006047964
      ],
      [
        0.00004012225690530613,
        0.00002403701546427328
      ],
      [
        -9.119100923271617e-7,
        -0.000025454215574427508
      ],
      [
        3.65067899110727e-6,
        -0.000010020878107752651
      ],
      [
        0.000022851329049444757,
        -0.000027889320335816592
      ],
      [
        -1.9498450001265155e-6,
        -2.523923285480123e-6
      ],
      [
        0.000023493003027397208,
        7.589369943161728e-6
      ],
      [
        0.000018860135241993703,
        -0.000013729058082390111
      ],
      [
        -0.000021664207451976836,
        -0.000044956301280763
      ],
      [
        0.00004555789564619772,
        7.245549113576999e-6
      ],
      [
        -0.000011825546607724391,
        1.7718272147249081e-6
      ],
      [
        0.00004239466943545267,
        -6.466739250754472e-6
      ],
      [
        -0.00002901578955061268,
        -0.000047574943891959265
      ],
      [
        0.00004234824518789537,
        9.17395118449349e-6
      ],
      [
        5.829205633745005e-7,
        -8.870013516570907e-6
      ]
    ],
    "schema_version": 1,
    "stage": "time_mapped_pcm_before_effects",
    "start": 1769,
    "suppressed": []
  },
  "protocol": 1
}
