{
  "audio": {
    "project_id": "9285d538-981a-4b2b-a0d6-f70b27ca9f3e",
    "revision_id": "preserve-three-into-two",
    "samples": [
      [
        0.0004427486564964056,
        0.0004485535901039839
      ],
      [
        -0.0007034812006168067,
        -0.0008294348954223096
      ],
      [
        0.000953914423007518,
        -0.000032766190997790545
      ],
      [
        -0.0003694500483106822,
        0.00026181727298535407
      ],
      [
        -0.000020900886738672853,
        -0.00029284850461408496
      ],
      [
        0.001085881725884974,
        -0.0006848930497653782
      ],
      [
        -0.0015760756796225905,
        0.00046862487215548754
      ],
      [
        0.0018053526291623712,
        -0.00020094784849788994
      ],
      [
        -0.0010206053266301751,
        -0.00041679959394969046
      ],
      [
        -0.00009631034481571987,
        0.00037577105103991926
      ],
      [
        0.0011035131756216288,
        -0.00017201213631778955
      ],
      [
        -0.0010048856493085623,
        -0.0005718412576243281
      ],
      [
        0.0008193154353648424,
        0.00009607973333913833
      ],
      [
        -0.00038137182127684355,
        0.0005873016198165715
      ],
      [
        0.00025933090364560485,
        -0.0012559558963403106
      ],
      [
        0.0003168987459503114,
        0.000723271572496742
      ],
      [
        -0.000522733898833394,
        -0.00038818552275188267
      ],
      [
        0.0008778406190685928,
        -0.0005060266121290624
      ],
      [
        9.140051588474307e-6,
        0.00022514366719406098
      ],
      [
        -0.0002898403618019074,
        -0.000056945591495605186
      ],
      [
        0.0004695573588833213,
        -0.000845655333250761
      ],
      [
        0.0007034417358227074,
        0.00029795619775541127
      ],
      [
        -0.0016579657094553113,
        0.00029341247864067554
      ],
      [
        0.0016211302718147635,
        -0.0005154418176971376
      ],
      [
        -0.00007268245099112391,
        0.00019170137238688767
      ],
      [
        -0.001271971152164042,
        -0.00040703327977098525
      ],
      [
        0.0016510727582499385,
        0.00008047223673202097
      ],
      [
        -0.0002483657153788954,
        -0.00015431059000547975
      ],
      [
        -0.0004054410383105278,
        -0.00007287992775673047
      ],
      [
        0.0005139381974004209,
        -0.00045362176024354994
      ],
      [
        0.00028241201653145254,
        -0.00036723254015669227
      ],
      [
        -0.0005652935360558331,
        0.0011600431753322482
      ],
      [
        0.0002494779764674604,
        -0.0013675660593435168
      ],
      [
        0.0007217909442260861,
        0.00033302762312814593
      ],
      [
        -0.0006617133039981127,
        -0.00014745847147423774
      ],
      [
        0.0003190472780261189,
        -0.0006800186820328236
      ],
      [
        0.00018514448311179876,
        0.0011214825790375471
      ],
      [
        0.00006198597839102149,
        -0.000537339597940445
      ],
      [
        -0.0005005645216442645,
        -0.0010625311406329274
      ],
      [
        0.000546412484254688,
        0.0011216610437259078
      ],
      [
        0.0007171401521191001,
        -0.0007750068325549364
      ],
      [
        -0.0011176576372236013,
        0.00033039605477824807
      ],
      [
        0.0005086844903416932,
        -0.0007139603258110583
      ],
      [
        0.0015279080253094435,
        -0.0004466560494620353
      ],
      [
        -0.002457214519381523,
        0.0007568449364043772
      ],
      [
        0.0019248133758082986,
        -0.00040203024400398135
      ],
      [
        0.0004040250787511468,
        -0.0004307759227231145
      ],
      [
        -0.0022160194348543882,
        0.0002877931692637503
      ],
      [
        0.0025916825979948044,
        -0.0009064716869033873
      ],
      [
        -0.001008501392789185,
        0.0008286841912195086
      ],
      [
        -0.0006701209349557757,
        0.00045772994053550065
      ],
      [
        0.0014332244172692299,
        -0.0021090912632644176
      ],
      [
        -0.0007146794814616442,
        0.0011673857225105166
      ],
      [
        0.00007235538942040876,
        0.00041645567398518324
      ],
      [
        0.00044004639494232833,
        -0.0010341681772843003
      ],
      [
        -0.00026592781068757176,
        0.0006412004586309195
      ],
      [
        -0.000028490161639638245,
        -0.0008721388876438141
      ],
      [
        -0.00010889171244343743,
        0.0011174482060596347
      ],
      [
        0.00012135738506913185,
        -0.0012376477243378758
      ],
      [
        0.0006370014743879437,
        0.0015952764078974724
      ],
      [
        -0.0011777769541367888,
        -0.002009209245443344
      ],
      [
        0.0014711570693179965,
        0.00048149816575460136
      ],
      [
        -0.00045021623373031616,
        0.0004570294404402375
      ],
      [
        -0.0006832489161752164,
        0.000270391145022586
      ],
      [
        0.0014427308924496174,
        -0.0020300308242440224
      ],
      [
        -0.0009057249990291893,
        0.0012837115209549665
      ],
      [
        0.00033351246383972466,
        0.00009579368634149432
      ],
      [
        0.00017580078565515578,
        -0.0011529006296768785
      ],
      [
        0.00013228737225290388,
        0.0013465603115037084
      ],
      [
        0.000219134206417948,
        -0.0020169985946267843
      ],
      [
        -0.00040522089693695307,
        0.0011176246916875243
      ],
      [
        0.001074518426321447,
        -0.0007244448061101139
      ],
      [
        -0.0008549126796424389,
        0.0010591699974611402
      ],
      [
        0.0001733460812829435,
        -0.0020302664488554
      ],
      [
        0.0012525964993983507,
        0.0014011586317792535
      ],
      [
        -0.0006523355841636658,
        -0.00046876154374331236
      ],
      [
        0.0009680135990493,
        0.0018906573532149196
      ],
      [
        -0.0002217316214228049,
        -0.0025383993051946163
      ],
      [
        -0.00012894957035314292,
        0.0015030213398858905
      ],
      [
        0.0007330399239435792,
        -0.001085752504877746
      ],
      [
        -0.0009346264414489269,
        0.0012224564561620355
      ],
      [
        0.0013764858013018966,
        -0.0017968923784792423
      ],
      [
        -0.0010288538178429008,
        0.0013442594790831208
      ],
      [
        0.000711041793692857,
        -0.0012807735474780202
      ],
      [
        0.0003699657681863755,
        0.0002691442787181586
      ],
      [
        -0.0005206457572057843,
        0.0005327747785486281
      ],
      [
        0.0006616630707867444,
        -0.0008039898821152747
      ],
      [
        -0.0005043829442001879,
        -0.0005872715264558792
      ],
      [
        0.0010083463275805116,
        0.00109657843131572
      ],
      [
        -0.0013930838322266936,
        -0.00010897954780375585
      ],
      [
        0.0013947341358289123,
        -0.0010924262460321188
      ],
      [
        -0.0004156683571636677,
        0.0007817436126060784
      ],
      [
        -0.0003675308544188738,
        -0.0003426271432545036
      ],
      [
        0.0012352234916761518,
        -0.0004671768983826041
      ],
      [
        -0.0010921236826106906,
        0.0006210049032233655
      ],
      [
        0.0013731183717027307,
        -0.0009955493733286858
      ],
      [
        -0.0010178455850109458,
        0.00009190620767185465
      ],
      [
        0.0008716813172213733,
        0.00024011179630178958
      ],
      [
        -0.0003551366680767387,
        0.00005916247027926147
      ],
      [
        -3.148494158722315e-7,
        -0.0005107618635520339
      ],
      [
        0.0002498802205082029,
        0.00017625256441533566
      ],
      [
        0.00008337954932358116,
        -0.0003115829895250499
      ],
      [
        0.0000721485776011832,
        0.0004959075595252216
      ],
      [
        -0.0004545381816569716,
        -0.00044387183152139187
      ],
      [
        0.0011327920947223902,
        -0.0004416156152728945
      ],
      [
        -0.0008364612003788352,
        0.0005387236014939845
      ],
      [
        0.0005643009790219367,
        -0.0006266510463319719
      ],
      [
        0.0002554414968471974,
        0.00006844610470579937
      ],
      [
        -0.00015199273184407502,
        -1.8893491642302251e-6
      ],
      [
        0.00028947016107849777,
        -0.0007645527366548777
      ],
      [
        0.00023813940060790628,
        0.00027262698858976364
      ],
      [
        0.000045297678298084065,
        0.00020819016208406538
      ],
      [
        -0.000019981293007731438,
        -0.0007634090143255889
      ],
      [
        0.0006538896705023944,
        -0.00038198495167307556
      ],
      [
        -0.0003675429034046829,
        0.0006897987332195044
      ],
      [
        0.0006773467757739127,
        -0.0008257281151600182
      ],
      [
        -0.0006957011064514518,
        0.00009094511187868193
      ],
      [
        0.0007973839528858662,
        0.000381043239030987
      ],
      [
        -0.00014771778660360724,
        -0.001058572088368237
      ],
      [
        -0.00007401666516670957,
        0.0006286045536398888
      ],
      [
        0.00037808981142006814,
        0.00001608127058716491
      ],
      [
        0.000026680987502913922,
        -0.0008320077904500067
      ],
      [
        0.0000500291571370326,
        0.00038208390469662845
      ],
      [
        -0.0002039029641309753,
        0.00011430450103944167
      ],
      [
        0.0009330817847512662,
        -0.0005720067420043051
      ],
      [
        -0.0009439153946004808,
        0.00023739354219287634
      ],
      [
        0.0007296143448911607,
        -0.00020036545174662024
      ]
    ],
    "schema_version": 1,
    "stage": "time_mapped_pcm_before_effects",
    "start": 821,
    "suppressed": []
  },
  "protocol": 1
}
