{
  "audio": {
    "project_id": "9285d538-981a-4b2b-a0d6-f70b27ca9f3e",
    "revision_id": "preserve-three-into-two",
    "samples": [
      [
        -0.00006568932440131903,
        0.000013370484339247923
      ],
      [
        -0.0069101732224226,
        -0.00012288127618376166
      ],
      [
        0.006326697301119566,
        0.0017507103038951755
      ],
      [
        0.0021333142649382353,
        -0.004792685620486736
      ],
      [
        -0.0027504023164510727,
        -0.0028695911169052124
      ],
      [
        -0.002217594301328063,
        0.009113986976444721
      ],
      [
        0.009380274452269077,
        -0.005876617971807718
      ],
      [
        -0.008693237788975239,
        -0.004854471888393164
      ],
      [
        0.002395004266873002,
        0.009296690113842487
      ],
      [
        0.007789790630340576,
        -0.011239318177103996
      ],
      [
        -0.007411204278469086,
        0.005904732272028923
      ],
      [
        0.0007913837907835841,
        0.003421107539907098
      ],
      [
        0.007700296118855476,
        -0.012117454782128334
      ],
      [
        -0.005965709686279297,
        0.008156517520546913
      ],
      [
        0.0006934353150427341,
        -0.0023258114233613014
      ],
      [
        0.0043289936147630215,
        -0.0029930558521300554
      ],
      [
        -0.0034403717145323753,
        0.008465396240353584
      ],
      [
        0.00008791781874606386,
        -0.012985157780349255
      ],
      [
        0.00477919215336442,
        0.004169154912233353
      ],
      [
        -0.0007774775731377304,
        0.007969837635755539
      ],
      [
        -0.003759850049391389,
        -0.013758935034275055
      ],
      [
        0.009702225215733051,
        0.003980813082307577
      ],
      [
        -0.009258083067834377,
        0.007388977333903313
      ],
      [
        0.0030187107622623444,
        -0.01200059149414301
      ],
      [
        0.005645481403917074,
        0.00864862184971571
      ],
      [
        -0.0096518499776721,
        0.002245878567919135
      ],
      [
        0.01132905576378107,
        -0.013294428586959839
      ],
      [
        -0.007655815687030554,
        0.008013676851987839
      ],
      [
        0.006169887725263834,
        0.0028797131963074207
      ],
      [
        -0.0035250717774033546,
        -0.004209914244711399
      ],
      [
        0.00243896315805614,
        -0.003363804891705513
      ],
      [
        0.0013345194747671485,
        0.003099004738032818
      ],
      [
        -0.004853939171880484,
        0.002529044169932604
      ],
      [
        0.007152901962399483,
        -0.004308961797505617
      ],
      [
        -0.00654328940436244,
        0.003986284136772156
      ],
      [
        0.007704592775553465,
        -0.005288990214467049
      ],
      [
        -0.006780021358281374,
        0.00125882588326931
      ],
      [
        0.0065164994448423386,
        0.0016005969373509288
      ],
      [
        0.000024680433853063732,
        0.0027642520144581795
      ],
      [
        -0.009965930134057999,
        -0.0067030382342636585
      ],
      [
        0.0164355281740427,
        -0.0019082346698269248
      ],
      [
        -0.01010357029736042,
        0.008845554664731026
      ],
      [
        -0.0030213019344955683,
        -0.004214841406792402
      ],
      [
        0.015123733319342136,
        -0.004223636817187071
      ],
      [
        -0.012161684222519398,
        0.000801394518930465
      ],
      [
        -0.0028048770036548376,
        0.00378395221196115
      ],
      [
        0.018441271036863327,
        -0.0031673188786953688
      ],
      [
        -0.020361287519335747,
        0.0033969704527407885
      ],
      [
        0.00784717220813036,
        -0.003457511542364955
      ],
      [
        0.0074634556658566,
        -0.005619078874588013
      ],
      [
        -0.010882403701543808,
        0.011628181673586369
      ],
      [
        0.0013681957498192787,
        -0.0029524266719818115
      ],
      [
        0.008110827766358852,
        -0.005901895929127932
      ],
      [
        -0.0031920336186885834,
        -0.0005339501658454537
      ],
      [
        -0.013168934732675552,
        0.0066233184188604355
      ],
      [
        0.02674061246216297,
        -0.002129488857463002
      ],
      [
        -0.022725820541381836,
        -0.0015406558522954583
      ],
      [
        0.00437583914026618,
        -0.0005298081669025123
      ],
      [
        0.01495319977402687,
        -0.0028123233933001757
      ],
      [
        -0.019971132278442383,
        0.0066718594171106815
      ],
      [
        0.013314804993569851,
        0.0008441269746981561
      ],
      [
        -0.008514337241649628,
        -0.0071401274763047695
      ],
      [
        0.011556055396795273,
        0.00010684021253837273
      ],
      [
        -0.016191912814974785,
        0.006652553100138903
      ],
      [
        0.012957107275724411,
        -0.0020984031725674868
      ],
      [
        0.004819925408810377,
        -0.003932166378945112
      ],
      [
        -0.018889212980866432,
        -0.0011297650635242462
      ],
      [
        0.02137742005288601,
        0.0012120488099753857
      ],
      [
        -0.011392486281692982,
        0.004901184234768152
      ],
      [
        0.002293063560500741,
        -0.0036312530282884836
      ],
      [
        -0.0017439500661566854,
        -0.001093850121833384
      ],
      [
        0.005333711393177509,
        -0.0020533937495201826
      ],
      [
        -0.003029094310477376,
        0.00427440507337451
      ],
      [
        -0.005426551215350628,
        0.0028481553308665752
      ],
      [
        0.013565704226493835,
        -0.006996219977736473
      ],
      [
        -0.011158369481563568,
        -0.001273805508390069
      ],
      [
        0.002255387604236603,
        0.005564134567975998
      ],
      [
        0.003239996265619993,
        0.002542386297136545
      ],
      [
        0.0005769834970124066,
        -0.004522778559476137
      ],
      [
        -0.00783549528568983,
        -0.0015791989862918854
      ],
      [
        0.008854740299284458,
        0.0022698428947478533
      ],
      [
        -0.0010805529309436679,
        0.001630314625799656
      ],
      [
        -0.007791044190526009,
        7.984903277247213e-6
      ],
      [
        0.00988607108592987,
        -0.0016598750371485949
      ],
      [
        -0.00663232384249568,
        -0.00048131842049770057
      ],
      [
        0.001867859740741551,
        -0.0001985484705073759
      ],
      [
        -0.000064415144152008,
        0.009055226109921932
      ],
      [
        -0.0002605387126095593,
        -0.009677842259407043
      ],
      [
        0.0034762900322675705,
        -0.0026414988096803427
      ],
      [
        -0.005986034404486418,
        0.009413867257535458
      ],
      [
        0.003889094339683652,
        -0.00490826740860939
      ],
      [
        0.002042548032477498,
        0.0017332910792902112
      ],
      [
        -0.0071319337002933025,
        -0.0009487440693192184
      ],
      [
        0.0026275443378835917,
        -0.0001189199902000837
      ],
      [
        0.0049003963358700275,
        0.0004492579901125282
      ],
      [
        -0.006721246521919966,
        0.0034654997289180756
      ],
      [
        -0.0006230724975466728,
        -0.0021806620061397552
      ],
      [
        0.007316231727600098,
        -0.004662563558667898
      ],
      [
        -0.005465622991323471,
        0.0067675975151360035
      ],
      [
        -0.006004422437399626,
        -0.0023708536755293608
      ],
      [
        0.016160814091563225,
        0.0016071127029135823
      ],
      [
        -0.01482356246560812,
        -0.005779836792498827
      ],
      [
        0.0034174334723502398,
        0.003666215343400836
      ],
      [
        0.011561018414795399,
        0.001985215814784169
      ],
      [
        -0.015384387224912643,
        -0.004486838821321726
      ],
      [
        0.01029928307980299,
        0.002944002626463771
      ],
      [
        -0.005656762979924679,
        -0.0003090868704020977
      ],
      [
        0.0031803695019334555,
        -0.0008082562126219273
      ],
      [
        -0.0015400743577629328,
        -0.0008231954998336732
      ],
      [
        -0.0007615424110554159,
        0.004187383688986301
      ],
      [
        0.009130150079727173,
        -0.010127123445272446
      ],
      [
        -0.013413230888545513,
        0.004810223821550608
      ],
      [
        0.012982373125851154,
        0.005669569130986929
      ],
      [
        -0.006819428410381079,
        -0.011535569094121456
      ],
      [
        -0.0013399760937318206,
        0.009553921408951283
      ],
      [
        0.005806070286780596,
        -0.0034134199377149343
      ],
      [
        -0.006573050748556852,
        -0.002422395860776305
      ],
      [
        0.004455613903701305,
        0.0035481436643749475
      ],
      [
        -0.0034330168273299932,
        -0.002212485997006297
      ],
      [
        0.0015580408507958055,
        0.00010440641199238598
      ],
      [
        -0.0012628280092030764,
        0.0017424114048480988
      ],
      [
        0.00019785539188887924,
        -0.001650290098041296
      ],
      [
        0.0018719352083280683,
        -0.0007822241168469191
      ],
      [
        -0.0026404017116874456,
        0.002457842929288745
      ],
      [
        0.0017787368269637227,
        -0.0024592892732471228
      ],
      [
        -0.0012198936892673373,
        -0.0005487944581545889
      ],
      [
        0.0006500252638943493,
        -0.00011707816156558692
      ],
      [
        0.001430852455087006,
        -0.0012501837918534875
      ],
      [
        -0.0026685104239732027,
        0.0017477149376645684
      ],
      [
        0.0012392655480653048,
        -0.0005720253684557974
      ],
      [
        0.0012506881030276418,
        -0.0002451743057463318
      ],
      [
        -0.005868492182344198,
        -0.0009414238738827407
      ],
      [
        0.009543792344629765,
        0.0031204482074826956
      ],
      [
        -0.004946570843458176,
        -0.0020217099227011204
      ],
      [
        -0.003607935970649123,
        -0.003107778960838914
      ],
      [
        0.010541471652686596,
        0.0029143798165023327
      ],
      [
        -0.007044697180390358,
        -0.0010332303354516625
      ],
      [
        -0.0014036615611985326,
        -0.0008892712066881359
      ],
      [
        0.00836675614118576,
        0.0007562904502265155
      ],
      [
        -0.005993594881147146,
        -0.004170028492808342
      ],
      [
        -0.0013968214625492692,
        0.0031724805012345314
      ],
      [
        0.006531857885420322,
        0.00243741343729198
      ],
      [
        -0.003534990595653653,
        -0.004471279215067625
      ],
      [
        -0.0019222247647121549,
        -0.0006183264777064323
      ],
      [
        0.0010729830246418715,
        0.003397938795387745
      ],
      [
        0.00422229478135705,
        -0.00010168502922169864
      ],
      [
        -0.006635699886828661,
        -0.0011329787084832788
      ],
      [
        0.0013847629306837916,
        -0.0023789445403963327
      ],
      [
        0.009681706316769123,
        -0.0005204384797252715
      ],
      [
        -0.013074287213385105,
        0.0019096332835033536
      ],
      [
        0.006778921466320753,
        0.0014110375195741653
      ],
      [
        0.0036732035223394632,
        -0.00307620782405138
      ],
      [
        -0.00751296803355217,
        -0.0018282439559698105
      ],
      [
        0.0036433739587664604,
        0.0013138479553163052
      ],
      [
        0.0038451729342341423,
        0.002658426994457841
      ],
      [
        -0.0042265914380550385,
        -0.0025922830682247877
      ],
      [
        0.0005118668777868152,
        -0.006736500654369593
      ],
      [
        0.00315956212580204,
        0.005815301556140184
      ],
      [
        -0.0018437569960951805,
        0.002844080328941345
      ],
      [
        -0.0006810579216107726,
        -0.007875356823205948
      ],
      [
        0.0013765076873824,
        0.0032641547732055187
      ],
      [
        0.002229651203379035,
        -0.0013739303685724735
      ],
      [
        -0.004209283739328384,
        -0.0028176866471767426
      ],
      [
        0.006522759795188904,
        0.004854006227105856
      ],
      [
        -0.0015961354365572333,
        -0.004757037851959467
      ],
      [
        -0.0018829377368092537,
        -0.006482821889221668
      ],
      [
        0.003514748765155673,
        0.006986259948462248
      ],
      [
        -0.003919953480362892,
        -0.0005402161623351276
      ],
      [
        0.0050818645395338535,
        -0.0015707382699474692
      ],
      [
        -0.005840728525072336,
        -0.0036352956667542458
      ],
      [
        0.004875617567449808,
        -0.0013082516379654408
      ],
      [
        -0.000148072955198586,
        0.007911675609648228
      ],
      [
        -0.003037160262465477,
        -0.007678177673369646
      ],
      [
        0.0025826599448919296,
        -0.0010543117532506585
      ],
      [
        0.0013871357077732682,
        0.0027520363219082355
      ],
      [
        -0.0032572115305811167,
        -0.003585554426535964
      ],
      [
        0.0009351358166895807,
        0.005089934915304184
      ],
      [
        0.0064938850700855255,
        -0.0037170015275478363
      ],
      [
        -0.007486104965209961,
        -0.0030600179452449083
      ],
      [
        0.005062129348516464,
        0.0005742449429817498
      ],
      [
        0.0004616423975676298,
        0.0043325540609657764
      ],
      [
        -0.0015374979702755809,
        0.0006395686068572104
      ],
      [
        -0.0011979879345744848,
        -0.00659450376406312
      ],
      [
        0.0009516467689536512,
        0.0022845978382974863
      ],
      [
        0.002725013764575124,
        0.005553690250962973
      ],
      [
        -0.0065261987037956715,
        -0.006488848477602005
      ],
      [
        0.009339945390820503,
        -0.0009691387531347573
      ],
      [
        -0.0038166167214512825,
        0.0033365131821483374
      ],
      [
        -0.0006294535705819726,
        -0.003929107449948788
      ],
      [
        0.0036528680939227343,
        0.003983746748417616
      ],
      [
        0.0006564473733305931,
        -0.0005896961665712297
      ],
      [
        -0.0037754708901047707,
        -0.005799717735499144
      ],
      [
        0.0027478584088385105,
        0.00275839283131063
      ],
      [
        0.001202023820951581,
        0.0007806539651937783
      ],
      [
        -0.003795369528234005,
        0.0009075090638361871
      ],
      [
        0.006778220180422068,
        -0.006221954245120287
      ],
      [
        -0.007880891673266888,
        0.001473988639190793
      ],
      [
        0.007817150093615055,
        0.005646189674735069
      ],
      [
        -0.0016977177001535892,
        -0.006512673571705818
      ],
      [
        -0.005296897143125534,
        -0.0006845861207693815
      ],
      [
        0.011920155957341194,
        0.0022767262998968363
      ],
      [
        -0.008007843978703022,
        -0.005037651862949133
      ],
      [
        -0.0002815795596688986,
        0.0018285992555320263
      ],
      [
        0.0044085062108933926,
        0.0034500432666391134
      ],
      [
        -0.0018609693506732583,
        -0.007466758135706186
      ],
      [
        -0.004608807619661093,
        0.0014297142624855042
      ],
      [
        0.009512627497315407,
        0.005943127442151308
      ],
      [
        -0.0019770620856434107,
        -0.005336086731404066
      ],
      [
        -0.00496366061270237,
        -0.000995524926111102
      ],
      [
        0.010083380155265331,
        -0.0004949475405737758
      ],
      [
        -0.00605225283652544,
        0.0012412865180522203
      ],
      [
        -0.0004904584493488073,
        -0.0013780179433524609
      ],
      [
        0.00445087905973196,
        -0.0012272484600543976
      ],
      [
        -0.0033204066567122936,
        0.0013664616271853447
      ],
      [
        0.001187109504826367,
        -0.0013828937662765384
      ],
      [
        0.0005785318790003657,
        0.0006979316822253168
      ],
      [
        0.0032665524631738663,
        0.001196176977828145
      ],
      [
        -0.0015372812049463391,
        -0.0025270150508731604
      ],
      [
        -0.0024972334504127502,
        -0.0019292134093120694
      ],
      [
        0.00638399226590991,
        0.005330386105924845
      ],
      [
        -0.0027459796983748674,
        -0.001296418602578342
      ],
      [
        -0.0008886104333214462,
        -0.005091702565550804
      ],
      [
        0.0063706496730446815,
        0.002510060090571642
      ],
      [
        -0.004330658819526434,
        -0.00186293909791857
      ],
      [
        0.0029518662486225367,
        0.0013539345236495137
      ],
      [
        0.000040161878132494166,
        0.0005600295262411237
      ],
      [
        0.001156586455181241,
        -0.002081878948956728
      ],
      [
        -0.0005796706536784768,
        -0.00006253836181713268
      ],
      [
        0.00014713616110384464,
        -0.0011604137253016233
      ],
      [
        0.002242608927190304,
        -0.00023615836107637733
      ],
      [
        -0.0023817482870072126,
        0.0012874347157776356
      ],
      [
        0.0020410269498825073,
        -0.004553150851279497
      ],
      [
        -0.0009256296325474977,
        0.0025589722208678722
      ],
      [
        0.002974350703880191,
        0.0025591671001166105
      ],
      [
        -0.0020967593882232904,
        -0.0033032356295734644
      ],
      [
        0.00038254191167652607,
        0.0013580513186752796
      ],
      [
        0.005804527550935745,
        -0.0034606000408530235
      ],
      [
        -0.005261685699224472,
        0.0005130023928359151
      ],
      [
        0.003077876288443804,
        0.0026197831612080336
      ],
      [
        0.00021771009778603911,
        -0.00007070674473652616
      ],
      [
        -0.0013730895007029176,
        0.00024041025608312339
      ],
      [
        0.00031132594449445605,
        -0.003850023029372096
      ],
      [
        0.0037393057718873024,
        0.0036827123258262873
      ],
      [
        0.0005622301832772791,
        0.001138407620601356
      ],
      [
        -0.004161180462688208,
        -0.005690122954547405
      ],
      [
        0.005731597542762756,
        0.0033579946029931307
      ],
      [
        -0.0020341945346444845,
        0.0013259699335321784
      ],
      [
        -0.0028541199862957,
        -0.005100675392895937
      ],
      [
        0.005627661477774382,
        0.005010009277611971
      ],
      [
        -0.0030872465576976538,
        -0.00392571184784174
      ],
      [
        0.001678310800343752,
        -0.0022349904756993055
      ],
      [
        0.002056943718343973,
        0.005723853129893541
      ],
      [
        0.0006483516190201044,
        -0.0035525669809430838
      ],
      [
        0.0004367015790194273,
        -0.0006815625238232315
      ],
      [
        -0.000890109920874238,
        -0.0017059940146282315
      ],
      [
        0.002536715706810355,
        0.0007015938754193485
      ]
    ],
    "schema_version": 1,
    "stage": "time_mapped_pcm_before_effects",
    "start": 256,
    "suppressed": []
  },
  "protocol": 1
}
