{
  "audio": {
    "project_id": "9285d538-981a-4b2b-a0d6-f70b27ca9f3e",
    "revision_id": "preserve-three-into-two",
    "samples": [
      [
        -0.002167596947401762,
        -0.0006905266200192273
      ],
      [
        0.0027218807954341173,
        0.0002154543180949986
      ],
      [
        -0.001555622206069529,
        -0.00013590640446636826
      ],
      [
        0.00012147461529821157,
        -0.00014184376050252467
      ],
      [
        0.0019952517468482256,
        0.0005067301681265235
      ],
      [
        -0.003034270601347089,
        -0.0009552519768476486
      ],
      [
        0.0030609203968197107,
        -0.00008191826054826379
      ],
      [
        -0.0012483359314501286,
        0.0004753868852276355
      ],
      [
        -0.0006219353526830673,
        0.0007664430886507034
      ],
      [
        0.001685719471424818,
        -0.0022090659476816654
      ],
      [
        -0.0008254963322542608,
        0.0015465629985556006
      ],
      [
        -0.0002840806555468589,
        -0.0008080632542259991
      ],
      [
        0.0015339073725044727,
        0.0001247445761691779
      ],
      [
        -0.0007732463418506086,
        0.00025123314117081463
      ],
      [
        -0.00061821035342291,
        -0.0011934753274545074
      ],
      [
        0.0013761818408966064,
        0.0017068578163161874
      ],
      [
        -0.0006794345681555569,
        -0.0018176819430664182
      ],
      [
        0.00014945476141292602,
        0.0016020196489989758
      ],
      [
        0.00001758069447532762,
        -0.0010016646701842546
      ],
      [
        0.0006429594359360635,
        -0.0011630435474216938
      ],
      [
        -0.0006955155986361206,
        0.0023717868607491255
      ],
      [
        0.0003245511616114527,
        -0.0018012155778706074
      ],
      [
        0.0009083137847483158,
        0.0006779487594030797
      ],
      [
        -0.0011763822985813022,
        -0.0006476180860772729
      ],
      [
        0.0011972662759944797,
        -0.000436463305959478
      ],
      [
        0.000040310773329110816,
        0.0011256723664700985
      ],
      [
        -0.00008115694799926132,
        -0.0008800093200989068
      ],
      [
        -0.0002253929851576686,
        -0.0009449830395169556
      ],
      [
        0.0012673072051256895,
        0.0012657300103455782
      ],
      [
        -0.0009262291132472456,
        -0.000870515767019242
      ],
      [
        0.00016284165030810982,
        0.000022066118617658503
      ],
      [
        0.0010685179149731994,
        0.0005549403140321374
      ],
      [
        -0.0009021838777698576,
        -0.0015154993161559105
      ],
      [
        0.00027780936216004193,
        0.0004507325647864491
      ],
      [
        0.001067798351868987,
        0.0012354226782917976
      ],
      [
        -0.000998496892862022,
        -0.0017197380075231194
      ],
      [
        0.00020817050244659185,
        -0.0000841463333927095
      ],
      [
        0.0014248668448999524,
        0.0006495423149317503
      ],
      [
        -0.0018321595853194594,
        -0.0005077688838355243
      ],
      [
        0.001223933999426663,
        0.0003362129209563136
      ],
      [
        0.00019337047706358135,
        -0.0007346494821831584
      ],
      [
        -0.0006878621061332524,
        0.00010148106957785785
      ],
      [
        0.0011014912743121386,
        -0.00010125745757250115
      ],
      [
        -0.0008919890387915075,
        -0.00013528788986150175
      ],
      [
        0.0012532190885394812,
        0.0003419946297071874
      ],
      [
        -0.001153616583906114,
        -0.0011548055335879326
      ],
      [
        0.0009377339738421142,
        0.0004595849895849824
      ],
      [
        0.000208884448511526,
        0.00011844312393805012
      ],
      [
        -0.0008432880858890712,
        -0.00009379885159432888
      ],
      [
        0.0008729271939955652,
        -0.0009368718601763248
      ],
      [
        -0.00002669663808774203,
        0.0008140029385685921
      ],
      [
        -0.00032666209153831005,
        -0.0004621302941814065
      ],
      [
        0.000323995656799525,
        -0.00026799269835464656
      ],
      [
        0.0004427486564964056,
        0.0004485535901039839
      ],
      [
        -0.0007034812006168067,
        -0.0008294348954223096
      ],
      [
        0.000953914423007518,
        -0.000032766190997790545
      ],
      [
        -0.0003694500483106822,
        0.00026181727298535407
      ],
      [
        -0.000020900886738672853,
        -0.00029284850461408496
      ],
      [
        0.001085881725884974,
        -0.0006848930497653782
      ],
      [
        -0.0015760756796225905,
        0.00046862487215548754
      ],
      [
        0.0018053526291623712,
        -0.00020094784849788994
      ],
      [
        -0.0010206053266301751,
        -0.00041679959394969046
      ],
      [
        -0.00009631034481571987,
        0.00037577105103991926
      ],
      [
        0.0011035131756216288,
        -0.00017201213631778955
      ],
      [
        -0.0010048856493085623,
        -0.0005718412576243281
      ],
      [
        0.0008193154353648424,
        0.00009607973333913833
      ],
      [
        -0.00038137182127684355,
        0.0005873016198165715
      ],
      [
        0.00025933090364560485,
        -0.0012559558963403106
      ],
      [
        0.0003168987459503114,
        0.000723271572496742
      ],
      [
        -0.000522733898833394,
        -0.00038818552275188267
      ],
      [
        0.0008778406190685928,
        -0.0005060266121290624
      ],
      [
        9.140051588474307e-6,
        0.00022514366719406098
      ],
      [
        -0.0002898403618019074,
        -0.000056945591495605186
      ],
      [
        0.0004695573588833213,
        -0.000845655333250761
      ],
      [
        0.0007034417358227074,
        0.00029795619775541127
      ],
      [
        -0.0016579657094553113,
        0.00029341247864067554
      ],
      [
        0.0016211302718147635,
        -0.0005154418176971376
      ],
      [
        -0.00007268245099112391,
        0.00019170137238688767
      ],
      [
        -0.001271971152164042,
        -0.00040703327977098525
      ],
      [
        0.0016510727582499385,
        0.00008047223673202097
      ],
      [
        -0.0002483657153788954,
        -0.00015431059000547975
      ],
      [
        -0.0004054410383105278,
        -0.00007287992775673047
      ],
      [
        0.0005139381974004209,
        -0.00045362176024354994
      ],
      [
        0.00028241201653145254,
        -0.00036723254015669227
      ],
      [
        -0.0005652935360558331,
        0.0011600431753322482
      ],
      [
        0.0002494779764674604,
        -0.0013675660593435168
      ],
      [
        0.0007217909442260861,
        0.00033302762312814593
      ],
      [
        -0.0006617133039981127,
        -0.00014745847147423774
      ],
      [
        0.0003190472780261189,
        -0.0006800186820328236
      ],
      [
        0.00018514448311179876,
        0.0011214825790375471
      ],
      [
        0.00006198597839102149,
        -0.000537339597940445
      ],
      [
        -0.0005005645216442645,
        -0.0010625311406329274
      ],
      [
        0.000546412484254688,
        0.0011216610437259078
      ],
      [
        0.0007171401521191001,
        -0.0007750068325549364
      ],
      [
        -0.0011176576372236013,
        0.00033039605477824807
      ],
      [
        0.0005086844903416932,
        -0.0007139603258110583
      ],
      [
        0.0015279080253094435,
        -0.0004466560494620353
      ],
      [
        -0.002457214519381523,
        0.0007568449364043772
      ],
      [
        0.0019248133758082986,
        -0.00040203024400398135
      ],
      [
        0.0004040250787511468,
        -0.0004307759227231145
      ],
      [
        -0.0022160194348543882,
        0.0002877931692637503
      ],
      [
        0.0025916825979948044,
        -0.0009064716869033873
      ],
      [
        -0.001008501392789185,
        0.0008286841912195086
      ],
      [
        -0.0006701209349557757,
        0.00045772994053550065
      ],
      [
        0.0014332244172692299,
        -0.0021090912632644176
      ],
      [
        -0.0007146794814616442,
        0.0011673857225105166
      ],
      [
        0.00007235538942040876,
        0.00041645567398518324
      ],
      [
        0.00044004639494232833,
        -0.0010341681772843003
      ],
      [
        -0.00026592781068757176,
        0.0006412004586309195
      ],
      [
        -0.000028490161639638245,
        -0.0008721388876438141
      ],
      [
        -0.00010889171244343743,
        0.0011174482060596347
      ],
      [
        0.00012135738506913185,
        -0.0012376477243378758
      ],
      [
        0.0006370014743879437,
        0.0015952764078974724
      ],
      [
        -0.0011777769541367888,
        -0.002009209245443344
      ],
      [
        0.0014711570693179965,
        0.00048149816575460136
      ],
      [
        -0.00045021623373031616,
        0.0004570294404402375
      ],
      [
        -0.0006832489161752164,
        0.000270391145022586
      ],
      [
        0.0014427308924496174,
        -0.0020300308242440224
      ],
      [
        -0.0009057249990291893,
        0.0012837115209549665
      ],
      [
        0.00033351246383972466,
        0.00009579368634149432
      ],
      [
        0.00017580078565515578,
        -0.0011529006296768785
      ],
      [
        0.00013228737225290388,
        0.0013465603115037084
      ],
      [
        0.000219134206417948,
        -0.0020169985946267843
      ],
      [
        -0.00040522089693695307,
        0.0011176246916875243
      ],
      [
        0.001074518426321447,
        -0.0007244448061101139
      ],
      [
        -0.0008549126796424389,
        0.0010591699974611402
      ],
      [
        0.0001733460812829435,
        -0.0020302664488554
      ],
      [
        0.0012525964993983507,
        0.0014011586317792535
      ],
      [
        -0.0006523355841636658,
        -0.00046876154374331236
      ],
      [
        0.0009680135990493,
        0.0018906573532149196
      ],
      [
        -0.0002217316214228049,
        -0.0025383993051946163
      ],
      [
        -0.00012894957035314292,
        0.0015030213398858905
      ],
      [
        0.0007330399239435792,
        -0.001085752504877746
      ],
      [
        -0.0009346264414489269,
        0.0012224564561620355
      ],
      [
        0.0013764858013018966,
        -0.0017968923784792423
      ],
      [
        -0.0010288538178429008,
        0.0013442594790831208
      ],
      [
        0.000711041793692857,
        -0.0012807735474780202
      ],
      [
        0.0003699657681863755,
        0.0002691442787181586
      ],
      [
        -0.0005206457572057843,
        0.0005327747785486281
      ],
      [
        0.0006616630707867444,
        -0.0008039898821152747
      ],
      [
        -0.0005043829442001879,
        -0.0005872715264558792
      ],
      [
        0.0010083463275805116,
        0.00109657843131572
      ],
      [
        -0.0013930838322266936,
        -0.00010897954780375585
      ],
      [
        0.0013947341358289123,
        -0.0010924262460321188
      ],
      [
        -0.0004156683571636677,
        0.0007817436126060784
      ],
      [
        -0.0003675308544188738,
        -0.0003426271432545036
      ],
      [
        0.0012352234916761518,
        -0.0004671768983826041
      ],
      [
        -0.0010921236826106906,
        0.0006210049032233655
      ],
      [
        0.0013731183717027307,
        -0.0009955493733286858
      ],
      [
        -0.0010178455850109458,
        0.00009190620767185465
      ],
      [
        0.0008716813172213733,
        0.00024011179630178958
      ],
      [
        -0.0003551366680767387,
        0.00005916247027926147
      ],
      [
        -3.148494158722315e-7,
        -0.0005107618635520339
      ],
      [
        0.0002498802205082029,
        0.00017625256441533566
      ],
      [
        0.00008337954932358116,
        -0.0003115829895250499
      ],
      [
        0.0000721485776011832,
        0.0004959075595252216
      ],
      [
        -0.0004545381816569716,
        -0.00044387183152139187
      ],
      [
        0.0011327920947223902,
        -0.0004416156152728945
      ],
      [
        -0.0008364612003788352,
        0.0005387236014939845
      ],
      [
        0.0005643009790219367,
        -0.0006266510463319719
      ],
      [
        0.0002554414968471974,
        0.00006844610470579937
      ],
      [
        -0.00015199273184407502,
        -1.8893491642302251e-6
      ],
      [
        0.00028947016107849777,
        -0.0007645527366548777
      ],
      [
        0.00023813940060790628,
        0.00027262698858976364
      ],
      [
        0.000045297678298084065,
        0.00020819016208406538
      ],
      [
        -0.000019981293007731438,
        -0.0007634090143255889
      ],
      [
        0.0006538896705023944,
        -0.00038198495167307556
      ],
      [
        -0.0003675429034046829,
        0.0006897987332195044
      ],
      [
        0.0006773467757739127,
        -0.0008257281151600182
      ],
      [
        -0.0006957011064514518,
        0.00009094511187868193
      ],
      [
        0.0007973839528858662,
        0.000381043239030987
      ],
      [
        -0.00014771778660360724,
        -0.001058572088368237
      ],
      [
        -0.00007401666516670957,
        0.0006286045536398888
      ],
      [
        0.00037808981142006814,
        0.00001608127058716491
      ],
      [
        0.000026680987502913922,
        -0.0008320077904500067
      ],
      [
        0.0000500291571370326,
        0.00038208390469662845
      ],
      [
        -0.0002039029641309753,
        0.00011430450103944167
      ],
      [
        0.0009330817847512662,
        -0.0005720067420043051
      ],
      [
        -0.0009439153946004808,
        0.00023739354219287634
      ],
      [
        0.0007296143448911607,
        -0.00020036545174662024
      ],
      [
        0.00008550002530682832,
        -0.00033025152515619993
      ],
      [
        -0.00021816497610416263,
        0.00046285754069685936
      ],
      [
        0.00025589248980395496,
        -0.0005824066465720534
      ],
      [
        -0.000014362391993927304,
        0.00012276768393348902
      ],
      [
        0.00044452332076616585,
        -6.779785053367959e-6
      ],
      [
        -0.0008471626788377762,
        -0.00031962586217559874
      ],
      [
        0.0012074316618964076,
        0.0004986290587112308
      ],
      [
        -0.0008128877962008119,
        -0.0006419924320653081
      ],
      [
        0.0005928011960349977,
        -0.0001247055915882811
      ],
      [
        0.000020359697373351082,
        0.0002919434627983719
      ],
      [
        -0.00008517264359397814,
        -0.00033564402838237584
      ],
      [
        0.0006971638067625463,
        -0.000390941888326779
      ],
      [
        -0.0008897757506929338,
        0.0003958040033467114
      ],
      [
        0.0010872561251744628,
        -0.000373185146600008
      ],
      [
        -0.00035354425199329853,
        -0.0002611490781418979
      ],
      [
        -0.00006843620212748647,
        0.0003293196496088058
      ],
      [
        0.0004736133851110935,
        -0.0003014551184605807
      ],
      [
        -0.0001802152837626636,
        -0.0002992045774590224
      ],
      [
        0.00013414944987744093,
        0.00029217786504887044
      ],
      [
        -0.00008116762910503894,
        -3.2878181173146004e-6
      ],
      [
        0.000492913241032511,
        -0.0005706403753720224
      ],
      [
        -0.0002648117661010474,
        0.00016817764844745398
      ],
      [
        0.00008665304630994797,
        0.00013559767103288323
      ],
      [
        0.0004574146296363324,
        -0.0006041711894795299
      ],
      [
        -0.00006620346539421007,
        0.00024562017642892897
      ],
      [
        -0.00023987791792023927,
        -0.00010304764145985246
      ],
      [
        0.0006933879922144115,
        -0.00040211057057604194
      ],
      [
        -0.0002206176141044125,
        0.00023490165767725557
      ],
      [
        -0.00005192422395339236,
        -0.00011409370927140117
      ],
      [
        0.0002636647841427475,
        -0.0003492265532258898
      ],
      [
        0.00035960503737442195,
        0.00030590928508900106
      ],
      [
        -0.0006468576029874384,
        -0.00046378260594792664
      ],
      [
        0.000583600893151015,
        0.00023896827769931406
      ],
      [
        0.0005271765403449535,
        -0.00015077304851729423
      ],
      [
        -0.0010404243366792798,
        -0.0005660040769726038
      ],
      [
        0.0011887878645211458,
        0.0005544802406802773
      ],
      [
        -0.00030931897344999015,
        -0.0003844783641397953
      ],
      [
        -0.00012243057426530868,
        -0.0003773740027099848
      ],
      [
        0.0005147967603988945,
        0.00042691334965638816
      ],
      [
        -0.00014474219642579556,
        -0.00043048313818871975
      ],
      [
        0.00031493394635617733,
        -0.00023893843172118068
      ],
      [
        -0.00040581426583230495,
        0.00030053392401896417
      ],
      [
        0.0008863899856805801,
        -0.00022151891607791185
      ],
      [
        -0.0005173179670237005,
        -0.0004985926207154989
      ],
      [
        0.00025085522793233395,
        0.0004124098049942404
      ],
      [
        0.00028573189047165215,
        -0.00028755475068464875
      ],
      [
        0.000026953557608067058,
        -0.0002850252785719931
      ],
      [
        -0.000049921458412427455,
        0.0001344017800875008
      ],
      [
        0.00015624011575710028,
        -0.00013619269884657115
      ],
      [
        0.00044209902989678085,
        -0.00016831171524245292
      ],
      [
        -0.0005098209949210286,
        -0.00016402191249653697
      ],
      [
        0.000507120683323592,
        0.00009076315473066643
      ],
      [
        0.0001654679945204407,
        -0.000043691470636986196
      ],
      [
        -0.0005029553431086242,
        -0.00029922675457783043
      ],
      [
        0.0005055044312030077,
        0.00018742491374723613
      ],
      [
        0.0002480079128872603,
        -0.0001080031506717205
      ],
      [
        -0.0004659440310206264,
        -0.00021480188297573477
      ],
      [
        0.0004483519878704101,
        -0.00008674815762788057
      ],
      [
        0.00014758472389075905,
        0.0002469388709869236
      ],
      [
        -0.00030077589326538146,
        -0.0004252500366419554
      ],
      [
        0.0004453487927094102,
        -0.000023788488761056215
      ],
      [
        -0.00023870558652561158,
        0.00030700050410814583
      ],
      [
        0.0004927188856527209,
        -0.0005001907120458782
      ],
      [
        -0.0005965182790532708,
        0.00004270059071131982
      ],
      [
        0.0006769991596229374,
        0.00014458046643994749
      ],
      [
        -0.000018081833331962116,
        -0.00015279228682629764
      ],
      [
        -0.0004174530622549355,
        -0.0002785237447824329
      ],
      [
        0.0006897307466715574,
        0.000047204601287376136
      ],
      [
        -0.00008576611435273662,
        0.00014850781008135527
      ],
      [
        -0.00010813985136337578,
        -0.0004952921881340444
      ],
      [
        0.00009840261191129684,
        0.0001328004727838561
      ],
      [
        0.0006633792072534561,
        -0.000014881009519740473
      ],
      [
        -0.000707730243448168,
        -0.0002975568932015449
      ],
      [
        0.00034007165231741965,
        -0.00006670914444839582
      ],
      [
        0.0007509313873015344,
        0.00026171267381869256
      ],
      [
        -0.0010590709280222654,
        -0.00039100239519029856
      ]
    ],
    "schema_version": 1,
    "stage": "time_mapped_pcm_before_effects",
    "start": 768,
    "suppressed": []
  },
  "protocol": 1
}
