{
  "audio": {
    "project_id": "9285d538-981a-4b2b-a0d6-f70b27ca9f3e",
    "revision_id": "preserve-three-into-two",
    "samples": [
      [
        4.421835456014378e-6,
        -1.7763301229933859e-6
      ],
      [
        -3.5283792954032833e-7,
        -1.7289106608586735e-6
      ],
      [
        5.164073257901691e-8,
        1.7524984059491544e-6
      ],
      [
        9.556697477819398e-7,
        -3.7154313758946955e-6
      ],
      [
        2.5663027827249607e-6,
        2.444997107886593e-6
      ],
      [
        -3.432798621361144e-6,
        -3.7064608022774337e-6
      ],
      [
        5.194608093006536e-6,
        9.974079375751899e-7
      ],
      [
        -1.1485155226864663e-7,
        -1.7091757626985782e-6
      ],
      [
        -2.179205694119446e-6,
        2.049368958978448e-7
      ],
      [
        3.3761207305360585e-6,
        -1.2937084648001473e-6
      ],
      [
        5.322580136635224e-7,
        -9.420737114851363e-7
      ],
      [
        5.193477363718557e-7,
        -6.213506367203081e-7
      ],
      [
        2.832617553849559e-7,
        -9.486917065260059e-7
      ],
      [
        1.032560135172389e-6,
        7.672680339965154e-7
      ],
      [
        2.389088820109464e-7,
        -3.0785063245275524e-6
      ],
      [
        1.4285686802395503e-6,
        6.589866075046302e-7
      ],
      [
        2.483589923940599e-6,
        -1.0284593372489326e-6
      ],
      [
        -4.399917997943703e-6,
        -8.716050956536492e-7
      ],
      [
        5.825592324981699e-6,
        5.185870008972415e-7
      ],
      [
        -2.009650643230998e-6,
        -3.35679965246527e-6
      ],
      [
        2.122091927958536e-6,
        1.4856614143354818e-6
      ],
      [
        6.608895546378335e-7,
        -9.318991942564026e-7
      ],
      [
        -1.6273994560833671e-6,
        -2.0991005840187427e-6
      ],
      [
        2.885520189011004e-6,
        1.4590672208214528e-6
      ],
      [
        1.7383573549523135e-6,
        -2.477673206158215e-6
      ],
      [
        -1.278720219488605e-6,
        -1.6329740901710466e-6
      ],
      [
        -7.779080846148645e-8,
        3.2784746508696117e-6
      ],
      [
        3.412479600228835e-6,
        -3.877635663229739e-6
      ],
      [
        -2.064140971924644e-6,
        -1.7613034515306936e-6
      ],
      [
        3.348068048580899e-6,
        3.2065102004708024e-6
      ],
      [
        3.798422767431475e-7,
        -3.8112978018034482e-6
      ],
      [
        -4.619431365426863e-6,
        -2.8896165460423617e-8
      ],
      [
        8.631672244518995e-6,
        1.2738852319671423e-6
      ],
      [
        -3.4234255963383475e-6,
        -4.448642812349135e-6
      ],
      [
        2.9873294238313974e-7,
        2.5504698442091467e-6
      ],
      [
        1.5379387150460389e-6,
        -1.6607300494797528e-6
      ],
      [
        1.6730547258703155e-7,
        -7.539240982623596e-7
      ],
      [
        1.841596372287313e-6,
        -7.016362815193133e-7
      ],
      [
        -3.370971626281971e-7,
        -1.7631355149205774e-6
      ],
      [
        1.8686693010749877e-6,
        2.0464333374548005e-6
      ],
      [
        -2.7334860988048604e-6,
        -2.4122500690282322e-6
      ],
      [
        3.553508349796175e-6,
        -1.768282913872099e-6
      ],
      [
        3.47248419529933e-6,
        2.0928600861225277e-6
      ],
      [
        -6.436699550249614e-6,
        -3.4371194033155916e-6
      ],
      [
        5.922966010984965e-6,
        1.7927681028595543e-6
      ],
      [
        -1.8937513459604816e-6,
        -2.3705688363406807e-6
      ],
      [
        3.092729230047553e-6,
        5.672645215781813e-7
      ],
      [
        -7.775445283186855e-7,
        -2.7777962259278866e-6
      ],
      [
        -9.266432243748568e-7,
        2.3812553990865126e-6
      ],
      [
        3.1675906484451843e-6,
        -1.8358105080551468e-6
      ],
      [
        -8.615820661361795e-7,
        -2.6797135888045887e-6
      ],
      [
        1.4570982784789521e-6,
        2.809763373079477e-6
      ],
      [
        1.3827958582623978e-6,
        -3.5151097108609974e-6
      ],
      [
        -2.6235570658172946e-6,
        1.7033679569067317e-6
      ],
      [
        2.0628401671274332e-6,
        -2.0691968529717997e-6
      ],
      [
        4.766510755871423e-6,
        -1.029431132337777e-6
      ],
      [
        -4.45671457782737e-6,
        1.5468122001038864e-6
      ],
      [
        -4.114608884719928e-7,
        -3.696574140121811e-6
      ],
      [
        6.74430702929385e-6,
        3.0528333354595816e-6
      ],
      [
        -4.949229150952306e-6,
        -3.6098047075938666e-6
      ],
      [
        2.9597558750538155e-6,
        -6.331210897769779e-7
      ],
      [
        1.4381627124748775e-6,
        2.9307318527571624e-6
      ],
      [
        -2.6215830075670965e-6,
        -5.245408829068765e-6
      ],
      [
        2.6784525744005805e-6,
        3.2310097139998106e-6
      ],
      [
        2.521261421861709e-6,
        -3.5067439512204146e-6
      ],
      [
        -2.5550298232701607e-6,
        1.137784465754521e-6
      ],
      [
        1.0942015933324e-6,
        -2.2196059035195503e-7
      ],
      [
        1.0801564940265962e-6,
        -3.101554739259882e-6
      ],
      [
        1.7070082094505779e-6,
        3.4028314530587522e-6
      ],
      [
        -2.9355041419876216e-7,
        -5.213872100284789e-6
      ],
      [
        -7.220253905870777e-7,
        3.1090232823771657e-6
      ],
      [
        1.8604123397381045e-6,
        -1.5873429219936952e-6
      ],
      [
        1.1248354212511913e-6,
        -1.7680908968031872e-6
      ],
      [
        -5.487334533427202e-7,
        3.7033939292996365e-7
      ],
      [
        1.317012902291026e-6,
        -7.350660524707564e-8
      ],
      [
        -1.748095428411034e-7,
        -1.360394435323542e-6
      ],
      [
        8.295429552163114e-7,
        -5.542478334064072e-7
      ],
      [
        2.033330446238324e-7,
        -5.384238122019269e-8
      ],
      [
        3.169674755554297e-6,
        -6.45837644697167e-7
      ],
      [
        -3.620017423600075e-6,
        -1.6709335568521055e-6
      ],
      [
        1.949974603121518e-6,
        2.0918616883136565e-6
      ],
      [
        3.0893781968188705e-6,
        -4.057349087815965e-6
      ],
      [
        -1.9386839085200336e-6,
        2.9528346203733236e-6
      ],
      [
        -2.072482772064177e-7,
        -4.206516678095795e-6
      ],
      [
        3.5747495985560818e-6,
        3.7712907214881852e-6
      ],
      [
        -2.447715587550192e-6,
        -4.300297860027058e-6
      ],
      [
        1.3386525097303092e-6,
        4.3042075503763044e-7
      ],
      [
        3.11915437123389e-6,
        1.9506992430251557e-6
      ],
      [
        -3.6694545997306705e-6,
        -4.752399490826065e-6
      ],
      [
        2.8115641725889873e-6,
        3.1656336432206444e-6
      ],
      [
        8.798915018815023e-7,
        -2.7359330942999804e-6
      ],
      [
        -5.104524234411656e-7,
        6.622925070587371e-7
      ],
      [
        1.64249695444596e-6,
        -1.53699159000098e-6
      ],
      [
        -1.2990404911761289e-6,
        3.130201378098718e-7
      ],
      [
        2.0108579974476015e-6,
        -6.089678805665244e-8
      ],
      [
        6.042394602445711e-7,
        -3.0421897463384084e-6
      ],
      [
        -3.9018664210743736e-7,
        3.1720603601570474e-6
      ],
      [
        8.997640179586597e-7,
        -3.4351915019215085e-6
      ],
      [
        1.2582555655171745e-6,
        5.109326934871206e-7
      ],
      [
        -1.911037543322891e-6,
        2.1200924038566882e-7
      ],
      [
        3.6249246022634907e-6,
        -2.5201570679200813e-6
      ],
      [
        -1.231076396379649e-7,
        2.517897200959851e-6
      ],
      [
        -2.6326081297156634e-6,
        -3.7627676192641957e-6
      ],
      [
        4.0488944250682835e-6,
        1.5001406836745446e-6
      ],
      [
        -9.574953274693598e-9,
        -1.4597397957061276e-8
      ],
      [
        -1.7899636759466375e-6,
        -3.052450892937486e-6
      ],
      [
        3.574035190467839e-6,
        2.210890443166136e-6
      ],
      [
        -1.6692648614480277e-6,
        -1.3183440614739084e-6
      ],
      [
        -1.9599201550590806e-7,
        -1.8614182408782654e-6
      ],
      [
        3.822455710178474e-6,
        1.6584543800490792e-6
      ],
      [
        -2.33342029787309e-6,
        -1.455331243960245e-6
      ],
      [
        9.809440371100209e-7,
        -1.011606059364567e-6
      ],
      [
        3.4420148153913033e-7,
        -2.9757714514744293e-8
      ],
      [
        1.748089289321797e-6,
        4.774906301463488e-7
      ],
      [
        -5.730718726226769e-7,
        -2.6102100036951015e-6
      ],
      [
        9.661815738581936e-7,
        1.8341161194257438e-6
      ],
      [
        -8.06432410627167e-7,
        -2.6244481432513567e-6
      ],
      [
        2.0310590116423555e-6,
        1.7038164514815435e-6
      ],
      [
        1.1359873752780913e-7,
        -2.620314035084448e-6
      ],
      [
        3.4865686870944046e-7,
        1.1989654922217596e-6
      ],
      [
        1.675973635428818e-7,
        -9.439210657546937e-7
      ],
      [
        1.537685818675527e-7,
        -1.7401968079866492e-6
      ],
      [
        1.0353268180551822e-6,
        2.1346870653360384e-6
      ],
      [
        1.781260039024346e-6,
        -2.9060279302939307e-6
      ],
      [
        -1.717615873531031e-6,
        8.489366223329853e-7
      ],
      [
        -3.191620407960727e-7,
        -9.646873877500184e-7
      ],
      [
        4.189028004475404e-6,
        8.238146165240323e-8
      ],
      [
        -3.1836027574172476e-6,
        -1.185291125693766e-6
      ],
      [
        3.1387005492433673e-6,
        9.749965101946145e-7
      ],
      [
        -2.452690068821539e-6,
        -2.7917192255699774e-6
      ],
      [
        3.077934707107488e-6,
        2.020493184318184e-6
      ],
      [
        -1.0523522178118583e-6,
        -2.146418410120532e-6
      ],
      [
        2.0976842733944068e-6,
        1.0778077808026865e-7
      ],
      [
        -1.1226389915464097e-6,
        -3.0298619435598084e-7
      ],
      [
        3.6262895264371764e-7,
        -7.165563147282228e-7
      ],
      [
        6.908579734954401e-7,
        -1.120943238674954e-6
      ],
      [
        2.703711516005569e-6,
        2.1648577330779517e-6
      ],
      [
        -2.310139279870782e-6,
        -4.247540800861316e-6
      ],
      [
        1.0298381170059656e-7,
        2.281048182339873e-6
      ],
      [
        2.2608323888562154e-6,
        -8.314523256558459e-7
      ],
      [
        1.1064304317187634e-6,
        -1.446772785129724e-6
      ],
      [
        -2.663138047864777e-6,
        2.7596857421485765e-7
      ],
      [
        3.4594195312820375e-6,
        2.1173258346607327e-7
      ],
      [
        -1.2147440884291427e-6,
        -2.228644007118419e-6
      ],
      [
        -4.83337771584047e-7,
        7.282414458131825e-7
      ],
      [
        4.158828687650384e-6,
        1.136404989665607e-6
      ],
      [
        -2.7669168503052788e-6,
        -4.31253874921822e-6
      ],
      [
        -1.3539722942823573e-7,
        2.9411046398308827e-6
      ],
      [
        2.463924374751514e-6,
        -1.2753855571645545e-6
      ],
      [
        3.8085448750280193e-7,
        -1.6267449609586038e-6
      ],
      [
        4.092487699836056e-7,
        1.487097620156419e-6
      ],
      [
        -2.7610660708887735e-6,
        -2.516649601602694e-6
      ],
      [
        5.394085292209638e-6,
        1.722794536362926e-6
      ],
      [
        -2.9587656626972603e-6,
        -2.527526021367521e-6
      ],
      [
        1.1796508943007211e-6,
        1.40886197641521e-6
      ],
      [
        2.1091680082463427e-6,
        -1.0299008863512427e-6
      ],
      [
        -2.9476364034053404e-6,
        -1.8585395764603163e-6
      ],
      [
        2.7878011223947397e-6,
        2.0783525087608723e-6
      ],
      [
        5.00660917168716e-7,
        -1.8358387023909017e-6
      ],
      [
        4.2189910232082184e-7,
        -4.700309546024073e-7
      ],
      [
        -1.7628482282816549e-6,
        -1.614452429521407e-7
      ],
      [
        2.097782271448523e-6,
        -2.42642471448562e-7
      ],
      [
        1.8306587890037918e-6,
        -3.166779833918554e-7
      ],
      [
        -2.362988425375079e-6,
        -1.0440771802677773e-6
      ],
      [
        1.9943524875998264e-6,
        3.191573796357261e-7
      ],
      [
        -3.494424163363874e-7,
        -7.96202016317693e-7
      ],
      [
        1.3066662631899817e-6,
        -3.9320548239629716e-7
      ],
      [
        -8.75069872563472e-7,
        -3.6456773955251265e-7
      ],
      [
        2.477126372468774e-6,
        2.4332126713488833e-7
      ],
      [
        -2.0100562778679887e-6,
        -1.4956921177144977e-6
      ],
      [
        7.890989763836842e-7,
        -4.5010290250502294e-7
      ],
      [
        2.6664956749300472e-6,
        1.630485598980158e-6
      ],
      [
        -1.9223496110498672e-6,
        -2.4887933705031173e-6
      ],
      [
        1.0211778089797008e-6,
        -6.830177312622254e-7
      ],
      [
        -6.12513204600873e-8,
        2.3366662844637176e-6
      ],
      [
        1.7487853938291664e-6,
        -3.5381010548007907e-6
      ],
      [
        -4.918695708511223e-7,
        1.566689093124296e-6
      ],
      [
        -5.616684575215913e-7,
        -1.0885322581088985e-6
      ],
      [
        3.0821577183814952e-6,
        1.0145396345251356e-7
      ],
      [
        -3.406765927138622e-6,
        -1.4246506907511503e-6
      ],
      [
        3.586448883652338e-6,
        6.216646397660952e-7
      ],
      [
        -2.6229871608052235e-8,
        -2.500463480714643e-8
      ],
      [
        -2.0375539406813914e-6,
        -2.0734771624120185e-6
      ],
      [
        3.066607405344257e-6,
        1.3415381090453593e-6
      ],
      [
        -9.355293855151103e-7,
        -1.6768689192758757e-6
      ],
      [
        8.214144031626347e-7,
        1.3883274050385808e-6
      ],
      [
        2.252530180157919e-7,
        -2.5852118596958462e-6
      ],
      [
        -4.5490065048170436e-8,
        6.650384420936462e-7
      ],
      [
        1.2590249980348744e-6,
        1.1241397714911727e-6
      ],
      [
        -7.669144679312012e-7,
        -3.514756599543034e-6
      ],
      [
        1.6661684867358417e-6,
        1.876546889434394e-6
      ],
      [
        -5.985165216770838e-7,
        1.780162932618623e-7
      ],
      [
        4.548610093024763e-7,
        -2.4212258722400293e-6
      ],
      [
        4.0803723777571577e-7,
        -4.292024584628962e-7
      ],
      [
        1.0393811180620105e-6,
        3.5452567317406647e-6
      ],
      [
        -3.183390617778059e-7,
        -5.155713552085217e-6
      ],
      [
        -2.995611509959417e-7,
        1.0513243751120172e-6
      ],
      [
        2.183733386118547e-6,
        2.4002299596759258e-6
      ],
      [
        -1.3327072565516573e-6,
        -4.352750238467706e-6
      ],
      [
        7.698715762671782e-7,
        1.8725044128586887e-6
      ],
      [
        1.5426115851369104e-6,
        -2.368813056818908e-7
      ],
      [
        -1.6643704157104366e-6,
        -1.0931969427474542e-6
      ],
      [
        1.727710241539171e-6,
        -5.495790560416935e-7
      ],
      [
        -4.0981532833939127e-7,
        3.749791588347762e-9
      ],
      [
        2.054777951343567e-6,
        1.2614141269295942e-6
      ],
      [
        -2.4220062186941504e-6,
        -3.628891136031598e-6
      ],
      [
        1.6329926211255952e-6,
        1.6437181784567656e-6
      ],
      [
        2.429673031656421e-6,
        5.36883533186483e-7
      ],
      [
        -3.975983872805955e-6,
        -2.25162148126401e-6
      ],
      [
        3.9980704968911596e-6,
        3.613172907535045e-7
      ],
      [
        -3.712000875566446e-7,
        2.4897738626350474e-7
      ],
      [
        -2.2524025098391576e-6,
        -9.418895956514461e-7
      ],
      [
        3.936404482374201e-6,
        -5.879064701730385e-7
      ],
      [
        -1.5179163028733456e-6,
        4.569384373098728e-7
      ],
      [
        5.767387847299688e-7,
        1.0078930579027201e-8
      ],
      [
        -7.48405909689609e-7,
        -2.745190386121976e-6
      ],
      [
        2.4791870600893162e-6,
        2.236972477476229e-6
      ],
      [
        -5.115259682497708e-7,
        -3.0138656370581884e-7
      ],
      [
        -1.2716377568722237e-6,
        -2.2851306766824564e-6
      ],
      [
        2.8266163099033292e-6,
        4.763729464229982e-7
      ],
      [
        -1.3698216889679315e-6,
        9.471580710851413e-7
      ],
      [
        5.942409302406304e-7,
        -1.7228744582098443e-6
      ],
      [
        1.0870257938222494e-6,
        -3.25161863656831e-7
      ],
      [
        -1.09092304967362e-7,
        9.924152664098074e-7
      ],
      [
        -6.195098762873386e-7,
        -1.938287141456385e-6
      ],
      [
        1.1541490039235214e-6,
        2.0502511688391678e-7
      ],
      [
        1.6444192851849948e-6,
        7.526547847191978e-7
      ],
      [
        -2.3848097043810412e-6,
        -1.1643361403912422e-6
      ],
      [
        1.990541704799398e-6,
        -1.2583016086864518e-6
      ],
      [
        -3.1948948731042037e-7,
        7.67791334510548e-7
      ],
      [
        1.4119318620942067e-6,
        9.641941005611443e-7
      ],
      [
        -1.1537182444953942e-6,
        -3.1914428291202057e-6
      ],
      [
        8.757127147873689e-7,
        1.7285495914620697e-6
      ],
      [
        8.449765118712094e-7,
        -8.198962291317002e-7
      ],
      [
        -9.789664545678534e-7,
        -7.475620691366203e-7
      ],
      [
        1.9699398308148375e-6,
        8.731053071642236e-7
      ],
      [
        -8.662623827149218e-7,
        -1.4898159861331806e-6
      ],
      [
        4.261735284671886e-7,
        1.165741778663687e-7
      ],
      [
        7.320951311839963e-8,
        -5.65085940706922e-7
      ],
      [
        1.2133494919908117e-6,
        2.9515351229747466e-7
      ],
      [
        5.290309559313755e-7,
        3.3202869076376373e-7
      ],
      [
        -2.4422658952971688e-6,
        -2.9171503683755873e-6
      ],
      [
        3.5425289297563722e-6,
        1.9949891338910675e-6
      ],
      [
        -1.0401267900306266e-6,
        -1.2217263645197818e-7
      ],
      [
        1.3254040709398396e-7,
        -1.8667004724193248e-6
      ],
      [
        1.6661111601479206e-7,
        8.565886560063518e-7
      ],
      [
        1.2216759159855428e-6,
        -4.0070332829600375e-7
      ],
      [
        -1.0064085245176102e-6,
        -1.66774634635658e-6
      ],
      [
        9.519292802906421e-7,
        2.380387513767346e-6
      ],
      [
        1.4061861293157563e-6,
        -1.8744384533420089e-6
      ],
      [
        -2.264649765493232e-6,
        -1.5461690736628952e-6
      ],
      [
        1.9139963569614338e-6,
        2.229330448244582e-6
      ],
      [
        6.309422815320431e-7,
        -1.7560258811499807e-6
      ],
      [
        -2.98400408382804e-7,
        1.0495249824771236e-7
      ],
      [
        -2.680123145637481e-7,
        1.713315356255407e-7
      ],
      [
        6.28299687832623e-7,
        -2.0094532828807132e-6
      ]
    ],
    "schema_version": 1,
    "stage": "time_mapped_pcm_before_effects",
    "start": 2816,
    "suppressed": []
  },
  "protocol": 1
}
