{
  "audio": {
    "project_id": "9285d538-981a-4b2b-a0d6-f70b27ca9f3e",
    "revision_id": "preserve-three-into-two",
    "samples": [
      [
        0.002042548032477498,
        0.0017332910792902112
      ],
      [
        -0.0071319337002933025,
        -0.0009487440693192184
      ],
      [
        0.0026275443378835917,
        -0.0001189199902000837
      ],
      [
        0.0049003963358700275,
        0.0004492579901125282
      ],
      [
        -0.006721246521919966,
        0.0034654997289180756
      ],
      [
        -0.0006230724975466728,
        -0.0021806620061397552
      ],
      [
        0.007316231727600098,
        -0.004662563558667898
      ],
      [
        -0.005465622991323471,
        0.0067675975151360035
      ],
      [
        -0.006004422437399626,
        -0.0023708536755293608
      ],
      [
        0.016160814091563225,
        0.0016071127029135823
      ],
      [
        -0.01482356246560812,
        -0.005779836792498827
      ],
      [
        0.0034174334723502398,
        0.003666215343400836
      ],
      [
        0.011561018414795399,
        0.001985215814784169
      ],
      [
        -0.015384387224912643,
        -0.004486838821321726
      ],
      [
        0.01029928307980299,
        0.002944002626463771
      ],
      [
        -0.005656762979924679,
        -0.0003090868704020977
      ],
      [
        0.0031803695019334555,
        -0.0008082562126219273
      ],
      [
        -0.0015400743577629328,
        -0.0008231954998336732
      ],
      [
        -0.0007615424110554159,
        0.004187383688986301
      ],
      [
        0.009130150079727173,
        -0.010127123445272446
      ],
      [
        -0.013413230888545513,
        0.004810223821550608
      ],
      [
        0.012982373125851154,
        0.005669569130986929
      ],
      [
        -0.006819428410381079,
        -0.011535569094121456
      ],
      [
        -0.0013399760937318206,
        0.009553921408951283
      ],
      [
        0.005806070286780596,
        -0.0034134199377149343
      ],
      [
        -0.006573050748556852,
        -0.002422395860776305
      ],
      [
        0.004455613903701305,
        0.0035481436643749475
      ],
      [
        -0.0034330168273299932,
        -0.002212485997006297
      ],
      [
        0.0015580408507958055,
        0.00010440641199238598
      ],
      [
        -0.0012628280092030764,
        0.0017424114048480988
      ],
      [
        0.00019785539188887924,
        -0.001650290098041296
      ],
      [
        0.0018719352083280683,
        -0.0007822241168469191
      ],
      [
        -0.0026404017116874456,
        0.002457842929288745
      ],
      [
        0.0017787368269637227,
        -0.0024592892732471228
      ],
      [
        -0.0012198936892673373,
        -0.0005487944581545889
      ],
      [
        0.0006500252638943493,
        -0.00011707816156558692
      ],
      [
        0.001430852455087006,
        -0.0012501837918534875
      ],
      [
        -0.0026685104239732027,
        0.0017477149376645684
      ],
      [
        0.0012392655480653048,
        -0.0005720253684557974
      ],
      [
        0.0012506881030276418,
        -0.0002451743057463318
      ],
      [
        -0.005868492182344198,
        -0.0009414238738827407
      ],
      [
        0.009543792344629765,
        0.0031204482074826956
      ],
      [
        -0.004946570843458176,
        -0.0020217099227011204
      ],
      [
        -0.003607935970649123,
        -0.003107778960838914
      ],
      [
        0.010541471652686596,
        0.0029143798165023327
      ],
      [
        -0.007044697180390358,
        -0.0010332303354516625
      ],
      [
        -0.0014036615611985326,
        -0.0008892712066881359
      ],
      [
        0.00836675614118576,
        0.0007562904502265155
      ],
      [
        -0.005993594881147146,
        -0.004170028492808342
      ],
      [
        -0.0013968214625492692,
        0.0031724805012345314
      ],
      [
        0.006531857885420322,
        0.00243741343729198
      ],
      [
        -0.003534990595653653,
        -0.004471279215067625
      ],
      [
        -0.0019222247647121549,
        -0.0006183264777064323
      ],
      [
        0.0010729830246418715,
        0.003397938795387745
      ],
      [
        0.00422229478135705,
        -0.00010168502922169864
      ],
      [
        -0.006635699886828661,
        -0.0011329787084832788
      ],
      [
        0.0013847629306837916,
        -0.0023789445403963327
      ],
      [
        0.009681706316769123,
        -0.0005204384797252715
      ],
      [
        -0.013074287213385105,
        0.0019096332835033536
      ],
      [
        0.006778921466320753,
        0.0014110375195741653
      ],
      [
        0.0036732035223394632,
        -0.00307620782405138
      ],
      [
        -0.00751296803355217,
        -0.0018282439559698105
      ],
      [
        0.0036433739587664604,
        0.0013138479553163052
      ],
      [
        0.0038451729342341423,
        0.002658426994457841
      ],
      [
        -0.0042265914380550385,
        -0.0025922830682247877
      ],
      [
        0.0005118668777868152,
        -0.006736500654369593
      ],
      [
        0.00315956212580204,
        0.005815301556140184
      ],
      [
        -0.0018437569960951805,
        0.002844080328941345
      ],
      [
        -0.0006810579216107726,
        -0.007875356823205948
      ],
      [
        0.0013765076873824,
        0.0032641547732055187
      ],
      [
        0.002229651203379035,
        -0.0013739303685724735
      ],
      [
        -0.004209283739328384,
        -0.0028176866471767426
      ],
      [
        0.006522759795188904,
        0.004854006227105856
      ],
      [
        -0.0015961354365572333,
        -0.004757037851959467
      ],
      [
        -0.0018829377368092537,
        -0.006482821889221668
      ],
      [
        0.003514748765155673,
        0.006986259948462248
      ],
      [
        -0.003919953480362892,
        -0.0005402161623351276
      ],
      [
        0.0050818645395338535,
        -0.0015707382699474692
      ],
      [
        -0.005840728525072336,
        -0.0036352956667542458
      ],
      [
        0.004875617567449808,
        -0.0013082516379654408
      ],
      [
        -0.000148072955198586,
        0.007911675609648228
      ],
      [
        -0.003037160262465477,
        -0.007678177673369646
      ],
      [
        0.0025826599448919296,
        -0.0010543117532506585
      ],
      [
        0.0013871357077732682,
        0.0027520363219082355
      ],
      [
        -0.0032572115305811167,
        -0.003585554426535964
      ],
      [
        0.0009351358166895807,
        0.005089934915304184
      ],
      [
        0.0064938850700855255,
        -0.0037170015275478363
      ],
      [
        -0.007486104965209961,
        -0.0030600179452449083
      ],
      [
        0.005062129348516464,
        0.0005742449429817498
      ],
      [
        0.0004616423975676298,
        0.0043325540609657764
      ],
      [
        -0.0015374979702755809,
        0.0006395686068572104
      ],
      [
        -0.0011979879345744848,
        -0.00659450376406312
      ],
      [
        0.0009516467689536512,
        0.0022845978382974863
      ],
      [
        0.002725013764575124,
        0.005553690250962973
      ],
      [
        -0.0065261987037956715,
        -0.006488848477602005
      ],
      [
        0.009339945390820503,
        -0.0009691387531347573
      ],
      [
        -0.0038166167214512825,
        0.0033365131821483374
      ],
      [
        -0.0006294535705819726,
        -0.003929107449948788
      ],
      [
        0.0036528680939227343,
        0.003983746748417616
      ],
      [
        0.0006564473733305931,
        -0.0005896961665712297
      ],
      [
        -0.0037754708901047707,
        -0.005799717735499144
      ],
      [
        0.0027478584088385105,
        0.00275839283131063
      ],
      [
        0.001202023820951581,
        0.0007806539651937783
      ],
      [
        -0.003795369528234005,
        0.0009075090638361871
      ],
      [
        0.006778220180422068,
        -0.006221954245120287
      ],
      [
        -0.007880891673266888,
        0.001473988639190793
      ],
      [
        0.007817150093615055,
        0.005646189674735069
      ],
      [
        -0.0016977177001535892,
        -0.006512673571705818
      ],
      [
        -0.005296897143125534,
        -0.0006845861207693815
      ],
      [
        0.011920155957341194,
        0.0022767262998968363
      ],
      [
        -0.008007843978703022,
        -0.005037651862949133
      ],
      [
        -0.0002815795596688986,
        0.0018285992555320263
      ],
      [
        0.0044085062108933926,
        0.0034500432666391134
      ],
      [
        -0.0018609693506732583,
        -0.007466758135706186
      ],
      [
        -0.004608807619661093,
        0.0014297142624855042
      ],
      [
        0.009512627497315407,
        0.005943127442151308
      ],
      [
        -0.0019770620856434107,
        -0.005336086731404066
      ],
      [
        -0.00496366061270237,
        -0.000995524926111102
      ],
      [
        0.010083380155265331,
        -0.0004949475405737758
      ],
      [
        -0.00605225283652544,
        0.0012412865180522203
      ],
      [
        -0.0004904584493488073,
        -0.0013780179433524609
      ],
      [
        0.00445087905973196,
        -0.0012272484600543976
      ],
      [
        -0.0033204066567122936,
        0.0013664616271853447
      ],
      [
        0.001187109504826367,
        -0.0013828937662765384
      ],
      [
        0.0005785318790003657,
        0.0006979316822253168
      ],
      [
        0.0032665524631738663,
        0.001196176977828145
      ],
      [
        -0.0015372812049463391,
        -0.0025270150508731604
      ]
    ],
    "schema_version": 1,
    "stage": "time_mapped_pcm_before_effects",
    "start": 347,
    "suppressed": []
  },
  "protocol": 1
}
