{
  "audio": {
    "project_id": "9285d538-981a-4b2b-a0d6-f70b27ca9f3e",
    "revision_id": "preserve-three-into-two",
    "samples": [
      [
        0.000044056771002942696,
        -6.967095487198094e-6
      ],
      [
        -0.000023140893972595222,
        -0.000022021611584932543
      ],
      [
        0.00001013906512525864,
        -0.000046304314309963956
      ],
      [
        0.0000512979349878151,
        0.0000677115167491138
      ],
      [
        -0.00002916290941357147,
        -0.0000381628233299125
      ],
      [
        0.000022696805899613537,
        -0.00007073958840919659
      ],
      [
        0.000018240378267364576,
        0.00005571736255660653
      ],
      [
        1.0432318049424794e-6,
        -0.000022901811462361366
      ],
      [
        8.869080375006888e-6,
        -0.00003149573240079917
      ],
      [
        0.00003720111271832138,
        0.0000252686113526579
      ],
      [
        -0.000030568997317459434,
        -0.000057515633670846
      ],
      [
        0.00003166042370139621,
        7.972922503540758e-6
      ],
      [
        0.00002109806337102782,
        9.366844096803106e-6
      ],
      [
        -9.657013606556575e-7,
        -0.000012305618838581722
      ],
      [
        8.101754247036297e-6,
        -0.00005090939157526009
      ],
      [
        0.00001961949237738736,
        3.8811676859040745e-6
      ],
      [
        -6.0960483097005635e-6,
        0.000028079475669073872
      ],
      [
        0.000038507601857418194,
        -0.000029174470910220407
      ],
      [
        -0.000015086541679920629,
        -0.00004854882718063891
      ],
      [
        0.00003132491110591218,
        0.0000285683690890437
      ],
      [
        -0.000014477317563432734,
        -0.000022211612304090522
      ],
      [
        0.00003421037763473578,
        -6.556520474987337e-6
      ],
      [
        0.000013925797247793525,
        -6.396334811142879e-6
      ],
      [
        -0.000018166902009397745,
        -0.00002708417559915688
      ],
      [
        0.00004041435386170633,
        -0.000017176191249745898
      ],
      [
        -8.839618203637656e-6,
        0.000022297130271908827
      ],
      [
        0.000016090256394818425,
        -9.49692457652418e-6
      ],
      [
        0.00003037494570889976,
        -0.00004964535764884204
      ],
      [
        -0.00003308632949483581,
        -6.92524872647482e-6
      ],
      [
        0.00004999654629500583,
        0.000042061008571181446
      ],
      [
        -0.000011355245987942908,
        -0.00005474134013638832
      ],
      [
        0.00003439448482822627,
        -3.0797400540905073e-6
      ],
      [
        -0.0000266887727775611,
        -0.000014955540791561361
      ],
      [
        0.0000504603267472703,
        6.071640655136434e-6
      ],
      [
        -0.000023552835045848042,
        -0.00002550705903558992
      ],
      [
        0.000029222241209936328,
        4.914605142403161e-6
      ],
      [
        0.000025059884137590416,
        -0.00001674878876656294
      ],
      [
        -0.00003969850513385609,
        -0.00003632742664194666
      ],
      [
        0.00005727812822442502,
        0.00003079322414123453
      ],
      [
        -5.572889222094091e-6,
        -0.000011458156222943217
      ],
      [
        8.09659559308784e-6,
        -0.00004727928535430692
      ],
      [
        0.000014597627341572661,
        6.5575495682423934e-6
      ],
      [
        -1.8560773469289416e-6,
        8.99455881153699e-6
      ],
      [
        0.000031085332011571154,
        -0.000024181892513297498
      ],
      [
        -0.000013115492947690655,
        -0.000019450997569947504
      ],
      [
        0.00003931966421077959,
        8.43895486468682e-6
      ],
      [
        -0.0000292097101919353,
        -0.000029917362553533167
      ],
      [
        0.00004474729939829558,
        0.000010280752576363739
      ],
      [
        -6.887931249366375e-6,
        -0.000030273402444436215
      ],
      [
        0.00002101440077240113,
        0.00001743678694765549
      ],
      [
        3.666461338980298e-7,
        -0.00004852227357332595
      ],
      [
        5.197099198994692e-6,
        0.00001245982730324613
      ],
      [
        0.000028876565920654684,
        0.000013884379768569488
      ],
      [
        -5.668562153005041e-6,
        -0.00006257087079575285
      ],
      [
        0.00001824255559768062,
        0.000026614121452439576
      ],
      [
        8.429711897406378e-7,
        -9.413049156137276e-6
      ],
      [
        8.68408187670866e-6,
        -0.00003342442505527288
      ],
      [
        0.00003880948497680947,
        0.000015619674741174094
      ],
      [
        -0.0000417949486291036,
        -0.000025128763809334487
      ],
      [
        0.00006154056609375402,
        1.8183636711910367e-6
      ],
      [
        -0.00002154205139959231,
        -0.000033087148040067405
      ],
      [
        0.000013210461474955082,
        0.00002096982098009903
      ],
      [
        0.000025849300072877668,
        -0.000030338635042426176
      ],
      [
        2.381940930717974e-6,
        -4.339627139415825e-6
      ],
      [
        -6.0705265241267625e-6,
        -3.954033218178665e-6
      ],
      [
        0.00002415336166450288,
        -0.000028596854463103227
      ],
      [
        0.000032370044209528714,
        0.000015409581465064548
      ],
      [
        -0.00004306751361582428,
        -0.00002136687544407323
      ],
      [
        0.00004333769538789056,
        -0.000012928420801472384
      ],
      [
        0.000030844530556350946,
        -6.272281893870968e-7
      ],
      [
        -0.00005626750134979375,
        -0.00003061859752051532
      ],
      [
        0.00007802068284945562,
        0.000026738840460893698
      ],
      [
        -0.00002266017509100493,
        -0.00003544637365848757
      ]
    ],
    "schema_version": 1,
    "stage": "time_mapped_pcm_before_effects",
    "start": 1897,
    "suppressed": []
  },
  "protocol": 1
}
