{
  "audio": {
    "project_id": "9285d538-981a-4b2b-a0d6-f70b27ca9f3e",
    "revision_id": "preserve-three-into-two",
    "samples": [
      [
        0.0007418023888021708,
        -0.00020916364155709743
      ],
      [
        0.00021149218082427979,
        0.00043391986400820315
      ],
      [
        -0.00047973834443837404,
        -0.0002454925561323762
      ],
      [
        0.0002490192127879709,
        -0.00035404509981162846
      ],
      [
        0.0004652656789403409,
        0.00027526760823093355
      ],
      [
        -0.0005640552844852209,
        -0.000020288449377403595
      ],
      [
        0.0005193144315853715,
        -0.0004785700293723494
      ],
      [
        -0.00001913707092171535,
        0.00034451918327249587
      ],
      [
        0.00002074766052828636,
        -0.0001911096042022109
      ],
      [
        0.00011523937428137287,
        -0.0003797673271037638
      ],
      [
        -0.000017548542018630542,
        0.00037060954491607845
      ],
      [
        0.00035145963192917407,
        -0.0002682417107280344
      ],
      [
        -0.0003202763036824763,
        -0.00006817231042077765
      ],
      [
        0.00038157677045091987,
        -0.00021300994558259845
      ],
      [
        -0.000010584709343675058,
        0.00005149371281731874
      ],
      [
        0.00014955618826206774,
        0.000050844086217693985
      ],
      [
        0.000025917006496456452,
        -0.0004187151789665222
      ],
      [
        0.00008400761726079509,
        -0.00001281605818803655
      ],
      [
        0.0002758233167696744,
        0.0001487218396505341
      ],
      [
        -0.0003000610740855336,
        -0.0002745349775068462
      ],
      [
        0.0005898084491491318,
        -0.00021221826318651438
      ],
      [
        -0.0003548744134604931,
        0.00016199093079194427
      ],
      [
        0.0006760095129720867,
        -0.0003853161178994924
      ],
      [
        -0.0006146767409518361,
        -0.00010440858022775501
      ],
      [
        0.0005393982282839715,
        0.00035210061469115317
      ],
      [
        0.00032460823422297835,
        -0.00040574921877123415
      ],
      [
        -0.0008850497542880476,
        -0.000317469792207703
      ],
      [
        0.0011086115846410394,
        0.00039318122435361147
      ],
      [
        -0.00025345085305161774,
        -0.00010215919610345736
      ],
      [
        -0.0004383629420772195,
        -0.0005161847802810371
      ],
      [
        0.0007289683562703431,
        0.00039749863208271563
      ],
      [
        0.00005897961091250181,
        -0.00031014083651825786
      ],
      [
        -0.0006004210445098579,
        -0.00008733463619137183
      ],
      [
        0.0006957785808481276,
        0.00019823090406134725
      ],
      [
        0.00012524380872491747,
        -0.0004286874318495393
      ],
      [
        -0.0005245529464446008,
        0.00015832313511054963
      ],
      [
        0.0006390938651748002,
        -0.00021963812469039112
      ],
      [
        -0.00013729541387874633,
        -0.000038027792470529675
      ],
      [
        0.00036321664811111987,
        0.00009158725151792169
      ],
      [
        -0.000573721423279494,
        -0.0005823898245580494
      ],
      [
        0.0008042645058594644,
        0.00032556746737100184
      ],
      [
        -0.00013327579654287547,
        0.00014451169408857822
      ],
      [
        -0.0005606237682513893,
        -0.0006574994185939431
      ],
      [
        0.0010939663043245673,
        0.00022796167468186468
      ],
      [
        -0.0004379123274702579,
        0.00011640969751169905
      ],
      [
        -0.0002839979133568704,
        -0.0005452434998005629
      ],
      [
        0.0007547617424279451,
        0.00036449675098992884
      ],
      [
        -0.00020805478561669588,
        -0.0001771472889231518
      ],
      [
        -0.00023116178635973483,
        -0.00027824006974697113
      ],
      [
        0.0004969750880263746,
        0.00008375447214348242
      ],
      [
        -0.00006681842933176085,
        0.00006694440526189283
      ],
      [
        -0.00007134883344406262,
        -0.0001807401276892051
      ],
      [
        0.00013863797357771546,
        -0.00030533253448083997
      ],
      [
        0.0002383325481787324,
        0.000319559097988531
      ],
      [
        -0.0001560953096486628,
        -0.00014809823187533766
      ],
      [
        -0.00009032862726598978,
        -0.00025398036814294755
      ],
      [
        0.000580274558160454,
        0.00016254997171927243
      ],
      [
        -0.0005547782639041543,
        -0.00006713732000207528
      ],
      [
        0.0004332838288974017,
        -0.00016623784904368222
      ],
      [
        -0.00018585716316010803,
        0.000013557971215050202
      ],
      [
        0.00039125324110500515,
        0.000050068301788996905
      ],
      [
        -0.0002940002887044102,
        -0.0003139956679660827
      ],
      [
        0.00016033848805818707,
        0.000037094683648319915
      ],
      [
        0.0005532572395168245,
        -0.00003925635610357858
      ],
      [
        -0.0008845140691846609,
        0.00005103326475364156
      ],
      [
        0.0009267648565582931,
        -0.0004484838282223791
      ],
      [
        -0.00023731008695904166,
        0.00025683711282908916
      ],
      [
        -0.00023878195497673005,
        0.00012334830535110086
      ],
      [
        0.0005406281561590731,
        -0.0006896305712871253
      ],
      [
        -0.000212637081858702,
        0.00043405385804362595
      ],
      [
        0.0001589307503309101,
        0.000014329842088045552
      ],
      [
        -0.00010397134610684589,
        -0.0006165727972984314
      ],
      [
        0.0003628998820204288,
        0.0004925651592202485
      ],
      [
        -0.0002297259052284062,
        -0.0001877197064459324
      ],
      [
        0.00013957721239421517,
        -0.000385980965802446
      ],
      [
        0.00023105298168957233,
        0.0003021930460818112
      ],
      [
        -0.00008247287769336253,
        -0.00018179896869696677
      ],
      [
        -0.00014814363385085016,
        -0.00011802886729128659
      ],
      [
        0.0006120578036643565,
        -0.0001000341508188285
      ],
      [
        -0.0003795701777562499,
        0.000020655272237490863
      ],
      [
        -0.00001772345603967551,
        0.00008461130346404389
      ],
      [
        0.0005766208632849157,
        -0.0004497980698943138
      ],
      [
        -0.0005614403053186834,
        0.0003259780933149159
      ],
      [
        0.0003048618964385241,
        -0.00011628559877863154
      ],
      [
        0.0003219647041987628,
        -0.00023532328486908227
      ],
      [
        -0.00032520006061531603,
        -0.00012915184197481722
      ],
      [
        0.0001612321357242763,
        0.00028867481159977615
      ],
      [
        0.00033242657082155347,
        -0.0003502572071738541
      ],
      [
        -0.00033278713817708194,
        -0.00015347919543273747
      ],
      [
        0.0001714539685053751,
        0.0004402420890983194
      ],
      [
        0.0003908202052116394,
        -0.0005943772266618907
      ],
      [
        -0.0005241400212980807,
        3.4951222005474847e-7
      ],
      [
        0.0005216800491325557,
        0.00035096044302918017
      ],
      [
        -0.00005140719440532848,
        -0.00034806132316589355
      ],
      [
        -0.00015806560986675322,
        -0.00027133538969792426
      ],
      [
        0.00029512576293200254,
        0.00028630049200728536
      ],
      [
        0.00011949065810767934,
        -6.721059889969183e-6
      ],
      [
        -0.0003084650088567287,
        -0.0005556547548621893
      ],
      [
        0.0005379537469707429,
        0.00038557304651476443
      ],
      [
        -0.00015918353165034205,
        -0.00022767315385863185
      ],
      [
        -0.00013613149349112064,
        -0.00012121945474063978
      ],
      [
        0.0005336666945368052,
        -0.000051335126045159996
      ],
      [
        -0.00028917286545038223,
        0.00008786984108155593
      ],
      [
        0.00011351929424563423,
        -0.0002492814091965556
      ],
      [
        0.00008669820090290159,
        -0.00013530852447729558
      ],
      [
        0.00011993651423836127,
        0.0003978387685492635
      ],
      [
        -0.00009504595072939992,
        -0.00045428055454976857
      ],
      [
        0.00015840184642001987,
        -0.00015019677812233567
      ],
      [
        0.00019359686120878905,
        0.00024278312048409134
      ],
      [
        -0.00030599284218624234,
        -0.00016601738752797246
      ],
      [
        0.0005180471925996244,
        -0.00017101898265536875
      ],
      [
        -0.00025579927023500204,
        -0.00009502756438450888
      ],
      [
        0.00024226201639976352,
        0.00015122548211365938
      ],
      [
        -0.00004860982880927622,
        -0.0003461374144535512
      ],
      [
        0.00006155864684842527,
        0.00013405804929789156
      ],
      [
        0.0002092789945891127,
        0.000017175210814457387
      ],
      [
        -0.00017096743977162987,
        -0.0003284049453213811
      ],
      [
        0.00012662245717365295,
        0.00006402083818102255
      ],
      [
        0.0001971636520465836,
        0.00017077219672501087
      ],
      [
        -0.00012908184726256877,
        -0.00033307119156233966
      ],
      [
        0.00013124325778335333,
        -0.00011906821600859985
      ],
      [
        0.00021064357133582234,
        0.00011583170271478593
      ],
      [
        -0.0001855594600783661,
        -0.00007270755304489285
      ],
      [
        0.000180534872924909,
        -0.0001686611503828317
      ],
      [
        0.0001866725506260991,
        -0.000044015116145601496
      ],
      [
        -0.00008903278649086133,
        -0.00007237133104354143
      ],
      [
        0.00013500168279279023,
        -0.00008854002953739837
      ],
      [
        0.000059431884437799454,
        -0.00006498744187410921
      ],
      [
        0.00012101943866582587,
        0.00008912864723242819
      ],
      [
        -0.00014237670984584838,
        -0.00026897917268797755
      ],
      [
        0.0002461966359987855,
        7.197017112048343e-6
      ],
      [
        -0.00006768334424123168,
        0.00013387794024311006
      ],
      [
        0.00015108911611605436,
        -0.00022606103448197246
      ],
      [
        -0.000028226633730810136,
        -0.00018047513731289655
      ],
      [
        0.0001946052216226235,
        0.00013668270548805594
      ],
      [
        -0.0000639549907646142,
        -0.00009187377872876823
      ],
      [
        0.000020943198251188733,
        -0.0000884792025317438
      ],
      [
        0.00022681872360408306,
        -0.0000759867180022411
      ],
      [
        -0.00003810266571235843,
        -0.00005024850906920619
      ],
      [
        -0.000028474541977629997,
        -0.000019194743799744174
      ],
      [
        0.00012530099775176495,
        -0.000044899468775838614
      ],
      [
        0.00015311285096686333,
        -0.00004730273940367624
      ],
      [
        -0.00015492059173993766,
        -0.0001612322812434286
      ],
      [
        0.0002484859724063426,
        0.000010160855708818417
      ],
      [
        -0.000050476395699661225,
        0.0000642737650196068
      ],
      [
        -0.00009173314902000129,
        -0.00012201394565636292
      ],
      [
        0.00036768894642591476,
        -0.00003530356116243638
      ],
      [
        -0.00032479403307661414,
        -0.00016221734404098243
      ],
      [
        0.0004207543679513037,
        0.0001645077863940969
      ],
      [
        -0.00021520319569390267,
        -0.00020560325356200337
      ],
      [
        0.0001661008136579767,
        -0.00012946217611897737
      ],
      [
        0.00009586744999978691,
        0.00018935244588647038
      ],
      [
        -0.00003763594213523902,
        -0.00028346420731395483
      ],
      [
        0.00006382013816619292,
        0.00004416386946104467
      ],
      [
        0.00009759983367985114,
        0.000030157056244206615
      ],
      [
        0.00016550786676816642,
        -0.0003134026483166963
      ],
      [
        -0.0002207280631409958,
        0.0001731436641421169
      ],
      [
        0.0002892821212299168,
        -0.00007201788685051724
      ],
      [
        6.772536380594829e-6,
        -0.00012365849397610873
      ],
      [
        -0.00012864093878306448,
        3.977953838329995e-6
      ],
      [
        0.00027812764164991677,
        -0.00010378270235378295
      ],
      [
        -0.00002864387170120608,
        0.00007928300328785554
      ],
      [
        -0.00004952661765855737,
        -0.00015434648958034813
      ],
      [
        0.00010628777818055823,
        -0.00009522349137114361
      ],
      [
        0.0002611917443573475,
        0.00010459063923917711
      ],
      [
        -0.0003322386764921248,
        -0.00021899159764871
      ],
      [
        0.0004380098544061184,
        -0.00003541599289746955
      ],
      [
        -0.0001182636187877506,
        0.000041363120544701815
      ],
      [
        0.000040644616092322394,
        -0.00020307532395236194
      ],
      [
        0.00013131022569723427,
        0.00004329651710577309
      ],
      [
        -3.23838867188897e-6,
        -4.049039489473216e-6
      ],
      [
        0.00003516748620313592,
        -0.00011136499233543873
      ],
      [
        -8.692208211869001e-6,
        4.111604084755527e-6
      ],
      [
        0.0001905524986796081,
        -0.0001353070983896032
      ],
      [
        -0.000023406304535456002,
        0.00011843506945297122
      ],
      [
        0.000028993681553401984,
        -0.00023545748263131827
      ],
      [
        0.0000723745979485102,
        -0.000029517374059651047
      ],
      [
        0.00016608042642474174,
        0.00006461267184931785
      ],
      [
        -0.00008397852798225358,
        -0.00022734352387487888
      ],
      [
        0.0001410500699421391,
        0.000014174734133121092
      ],
      [
        0.00018610524421092123,
        -0.0001218133547808975
      ],
      [
        -0.0002529142948333174,
        0.00004325966801843606
      ],
      [
        0.0004249802732374519,
        -0.00021944525360595435
      ],
      [
        -0.0001222281134687364,
        0.00003366408054716885
      ],
      [
        0.00010525184916332364,
        -5.965245236438932e-6
      ],
      [
        -0.00007438407192239538,
        -0.00023563143622595817
      ],
      [
        0.00026669687940739095,
        0.00015921123849693686
      ],
      [
        -0.00011820699000963941,
        -0.00006450248474720865
      ],
      [
        0.00008077925303950906,
        -0.0002451668551657349
      ],
      [
        0.0003032266104128212,
        -0.00009328755550086498
      ],
      [
        -0.00019881965999957174,
        0.0001714462268864736
      ],
      [
        0.0002435152418911457,
        -0.00033179050660692155
      ],
      [
        -7.511455351050245e-6,
        0.000059454512665979564
      ],
      [
        0.00004121978781768121,
        0.00006368458707584068
      ],
      [
        -0.000011146415090479422,
        -0.00022784221800975502
      ],
      [
        0.00012357765808701515,
        0.00003046134406758938
      ],
      [
        0.00019312999211251736,
        -3.86426745535573e-6
      ],
      [
        -0.0003222870291210711,
        -0.00011824929970316589
      ],
      [
        0.0004105038533452898,
        -0.000112019399239216
      ],
      [
        -0.0001100846566259861,
        0.00013711368956137449
      ],
      [
        -0.00004884691225015558,
        -0.00008818436617730185
      ],
      [
        0.00030024247826077044,
        -0.00023568909091409296
      ],
      [
        -0.000044678319682134315,
        8.843812793202233e-6
      ],
      [
        -0.00011195797560503706,
        0.0001618841488379985
      ],
      [
        0.00028201204258948565,
        -0.00030887036700733006
      ],
      [
        0.000046294459025375545,
        -0.00006074269185774028
      ],
      [
        -0.00007824362546671182,
        0.00015705276746302843
      ],
      [
        0.00007871378329582512,
        -0.00028836054843850434
      ],
      [
        0.0001023139338940382,
        0.0001975748164113611
      ],
      [
        -0.000013082599252811633,
        -0.000187854835530743
      ],
      [
        0.00007627030572621152,
        -0.000031747207685839385
      ],
      [
        0.00011747389362426475,
        -0.00012615347804967314
      ],
      [
        0.000026940137104247697,
        -0.000056329412473132834
      ],
      [
        0.00004743957833852619,
        0.00010627875599311665
      ],
      [
        0.00021867355098947883,
        -0.0004075491160620004
      ],
      [
        -0.000029852237275918014,
        0.000032217219995800406
      ],
      [
        -8.537984285794664e-6,
        0.00020212819799780846
      ],
      [
        0.00015996370348148048,
        -0.0003212266892660409
      ],
      [
        0.000052068266086280346,
        -0.00007059028575895354
      ],
      [
        -0.000038361682527465746,
        0.00019334536045789719
      ],
      [
        0.00007556330092484131,
        -0.00015660577628295869
      ],
      [
        -0.000025965797249227762,
        -0.00015607543173246086
      ],
      [
        0.00016200514801312238,
        0.00027914674137718976
      ],
      [
        0.00003295957503723912,
        -0.0004261900903657079
      ],
      [
        0.000048554848035564646,
        -0.0000353282957803458
      ],
      [
        0.00008277093729702756,
        0.00017791202117223293
      ],
      [
        0.00012885229079984128,
        -0.0002392405876889825
      ],
      [
        -0.00006169209518702701,
        -0.00017774634761735797
      ],
      [
        0.00017325574299320579,
        0.00019604626868385822
      ],
      [
        -0.00001197907931782538,
        -0.00013597904762718827
      ],
      [
        -0.00001698468804534059,
        -0.00019250473997090012
      ],
      [
        0.0003355842491146177,
        0.00007961272058309987
      ],
      [
        -0.00024191282864194363,
        -0.00008641646127216518
      ],
      [
        0.00005327266990207136,
        -0.000016307809346471913
      ],
      [
        0.0001893690787255764,
        0.000033916894608410075
      ],
      [
        -0.00018649076810106635,
        -0.0001292849046876654
      ],
      [
        0.00038998271338641644,
        -0.00012565568613354117
      ],
      [
        0.00010932067380053923,
        -0.00036604781053029
      ],
      [
        -0.00007668300531804562,
        0.0002691842382773757
      ],
      [
        0.0002508315956220031,
        -0.0003069346130359918
      ],
      [
        0.0001098779248422943,
        -0.00016008049715310335
      ],
      [
        -0.000030173578124959022,
        0.000027161384423379786
      ],
      [
        0.0001962794631253928,
        -0.00008566867472836748
      ],
      [
        -0.000047045123210409656,
        -0.000027734480681829154
      ],
      [
        0.000019796010747086257,
        -0.00011397126218071207
      ],
      [
        0.00024133750412147492,
        -0.00004636570520233363
      ],
      [
        4.804976015293505e-6,
        -0.00008075959340203553
      ],
      [
        -3.199756520189112e-6,
        -0.0002121267607435584
      ],
      [
        0.00021651173301506788,
        0.0002454625500831753
      ],
      [
        -0.00011406876001274213,
        -0.0002901719999499619
      ],
      [
        0.0001036241592373699,
        -0.000018611555788083933
      ],
      [
        0.0001363033807137981,
        0.00008749224798521027
      ],
      [
        0.000019006050933967344,
        -0.00028300873236730695
      ],
      [
        0.00018595083383843303,
        -0.00014365748211275786
      ],
      [
        0.0001417354797013104,
        0.00004450297637959011
      ],
      [
        -0.0002668410597834736,
        0.00007165307033574209
      ]
    ],
    "schema_version": 1,
    "stage": "time_mapped_pcm_before_effects",
    "start": 1024,
    "suppressed": []
  },
  "protocol": 1
}
