{
  "audio": {
    "project_id": "9285d538-981a-4b2b-a0d6-f70b27ca9f3e",
    "revision_id": "preserve-three-into-two",
    "samples": [
      [
        0.00020270049571990967,
        -0.00012878568668384105
      ],
      [
        0.0002443813136778772,
        -0.00015601828636135906
      ],
      [
        -0.00029576281667687,
        0.00011424165131757036
      ],
      [
        -0.00011517302482388914,
        0.0002991909277625382
      ],
      [
        -0.00023567084281239659,
        0.00020740929176099598
      ],
      [
        0.000011744024959625676,
        -0.00009287448483519256
      ],
      [
        -0.000029107452064636163,
        0.00009531684190733358
      ],
      [
        0.00029327181982807815,
        -0.0003097898734267801
      ],
      [
        -0.0001143479676102288,
        0.0001331286912318319
      ],
      [
        0.00005644862903864123,
        -0.0002730799315031618
      ],
      [
        0.00030809221789240837,
        0.00011439283844083548
      ],
      [
        0.00004899123086943291,
        -0.00042243479401804507
      ],
      [
        -0.0001779181184247136,
        0.0002611726231407374
      ],
      [
        0.00035273213870823383,
        -0.00022115484171081334
      ],
      [
        -0.00009862232400337234,
        0.00004503660602495074
      ],
      [
        -0.0001578147930558771,
        0.00006274843326536939
      ],
      [
        0.0004933559685014188,
        -0.00039211823605000973
      ],
      [
        -0.00016569170111324638,
        0.0002169492800021544
      ],
      [
        -0.000059095978940604255,
        -0.00016650758334435523
      ],
      [
        0.0001889864361146465,
        0.00008990547939902171
      ],
      [
        0.00031779141863808036,
        -0.00037151723518036306
      ],
      [
        -0.00033621469628997147,
        0.0001242747384821996
      ],
      [
        -0.00033697873004712164,
        0.000672149530146271
      ],
      [
        -0.0003882763849105686,
        0.00032402254873886704
      ],
      [
        0.00006488742656074464,
        -0.00028161093359813094
      ],
      [
        0.00011435645865276456,
        0.00007432816346408799
      ],
      [
        0.00003624629971454851,
        -0.00006447069608839229
      ],
      [
        -0.00014351621211972088,
        0.00003056848800042644
      ],
      [
        0.00016840832540765405,
        -0.000059919460909441113
      ],
      [
        -0.00006100393147789873,
        0.00014574835950043052
      ],
      [
        -0.0002229669044027105,
        -0.00013201589172240347
      ],
      [
        0.000287726434180513,
        0.00012986065121367574
      ],
      [
        -0.00009178353502647951,
        -0.00012204411905258894
      ],
      [
        0.00002962648432003334,
        -0.00008757428440731019
      ],
      [
        0.00009327715815743431,
        0.00008384434477193281
      ],
      [
        -0.00016834659618325531,
        -0.00003969903627876192
      ],
      [
        0.00006877582927700132,
        0.00012197621981613338
      ],
      [
        0.0000709853702574037,
        -0.0001708493655314669
      ],
      [
        -0.00002043635322479531,
        -0.00003433518577367067
      ],
      [
        -6.3299507928604726e-6,
        0.00015255088510457426
      ],
      [
        0.00007990372250787914,
        -0.00029057354549877346
      ],
      [
        0.0001274241803912446,
        0.00011917439405806363
      ],
      [
        0.00011787112453021109,
        -0.00036151762469671667
      ],
      [
        0.00001821232399379369,
        0.0001556455681566149
      ],
      [
        -0.0000851833974593319,
        -0.00006168523395899683
      ],
      [
        0.00005312508801580407,
        0.00014996145910117775
      ],
      [
        0.000030004486688994803,
        -0.0001826935913413763
      ],
      [
        -0.00008303758659167215,
        6.595528247999027e-6
      ],
      [
        0.00019384587358217686,
        0.00005923688513576053
      ],
      [
        -0.00010083490633405745,
        -0.00014939512766432017
      ],
      [
        0.00004393248673295602,
        0.00004143068508710712
      ],
      [
        0.00023280439199879766,
        -0.00008546183380531147
      ],
      [
        -0.00022000355238560587,
        -0.00010570312588242814
      ],
      [
        0.00028313646907918155,
        -0.000018515960618969984
      ],
      [
        -0.00008982930012280121,
        0.000044142958358861506
      ],
      [
        0.00003983031274401583,
        -0.00011071954941144213
      ],
      [
        0.00015261146472766995,
        -0.00021470927458722144
      ],
      [
        -0.00010114178439835086,
        0.0003069778031203896
      ],
      [
        0.000017557353203301318,
        -0.00019197665096726269
      ],
      [
        0.00005874815906281583,
        -0.000043257809011265635
      ],
      [
        0.00017798693443182856,
        -0.00006662838131887838
      ],
      [
        -0.00009914956899592653,
        -0.00005428243457572535
      ],
      [
        0.00011646535131148994,
        -0.00009434802632313222
      ],
      [
        0.0001595250068930909,
        0.000021905050743953325
      ],
      [
        -0.00016086312825791538,
        -0.00012245206744410098
      ],
      [
        0.0002637510478962213,
        -0.00008276333392132074
      ],
      [
        -0.000028793188903364353,
        -0.000035802138881990686
      ],
      [
        -6.761742042726837e-6,
        0.00006046444468665868
      ],
      [
        0.00011095465015387163,
        -0.00021142055629752576
      ],
      [
        0.00009532929834676906,
        0.000031265033612726256
      ],
      [
        -0.0002987388288602233,
        0.00018898688722401857
      ],
      [
        0.0001789316738722846,
        -0.0001437975006410852
      ],
      [
        0.0001264143065782264,
        -0.00005154013342689723
      ],
      [
        -0.00020491864415816963,
        0.00007559537334600464
      ],
      [
        0.0002933292998932302,
        -0.0002580178261268884
      ],
      [
        -0.00003585015656426549,
        0.00012587964010890573
      ],
      [
        -0.000059621645050356165,
        -0.000046270415623439476
      ],
      [
        0.00017344254592899233,
        -0.0001610050821909681
      ],
      [
        -1.8036412257060874e-6,
        0.00007640691183041781
      ],
      [
        -0.000026480505766812712,
        -0.000020617049813154154
      ],
      [
        -0.00012246410187799484,
        -4.493191227084026e-6
      ],
      [
        0.0002895270299632102,
        0.00006819556438131258
      ],
      [
        -0.00025499050389043987,
        -0.00019381821039132774
      ],
      [
        0.00016811724344734102,
        0.00010952065349556506
      ],
      [
        0.00004650870687328279,
        -0.000043562289647525176
      ],
      [
        -0.00007315570110222325,
        -0.00008489979518344626
      ],
      [
        0.000019113429516437463,
        0.00010003789066104218
      ],
      [
        0.0000361152742698323,
        -0.00007291779184015468
      ],
      [
        0.00014306193043012172,
        -0.000129701555124484
      ],
      [
        -0.00006092032344895415,
        8.955481462180614e-6
      ],
      [
        0.00007124381954781711,
        -0.000043303491111146286
      ],
      [
        0.00007480223575839773,
        0.00005307025639922358
      ],
      [
        -0.00011958524555666372,
        -0.00020630851213354617
      ],
      [
        0.00008943938883021474,
        0.00028024314087815583
      ],
      [
        -0.00007244524749694392,
        -0.00010523670061957091
      ],
      [
        0.00004768620419781655,
        -0.00017724354984238744
      ],
      [
        0.00004359961531008594,
        0.00024063258024398237
      ],
      [
        0.000027047170078731142,
        -0.0002237963635707274
      ],
      [
        -0.000034956930903717875,
        0.00002616059464344289
      ],
      [
        0.0001222557039000094,
        -4.810442987945862e-6
      ],
      [
        -0.000049626582040218636,
        -0.000051213864935562015
      ],
      [
        0.0001431543059879914,
        -0.00010553465108387172
      ],
      [
        -0.00002442699042148888,
        -7.519053269788856e-6
      ],
      [
        -0.0000313141499646008,
        0.0001156195648945868
      ],
      [
        0.00009719282388687134,
        -0.00026896563940681517
      ],
      [
        0.00011754091246984899,
        0.0001120695160352625
      ],
      [
        -0.00014540499250870198,
        -0.00006867807678645477
      ],
      [
        0.0001450029230909422,
        -0.00002133283851435408
      ],
      [
        0.000045958931877976283,
        -0.000045467964810086414
      ],
      [
        -0.00005070673432783224,
        -0.00010514571476960555
      ],
      [
        0.00018708573770709336,
        0.00009803859575185925
      ],
      [
        -0.0000636249387753196,
        -0.00018550902314018458
      ],
      [
        -0.00004296715997043066,
        0.00003154614387312904
      ],
      [
        0.00020331224368419498,
        0.00010687545727705583
      ],
      [
        -0.00005018171214032918,
        -0.000355542084435001
      ],
      [
        0.000030503795642289333,
        0.00023145636077970266
      ],
      [
        -3.0176961445249617e-6,
        -0.00003066601129830815
      ],
      [
        0.00007741060835542157,
        -0.00019124342361465096
      ],
      [
        -0.00006648684211540967,
        0.00016361166490241885
      ],
      [
        0.00018868829647544771,
        -0.00012253325257916003
      ],
      [
        -0.0001524817489553243,
        -0.00003277814539615065
      ],
      [
        0.00006578070315299556,
        0.000037457146390806884
      ],
      [
        0.0000890261580934748,
        -0.000015499434084631503
      ],
      [
        -0.000025633980840211734,
        -0.00010551317973295227
      ],
      [
        0.00008511657506460324,
        -0.00003040950650756713
      ],
      [
        -0.00002220680471509695,
        0.00006570590630872175
      ],
      [
        -0.00005752824290539138,
        -0.000057652450777823105
      ]
    ],
    "schema_version": 1,
    "stage": "time_mapped_pcm_before_effects",
    "start": 1295,
    "suppressed": []
  },
  "protocol": 1
}
