{
  "audio": {
    "project_id": "9285d538-981a-4b2b-a0d6-f70b27ca9f3e",
    "revision_id": "preserve-three-into-two",
    "samples": [
      [
        0.013565704226493835,
        -0.006996219977736473
      ],
      [
        -0.011158369481563568,
        -0.001273805508390069
      ],
      [
        0.002255387604236603,
        0.005564134567975998
      ],
      [
        0.003239996265619993,
        0.002542386297136545
      ],
      [
        0.0005769834970124066,
        -0.004522778559476137
      ],
      [
        -0.00783549528568983,
        -0.0015791989862918854
      ],
      [
        0.008854740299284458,
        0.0022698428947478533
      ],
      [
        -0.0010805529309436679,
        0.001630314625799656
      ],
      [
        -0.007791044190526009,
        7.984903277247213e-6
      ],
      [
        0.00988607108592987,
        -0.0016598750371485949
      ],
      [
        -0.00663232384249568,
        -0.00048131842049770057
      ],
      [
        0.001867859740741551,
        -0.0001985484705073759
      ],
      [
        -0.000064415144152008,
        0.009055226109921932
      ],
      [
        -0.0002605387126095593,
        -0.009677842259407043
      ],
      [
        0.0034762900322675705,
        -0.0026414988096803427
      ],
      [
        -0.005986034404486418,
        0.009413867257535458
      ],
      [
        0.003889094339683652,
        -0.00490826740860939
      ]
    ],
    "schema_version": 1,
    "stage": "time_mapped_pcm_before_effects",
    "start": 330,
    "suppressed": []
  },
  "protocol": 1
}
