{
  "audio": {
    "project_id": "9285d538-981a-4b2b-a0d6-f70b27ca9f3e",
    "revision_id": "preserve-three-into-two",
    "samples": [
      [
        2.4375233920181927e-7,
        -2.2508743313665036e-8
      ],
      [
        1.1006850400008261e-6,
        3.9456342193489036e-8
      ],
      [
        -1.0216220971415169e-6,
        1.0991595189580039e-7
      ],
      [
        4.874532351095695e-7,
        -2.3659028158817819e-7
      ],
      [
        1.085444296222704e-6,
        -8.547100946998398e-7
      ],
      [
        -1.4666576362287742e-6,
        3.8992860140751873e-7
      ],
      [
        1.8581314407128957e-6,
        -1.822518811422924e-7
      ],
      [
        -1.114850988415128e-6,
        -2.6150112830691796e-7
      ],
      [
        7.523935323661135e-7,
        5.151733262209746e-7
      ],
      [
        2.5186929519804835e-7,
        -1.9020263835045625e-6
      ],
      [
        -2.0612952766896342e-7,
        1.055308644026809e-6
      ],
      [
        4.712395593742258e-7,
        4.851651738135843e-7
      ],
      [
        4.2858630422415445e-8,
        -1.1719076837835019e-6
      ],
      [
        4.106655993041386e-8,
        -5.69536894090561e-7
      ],
      [
        4.634449339846469e-7,
        8.519676271134813e-7
      ],
      [
        1.1619150086517038e-7,
        -7.393788337139995e-7
      ],
      [
        -4.183417559033842e-7,
        5.61173237656476e-7
      ]
    ],
    "schema_version": 1,
    "stage": "time_mapped_pcm_before_effects",
    "start": 3174,
    "suppressed": []
  },
  "protocol": 1
}
