{
  "audio": {
    "project_id": "9285d538-981a-4b2b-a0d6-f70b27ca9f3e",
    "revision_id": "preserve-three-into-two",
    "samples": [
      [
        0.000012663997040363029,
        6.720598776155384e-6
      ],
      [
        -5.422450612968532e-6,
        -0.000012601496564457193
      ],
      [
        8.290321034110093e-7,
        2.6086670459335437e-6
      ],
      [
        8.269243153335992e-6,
        -3.20600634040602e-6
      ],
      [
        -4.133389950311539e-7,
        -4.7501052335974236e-7
      ],
      [
        -2.203049007221125e-6,
        -1.9797523691522656e-6
      ],
      [
        6.459147243731422e-6,
        -4.487884268655762e-7
      ],
      [
        -2.2234976313484367e-6,
        -7.541566901636543e-6
      ],
      [
        7.0619189500575885e-6,
        3.3544633879500907e-6
      ],
      [
        -1.7470766806582105e-6,
        -7.181577075243695e-7
      ],
      [
        7.419173897460496e-8,
        -5.496810445038136e-6
      ],
      [
        7.1345111791742966e-6,
        -2.459122185882734e-7
      ],
      [
        -4.285297109163366e-6,
        -4.931078365189023e-6
      ],
      [
        7.915589776530396e-6,
        4.3637405724439304e-6
      ],
      [
        -1.1080712738475995e-6,
        -4.0809691199683584e-6
      ],
      [
        -3.0701221476192586e-6,
        -5.83990004088264e-6
      ],
      [
        0.00001115852046496002,
        1.988145641007577e-6
      ],
      [
        -4.567884388961829e-6,
        -2.4325020149262855e-6
      ],
      [
        3.914577519026352e-6,
        7.629489573446335e-8
      ],
      [
        9.319080618297448e-7,
        -6.4902037593128625e-6
      ],
      [
        2.476159806974465e-6,
        1.473631641601969e-6
      ],
      [
        1.0403714441054035e-6,
        -2.403944108664291e-6
      ],
      [
        4.109749625058612e-6,
        -2.6826426164916484e-6
      ],
      [
        -1.8179383687311201e-6,
        2.5941919830074767e-6
      ],
      [
        2.680711531866109e-6,
        -8.092091775324661e-6
      ],
      [
        3.1549748200632166e-6,
        6.972457526899234e-7
      ],
      [
        1.7317294975782715e-7,
        2.1260877929307753e-6
      ],
      [
        2.956253865704639e-6,
        -6.114564257586608e-6
      ],
      [
        1.1543712616912671e-6,
        2.7001526348158222e-8
      ],
      [
        -1.1320944395265542e-6,
        -4.522821200225735e-6
      ],
      [
        6.616947302973131e-6,
        4.343308773968602e-6
      ],
      [
        4.1680858764436834e-9,
        -6.362148724292638e-6
      ],
      [
        -2.2215051558305277e-6,
        -1.1096634580098907e-6
      ],
      [
        7.305453891603975e-6,
        -7.640627472937922e-7
      ],
      [
        -4.4510230168270937e-7,
        -2.6835132302949205e-6
      ],
      [
        -2.8669137464021333e-6,
        3.1753225471220503e-7
      ],
      [
        0.000011939210708078463,
        -3.1717167985334527e-6
      ],
      [
        -8.19427350506885e-6,
        -2.4100515929603716e-6
      ],
      [
        3.4041443086607615e-6,
        1.2279760142064333e-7
      ],
      [
        7.4422518991923425e-6,
        -2.5905292204697616e-6
      ],
      [
        -4.43413819084526e-6,
        -6.156500376164331e-7
      ],
      [
        3.208095222362317e-6,
        -2.04658954316983e-6
      ],
      [
        3.396524107301957e-6,
        -5.001640147384023e-6
      ],
      [
        -1.376700311084278e-6,
        4.433855337993009e-6
      ],
      [
        4.031316620967118e-6,
        -3.7313354823709233e-6
      ],
      [
        6.791711939513334e-7,
        -6.2353733483178075e-6
      ],
      [
        2.440033995299018e-6,
        5.575922841671854e-6
      ],
      [
        -1.352855747427384e-6,
        -6.915126050444087e-6
      ],
      [
        3.614176648625289e-6,
        2.5945325887732906e-6
      ],
      [
        3.489399432510254e-6,
        -4.8334482016798574e-6
      ],
      [
        -1.5660795043004327e-6,
        -7.794217822265637e-7
      ],
      [
        5.953015147497354e-7,
        9.981163202610333e-7
      ],
      [
        5.648637397825951e-6,
        -5.685304586222628e-6
      ],
      [
        -2.263560872961534e-6,
        2.9065065518807387e-6
      ],
      [
        3.5917721561418148e-6,
        -4.43093676949502e-6
      ],
      [
        1.7082767271858756e-6,
        -2.1915050183451967e-6
      ],
      [
        -1.605169700269471e-6,
        2.2524238829646492e-6
      ],
      [
        4.015355443698354e-6,
        -4.05963464800152e-6
      ],
      [
        2.9293339594005374e-6,
        -1.8165666233471711e-6
      ],
      [
        -1.2252711485416512e-6,
        -1.397174060002726e-6
      ],
      [
        1.3837488950230181e-6,
        6.653490345343016e-7
      ],
      [
        2.2700332920067012e-6,
        -2.929956508523901e-6
      ],
      [
        2.9092138902342413e-6,
        -2.736928990998422e-6
      ],
      [
        -2.407540762305871e-7,
        -3.6210079201737244e-7
      ],
      [
        1.8181490304414183e-6,
        2.904643849888089e-7
      ],
      [
        5.659989597006643e-7,
        -4.118051492696395e-6
      ],
      [
        2.3304728529183194e-6,
        -5.254347570371465e-7
      ],
      [
        2.8859487883892143e-6,
        -1.399875941388018e-6
      ],
      [
        4.780669087267597e-7,
        -7.346199026869726e-7
      ],
      [
        -1.924825710375444e-6,
        -3.3718931717885425e-6
      ],
      [
        5.611766027868725e-6,
        1.7895254131872207e-6
      ],
      [
        7.439173259626841e-7,
        -3.999816271971213e-6
      ],
      [
        6.271894221754337e-7,
        -2.352279807382729e-6
      ],
      [
        -4.030733578019863e-7,
        2.7041862722398946e-6
      ],
      [
        5.27638076164294e-6,
        -2.8392082640493754e-6
      ],
      [
        -3.554645672920742e-6,
        -6.136280717328191e-6
      ],
      [
        7.014566563157132e-6,
        4.6078121158643626e-6
      ],
      [
        -6.473230200754188e-7,
        -2.508833176761982e-6
      ],
      [
        -3.6876356261927867e-6,
        -3.6430064938031137e-6
      ],
      [
        7.783836736052763e-6,
        -4.747938930904638e-7
      ],
      [
        1.1756286539821303e-6,
        -3.9519147776445607e-7
      ],
      [
        -2.561611154305865e-6,
        -2.3425234303431353e-6
      ],
      [
        2.519956296964665e-6,
        -1.818611394810432e-7
      ],
      [
        3.7566881019301945e-6,
        -2.56114435615018e-6
      ],
      [
        -2.0168911305518122e-6,
        -1.4955885490053333e-6
      ],
      [
        4.319072104408406e-6,
        -3.83631657996375e-7
      ],
      [
        1.1513685649333638e-6,
        -1.3493576034306898e-6
      ],
      [
        -3.8568791751458775e-6,
        -1.1006138720404124e-6
      ],
      [
        8.671581781527493e-6,
        -2.370190941292094e-6
      ],
      [
        -3.3356063795508817e-6,
        -3.1819165542401606e-6
      ],
      [
        4.479403287405148e-6,
        4.217166406306205e-6
      ],
      [
        -2.289137910338468e-6,
        -3.3117439670604654e-6
      ],
      [
        1.1603040093177697e-6,
        -7.661767995159607e-6
      ],
      [
        7.597454441565787e-6,
        7.16206568540656e-6
      ],
      [
        -5.389508714870317e-6,
        -3.008511157531757e-6
      ],
      [
        2.0492018393269973e-6,
        -6.05019522481598e-6
      ],
      [
        4.820919002668234e-6,
        5.036399670643732e-6
      ],
      [
        -2.5654942419350846e-6,
        -5.841484835400479e-6
      ],
      [
        3.6114424801780842e-6,
        -2.8647593808273086e-7
      ],
      [
        9.330209991276206e-7,
        9.292498930335569e-7
      ],
      [
        1.1972649645031197e-6,
        -1.2275696690267068e-6
      ],
      [
        -2.8432255021471065e-6,
        -6.799447419325588e-6
      ],
      [
        9.485925147600938e-6,
        4.717500360129634e-6
      ],
      [
        -3.7886245536356e-6,
        -2.837653255483019e-6
      ],
      [
        -1.3690997775483993e-6,
        -8.981524501905369e-8
      ],
      [
        6.457418749050703e-6,
        -5.098116162116639e-6
      ],
      [
        -1.245645421477093e-6,
        -2.7639407207402655e-8
      ],
      [
        1.8252609379487694e-6,
        4.691227786679519e-6
      ],
      [
        2.577669135916949e-7,
        -9.476435479882639e-6
      ],
      [
        1.4451680954152835e-6,
        3.82255620934302e-6
      ],
      [
        3.052904958167346e-6,
        -2.5170027129206574e-6
      ],
      [
        -3.241763124606223e-6,
        -3.7122035791981034e-6
      ],
      [
        8.221976713684853e-6,
        5.297098596201977e-6
      ],
      [
        -5.95743131270865e-6,
        -7.173743142629974e-6
      ],
      [
        4.148324023844907e-6,
        8.692889537087467e-7
      ],
      [
        2.311402340637869e-6,
        -2.7977375793852843e-6
      ],
      [
        3.289622156898986e-7,
        2.24831524064939e-6
      ],
      [
        9.791336879061419e-7,
        -1.656018866924569e-6
      ],
      [
        -1.7734593029672396e-6,
        -4.917939804727212e-6
      ],
      [
        8.059856554609723e-6,
        2.856873777545843e-7
      ],
      [
        -4.8591941776976455e-6,
        1.8851229697247618e-6
      ],
      [
        1.8944901967188343e-6,
        -2.031291160164983e-6
      ],
      [
        5.65417212783359e-6,
        -5.496156973094912e-6
      ],
      [
        -5.4646420721837785e-6,
        3.150225666104234e-6
      ],
      [
        6.091859631851548e-6,
        -1.2883283488918096e-6
      ],
      [
        -4.999739644517831e-7,
        -5.198904091230361e-6
      ],
      [
        2.2205365439731395e-6,
        6.240054062800482e-6
      ],
      [
        -2.486406856405665e-6,
        -7.438840384565992e-6
      ],
      [
        5.186534963286249e-6,
        -2.863160034394241e-6
      ],
      [
        1.159997964350623e-6,
        6.924830813659355e-6
      ],
      [
        -2.916772245953325e-6,
        -4.820433787244838e-6
      ],
      [
        4.806090601050528e-6,
        -5.2246637096686754e-6
      ],
      [
        9.848763511399738e-7,
        1.9898591290257173e-6
      ],
      [
        -2.0590912299667252e-6,
        2.399435970801278e-6
      ],
      [
        5.526485438167583e-6,
        -6.461258180934237e-6
      ],
      [
        -2.4025207494560163e-6,
        7.814603719680235e-8
      ],
      [
        3.1617191780242138e-6,
        3.6746025671163807e-6
      ],
      [
        -9.887720580081805e-7,
        -0.000011252654985582922
      ],
      [
        3.852179361274466e-6,
        9.406693607161287e-6
      ],
      [
        -2.852807199360541e-7,
        -4.426974555826746e-6
      ],
      [
        -2.5737844566720014e-7,
        -4.41688598584733e-6
      ],
      [
        3.3416442875022767e-6,
        -5.463438590425085e-10
      ],
      [
        -1.5175237422226928e-7,
        3.002909352289862e-6
      ],
      [
        1.8423415895085782e-6,
        -3.256805712226196e-6
      ],
      [
        -2.282162512301511e-7,
        -5.540073289012071e-6
      ],
      [
        2.6684504064178327e-6,
        6.936179033800727e-6
      ],
      [
        1.8732418993749889e-7,
        -9.053354006027803e-6
      ],
      [
        -1.555905981831529e-7,
        4.9274499360763e-6
      ],
      [
        5.8820401136472356e-6,
        -2.383488663326716e-6
      ],
      [
        -6.362433850881644e-6,
        -4.6785785343672615e-6
      ],
      [
        7.485091828129953e-6,
        3.797234057856258e-6
      ],
      [
        -2.1517275854421314e-6,
        -6.0689126257784665e-6
      ],
      [
        1.7292323946094257e-6,
        6.737754574714927e-6
      ],
      [
        1.8894164668381563e-6,
        -0.000010100547115143854
      ],
      [
        -9.030282512867416e-7,
        3.859581283904845e-6
      ],
      [
        2.5481592729192926e-6,
        -1.0037002766694059e-6
      ],
      [
        9.328181818091252e-7,
        -2.5181441287713824e-6
      ],
      [
        1.5583246977257659e-6,
        1.7568413568369579e-6
      ],
      [
        -2.186152642025263e-6,
        -7.099652066244744e-6
      ],
      [
        5.853472885064548e-6,
        6.845562438684283e-6
      ],
      [
        -2.605232793939649e-6,
        -7.172478944994509e-6
      ],
      [
        1.542051904834807e-6,
        1.3390199455898255e-6
      ],
      [
        4.420145614858484e-6,
        1.9881304069713224e-6
      ],
      [
        -5.690675607183948e-6,
        -8.764644917391706e-6
      ],
      [
        7.515714514738647e-6,
        6.118360033724457e-6
      ],
      [
        -2.175791678382666e-6,
        -2.6023387817986077e-6
      ],
      [
        2.1329281025828095e-6,
        -2.68626763499924e-6
      ],
      [
        -1.1411910918468493e-6,
        -8.339786177202768e-7
      ],
      [
        3.753028749997611e-6,
        7.699130577520918e-8
      ],
      [
        1.883615041720077e-8,
        -3.298028161680122e-7
      ],
      [
        2.896592548040644e-7,
        -3.4793297345458996e-6
      ],
      [
        1.5744320762678399e-6,
        1.1299742936898838e-6
      ],
      [
        1.3855344604962738e-6,
        -8.428053774878208e-7
      ],
      [
        -6.074961333979445e-7,
        -4.6453264985757414e-6
      ],
      [
        3.2756413474999135e-6,
        4.9258082981396e-6
      ],
      [
        6.660347366960195e-7,
        -5.363672698877053e-6
      ],
      [
        -2.9764930786768673e-6,
        1.0186904546571895e-6
      ],
      [
        6.450533419410931e-6,
        -3.955688953283243e-6
      ],
      [
        -1.051802200890961e-6,
        3.827714408544125e-6
      ],
      [
        -1.4082845609664219e-6,
        -2.8897957236040384e-6
      ],
      [
        4.95613630846492e-6,
        -5.550200057768961e-6
      ],
      [
        -2.8018882858305005e-6,
        8.426321983279195e-6
      ],
      [
        3.431080585869495e-6,
        -0.000011052678019041196
      ],
      [
        1.4395923244592268e-6,
        6.192973614815855e-6
      ],
      [
        -1.9926503682654584e-6,
        -2.7424728159530787e-6
      ],
      [
        2.551205625422881e-6,
        -3.862944595312001e-6
      ],
      [
        3.1447698347619735e-6,
        3.944240688724676e-6
      ],
      [
        -3.6288201954448596e-6,
        -7.247403118526563e-6
      ],
      [
        5.796816367364954e-6,
        6.975602445891127e-6
      ],
      [
        -2.369136154811713e-6,
        -7.191647910076426e-6
      ],
      [
        2.2065761129397288e-7,
        -3.1662167998547375e-7
      ],
      [
        5.994608272885671e-6,
        1.9355165932211094e-6
      ],
      [
        -3.7147383409319445e-6,
        -2.0517607026704354e-6
      ],
      [
        1.2282289389986545e-6,
        -2.789639893308049e-6
      ],
      [
        2.642931349328137e-6,
        8.060084724093031e-7
      ],
      [
        1.7048313338818843e-6,
        -1.2347813083124493e-7
      ],
      [
        -1.7498529132353724e-6,
        -4.926296242047101e-6
      ],
      [
        1.8484143993191537e-6,
        4.187254944554297e-6
      ],
      [
        3.6892970456392504e-6,
        -2.703077825572109e-6
      ],
      [
        -4.982749032933498e-6,
        -4.124341558053857e-6
      ],
      [
        7.44005001251935e-6,
        2.4374257918680087e-6
      ],
      [
        -1.8064074538415298e-6,
        -3.450477379374206e-7
      ],
      [
        -1.5105788406799547e-6,
        -2.392004262219416e-6
      ],
      [
        3.393357474124059e-6,
        -3.143759613521979e-6
      ],
      [
        3.6092608297622064e-6,
        3.7187510315561667e-6
      ],
      [
        -4.631002411770169e-6,
        -3.977354936068878e-6
      ],
      [
        3.638883754319977e-6,
        -8.365067856175301e-7
      ],
      [
        1.978821956072352e-6,
        1.2824406212530448e-6
      ],
      [
        -1.3720884908252629e-6,
        -3.349778353367583e-6
      ],
      [
        3.258700189689989e-6,
        -1.4048333696337068e-6
      ],
      [
        -1.4628138842454064e-6,
        2.7170649445906747e-6
      ],
      [
        2.997300725837704e-6,
        -3.2660909710102715e-6
      ],
      [
        -1.5153517551880213e-6,
        -2.122924115610658e-6
      ],
      [
        3.5502414448274067e-6,
        3.962569792292925e-7
      ],
      [
        1.0181889820159995e-6,
        3.815801221662696e-7
      ],
      [
        -3.7431511827890063e-6,
        -2.349047917959979e-6
      ],
      [
        6.410715286619961e-6,
        -1.577307443767495e-6
      ],
      [
        -1.2697004194706096e-6,
        7.946485993670649e-7
      ],
      [
        7.730518518656027e-7,
        -2.6995496682502562e-6
      ],
      [
        4.7557458060509816e-7,
        1.2310206329857465e-6
      ],
      [
        1.414202756677696e-6,
        -2.2970566533331294e-6
      ],
      [
        1.3171953696655692e-6,
        -8.293456517094455e-7
      ],
      [
        4.2147834733441414e-7,
        -6.597617243642162e-7
      ],
      [
        6.450338219110563e-7,
        -1.9549929675122257e-6
      ],
      [
        1.248303533429862e-6,
        3.7138358948141104e-6
      ],
      [
        -1.8320395156479208e-7,
        -7.903417099441867e-6
      ],
      [
        2.994857368321391e-6,
        3.7523911942116683e-6
      ],
      [
        -7.225846161418303e-7,
        -1.2208728321638773e-6
      ],
      [
        8.723495170670503e-7,
        -2.1190717234276235e-6
      ],
      [
        9.381651011608483e-7,
        8.579556975973901e-8
      ],
      [
        9.006318464344076e-7,
        -1.5820983207959216e-6
      ],
      [
        2.8805641250073677e-6,
        -3.606572533954022e-7
      ],
      [
        -3.1164440770226065e-6,
        -1.6851108739501797e-6
      ],
      [
        2.9096470370859606e-6,
        1.7303145796176977e-6
      ],
      [
        2.787373887258582e-6,
        -4.018238087155623e-6
      ],
      [
        -3.314589321234962e-6,
        -1.7347042557958048e-7
      ],
      [
        4.643029114959063e-6,
        1.1116042060166365e-6
      ],
      [
        -1.3091455457470147e-6,
        -2.5450444809393957e-6
      ],
      [
        1.0415634505989146e-6,
        -2.1928184423813946e-7
      ],
      [
        8.018353128136368e-7,
        -1.654958737162815e-6
      ],
      [
        3.1157314879237674e-6,
        4.571464842229034e-7
      ],
      [
        -3.215531478417688e-6,
        -2.150629143216065e-6
      ],
      [
        3.7151164633542066e-6,
        8.960605555330403e-7
      ],
      [
        1.369399882378275e-7,
        -2.6045734102808638e-6
      ],
      [
        -1.5336411252064863e-8,
        -5.337923880688322e-9
      ],
      [
        3.569096634237212e-6,
        -1.3614022691399441e-6
      ],
      [
        -4.166621238255175e-6,
        8.88061322257272e-7
      ],
      [
        5.461684850160964e-6,
        -2.434305542919901e-6
      ],
      [
        -4.696750011135009e-7,
        -1.510355787104345e-6
      ],
      [
        -1.7744705473887734e-6,
        1.99698843061924e-6
      ],
      [
        5.269259418128058e-6,
        -3.7335050819820026e-6
      ],
      [
        -2.5412359718757216e-6,
        1.167298592008592e-6
      ],
      [
        3.293822601335705e-7,
        -1.2915497791254893e-6
      ],
      [
        3.9912979445944075e-6,
        -1.6064038845797768e-6
      ],
      [
        -5.393841320255888e-7,
        -2.558498977123236e-7
      ],
      [
        -1.99139435608231e-6,
        1.938685727509437e-7
      ]
    ],
    "schema_version": 1,
    "stage": "time_mapped_pcm_before_effects",
    "start": 2560,
    "suppressed": []
  },
  "protocol": 1
}
