{
  "audio": {
    "project_id": "9285d538-981a-4b2b-a0d6-f70b27ca9f3e",
    "revision_id": "preserve-three-into-two",
    "samples": [
      [
        0.00638399226590991,
        0.005330386105924845
      ],
      [
        -0.0027459796983748674,
        -0.001296418602578342
      ],
      [
        -0.0008886104333214462,
        -0.005091702565550804
      ],
      [
        0.0063706496730446815,
        0.002510060090571642
      ],
      [
        -0.004330658819526434,
        -0.00186293909791857
      ],
      [
        0.0029518662486225367,
        0.0013539345236495137
      ],
      [
        0.000040161878132494166,
        0.0005600295262411237
      ],
      [
        0.001156586455181241,
        -0.002081878948956728
      ],
      [
        -0.0005796706536784768,
        -0.00006253836181713268
      ],
      [
        0.00014713616110384464,
        -0.0011604137253016233
      ],
      [
        0.002242608927190304,
        -0.00023615836107637733
      ],
      [
        -0.0023817482870072126,
        0.0012874347157776356
      ],
      [
        0.0020410269498825073,
        -0.004553150851279497
      ],
      [
        -0.0009256296325474977,
        0.0025589722208678722
      ],
      [
        0.002974350703880191,
        0.0025591671001166105
      ],
      [
        -0.0020967593882232904,
        -0.0033032356295734644
      ],
      [
        0.00038254191167652607,
        0.0013580513186752796
      ],
      [
        0.005804527550935745,
        -0.0034606000408530235
      ],
      [
        -0.005261685699224472,
        0.0005130023928359151
      ],
      [
        0.003077876288443804,
        0.0026197831612080336
      ],
      [
        0.00021771009778603911,
        -0.00007070674473652616
      ],
      [
        -0.0013730895007029176,
        0.00024041025608312339
      ],
      [
        0.00031132594449445605,
        -0.003850023029372096
      ],
      [
        0.0037393057718873024,
        0.0036827123258262873
      ],
      [
        0.0005622301832772791,
        0.001138407620601356
      ],
      [
        -0.004161180462688208,
        -0.005690122954547405
      ],
      [
        0.005731597542762756,
        0.0033579946029931307
      ],
      [
        -0.0020341945346444845,
        0.0013259699335321784
      ],
      [
        -0.0028541199862957,
        -0.005100675392895937
      ],
      [
        0.005627661477774382,
        0.005010009277611971
      ],
      [
        -0.0030872465576976538,
        -0.00392571184784174
      ],
      [
        0.001678310800343752,
        -0.0022349904756993055
      ],
      [
        0.002056943718343973,
        0.005723853129893541
      ],
      [
        0.0006483516190201044,
        -0.0035525669809430838
      ],
      [
        0.0004367015790194273,
        -0.0006815625238232315
      ],
      [
        -0.000890109920874238,
        -0.0017059940146282315
      ],
      [
        0.002536715706810355,
        0.0007015938754193485
      ],
      [
        -0.0031854112166911364,
        0.002353453543037176
      ],
      [
        0.003127647563815117,
        -0.005359402392059565
      ],
      [
        0.0017520656110718846,
        -0.00122992810793221
      ],
      [
        -0.0011371473083272576,
        0.002028341870754957
      ],
      [
        0.0032084472477436066,
        -0.0023107638116925955
      ],
      [
        -0.0039016399532556534,
        0.00132174591999501
      ],
      [
        0.005418714135885239,
        0.0005376380286179483
      ],
      [
        -0.002170516876503825,
        -0.006965907756239176
      ],
      [
        -0.0010001903865486383,
        0.005964943673461676
      ],
      [
        0.004944369196891785,
        0.00020152605429757386
      ],
      [
        -0.0019484820077195764,
        -0.007020903751254082
      ],
      [
        -0.004070807248353958,
        0.003466945141553879
      ],
      [
        0.007372391875833273,
        0.0003389430930837989
      ],
      [
        0.0003416032704990357,
        -0.0011593570234254003
      ],
      [
        -0.007821672596037388,
        0.0009547678637318313
      ],
      [
        0.012915794737637043,
        -0.002111695474013686
      ],
      [
        -0.005623279605060816,
        -0.0026675183326005936
      ],
      [
        -0.00180053838994354,
        0.0028398102149367332
      ],
      [
        0.008498154580593109,
        0.0006392501527443528
      ],
      [
        -0.007351765874773264,
        -0.004883412271738052
      ],
      [
        0.0014749557012692094,
        0.002314153593033552
      ],
      [
        0.0026222316082566977,
        0.0019124815007671714
      ],
      [
        -0.0010783158941194415,
        0.0006439873832277954
      ],
      [
        -0.0014834216563031077,
        -0.0016516238683834672
      ],
      [
        0.005556674208492041,
        -0.004330760333687067
      ],
      [
        -0.0035629281774163246,
        0.003762575564906001
      ],
      [
        0.003332383232191205,
        0.0002715681039262563
      ],
      [
        0.00018363674462307245,
        -0.003151568816974759
      ],
      [
        -0.0018493756651878357,
        0.0008982901345007122
      ],
      [
        0.0038433221634477377,
        -0.0030103574972599745
      ],
      [
        -0.0031711007468402386,
        0.001450280542485416
      ],
      [
        0.003727304982021451,
        0.0023929616436362267
      ],
      [
        -0.0032430230639874935,
        -0.004077357240021229
      ],
      [
        0.004133592359721661,
        -0.0028971745632588863
      ],
      [
        -0.0023812942672520876,
        0.0035417142789810896
      ],
      [
        -0.00032703703618608415,
        0.00154850073158741
      ]
    ],
    "schema_version": 1,
    "stage": "time_mapped_pcm_before_effects",
    "start": 475,
    "suppressed": []
  },
  "protocol": 1
}
