{
  "audio": {
    "project_id": "9285d538-981a-4b2b-a0d6-f70b27ca9f3e",
    "revision_id": "preserve-three-into-two",
    "samples": [
      [
        -0.000024589544409536757,
        -0.000051037874072790146
      ],
      [
        -0.00007851718692108989,
        0.000033936110412469134
      ],
      [
        0.00017457865760661662,
        -0.00011637593706836924
      ],
      [
        0.00004656812598113902,
        -0.00001931666884047445
      ],
      [
        -0.000048133857490029186,
        -0.00002963815313705709
      ],
      [
        0.00009606802632333711,
        -0.000022198983060661703
      ],
      [
        -0.0001027166290441528,
        0.000045367141865426674
      ],
      [
        0.00008323309884872288,
        -0.00007075440225889906
      ],
      [
        0.00009315930219599977,
        -0.00003832137372228317
      ],
      [
        -0.000011707652447512373,
        0.00001728285860735923
      ],
      [
        -0.00014991093485150486,
        -0.000039729431591695175
      ],
      [
        0.0002057379315374419,
        0.00006140885670902207
      ],
      [
        -0.000049510548706166446,
        -0.00008573124796384946
      ],
      [
        -0.000010322107300453354,
        -0.000027834508728119545
      ],
      [
        0.000037492358387680724,
        0.000067932101956103
      ],
      [
        -0.00002891885378630832,
        -0.00003268323416705243
      ],
      [
        0.000014108846698945854,
        -0.0000660345031064935
      ],
      [
        0.00015708034334238619,
        -4.801025625056354e-6
      ],
      [
        -0.00006662964733550325,
        -0.000018468663256498985
      ],
      [
        -0.00009116761793848127,
        -0.000023849021090427414
      ],
      [
        0.0001781033060979098,
        5.043910277890973e-6
      ],
      [
        -0.0000408367850468494,
        0.000030289185815490782
      ],
      [
        -0.00009128458623308688,
        -0.00007212629134301096
      ],
      [
        0.0001000283082248643,
        0.00005056470399722457
      ],
      [
        -0.000014289979844761547,
        -0.000036656816519098356
      ],
      [
        0.00004637906022253446,
        -0.00004099124998901971
      ],
      [
        0.00003678605207824148,
        -0.0000674888797220774
      ],
      [
        0.000034194181353086606,
        0.00007329058280447498
      ],
      [
        -0.00003710051532834768,
        -0.00012138002784922719
      ],
      [
        0.00011432571773184463,
        -0.0000458926624560263
      ],
      [
        0.00002970299647131469,
        0.00007228160393424332
      ],
      [
        0.000026251093004248105,
        -0.00013524053792934865
      ],
      [
        -0.000059357505961088464,
        -0.00002748286169662606
      ],
      [
        0.00014279728929977864,
        0.00007072982407407835
      ],
      [
        1.5875849612712045e-6,
        -0.00009765467257238925
      ],
      [
        -0.000011067844752687961,
        -0.00009247660636901855
      ],
      [
        0.00010401821782579646,
        0.00008085849549388513
      ],
      [
        -0.00005177800267119892,
        -0.00005121550930198282
      ],
      [
        0.00010750108049251139,
        -0.00017591769574210048
      ],
      [
        0.00005110769052407704,
        0.00014428410213440657
      ],
      [
        -0.000028873002520413138,
        -0.00011797108891187236
      ],
      [
        0.00004722601079265587,
        -0.000059754016547231004
      ],
      [
        0.000029342560083023272,
        0.000035175002267351374
      ],
      [
        0.00008961755520431325,
        -0.00004121228994335979
      ],
      [
        -0.000041130413592327386,
        -0.00009378007234772667
      ],
      [
        0.00005326922473614104,
        0.00003412842852412723
      ],
      [
        -0.000058898396673612297,
        0.00004839834218728356
      ],
      [
        0.0000712513574399054,
        -0.0000728452650946565
      ],
      [
        0.00003284266131231561,
        -0.00005875983333680779
      ],
      [
        2.475784867783659e-6,
        0.000052063587645534426
      ],
      [
        0.000024423658032901585,
        -0.00009332737681688741
      ],
      [
        0.00006869760545669124,
        -4.6711124923604075e-6
      ],
      [
        4.3857294258486945e-6,
        -0.0000602640793658793
      ],
      [
        0.000022893389541422948,
        0.00005337224865797907
      ],
      [
        0.00004580297172651626,
        -0.0001053635060088709
      ],
      [
        -0.00003702875255839899,
        -0.000024375991415581666
      ],
      [
        0.00011298430763417855,
        0.00008286356023745611
      ],
      [
        -0.000012459358913474716,
        -0.00015151244588196278
      ],
      [
        3.646461664175149e-6,
        -0.0000423698547820095
      ],
      [
        0.0001539600925752893,
        0.00008390209404751658
      ],
      [
        -0.0000937122676987201,
        -0.000177902722498402
      ],
      [
        0.00016335850523319095,
        -0.000016913332729018293
      ],
      [
        -0.000060926497098989785,
        0.00007731286314083263
      ],
      [
        0.0000266713832388632,
        -0.00010460361954756081
      ],
      [
        0.00012304096890147775,
        -0.0000979758842731826
      ],
      [
        -0.00004636739322450012,
        0.00008901857654564083
      ],
      [
        0.00007581925456179306,
        -0.00011876768985530362
      ],
      [
        0.00001740968946251087,
        -5.3331673370848875e-6
      ],
      [
        -0.00004345015622675419,
        0.00003400291461730376
      ],
      [
        0.000032625790481688455,
        7.791352800268214e-6
      ],
      [
        -3.5131322420056676e-6,
        -0.00005794344542664476
      ],
      [
        0.00006040446533006616,
        -6.267204753385158e-6
      ],
      [
        -0.000027483511075843126,
        -0.000010003541319747455
      ]
    ],
    "schema_version": 1,
    "stage": "time_mapped_pcm_before_effects",
    "start": 1423,
    "suppressed": []
  },
  "protocol": 1
}
