{
  "audio": {
    "project_id": "9285d538-981a-4b2b-a0d6-f70b27ca9f3e",
    "revision_id": "preserve-three-into-two",
    "samples": [
      [
        3.348068048580899e-6,
        3.2065102004708024e-6
      ],
      [
        3.798422767431475e-7,
        -3.8112978018034482e-6
      ],
      [
        -4.619431365426863e-6,
        -2.8896165460423617e-8
      ],
      [
        8.631672244518995e-6,
        1.2738852319671423e-6
      ],
      [
        -3.4234255963383475e-6,
        -4.448642812349135e-6
      ],
      [
        2.9873294238313974e-7,
        2.5504698442091467e-6
      ],
      [
        1.5379387150460389e-6,
        -1.6607300494797528e-6
      ],
      [
        1.6730547258703155e-7,
        -7.539240982623596e-7
      ],
      [
        1.841596372287313e-6,
        -7.016362815193133e-7
      ],
      [
        -3.370971626281971e-7,
        -1.7631355149205774e-6
      ],
      [
        1.8686693010749877e-6,
        2.0464333374548005e-6
      ],
      [
        -2.7334860988048604e-6,
        -2.4122500690282322e-6
      ],
      [
        3.553508349796175e-6,
        -1.768282913872099e-6
      ],
      [
        3.47248419529933e-6,
        2.0928600861225277e-6
      ],
      [
        -6.436699550249614e-6,
        -3.4371194033155916e-6
      ],
      [
        5.922966010984965e-6,
        1.7927681028595543e-6
      ],
      [
        -1.8937513459604816e-6,
        -2.3705688363406807e-6
      ],
      [
        3.092729230047553e-6,
        5.672645215781813e-7
      ],
      [
        -7.775445283186855e-7,
        -2.7777962259278866e-6
      ],
      [
        -9.266432243748568e-7,
        2.3812553990865126e-6
      ],
      [
        3.1675906484451843e-6,
        -1.8358105080551468e-6
      ],
      [
        -8.615820661361795e-7,
        -2.6797135888045887e-6
      ],
      [
        1.4570982784789521e-6,
        2.809763373079477e-6
      ],
      [
        1.3827958582623978e-6,
        -3.5151097108609974e-6
      ],
      [
        -2.6235570658172946e-6,
        1.7033679569067317e-6
      ],
      [
        2.0628401671274332e-6,
        -2.0691968529717997e-6
      ],
      [
        4.766510755871423e-6,
        -1.029431132337777e-6
      ],
      [
        -4.45671457782737e-6,
        1.5468122001038864e-6
      ],
      [
        -4.114608884719928e-7,
        -3.696574140121811e-6
      ],
      [
        6.74430702929385e-6,
        3.0528333354595816e-6
      ],
      [
        -4.949229150952306e-6,
        -3.6098047075938666e-6
      ],
      [
        2.9597558750538155e-6,
        -6.331210897769779e-7
      ],
      [
        1.4381627124748775e-6,
        2.9307318527571624e-6
      ],
      [
        -2.6215830075670965e-6,
        -5.245408829068765e-6
      ],
      [
        2.6784525744005805e-6,
        3.2310097139998106e-6
      ],
      [
        2.521261421861709e-6,
        -3.5067439512204146e-6
      ],
      [
        -2.5550298232701607e-6,
        1.137784465754521e-6
      ],
      [
        1.0942015933324e-6,
        -2.2196059035195503e-7
      ],
      [
        1.0801564940265962e-6,
        -3.101554739259882e-6
      ],
      [
        1.7070082094505779e-6,
        3.4028314530587522e-6
      ],
      [
        -2.9355041419876216e-7,
        -5.213872100284789e-6
      ],
      [
        -7.220253905870777e-7,
        3.1090232823771657e-6
      ],
      [
        1.8604123397381045e-6,
        -1.5873429219936952e-6
      ],
      [
        1.1248354212511913e-6,
        -1.7680908968031872e-6
      ],
      [
        -5.487334533427202e-7,
        3.7033939292996365e-7
      ],
      [
        1.317012902291026e-6,
        -7.350660524707564e-8
      ],
      [
        -1.748095428411034e-7,
        -1.360394435323542e-6
      ],
      [
        8.295429552163114e-7,
        -5.542478334064072e-7
      ],
      [
        2.033330446238324e-7,
        -5.384238122019269e-8
      ],
      [
        3.169674755554297e-6,
        -6.45837644697167e-7
      ],
      [
        -3.620017423600075e-6,
        -1.6709335568521055e-6
      ],
      [
        1.949974603121518e-6,
        2.0918616883136565e-6
      ],
      [
        3.0893781968188705e-6,
        -4.057349087815965e-6
      ],
      [
        -1.9386839085200336e-6,
        2.9528346203733236e-6
      ],
      [
        -2.072482772064177e-7,
        -4.206516678095795e-6
      ],
      [
        3.5747495985560818e-6,
        3.7712907214881852e-6
      ],
      [
        -2.447715587550192e-6,
        -4.300297860027058e-6
      ],
      [
        1.3386525097303092e-6,
        4.3042075503763044e-7
      ],
      [
        3.11915437123389e-6,
        1.9506992430251557e-6
      ],
      [
        -3.6694545997306705e-6,
        -4.752399490826065e-6
      ],
      [
        2.8115641725889873e-6,
        3.1656336432206444e-6
      ],
      [
        8.798915018815023e-7,
        -2.7359330942999804e-6
      ],
      [
        -5.104524234411656e-7,
        6.622925070587371e-7
      ],
      [
        1.64249695444596e-6,
        -1.53699159000098e-6
      ],
      [
        -1.2990404911761289e-6,
        3.130201378098718e-7
      ],
      [
        2.0108579974476015e-6,
        -6.089678805665244e-8
      ],
      [
        6.042394602445711e-7,
        -3.0421897463384084e-6
      ],
      [
        -3.9018664210743736e-7,
        3.1720603601570474e-6
      ],
      [
        8.997640179586597e-7,
        -3.4351915019215085e-6
      ],
      [
        1.2582555655171745e-6,
        5.109326934871206e-7
      ],
      [
        -1.911037543322891e-6,
        2.1200924038566882e-7
      ],
      [
        3.6249246022634907e-6,
        -2.5201570679200813e-6
      ],
      [
        -1.231076396379649e-7,
        2.517897200959851e-6
      ]
    ],
    "schema_version": 1,
    "stage": "time_mapped_pcm_before_effects",
    "start": 2845,
    "suppressed": []
  },
  "protocol": 1
}
