{
  "audio": {
    "project_id": "9285d538-981a-4b2b-a0d6-f70b27ca9f3e",
    "revision_id": "preserve-three-into-two",
    "samples": [
      [
        -0.000014549651496054139,
        -0.00001362710554531077
      ],
      [
        7.339449894061545e-6,
        5.575622708420269e-6
      ],
      [
        0.000025466024453635328,
        -3.829576144198654e-6
      ],
      [
        -0.000022693619030178525,
        -0.000018734814148047008
      ],
      [
        0.000023682865503360517,
        0.000014000474948261399
      ],
      [
        3.888581886712927e-6,
        -0.00001848825741035398
      ],
      [
        -0.000015301231542252935,
        -3.550258952600416e-6
      ],
      [
        0.000029028873541392386,
        8.085276022029575e-6
      ],
      [
        5.161047624824278e-7,
        -0.000022851329049444757
      ],
      [
        -0.000011772517609642819,
        7.31220779925934e-6
      ],
      [
        0.000018826309315045364,
        -5.625847734336276e-6
      ],
      [
        7.467242539860308e-6,
        -0.000013702999240194913
      ],
      [
        -5.700139809050597e-6,
        7.929149433039129e-6
      ],
      [
        4.11920836995705e-6,
        -0.00001401680401613703
      ],
      [
        0.00002740536001510918,
        2.1925154669588665e-6
      ],
      [
        -0.00003096772343269549,
        -0.000018519711375120096
      ],
      [
        0.000023876880732132122,
        0.000019490995327942073
      ]
    ],
    "schema_version": 1,
    "stage": "time_mapped_pcm_before_effects",
    "start": 2226,
    "suppressed": []
  },
  "protocol": 1
}
