{
  "audio": {
    "project_id": "9285d538-981a-4b2b-a0d6-f70b27ca9f3e",
    "revision_id": "preserve-three-into-two",
    "samples": [
      [
        0.0001417354797013104,
        0.00004450297637959011
      ],
      [
        -0.0002668410597834736,
        0.00007165307033574209
      ],
      [
        0.000023147960746427998,
        0.00012556876754388213
      ],
      [
        0.00006122630293248221,
        -0.0001369807869195938
      ],
      [
        0.000044786273065255955,
        -0.000025212277250830084
      ],
      [
        0.00011830779112642631,
        -0.00012175515439594164
      ],
      [
        -0.00016564331599511206,
        0.0002543762093409896
      ],
      [
        0.00016558339120820165,
        -0.00040014064870774746
      ],
      [
        0.00008103686559479684,
        0.00022999044449534267
      ],
      [
        -9.89722684607841e-6,
        -0.0002685106301214546
      ],
      [
        0.00007222705608000979,
        0.00010844787902897224
      ],
      [
        -7.362010364886373e-6,
        -0.00007539922808064148
      ],
      [
        0.000376285141101107,
        -0.0003254971234127879
      ],
      [
        -0.00030260777566581964,
        0.0001538971409900114
      ],
      [
        0.0004896864993497729,
        -0.0002508365723770112
      ],
      [
        -0.000010516094334889203,
        -0.00015645923849660903
      ],
      [
        0.0000224471150431782,
        -0.000039603914046892896
      ]
    ],
    "schema_version": 1,
    "stage": "time_mapped_pcm_before_effects",
    "start": 1278,
    "suppressed": []
  },
  "protocol": 1
}
