{
  "audio": {
    "project_id": "9285d538-981a-4b2b-a0d6-f70b27ca9f3e",
    "revision_id": "preserve-three-into-two",
    "samples": [
      [
        0.0000312121665047016,
        0.00009128434612648562
      ],
      [
        0.000017556392776896246,
        -0.00010295707761542872
      ],
      [
        0.00016138057981152087,
        8.494648682244588e-6
      ],
      [
        -0.00017126243619713932,
        -0.000012109405361115932
      ],
      [
        0.0000926611028262414,
        -0.00007603782432852313
      ],
      [
        0.00009103306365432218,
        0.00008238806913141161
      ],
      [
        -0.00006354180368361995,
        -0.0001343419135082513
      ],
      [
        0.000033903099392773584,
        -6.0142560869280715e-6
      ],
      [
        0.00015475360851269215,
        0.00005883158519282006
      ],
      [
        -0.00018375182116869837,
        -0.00013899187615606934
      ],
      [
        0.00012322301336098462,
        0.00004650857954402454
      ],
      [
        0.00014182030281517655,
        -0.000045531960495281965
      ],
      [
        -0.00019302857981529087,
        2.307796421519015e-6
      ],
      [
        0.00005955732558504678,
        7.985067895788234e-6
      ],
      [
        0.00009076675632968545,
        -0.00004627070666174404
      ],
      [
        0.000030747574783163145,
        -0.000051649589295266196
      ],
      [
        -0.000030456661988864653,
        5.175576461624587e-6
      ],
      [
        0.00003223299790988676,
        -0.000045093893277226016
      ],
      [
        0.00012136201257817447,
        -0.000034022636100417
      ],
      [
        -0.00013232350465841591,
        2.402724703642889e-6
      ],
      [
        0.00019899709150195122,
        -0.0000799759800429456
      ],
      [
        -0.000037518864701269194,
        -0.00001486854762333678
      ],
      [
        -0.000022067330064601265,
        0.000017325060980510898
      ],
      [
        0.00007056935282889754,
        -0.0000961259356699884
      ],
      [
        0.00009057417628355324,
        -3.062225914618466e-6
      ],
      [
        -0.00005051648986409418,
        -1.2548597396744299e-6
      ],
      [
        1.0819982207976864e-6,
        -0.000053502913942793384
      ],
      [
        0.00010677953832782805,
        -0.00004271991201676428
      ],
      [
        6.4945938902383205e-6,
        0.000020046332792844623
      ],
      [
        0.000015079236618475989,
        -0.00008913270721677691
      ],
      [
        0.000025376497433171608,
        4.949731646775035e-6
      ],
      [
        0.00004181037365924567,
        -0.00003418323467485607
      ],
      [
        0.00004097578130313195,
        -0.00001673610313446261
      ],
      [
        -0.00004290715151000768,
        -0.000053913445299258456
      ],
      [
        0.00014340451161842793,
        1.0578575029285275e-6
      ],
      [
        -0.00009744903218233958,
        -5.839931873197202e-6
      ],
      [
        0.00002470195795467589,
        -0.00005869220694876276
      ],
      [
        0.00008494322537444532,
        0.000041378556488780305
      ],
      [
        -0.00001711589538899716,
        -0.000023223677999339998
      ],
      [
        -0.00006737589137628675,
        -0.00006727503205183893
      ],
      [
        0.00014209526125341654,
        0.000040945746150100604
      ],
      [
        -0.000014331369129649829,
        -0.000045401640818454325
      ],
      [
        -4.949408776155906e-6,
        -0.00006799607945140451
      ],
      [
        0.000057571956858737394,
        0.00001581769720360171
      ],
      [
        -2.6690156573749846e-6,
        0.00003629868297139183
      ],
      [
        -0.000021205389202805236,
        -0.00012582828640006483
      ],
      [
        0.00007954203465487808,
        0.00008337177860084921
      ],
      [
        7.132141490728827e-6,
        -0.00006213944288901985
      ],
      [
        -0.00003678179200505838,
        -0.000030121547752059996
      ],
      [
        0.000033585856726858765,
        0.00004179677489446476
      ],
      [
        0.0000864474568516016,
        -0.00007438386819558218
      ],
      [
        -0.000047494384489255026,
        -0.000014126043424766976
      ],
      [
        0.00002301647145941388,
        -0.000012693002645391971
      ],
      [
        0.00007450721022905782,
        -0.000011788579286076128
      ],
      [
        -0.00006449319334933534,
        -0.000012199651791888755
      ],
      [
        0.00006964597559999675,
        -0.000049932139518205076
      ],
      [
        0.00011122930300189182,
        -0.00003779490361921489
      ],
      [
        -0.00014922475384082645,
        -2.3199402221507626e-6
      ],
      [
        0.0001763094769557938,
        -0.0000172984891833039
      ],
      [
        -0.0000508415287185926,
        -0.00006749993917765096
      ],
      [
        -0.000011369817002560012,
        0.00010444139479659498
      ],
      [
        0.00003995128281530924,
        -0.00014795617607887834
      ],
      [
        0.00006560346810147166,
        0.000035913759347749874
      ],
      [
        -0.00005520166814676486,
        0.00001604106910235714
      ],
      [
        0.00007134690531529486,
        -0.0001281765435123816
      ],
      [
        0.00008517292008036748,
        0.000047824960347497836
      ],
      [
        -0.0001655407395446673,
        4.6481377466989215e-6
      ],
      [
        0.00021908133930992335,
        -0.00008194518886739388
      ],
      [
        -0.00008996059477794915,
        0.000013452147868520115
      ],
      [
        -1.9546043859008932e-6,
        -5.810861239297083e-6
      ],
      [
        0.0001464787492295727,
        -0.0000535361141373869
      ],
      [
        -0.00014684298366773874,
        -0.00003242670572944917
      ],
      [
        0.00017921152175404131,
        0.00005252256232779473
      ],
      [
        -0.00009033849346451461,
        -0.00012404324661474675
      ],
      [
        0.00010748607019195333,
        0.000018204698790214024
      ],
      [
        -0.000010867024684557691,
        -0.00001977588726731483
      ],
      [
        9.356800546811428e-6,
        -0.000016964228052529506
      ],
      [
        0.000048303307266905904,
        -0.00004703308150055818
      ],
      [
        0.00002318320912308991,
        -0.00004268829070497304
      ],
      [
        0.00007441279740305617,
        0.000011441061360528693
      ],
      [
        -0.00010636089427862316,
        -0.00004574290505843237
      ],
      [
        0.00015696737682446837,
        -0.000035525241401046515
      ],
      [
        -8.315263585245702e-6,
        0.00002051759474852588
      ],
      [
        -0.00007014056609477848,
        -0.00011096853268099949
      ],
      [
        0.00021413456124719232,
        0.000052204253734089434
      ],
      [
        -0.00016525413957424462,
        -0.00004495407847571187
      ],
      [
        0.0000976674200501293,
        -0.0000499331254104618
      ],
      [
        0.00012386123125907034,
        -0.00002807342207233887
      ],
      [
        -0.0001350982638541609,
        -0.000010741911864897702
      ],
      [
        0.00012452277587726712,
        -0.00002207604848081246
      ],
      [
        -0.000010471740097273141,
        -0.00002911832598329056
      ],
      [
        0.000017089954781113192,
        -0.000030150213206070475
      ],
      [
        0.00004104337494936772,
        -0.00001627660276426468
      ],
      [
        -0.000025109280613833107,
        0.000028361604563542642
      ],
      [
        0.000035537537769414485,
        -0.00005340065399650484
      ],
      [
        -0.00004873128273175098,
        -6.572510756086558e-6
      ],
      [
        0.00019094059825874865,
        9.800154657568783e-6
      ],
      [
        -0.0001692661753622815,
        -0.0001324423064943403
      ],
      [
        0.0001413202699040994,
        0.00011702819756465033
      ],
      [
        0.00006131111149443313,
        -0.00015452029765583575
      ],
      [
        -0.00011697388981701806,
        0.000018180669940193184
      ],
      [
        0.00015329748566728085,
        0.000032855419703992084
      ],
      [
        -0.00006777673843316734,
        -0.00005889636304345913
      ],
      [
        0.00003474799814284779,
        -0.000014687325347040314
      ],
      [
        0.000013861222214472946,
        -0.000027874097213498317
      ],
      [
        0.00008867117139743641,
        4.695181360148126e-6
      ],
      [
        -0.00005962865907349624,
        -0.000037206376873655245
      ],
      [
        -0.000054386913689086214,
        0.00001040825736708939
      ],
      [
        0.00019876639998983592,
        0.000016009782484616153
      ],
      [
        -0.00014822513912804425,
        -0.00011693601118167862
      ],
      [
        0.00011917581286979839,
        0.000046746226871619
      ],
      [
        0.00001581684591656085,
        -0.00002677099655556958
      ],
      [
        -0.00003702804315253161,
        -0.0000473933650937397
      ],
      [
        0.00009040774602908641,
        -0.000028167689379188232
      ],
      [
        0.000020205759938107803,
        -0.000026518289814703166
      ],
      [
        -2.0099739685974782e-6,
        0.0000182574221980758
      ],
      [
        -0.00004489852653932758,
        -0.000017855812984635122
      ],
      [
        0.00005865629282197915,
        -0.000041841514757834375
      ],
      [
        0.000048105586756719276,
        0.00006115623546065763
      ],
      [
        -0.00003076732173212804,
        -0.00012891758524347097
      ],
      [
        0.00003169879346387461,
        0.00003122799171251245
      ],
      [
        0.00006617881444981322,
        -1.964955799849122e-6
      ],
      [
        0.000010834462955244817,
        -0.00009591905836714432
      ],
      [
        -3.0179926397977397e-6,
        -0.000020838493583141826
      ],
      [
        0.00010237476817565039,
        0.00005601041266345419
      ],
      [
        -0.00007847887900425121,
        -0.000096039759228006
      ],
      [
        0.00009770705219125375,
        -0.00007574854680569842
      ],
      [
        0.00006782741547795013,
        0.00006746920553268865
      ],
      [
        -0.00005860041346750222,
        -0.00005745450107497163
      ],
      [
        -5.913231234444538e-6,
        -0.00006265387492021546
      ],
      [
        0.00011603487655520439,
        0.0000730362007743679
      ],
      [
        -0.000030186152798705734,
        -0.00009796038648346439
      ],
      [
        0.00003478686630842276,
        -0.00005498812242876738
      ],
      [
        0.00003313072011223994,
        0.0000886854249984026
      ],
      [
        2.5422182261536364e-6,
        -0.00010989661677740514
      ],
      [
        0.00006054513141862117,
        -0.00007009338878560811
      ],
      [
        0.00003290714812465012,
        0.00009431240323465317
      ],
      [
        -0.000016416437574662268,
        -0.00013577056233771145
      ],
      [
        0.00003118070526397787,
        0.000053845596994506195
      ],
      [
        0.0000648100976832211,
        -0.00006719659722875804
      ],
      [
        -0.00003334360008011572,
        -0.000039562710298923776
      ],
      [
        0.0000705103375366889,
        0.000088570719526615
      ],
      [
        -0.00003850082794087939,
        -0.0001243093574885279
      ],
      [
        -0.000025293738872278482,
        0.00003295986607554369
      ],
      [
        0.00021349535381887108,
        9.716765816847328e-6
      ],
      [
        -0.00017772494175005704,
        -0.00016662826237734407
      ],
      [
        0.0002340678620385006,
        0.000051631388487294316
      ],
      [
        -0.0001091885133064352,
        -4.5302213038667105e-6
      ],
      [
        0.0000461510535387788,
        -0.0001158616432803683
      ],
      [
        0.00011195172555744648,
        0.000027736639822251163
      ],
      [
        -0.00010140955419046804,
        0.00003667447890620679
      ],
      [
        0.00011065028957091272,
        -0.00012268875434529036
      ],
      [
        -0.00007827674562577158,
        0.00005928026439505629
      ],
      [
        0.0001315844856435433,
        -0.000026993429855792783
      ],
      [
        -0.00005868846710654907,
        -0.00004856340819969773
      ],
      [
        0.000041003473597811535,
        -0.00004046014873893
      ],
      [
        0.00008635237463749945,
        0.000027082125598099083
      ],
      [
        -0.000152817607158795,
        -0.00003562180427252315
      ],
      [
        0.00021691106667276472,
        -0.00002539412525948137
      ],
      [
        -0.00014388545241672546,
        0.00004182633711025119
      ],
      [
        0.00008950043411459774,
        -0.00009885948384180665
      ],
      [
        0.00003223785824957304,
        0.000026876079573412426
      ],
      [
        0.000010480972377990838,
        -0.000051076814997941256
      ],
      [
        -0.00005696043444913812,
        0.00004470458588912152
      ],
      [
        -0.00009319521632278338,
        0.00018104800255969167
      ],
      [
        -0.00008401392551604658,
        -0.00004826628355658613
      ],
      [
        0.00012054090620949864,
        -0.00001691044781182427
      ],
      [
        0.000014765081687073689,
        -0.000018938642824650742
      ],
      [
        -9.179912581203098e-7,
        -0.000029845834433217533
      ],
      [
        -0.00004557652573566884,
        -2.780392605927773e-6
      ],
      [
        0.00015639276534784585,
        7.018896212684922e-6
      ],
      [
        -0.00010560126247582957,
        -0.00007135685154935345
      ],
      [
        0.00004889623960480094,
        0.000016995649275486358
      ],
      [
        0.000060844049585284665,
        0.00004117875869269483
      ],
      [
        -0.00007994980114744976,
        -0.00012611177226062864
      ],
      [
        0.00007169644959503785,
        0.00006951652903808281
      ],
      [
        0.0000793768631410785,
        -0.00004089965659659356
      ],
      [
        -0.00004745772821479477,
        -0.00008529819751856849
      ],
      [
        0.00004142697434872389,
        0.00002613749347801786
      ],
      [
        0.00006363171269185841,
        -0.000015900248399702832
      ],
      [
        -0.00003645773176685907,
        -0.00003311068212497048
      ],
      [
        0.00002168040555261541,
        -0.000020224793843226507
      ],
      [
        8.346693903149571e-6,
        0.00006606327224289998
      ],
      [
        -0.0001140692547778599,
        0.000029312803235370666
      ],
      [
        -0.00001616169720364269,
        0.00004177595837973058
      ],
      [
        0.00010861357441172004,
        -0.00004258684202795848
      ],
      [
        -0.00006133481656434014,
        -0.00003842303704004735
      ],
      [
        0.00006827661854913458,
        4.016990715172142e-6
      ],
      [
        -6.552004947479872e-7,
        -0.00003816683965851553
      ],
      [
        0.000038001773646101356,
        -0.00001842218807723839
      ],
      [
        0.0000343971696565859,
        2.2715184968546964e-6
      ],
      [
        -6.883672540425323e-6,
        -0.0001093645187211223
      ],
      [
        0.00004827569136978127,
        0.00007155533239711076
      ],
      [
        -2.7610424240265274e-6,
        -0.000033684053050819784
      ],
      [
        0.000020460389350773767,
        -0.00006802602729294449
      ],
      [
        0.000010637977538863197,
        0.00004391395123093389
      ],
      [
        0.00006311089236987755,
        -0.00001483650612499332
      ],
      [
        -0.00009790408512344584,
        -0.00006536857108585536
      ],
      [
        0.00010227630991721526,
        0.0000680793818901293
      ],
      [
        5.7054621720453724e-6,
        -0.00002781648981908802
      ],
      [
        -0.00005129017881699838,
        -0.00010114158067153767
      ],
      [
        0.00006541857874253765,
        0.00010906394891208038
      ],
      [
        -0.000058496832934906706,
        0.000019593639080994762
      ],
      [
        5.3808907978236675e-6,
        -0.00009744809358380735
      ],
      [
        0.00007696474494878203,
        0.00004438148607732728
      ],
      [
        -0.0000254632923315512,
        -0.00003210707291145809
      ],
      [
        0.00003214012031094171,
        -0.00003923940676031634
      ],
      [
        8.320303095388226e-6,
        -2.774079803202767e-6
      ],
      [
        0.00003724359339685179,
        0.000018357035514782183
      ],
      [
        -0.00002818881330313161,
        -0.0000641717851976864
      ],
      [
        0.000014396443475561682,
        0.000046408564230659977
      ],
      [
        0.00003077133806073107,
        -0.00005185725967749022
      ],
      [
        0.00005067852544016205,
        -0.000033177431760123
      ],
      [
        -0.0000302516946248943,
        0.00001924402022268623
      ],
      [
        0.00002412170397292357,
        -0.000051620369049487635
      ],
      [
        0.00002841804234776646,
        0.00004517162960837595
      ],
      [
        -0.000019422646801103838,
        -0.000048846482968656346
      ],
      [
        0.00005842577593284659,
        -0.00006529827078338712
      ],
      [
        0.00003116065636277199,
        0.00007785607158439234
      ],
      [
        -0.00007835326687199995,
        -0.00009393701475346461
      ],
      [
        0.00014827970881015062,
        -0.00002385453444730956
      ],
      [
        -0.000028573333111125976,
        5.476307478602394e-7
      ],
      [
        0.00002946106542367488,
        -0.00004137553332839161
      ],
      [
        8.001542482816149e-6,
        -0.000021064161046524532
      ],
      [
        -1.813844846765278e-6,
        0.00002592905002529733
      ],
      [
        0.000029201377401477657,
        -0.00003134798680548556
      ],
      [
        0.000012393141332722735,
        -0.000025581713998690248
      ],
      [
        7.012909463810502e-6,
        5.59620957574225e-6
      ],
      [
        9.06726472749142e-6,
        -0.000013860696526535321
      ],
      [
        0.000024914506866480224,
        -0.000046293447667267174
      ],
      [
        0.000030188142773113213,
        5.581322966463631e-6
      ],
      [
        -0.00002638796104292851,
        6.337062131933635e-6
      ],
      [
        0.000059880407206946984,
        -0.00004290600190870464
      ],
      [
        -0.000016771598893683404,
        -0.000039470905903726816
      ],
      [
        0.000034872697142418474,
        0.00004204394281259738
      ],
      [
        0.00003116246807621792,
        -0.0000709927553543821
      ],
      [
        5.55821725356509e-6,
        0.000012930279808642808
      ],
      [
        -0.00004868636096944101,
        -0.000012876327673438936
      ],
      [
        0.00010333659884054214,
        -0.00002403367579972837
      ],
      [
        -0.000024680779461050406,
        0.000018278127754456364
      ],
      [
        -0.000026506824724492617,
        -0.00006574913277290761
      ],
      [
        0.00008655655983602628,
        0.00004782966789207421
      ],
      [
        -0.000028292566639720462,
        -0.00004226801320328377
      ],
      [
        -0.000012017690096399747,
        -0.00008561714639654383
      ],
      [
        0.00012872992374468595,
        0.00012476032134145498
      ],
      [
        -0.00009616970055503771,
        -0.00012843507283832878
      ],
      [
        0.00003337293674121611,
        -0.00002189341284974944
      ],
      [
        0.0000838499327073805,
        0.00006346949521685019
      ],
      [
        -0.000042605428461683914,
        -0.00006840597052359954
      ],
      [
        0.000010687363101169467,
        -0.000024668806872796267
      ],
      [
        0.000045288645196706057,
        0.00002569086427683942
      ],
      [
        -0.000026928608349408023,
        -0.000025407840439584106
      ],
      [
        0.0000447641359642148,
        -0.00004428175452630967
      ],
      [
        2.9019993235124275e-6,
        0.000027373711418476887
      ],
      [
        0.000029534972782130353,
        -0.000016122912711580284
      ],
      [
        -0.00003020846634171903,
        -0.00006902557652210817
      ]
    ],
    "schema_version": 1,
    "stage": "time_mapped_pcm_before_effects",
    "start": 1536,
    "suppressed": []
  },
  "protocol": 1
}
