{
  "audio": {
    "project_id": "9285d538-981a-4b2b-a0d6-f70b27ca9f3e",
    "revision_id": "preserve-three-into-two",
    "samples": [
      [
        -2.6326081297156634e-6,
        -3.7627676192641957e-6
      ],
      [
        4.0488944250682835e-6,
        1.5001406836745446e-6
      ],
      [
        -9.574953274693598e-9,
        -1.4597397957061276e-8
      ],
      [
        -1.7899636759466375e-6,
        -3.052450892937486e-6
      ],
      [
        3.574035190467839e-6,
        2.210890443166136e-6
      ],
      [
        -1.6692648614480277e-6,
        -1.3183440614739084e-6
      ],
      [
        -1.9599201550590806e-7,
        -1.8614182408782654e-6
      ],
      [
        3.822455710178474e-6,
        1.6584543800490792e-6
      ],
      [
        -2.33342029787309e-6,
        -1.455331243960245e-6
      ],
      [
        9.809440371100209e-7,
        -1.011606059364567e-6
      ],
      [
        3.4420148153913033e-7,
        -2.9757714514744293e-8
      ],
      [
        1.748089289321797e-6,
        4.774906301463488e-7
      ],
      [
        -5.730718726226769e-7,
        -2.6102100036951015e-6
      ],
      [
        9.661815738581936e-7,
        1.8341161194257438e-6
      ],
      [
        -8.06432410627167e-7,
        -2.6244481432513567e-6
      ],
      [
        2.0310590116423555e-6,
        1.7038164514815435e-6
      ],
      [
        1.1359873752780913e-7,
        -2.620314035084448e-6
      ],
      [
        3.4865686870944046e-7,
        1.1989654922217596e-6
      ],
      [
        1.675973635428818e-7,
        -9.439210657546937e-7
      ],
      [
        1.537685818675527e-7,
        -1.7401968079866492e-6
      ],
      [
        1.0353268180551822e-6,
        2.1346870653360384e-6
      ],
      [
        1.781260039024346e-6,
        -2.9060279302939307e-6
      ],
      [
        -1.717615873531031e-6,
        8.489366223329853e-7
      ],
      [
        -3.191620407960727e-7,
        -9.646873877500184e-7
      ],
      [
        4.189028004475404e-6,
        8.238146165240323e-8
      ],
      [
        -3.1836027574172476e-6,
        -1.185291125693766e-6
      ],
      [
        3.1387005492433673e-6,
        9.749965101946145e-7
      ],
      [
        -2.452690068821539e-6,
        -2.7917192255699774e-6
      ],
      [
        3.077934707107488e-6,
        2.020493184318184e-6
      ],
      [
        -1.0523522178118583e-6,
        -2.146418410120532e-6
      ],
      [
        2.0976842733944068e-6,
        1.0778077808026865e-7
      ],
      [
        -1.1226389915464097e-6,
        -3.0298619435598084e-7
      ],
      [
        3.6262895264371764e-7,
        -7.165563147282228e-7
      ],
      [
        6.908579734954401e-7,
        -1.120943238674954e-6
      ],
      [
        2.703711516005569e-6,
        2.1648577330779517e-6
      ],
      [
        -2.310139279870782e-6,
        -4.247540800861316e-6
      ],
      [
        1.0298381170059656e-7,
        2.281048182339873e-6
      ],
      [
        2.2608323888562154e-6,
        -8.314523256558459e-7
      ],
      [
        1.1064304317187634e-6,
        -1.446772785129724e-6
      ],
      [
        -2.663138047864777e-6,
        2.7596857421485765e-7
      ],
      [
        3.4594195312820375e-6,
        2.1173258346607327e-7
      ],
      [
        -1.2147440884291427e-6,
        -2.228644007118419e-6
      ],
      [
        -4.83337771584047e-7,
        7.282414458131825e-7
      ],
      [
        4.158828687650384e-6,
        1.136404989665607e-6
      ],
      [
        -2.7669168503052788e-6,
        -4.31253874921822e-6
      ],
      [
        -1.3539722942823573e-7,
        2.9411046398308827e-6
      ],
      [
        2.463924374751514e-6,
        -1.2753855571645545e-6
      ],
      [
        3.8085448750280193e-7,
        -1.6267449609586038e-6
      ],
      [
        4.092487699836056e-7,
        1.487097620156419e-6
      ],
      [
        -2.7610660708887735e-6,
        -2.516649601602694e-6
      ],
      [
        5.394085292209638e-6,
        1.722794536362926e-6
      ],
      [
        -2.9587656626972603e-6,
        -2.527526021367521e-6
      ],
      [
        1.1796508943007211e-6,
        1.40886197641521e-6
      ],
      [
        2.1091680082463427e-6,
        -1.0299008863512427e-6
      ],
      [
        -2.9476364034053404e-6,
        -1.8585395764603163e-6
      ],
      [
        2.7878011223947397e-6,
        2.0783525087608723e-6
      ],
      [
        5.00660917168716e-7,
        -1.8358387023909017e-6
      ],
      [
        4.2189910232082184e-7,
        -4.700309546024073e-7
      ],
      [
        -1.7628482282816549e-6,
        -1.614452429521407e-7
      ],
      [
        2.097782271448523e-6,
        -2.42642471448562e-7
      ],
      [
        1.8306587890037918e-6,
        -3.166779833918554e-7
      ],
      [
        -2.362988425375079e-6,
        -1.0440771802677773e-6
      ],
      [
        1.9943524875998264e-6,
        3.191573796357261e-7
      ],
      [
        -3.494424163363874e-7,
        -7.96202016317693e-7
      ],
      [
        1.3066662631899817e-6,
        -3.9320548239629716e-7
      ],
      [
        -8.75069872563472e-7,
        -3.6456773955251265e-7
      ],
      [
        2.477126372468774e-6,
        2.4332126713488833e-7
      ],
      [
        -2.0100562778679887e-6,
        -1.4956921177144977e-6
      ],
      [
        7.890989763836842e-7,
        -4.5010290250502294e-7
      ],
      [
        2.6664956749300472e-6,
        1.630485598980158e-6
      ],
      [
        -1.9223496110498672e-6,
        -2.4887933705031173e-6
      ],
      [
        1.0211778089797008e-6,
        -6.830177312622254e-7
      ],
      [
        -6.12513204600873e-8,
        2.3366662844637176e-6
      ],
      [
        1.7487853938291664e-6,
        -3.5381010548007907e-6
      ],
      [
        -4.918695708511223e-7,
        1.566689093124296e-6
      ],
      [
        -5.616684575215913e-7,
        -1.0885322581088985e-6
      ],
      [
        3.0821577183814952e-6,
        1.0145396345251356e-7
      ],
      [
        -3.406765927138622e-6,
        -1.4246506907511503e-6
      ],
      [
        3.586448883652338e-6,
        6.216646397660952e-7
      ],
      [
        -2.6229871608052235e-8,
        -2.500463480714643e-8
      ],
      [
        -2.0375539406813914e-6,
        -2.0734771624120185e-6
      ],
      [
        3.066607405344257e-6,
        1.3415381090453593e-6
      ],
      [
        -9.355293855151103e-7,
        -1.6768689192758757e-6
      ],
      [
        8.214144031626347e-7,
        1.3883274050385808e-6
      ],
      [
        2.252530180157919e-7,
        -2.5852118596958462e-6
      ],
      [
        -4.5490065048170436e-8,
        6.650384420936462e-7
      ],
      [
        1.2590249980348744e-6,
        1.1241397714911727e-6
      ],
      [
        -7.669144679312012e-7,
        -3.514756599543034e-6
      ],
      [
        1.6661684867358417e-6,
        1.876546889434394e-6
      ],
      [
        -5.985165216770838e-7,
        1.780162932618623e-7
      ],
      [
        4.548610093024763e-7,
        -2.4212258722400293e-6
      ],
      [
        4.0803723777571577e-7,
        -4.292024584628962e-7
      ],
      [
        1.0393811180620105e-6,
        3.5452567317406647e-6
      ],
      [
        -3.183390617778059e-7,
        -5.155713552085217e-6
      ],
      [
        -2.995611509959417e-7,
        1.0513243751120172e-6
      ],
      [
        2.183733386118547e-6,
        2.4002299596759258e-6
      ],
      [
        -1.3327072565516573e-6,
        -4.352750238467706e-6
      ],
      [
        7.698715762671782e-7,
        1.8725044128586887e-6
      ],
      [
        1.5426115851369104e-6,
        -2.368813056818908e-7
      ],
      [
        -1.6643704157104366e-6,
        -1.0931969427474542e-6
      ],
      [
        1.727710241539171e-6,
        -5.495790560416935e-7
      ],
      [
        -4.0981532833939127e-7,
        3.749791588347762e-9
      ],
      [
        2.054777951343567e-6,
        1.2614141269295942e-6
      ],
      [
        -2.4220062186941504e-6,
        -3.628891136031598e-6
      ],
      [
        1.6329926211255952e-6,
        1.6437181784567656e-6
      ],
      [
        2.429673031656421e-6,
        5.36883533186483e-7
      ],
      [
        -3.975983872805955e-6,
        -2.25162148126401e-6
      ],
      [
        3.9980704968911596e-6,
        3.613172907535045e-7
      ],
      [
        -3.712000875566446e-7,
        2.4897738626350474e-7
      ],
      [
        -2.2524025098391576e-6,
        -9.418895956514461e-7
      ],
      [
        3.936404482374201e-6,
        -5.879064701730385e-7
      ],
      [
        -1.5179163028733456e-6,
        4.569384373098728e-7
      ],
      [
        5.767387847299688e-7,
        1.0078930579027201e-8
      ],
      [
        -7.48405909689609e-7,
        -2.745190386121976e-6
      ],
      [
        2.4791870600893162e-6,
        2.236972477476229e-6
      ],
      [
        -5.115259682497708e-7,
        -3.0138656370581884e-7
      ],
      [
        -1.2716377568722237e-6,
        -2.2851306766824564e-6
      ],
      [
        2.8266163099033292e-6,
        4.763729464229982e-7
      ],
      [
        -1.3698216889679315e-6,
        9.471580710851413e-7
      ],
      [
        5.942409302406304e-7,
        -1.7228744582098443e-6
      ],
      [
        1.0870257938222494e-6,
        -3.25161863656831e-7
      ],
      [
        -1.09092304967362e-7,
        9.924152664098074e-7
      ],
      [
        -6.195098762873386e-7,
        -1.938287141456385e-6
      ],
      [
        1.1541490039235214e-6,
        2.0502511688391678e-7
      ],
      [
        1.6444192851849948e-6,
        7.526547847191978e-7
      ],
      [
        -2.3848097043810412e-6,
        -1.1643361403912422e-6
      ],
      [
        1.990541704799398e-6,
        -1.2583016086864518e-6
      ],
      [
        -3.1948948731042037e-7,
        7.67791334510548e-7
      ],
      [
        1.4119318620942067e-6,
        9.641941005611443e-7
      ],
      [
        -1.1537182444953942e-6,
        -3.1914428291202057e-6
      ],
      [
        8.757127147873689e-7,
        1.7285495914620697e-6
      ],
      [
        8.449765118712094e-7,
        -8.198962291317002e-7
      ],
      [
        -9.789664545678534e-7,
        -7.475620691366203e-7
      ],
      [
        1.9699398308148375e-6,
        8.731053071642236e-7
      ],
      [
        -8.662623827149218e-7,
        -1.4898159861331806e-6
      ],
      [
        4.261735284671886e-7,
        1.165741778663687e-7
      ],
      [
        7.320951311839963e-8,
        -5.65085940706922e-7
      ],
      [
        1.2133494919908117e-6,
        2.9515351229747466e-7
      ],
      [
        5.290309559313755e-7,
        3.3202869076376373e-7
      ],
      [
        -2.4422658952971688e-6,
        -2.9171503683755873e-6
      ],
      [
        3.5425289297563722e-6,
        1.9949891338910675e-6
      ],
      [
        -1.0401267900306266e-6,
        -1.2217263645197818e-7
      ],
      [
        1.3254040709398396e-7,
        -1.8667004724193248e-6
      ],
      [
        1.6661111601479206e-7,
        8.565886560063518e-7
      ],
      [
        1.2216759159855428e-6,
        -4.0070332829600375e-7
      ],
      [
        -1.0064085245176102e-6,
        -1.66774634635658e-6
      ],
      [
        9.519292802906421e-7,
        2.380387513767346e-6
      ],
      [
        1.4061861293157563e-6,
        -1.8744384533420089e-6
      ],
      [
        -2.264649765493232e-6,
        -1.5461690736628952e-6
      ],
      [
        1.9139963569614338e-6,
        2.229330448244582e-6
      ],
      [
        6.309422815320431e-7,
        -1.7560258811499807e-6
      ],
      [
        -2.98400408382804e-7,
        1.0495249824771236e-7
      ],
      [
        -2.680123145637481e-7,
        1.713315356255407e-7
      ],
      [
        6.28299687832623e-7,
        -2.0094532828807132e-6
      ],
      [
        1.534364059807558e-6,
        1.545209897813038e-6
      ],
      [
        -1.885416509139759e-6,
        -1.0007924089450171e-7
      ],
      [
        1.8002489241553121e-6,
        -1.8091888023263891e-6
      ],
      [
        5.952520254481897e-8,
        3.969680051341129e-7
      ],
      [
        -6.90396120717196e-7,
        1.6913612910229858e-7
      ],
      [
        1.2661610071518226e-6,
        -1.0005350077335606e-6
      ],
      [
        7.31696957245731e-7,
        1.061878265318228e-6
      ],
      [
        -1.5721100226073759e-6,
        -1.8188239891969715e-6
      ],
      [
        1.6348586768799578e-6,
        -6.954434894623773e-8
      ],
      [
        1.1163353974552592e-7,
        4.678208824770991e-7
      ],
      [
        5.491642127708474e-7,
        2.8868132062598306e-7
      ],
      [
        -1.0960624194922275e-6,
        -1.963729346243781e-6
      ],
      [
        1.6522157011422678e-6,
        5.066785320195777e-7
      ],
      [
        1.4426527172872738e-7,
        8.830816256022445e-8
      ],
      [
        -1.0539444019741495e-6,
        -7.076321821841702e-7
      ],
      [
        2.2594410893361783e-6,
        8.162849667314731e-7
      ],
      [
        -1.382157847729104e-6,
        -2.2263245682552224e-6
      ],
      [
        6.292984835454263e-7,
        1.0176144087381545e-6
      ],
      [
        8.567124609726307e-7,
        -1.49505780200343e-7
      ],
      [
        -1.8628773545970034e-7,
        -5.921609158576757e-7
      ],
      [
        3.354582531756023e-7,
        4.045852222134272e-7
      ],
      [
        -6.292966077126039e-7,
        -2.1817022570758127e-6
      ],
      [
        2.451068894515629e-6,
        1.583022708473436e-6
      ],
      [
        -2.1920711787970504e-6,
        -2.673635712824307e-8
      ],
      [
        1.50782420860196e-6,
        -1.3028070497966837e-6
      ],
      [
        4.7530190272482287e-7,
        -5.348589411369176e-7
      ],
      [
        -6.846589712949935e-7,
        8.684137924319657e-7
      ],
      [
        6.373720680130646e-7,
        -8.45405054406001e-7
      ],
      [
        9.880095603875816e-7,
        9.912884024743107e-8
      ],
      [
        -8.986294801616168e-7,
        -3.516935009884037e-7
      ],
      [
        2.7662994739330315e-7,
        -8.822099175631593e-7
      ],
      [
        1.727689777908381e-6,
        2.2333841442900848e-8
      ],
      [
        -1.5620626072632149e-6,
        1.1135298336739652e-6
      ],
      [
        8.870331953403365e-7,
        -1.4206229934643488e-6
      ],
      [
        9.134101333074796e-7,
        -1.3265516827232204e-6
      ],
      [
        -8.395698500862636e-7,
        1.6540388969588093e-6
      ],
      [
        7.882659929236979e-7,
        -4.889406568509003e-7
      ],
      [
        2.6086405569003546e-7,
        -1.1269665947111207e-6
      ],
      [
        1.305279226926359e-7,
        3.0144684615152073e-7
      ],
      [
        -2.9393143918809983e-8,
        -2.363994013876436e-7
      ],
      [
        8.167175451490039e-7,
        -8.655717920191819e-7
      ],
      [
        -5.19522814101947e-7,
        1.1583381365198875e-6
      ],
      [
        1.1555349601621856e-6,
        -7.201676908152876e-7
      ],
      [
        -9.849317166299443e-7,
        -2.054238166238065e-6
      ],
      [
        1.442526468053984e-6,
        2.2746837657905417e-6
      ],
      [
        -3.716675962550653e-7,
        -1.2619698281923775e-6
      ],
      [
        -9.025267644346968e-8,
        8.590263433916334e-8
      ],
      [
        7.961480719131941e-7,
        -1.1426096762079396e-6
      ],
      [
        3.5366738870834524e-7,
        5.104450906401325e-7
      ],
      [
        -5.899727852920478e-7,
        1.3966599965442583e-7
      ],
      [
        4.632369154933258e-7,
        -9.905191973302863e-7
      ],
      [
        1.4080075061428943e-6,
        5.259506679067272e-7
      ],
      [
        -1.6733914662836469e-6,
        -1.1449901649029925e-6
      ],
      [
        1.2283277328606346e-6,
        1.9530705230863532e-7
      ],
      [
        7.677042503928533e-7,
        4.436807614638383e-7
      ],
      [
        -1.1074702115365653e-6,
        -6.458355414906691e-7
      ],
      [
        8.981518817563483e-7,
        -1.0796915148603148e-6
      ],
      [
        7.066508374009572e-7,
        7.452802037732909e-7
      ],
      [
        -4.518955449839268e-7,
        3.729093833726438e-8
      ],
      [
        -5.79676566303533e-7,
        -1.0810601906996453e-6
      ],
      [
        2.7445830710348673e-6,
        5.439682695396186e-7
      ],
      [
        -2.6066068130603526e-6,
        -1.0442510074426536e-6
      ],
      [
        1.6727025240470539e-6,
        4.854649091612373e-7
      ],
      [
        4.3833162521877966e-7,
        -9.915545717831264e-8
      ],
      [
        -1.1627339517872315e-6,
        -7.288020924534067e-7
      ],
      [
        2.009711124628666e-6,
        -1.1296006618977117e-7
      ],
      [
        -1.3231875755082e-6,
        7.591287953800929e-8
      ],
      [
        8.673766842548503e-7,
        -6.193200192683435e-7
      ],
      [
        3.9671451190770313e-7,
        6.222582555892586e-7
      ],
      [
        -3.104829033873102e-7,
        -1.1101780046374188e-6
      ],
      [
        5.022027949053154e-7,
        -2.7840764005304663e-7
      ],
      [
        2.531722600451758e-7,
        9.786301689018728e-7
      ],
      [
        1.2848504127305205e-7,
        -1.2872409342890023e-6
      ],
      [
        -4.057848741467751e-7,
        -1.548547174934356e-7
      ],
      [
        1.7244493619728019e-6,
        7.787737104081316e-7
      ],
      [
        -1.4150539300317178e-6,
        -1.6010812942113262e-6
      ],
      [
        7.643162689419114e-7,
        7.932866878945788e-7
      ],
      [
        6.155148639663821e-7,
        -1.962252866860581e-7
      ],
      [
        -1.1786695353066534e-7,
        -8.050028554862365e-7
      ],
      [
        -2.075945246815536e-7,
        2.00783574655361e-7
      ],
      [
        7.299740900634788e-7,
        -1.370326430105706e-7
      ],
      [
        2.830592791269737e-7,
        -3.699620663155656e-7
      ],
      [
        -4.669944644319912e-7,
        -9.333135864153519e-8
      ],
      [
        5.709478045901051e-7,
        -2.3296571782793762e-7
      ],
      [
        7.400996651085734e-7,
        2.454107850269338e-8
      ],
      [
        -9.741332860357943e-7,
        -7.676952691326733e-7
      ],
      [
        7.885043942224002e-7,
        4.0645423382557055e-7
      ],
      [
        8.736353152016818e-7,
        -8.546780350116023e-8
      ],
      [
        -1.206047045343439e-6,
        -8.724616122890438e-7
      ],
      [
        1.1175505960636656e-6,
        2.2612822192513704e-7
      ],
      [
        4.9474056851295245e-8,
        -4.016436250253719e-8
      ],
      [
        2.4388240760231383e-8,
        -5.180321522857412e-7
      ],
      [
        4.2094345076293394e-7,
        3.6716755857924e-7
      ],
      [
        -6.96722793236404e-7,
        -9.88659508038836e-7
      ],
      [
        2.1107023258082336e-6,
        2.907405303176347e-7
      ],
      [
        -2.1423318230517907e-6,
        -4.48285639720325e-8
      ],
      [
        1.4976022839618963e-6,
        -3.719463563811587e-7
      ],
      [
        6.528620701828913e-7,
        -1.0710913045386405e-8
      ],
      [
        -1.4734550859429874e-6,
        -6.930082463441067e-7
      ],
      [
        1.5422998558278778e-6,
        6.932832974371195e-8
      ],
      [
        -8.881453794629124e-9,
        6.761289910173218e-7
      ],
      [
        -3.625910380833375e-7,
        -1.2766989812007523e-6
      ]
    ],
    "schema_version": 1,
    "stage": "time_mapped_pcm_before_effects",
    "start": 2918,
    "suppressed": []
  },
  "protocol": 1
}
