{
  "audio": {
    "project_id": "9285d538-981a-4b2b-a0d6-f70b27ca9f3e",
    "revision_id": "preserve-three-into-two",
    "samples": [
      [
        0.000015924872059258632,
        4.243908279022435e-6
      ],
      [
        3.0189569315552944e-6,
        5.1687734412553255e-6
      ],
      [
        1.7697067278277245e-6,
        -0.000020612433218047954
      ],
      [
        2.403434109510272e-6,
        5.617207079922082e-6
      ],
      [
        4.920320861856453e-6,
        7.214023867163633e-7
      ],
      [
        -1.4894542346155504e-6,
        -0.00002031673284363933
      ],
      [
        0.00001905653152789455,
        0.000013571024283010047
      ],
      [
        -6.72273063173634e-6,
        -9.857958502834663e-6
      ],
      [
        -5.0892517720058095e-6,
        -6.121363639977062e-6
      ],
      [
        0.00001821133446355816,
        -9.379847142554354e-6
      ],
      [
        4.135011749895057e-6,
        0.000013105850484862458
      ],
      [
        -8.876099855115172e-6,
        -0.000016355765183106996
      ],
      [
        0.00001738224455039017,
        -5.388029421737883e-6
      ],
      [
        -8.87032820173772e-6,
        5.260289981379174e-6
      ],
      [
        0.000010988377653120551,
        -0.000012163233805040363
      ],
      [
        0.000010090907380799763,
        2.177921714974218e-6
      ],
      [
        -9.672186934039928e-6,
        -6.0791940086346585e-6
      ],
      [
        8.065629117481876e-6,
        -3.185173227393534e-6
      ],
      [
        8.800574505585246e-6,
        -5.514912118087523e-6
      ],
      [
        -1.260997237295669e-6,
        -5.9033809520769864e-6
      ],
      [
        8.491821972711477e-6,
        0.000010608200682327151
      ],
      [
        -5.698226232198067e-6,
        -0.000021135718270670623
      ],
      [
        0.000013465548363456037,
        -1.1256169045736897e-6
      ],
      [
        -2.1806879431096604e-6,
        8.37455354485428e-6
      ],
      [
        8.792400876700412e-6,
        -0.000013481158930517267
      ],
      [
        -1.0967006573991966e-6,
        -4.782146334036952e-6
      ],
      [
        2.4715370727790287e-6,
        4.392323717183899e-6
      ],
      [
        7.445125902449945e-6,
        -0.000011905321116501
      ],
      [
        6.545828455273295e-6,
        -1.5164706610448775e-6
      ],
      [
        -5.682928986061597e-6,
        2.5974704840336926e-6
      ],
      [
        7.678963811486028e-6,
        -6.478649538621539e-6
      ],
      [
        9.829554073803592e-6,
        -0.00001637241439311765
      ],
      [
        -7.533735242759576e-6,
        0.00001668248114583548
      ],
      [
        0.000010625268259900622,
        -0.000012547900951176416
      ],
      [
        6.644487257290166e-6,
        -8.121730388666037e-6
      ],
      [
        -0.000011555795936146751,
        3.3860962957987795e-6
      ],
      [
        0.000023381440769298933,
        -7.041177468636306e-6
      ],
      [
        -9.384717486682348e-6,
        -2.9534999157476705e-6
      ],
      [
        5.073956799606094e-6,
        -2.2301776425592834e-6
      ],
      [
        6.153448339318857e-6,
        -2.1159382868063403e-6
      ],
      [
        4.115834599360824e-6,
        -9.597725693311077e-6
      ],
      [
        -8.615876936346467e-7,
        -2.1153109628357925e-6
      ],
      [
        7.72865314502269e-6,
        8.63452169141965e-6
      ],
      [
        -5.125857001075929e-7,
        -0.000019824326955131255
      ],
      [
        7.792482392687816e-6,
        3.662371454993263e-6
      ],
      [
        8.218779044000257e-7,
        -2.6288280423614196e-6
      ],
      [
        6.820553721809119e-7,
        -3.2050065783550963e-6
      ],
      [
        9.858122211880982e-6,
        -6.656752248090925e-6
      ],
      [
        -7.927836804810795e-7,
        1.4273282431531698e-6
      ],
      [
        6.977281827857951e-7,
        -8.242184776463546e-6
      ],
      [
        0.000012186364983790554,
        -2.585696620371891e-6
      ],
      [
        -7.393971372948727e-6,
        1.0634805676090764e-6
      ],
      [
        8.911642908060458e-6,
        -6.337636023090454e-6
      ],
      [
        7.16781096343766e-6,
        -4.011551482108189e-6
      ],
      [
        -3.1911113183014095e-6,
        -7.125769116100855e-6
      ],
      [
        -3.6111467238697514e-7,
        6.5636013459879905e-6
      ],
      [
        0.000017714599380269647,
        -7.278320481418632e-6
      ],
      [
        -8.580145731684752e-6,
        -0.000012081555723852944
      ],
      [
        2.4322787339770002e-6,
        0.00001091749163606437
      ],
      [
        0.000012288493053347338,
        -0.000012183973012724891
      ],
      [
        -3.904477580363164e-6,
        -4.001215984317241e-6
      ],
      [
        3.3956010270230763e-7,
        4.787317720911233e-6
      ],
      [
        0.000018914917745860294,
        -7.450516477547353e-6
      ],
      [
        -0.000016813597540021874,
        -0.000013200111425248906
      ],
      [
        9.612313988327514e-6,
        0.000014510083019558806
      ],
      [
        0.000016743748346925713,
        -0.000011552699106687214
      ],
      [
        -0.000016295913155772723,
        -7.507411282858811e-6
      ],
      [
        0.000012248863640706986,
        3.8228781704674475e-6
      ],
      [
        4.963796527590603e-6,
        -7.825362445146311e-6
      ],
      [
        -2.879655767173972e-6,
        9.20708146168181e-7
      ],
      [
        0.000010240105439152103,
        -4.960249043506337e-6
      ],
      [
        -3.7345926102716476e-6,
        -5.442101610242389e-6
      ],
      [
        0.000010622746231092606,
        1.8956571921080467e-6
      ],
      [
        -0.000012126813999202568,
        -0.000010620844477671199
      ],
      [
        0.000025959370759665035,
        6.044107976777013e-6
      ],
      [
        -0.000012851460269303061,
        -5.337877155398019e-6
      ],
      [
        -1.4093537004100654e-7,
        -9.270539521821775e-6
      ],
      [
        0.00001711296135908924,
        -3.121953341178596e-6
      ],
      [
        -8.159878234437201e-6,
        0.00001277405954169808
      ],
      [
        9.884015526040457e-6,
        -0.000021048115740995854
      ],
      [
        -3.397766477064579e-6,
        1.7086557591028395e-6
      ],
      [
        6.18994954493246e-6,
        3.5525554267223924e-6
      ],
      [
        5.811315077153267e-6,
        -0.000012268796126591042
      ],
      [
        -4.323852863308275e-6,
        4.739853466162458e-6
      ],
      [
        0.00001328733196714893,
        -4.821372385777067e-6
      ],
      [
        -6.955498975003138e-6,
        -6.522668627439998e-6
      ],
      [
        3.3071255529648624e-6,
        -2.568244553913246e-6
      ],
      [
        0.000012048504686390515,
        6.757243653510159e-8
      ],
      [
        5.077270657238842e-7,
        3.4090151075361064e-6
      ],
      [
        -0.000011297853234282229,
        -0.00001712654557195492
      ],
      [
        0.000018063672541757114,
        -1.2892064660263713e-6
      ],
      [
        6.295222647167975e-6,
        0.000014860524970572442
      ],
      [
        -0.000015585823348374106,
        -0.00002200887684011832
      ],
      [
        0.000016526912077097222,
        3.254885996284429e-6
      ],
      [
        8.16032934380928e-6,
        3.191087898812839e-6
      ],
      [
        -0.000021320289306459017,
        -0.000019392302419873886
      ],
      [
        0.0000324366737913806,
        0.0000201425064005889
      ],
      [
        -0.000012450834219634999,
        -0.000020088984456378967
      ],
      [
        -3.7305051137082046e-6,
        5.02186048834119e-6
      ],
      [
        0.00001673849328653887,
        -9.95527170744026e-6
      ],
      [
        -3.4173824587924173e-6,
        1.2971000842298963e-6
      ],
      [
        6.268050583457807e-6,
        8.435978088527918e-6
      ],
      [
        -8.046376933634747e-6,
        -0.000022334563254844397
      ],
      [
        0.000014742509847565088,
        4.496417659538565e-6
      ],
      [
        2.3994332423171727e-6,
        1.2972810736755491e-6
      ],
      [
        -6.815282631578157e-6,
        -2.1055036540928995e-6
      ],
      [
        0.00001165927096735686,
        -8.852149221638683e-6
      ],
      [
        -1.3520101447284105e-6,
        -3.5784046303888317e-7
      ],
      [
        5.47927857041941e-6,
        -2.3526474706159206e-6
      ],
      [
        -4.479832114157034e-6,
        -4.655590146285249e-6
      ],
      [
        0.000019565379261621274,
        5.6148214753193315e-6
      ],
      [
        -0.000018686474504647776,
        -0.000013040791600360535
      ],
      [
        0.000012171126400062349,
        3.089930942223873e-7
      ],
      [
        0.000012966228496225085,
        -7.437407020915998e-6
      ],
      [
        -0.000011714552783814725,
        0.000015902480299700983
      ],
      [
        3.0168275770847686e-6,
        -0.00002107052023347933
      ],
      [
        0.000011942874152737204,
        -4.591417109622853e-6
      ],
      [
        1.369360006719944e-6,
        0.000011421541785239242
      ],
      [
        -8.816861736704595e-6,
        -0.000010689865121094044
      ],
      [
        0.000018388933312962763,
        -2.7140242764289724e-7
      ],
      [
        -8.459193850285374e-6,
        -5.768252322013723e-6
      ],
      [
        3.4071601930918405e-6,
        -2.0905038127239095e-6
      ],
      [
        0.000014281477888289373,
        -4.99489260619157e-7
      ],
      [
        -0.000015218273802020121,
        -4.108486336917849e-6
      ],
      [
        0.00001848710780905094,
        4.314732905186247e-6
      ],
      [
        -9.882490303425584e-6,
        -0.000017372838556184433
      ],
      [
        0.000012159383913967758,
        1.5565614148727036e-6
      ],
      [
        2.965324028991745e-6,
        0.000014799420569033828
      ],
      [
        -9.144856448983774e-6,
        -0.000021613292119582184
      ],
      [
        0.000012301923561608419,
        -3.1802148896531435e-6
      ],
      [
        6.705259238515282e-6,
        8.663284461363219e-6
      ],
      [
        -7.4022191256517544e-6,
        -7.059148629195988e-6
      ],
      [
        4.174847617832711e-6,
        -6.204048986546695e-6
      ],
      [
        9.21450828172965e-6,
        3.877375547745032e-6
      ],
      [
        -1.3574154991147225e-6,
        -7.088965503498912e-6
      ],
      [
        -2.898358843594906e-6,
        -0.000010234737601422239
      ],
      [
        0.000016728548871469684,
        0.00001873074688774068
      ],
      [
        -0.000011970157174800988,
        -0.000019650105969049037
      ],
      [
        4.803156116395257e-6,
        -1.7595932604308473e-6
      ],
      [
        0.00001569964842929039,
        6.114406119195337e-7
      ],
      [
        -0.000011259960047027562,
        9.834719776335987e-7
      ],
      [
        3.265766963522765e-6,
        -3.67026495950995e-6
      ],
      [
        0.000010458215001563076,
        -0.000011034471754101105
      ],
      [
        -3.590012283893884e-6,
        6.296160336205503e-6
      ],
      [
        8.147543667291757e-6,
        -4.206290213915054e-6
      ],
      [
        -7.691366590734106e-6,
        -4.806424840353429e-6
      ],
      [
        0.000013021908671362326,
        1.6879729400898213e-6
      ],
      [
        -2.329195240236004e-6,
        -6.854490038676886e-6
      ],
      [
        2.6049774533021264e-6,
        -3.35234176418453e-6
      ],
      [
        3.293993358965963e-6,
        1.6861043832250289e-6
      ],
      [
        2.724041223700624e-6,
        1.2986203046239098e-6
      ],
      [
        4.5318483898881823e-7,
        -0.000014328834367915988
      ],
      [
        2.3895775029814104e-6,
        2.589775249361992e-6
      ],
      [
        0.000012720124686893541,
        3.9936167013365775e-6
      ],
      [
        -0.000015455776519957,
        -7.788053153490182e-6
      ],
      [
        0.000010375796591688413,
        -7.263639872689964e-6
      ],
      [
        0.000015793202692293562,
        7.709458259341773e-6
      ],
      [
        -0.000021153449779376388,
        -0.000010085787835123483
      ],
      [
        0.000018087885109707713,
        -1.8698593748922576e-6
      ],
      [
        3.5573941659095e-7,
        4.008164523838786e-6
      ],
      [
        -3.2450736853206763e-6,
        -7.90951253293315e-6
      ],
      [
        7.167029252741486e-6,
        -6.190212843648624e-6
      ],
      [
        4.559294211503584e-6,
        6.473328539868817e-6
      ],
      [
        -5.908406365051633e-6,
        -3.846992967737606e-6
      ],
      [
        8.604442882642616e-6,
        -0.00001076304124580929
      ],
      [
        3.7749530292785494e-6,
        5.881341621716274e-6
      ],
      [
        -8.121007795125479e-7,
        -3.3857668313430622e-6
      ],
      [
        2.790532960261771e-7,
        -8.932301170716528e-6
      ],
      [
        9.568861969455611e-6,
        8.632914614281617e-6
      ],
      [
        -6.356738140311791e-6,
        -0.000014307636774901766
      ],
      [
        0.000011085772712249309,
        6.931412372068735e-6
      ],
      [
        -3.0304565825645113e-6,
        -6.187246526678791e-6
      ],
      [
        -9.463938113185577e-7,
        -7.5239163379592355e-6
      ],
      [
        0.000013300935279403348,
        0.000014428897884499747
      ],
      [
        -7.810278475517407e-6,
        -0.000023817667170078494
      ],
      [
        4.6782938625256065e-6,
        9.493047400610521e-6
      ],
      [
        7.931431355245877e-6,
        2.445358404656872e-6
      ],
      [
        -6.582810328836786e-6,
        -0.000016367466741940007
      ],
      [
        8.239266207965557e-6,
        8.971484930953011e-6
      ],
      [
        1.8836390154319815e-6,
        -3.6091150832362473e-6
      ],
      [
        1.8850737433240283e-6,
        -8.672314834257122e-6
      ],
      [
        -3.0908049666322768e-6,
        -1.2197519083656516e-7
      ],
      [
        0.000013947130355518311,
        8.616024388174992e-6
      ],
      [
        -8.037966836127453e-6,
        -0.000020961600966984406
      ],
      [
        4.467901817406528e-6,
        0.00001173646069219103
      ],
      [
        7.278331395355053e-6,
        -7.89546720625367e-6
      ],
      [
        -3.2195741823670687e-6,
        -1.8050010339720757e-6
      ],
      [
        2.915115146606695e-6,
        2.065252147076535e-6
      ],
      [
        5.428797976492206e-6,
        -9.52187656366732e-6
      ],
      [
        7.088105746788642e-8,
        3.872397940085648e-7
      ],
      [
        5.896136485716852e-7,
        2.9580369300674647e-6
      ],
      [
        6.117550583439879e-6,
        -9.830127964960411e-6
      ],
      [
        1.8311010308025288e-7,
        3.6728372379002394e-6
      ],
      [
        -1.1022594890164328e-6,
        -6.035199021425797e-6
      ],
      [
        0.000011515620826685335,
        -3.7244917621137574e-6
      ],
      [
        -8.963184882304631e-6,
        3.5785399177257204e-6
      ],
      [
        9.306064384873025e-6,
        -1.5743806898171897e-6
      ],
      [
        7.451259875779215e-7,
        -0.000012753003829857334
      ],
      [
        1.6070539743395784e-7,
        4.866398285230389e-6
      ],
      [
        6.820753696956672e-6,
        3.4210797821287997e-6
      ],
      [
        -3.791896915572579e-6,
        -0.000012146173503424507
      ],
      [
        5.352640073397197e-6,
        2.7201008379051927e-6
      ],
      [
        4.038138740725117e-6,
        -1.9870290088874754e-6
      ],
      [
        -3.0276685265562264e-6,
        -7.381048362731235e-6
      ],
      [
        8.224722478189506e-6,
        9.358018360217102e-6
      ],
      [
        -5.183700068300823e-6,
        -0.000012136294571973849
      ],
      [
        8.529787010047585e-6,
        4.148816117321985e-7
      ],
      [
        -8.800420232546458e-7,
        -4.2605752241797745e-6
      ],
      [
        4.6920363274693955e-6,
        4.3242957872280385e-6
      ],
      [
        -3.852749159705127e-6,
        -4.147834715695353e-6
      ],
      [
        7.311000899790088e-6,
        -8.64942921907641e-6
      ],
      [
        5.080958089820342e-6,
        3.1988163300411543e-6
      ],
      [
        -8.541141141904518e-6,
        -3.4246259019710124e-6
      ],
      [
        0.00001437271657778183,
        4.589316176861757e-6
      ],
      [
        -8.419468031206634e-6,
        -0.000013522872905014083
      ],
      [
        7.246501354529755e-6,
        3.4632946608326165e-6
      ],
      [
        5.460338343254989e-6,
        -8.044867740863992e-7
      ],
      [
        -6.133480383141432e-6,
        -3.7608654110954376e-6
      ],
      [
        5.512568350241054e-6,
        2.4138364551617997e-6
      ],
      [
        9.658895123720868e-7,
        -5.432562375062844e-6
      ],
      [
        2.7484829843160696e-6,
        -6.855133051431039e-6
      ],
      [
        3.6919611829944188e-6,
        0.000010446676242281683
      ],
      [
        -3.852997451758711e-6,
        -7.314030881389044e-6
      ],
      [
        7.492616987292422e-6,
        -9.446238436794374e-6
      ],
      [
        1.6760751577749033e-6,
        4.4309895201877225e-6
      ],
      [
        2.9045575047348393e-6,
        -2.70208829533658e-7
      ],
      [
        -4.58751173937344e-6,
        -8.064681424002629e-6
      ],
      [
        0.000011516875929373782,
        7.548966095782816e-6
      ],
      [
        -6.217550435394514e-6,
        -0.000013713025509787258
      ],
      [
        5.5351274568238296e-6,
        -3.5432802292234555e-7
      ],
      [
        9.582013262843248e-6,
        0.000012734451047435869
      ],
      [
        -0.000017812206351663917,
        -0.000019367633285582997
      ],
      [
        0.000020720362954307348,
        5.6310032050532755e-6
      ],
      [
        -2.6587003958411515e-6,
        -5.5887389862618875e-6
      ],
      [
        -3.21954667015234e-6,
        3.959982677770313e-6
      ],
      [
        4.0554691622674e-6,
        -5.328630777512444e-6
      ],
      [
        5.9230269471299835e-6,
        -1.1996565945082693e-6
      ],
      [
        -7.036896931822412e-6,
        -3.553676151568652e-6
      ],
      [
        0.000011836407793452963,
        -1.0838722346306895e-6
      ],
      [
        -5.207690719544189e-6,
        4.006833933090093e-6
      ],
      [
        2.364015472267056e-6,
        -5.0860712690337095e-6
      ],
      [
        2.180048568334314e-6,
        -0.0000112385878310306
      ],
      [
        0.000010256666428176686,
        9.851451068243477e-6
      ],
      [
        -9.74291924649151e-6,
        -5.617215265374398e-6
      ],
      [
        6.374026270350441e-6,
        -1.8208282881460036e-6
      ],
      [
        4.967839231539983e-6,
        -4.302040906623006e-6
      ],
      [
        -3.412524847590248e-6,
        -1.2125364037274267e-6
      ],
      [
        8.030433491512667e-6,
        -2.908384999500413e-7
      ],
      [
        -2.799851017698529e-6,
        3.401036394734547e-7
      ],
      [
        7.608711598550144e-7,
        -6.386790118995123e-6
      ],
      [
        4.923852429783437e-6,
        -1.6040460195654305e-6
      ],
      [
        4.329976491135312e-6,
        1.197779795347742e-7
      ],
      [
        -3.1838314953347435e-6,
        -2.0174741166556487e-6
      ],
      [
        -4.818783736482146e-7,
        1.856592916738009e-6
      ],
      [
        0.000012120432074880227,
        -0.000010946709153358825
      ],
      [
        -0.000010451357411511708,
        1.86365593890514e-6
      ]
    ],
    "schema_version": 1,
    "stage": "time_mapped_pcm_before_effects",
    "start": 2304,
    "suppressed": []
  },
  "protocol": 1
}
