{
  "audio": {
    "project_id": "9285d538-981a-4b2b-a0d6-f70b27ca9f3e",
    "revision_id": "preserve-three-into-two",
    "samples": [
      [
        1.0967853540932992e-6,
        -9.55494897425524e-7
      ],
      [
        -5.345544309420802e-7,
        -5.11494874899654e-7
      ],
      [
        3.139838895549474e-7,
        1.0218703891951009e-6
      ],
      [
        6.085197696847899e-7,
        -8.725833140488248e-7
      ],
      [
        -8.019485449040076e-7,
        5.163704486221832e-7
      ],
      [
        1.1219264024475706e-6,
        -1.465458694838162e-6
      ],
      [
        -2.379730403845315e-7,
        2.716487017551117e-7
      ],
      [
        2.602673134788347e-7,
        1.284089194086846e-6
      ],
      [
        -4.66209229443848e-7,
        -1.5619229998264927e-6
      ],
      [
        1.3423375548882177e-6,
        -2.7548603043214825e-7
      ],
      [
        -7.24566632470669e-7,
        2.9020773695265234e-7
      ],
      [
        6.637418437094311e-8,
        -8.234889037339599e-8
      ]
    ],
    "schema_version": 1,
    "stage": "time_mapped_pcm_before_effects",
    "start": 3191,
    "suppressed": []
  },
  "protocol": 1
}
