{
  "audio": {
    "project_id": "9285d538-981a-4b2b-a0d6-f70b27ca9f3e",
    "revision_id": "preserve-three-into-two",
    "samples": [
      [
        0.00004400796024128795,
        0.000021062680389150046
      ],
      [
        -0.000015231668839987833,
        -0.000024047098122537136
      ],
      [
        6.760700216545956e-6,
        -0.000010441100130265113
      ],
      [
        0.000016374715414713137,
        -0.000014096120139583945
      ],
      [
        0.00002099815355904866,
        0.000027977645004284568
      ],
      [
        -0.000030345932827913202,
        -0.0000566201051697135
      ],
      [
        0.00003827859472949058,
        0.00002243802009616047
      ],
      [
        0.000011058135896746535,
        -6.303871941781836e-6
      ],
      [
        -0.00002335985300305765,
        -0.000031726380257168785
      ],
      [
        0.00004407471715239808,
        0.000012728821275231894
      ],
      [
        -0.0000125242950161919,
        -7.7953982327017e-6
      ],
      [
        -7.30661076886463e-6,
        -0.00001550978959130589
      ],
      [
        0.000052312519983388484,
        -0.000013818967090628576
      ],
      [
        -0.000029883647584938444,
        3.271573632446234e-6
      ],
      [
        0.000011385596735635772,
        -2.9998834634170635e-6
      ],
      [
        0.000018858545445255004,
        -0.00002209044760093093
      ],
      [
        8.37663174024783e-6,
        -7.598976594636042e-7
      ],
      [
        -8.979522135632578e-6,
        -5.077983587398194e-6
      ],
      [
        0.00003135511724394746,
        -9.50371213548351e-6
      ],
      [
        -0.000019849141608574428,
        -0.00001281671484321123
      ],
      [
        0.00002045182372967247,
        0.000012422690815583337
      ],
      [
        0.000023770735424477607,
        -0.00003387047763681039
      ],
      [
        -0.000018718086721492,
        -6.799190941819688e-6
      ],
      [
        0.000014179782738210633,
        0.00002246432086394634
      ],
      [
        0.0000136551307150512,
        -0.00002160532312700525
      ],
      [
        5.506789761966502e-7,
        -0.00003700987508636899
      ],
      [
        0.000027210429834667593,
        0.0000319142964144703
      ],
      [
        -0.00003058533911826089,
        -0.000015706677004345693
      ],
      [
        0.00003057449430343695,
        -0.0000255557843047427
      ],
      [
        0.00001784688538464252,
        0.000014259069757827092
      ],
      [
        -0.00001292069282499142,
        -0.000017121396012953483
      ],
      [
        0.0000110030741780065,
        -0.000025735474991961382
      ],
      [
        0.00002540513378335163,
        0.00003355580338393338
      ],
      [
        -0.000038719779695384204,
        -0.00002732454777287785
      ],
      [
        0.00006687523273285478,
        -0.00002168105129385367
      ],
      [
        -0.00002012721415667329,
        -2.790352937154239e-6
      ],
      [
        -0.00001683965092524886,
        0.00002247972042823676
      ],
      [
        0.00003076012581004761,
        -0.000036393867048900574
      ],
      [
        0.000024890503482311033,
        9.893818742057192e-7
      ],
      [
        -0.000025433757400605828,
        -0.000015900041034910828
      ],
      [
        0.000012412247087922879,
        7.444907168974169e-6
      ],
      [
        0.00003071441824431531,
        -9.372864951728843e-6
      ],
      [
        -0.000030331417292472906,
        -0.00001184365464723669
      ],
      [
        0.000039900114643387496,
        -9.305105777457356e-6
      ],
      [
        0.000011445383279351518,
        -5.737585979659343e-6
      ],
      [
        -0.00005068719474365935,
        -5.888074610993499e-6
      ],
      [
        0.0000706352511770092,
        0.00001594660170667339
      ],
      [
        -0.000017020780433085747,
        -0.000043915923015447333
      ],
      [
        2.6206632810499286e-6,
        -2.8584845495061018e-6
      ],
      [
        0.000010552214007475413,
        0.00002470700565027073
      ],
      [
        2.9826341574334947e-7,
        -0.000025045032089110464
      ],
      [
        0.000014680658750876319,
        -0.000017199288777192123
      ],
      [
        0.000018697481209528632,
        4.253247880114941e-6
      ],
      [
        -0.00002276736449857708,
        -8.832785169943236e-6
      ],
      [
        0.000024348026272491552,
        3.177437292833929e-6
      ],
      [
        -3.7036124922451563e-7,
        -0.000021390564143075608
      ],
      [
        0.000026186615286860615,
        0.00001460826115362579
      ],
      [
        -0.000019614426491898485,
        -0.00005062583295512013
      ],
      [
        0.000020650395526899956,
        0.00004309514770284295
      ],
      [
        -2.8615161227207864e-6,
        -0.000017206579286721535
      ],
      [
        0.00001497393623139942,
        -0.0000342643033945933
      ],
      [
        0.000015539253581664525,
        0.000016975298422039486
      ],
      [
        -0.00001728609458950814,
        -0.000013169768863008358
      ],
      [
        0.000011979575901932549,
        7.033923338894965e-6
      ],
      [
        0.000021976224161335267,
        -0.000022321280994219705
      ],
      [
        -3.1434308311872883e-6,
        -7.170562184910523e-6
      ],
      [
        2.7482233235787135e-6,
        -1.5398351251860731e-6
      ],
      [
        0.000010740218385763,
        3.650427970569581e-6
      ],
      [
        -4.118129709240748e-6,
        -0.00002474520260875579
      ],
      [
        0.000028186914278194308,
        0.000012333299309830181
      ],
      [
        -5.4979300330160186e-6,
        -0.000025981082217185758
      ],
      [
        -4.83517305838177e-6,
        1.2185812465759227e-6
      ],
      [
        0.00001969939148693811,
        0.000012018416782666463
      ],
      [
        8.36624803923769e-6,
        -0.000017175754692289047
      ],
      [
        -0.000010528607162996195,
        -0.00003300004391348921
      ],
      [
        0.00003315678986837156,
        0.00003819901030510664
      ],
      [
        -0.00002452897751936689,
        -0.000021732712411903776
      ],
      [
        0.000020788418623851612,
        -0.000029555811124737374
      ],
      [
        0.000013988742466608528,
        0.000029258662834763527
      ],
      [
        1.3504595699487254e-6,
        -0.00002768671402009204
      ],
      [
        -0.000012973273442185018,
        -0.000012009266356471926
      ],
      [
        0.00003215376636944711,
        0.000024614475478301756
      ],
      [
        -4.399401859700447e-6,
        -0.000033280175557592884
      ],
      [
        -8.987346973299282e-7,
        -4.40068060925114e-6
      ],
      [
        0.000019293691366328858,
        6.8989143073849846e-6
      ],
      [
        -4.624157554644626e-6,
        -0.00001337666890321998
      ],
      [
        0.000010507722436159384,
        2.9518557198571216e-7
      ],
      [
        1.8271200019626122e-7,
        -0.000022796444682171568
      ],
      [
        0.000022383848772733472,
        0.00001556776805955451
      ],
      [
        -0.000013883003703085706,
        -0.000015997113223420456
      ],
      [
        0.000012008230442006607,
        -4.582455403578933e-6
      ],
      [
        5.174950274522416e-6,
        -7.619981715834001e-6
      ],
      [
        0.000021849191398359835,
        9.348512321594171e-6
      ],
      [
        -0.000029963674023747444,
        -0.000030206261726561934
      ],
      [
        0.000039626469515496865,
        0.000012796966075256933
      ],
      [
        -6.615316578972852e-6,
        -5.176840659260051e-6
      ],
      [
        -6.064714398235083e-6,
        -0.000018555825590738095
      ],
      [
        0.000023703067199676298,
        -6.24038148089312e-6
      ],
      [
        8.191079359676223e-6,
        0.000021760955860372633
      ],
      [
        -0.000020112056517973542,
        -0.00004566935240291059
      ],
      [
        0.00002291965029144194,
        0.000023845232135499828
      ],
      [
        0.000016142053937073797,
        -0.000010710404239944182
      ],
      [
        -0.000011384938261471689,
        -0.000024401906557613984
      ],
      [
        7.284188541234471e-6,
        0.00001755722041707486
      ],
      [
        0.000015650346540496685,
        -0.0000171100673469482
      ],
      [
        -9.445293471799232e-6,
        -7.754282705718651e-6
      ],
      [
        0.000029463846658472903,
        8.761643584875856e-6
      ],
      [
        -0.00002386167398071848,
        -0.00003314902278361842
      ],
      [
        0.0000332833114953246,
        0.00002545126153563615
      ],
      [
        -0.000021719215510529466,
        -0.000018552993424236774
      ],
      [
        0.000019337026969878934,
        -0.000016528540072613396
      ],
      [
        0.000026095971406903118,
        0.00001216981399920769
      ],
      [
        -0.00003400776768103242,
        -0.000016101692381198518
      ],
      [
        0.000020753839635290205,
        -3.3539247397129657e-6
      ],
      [
        0.00001880071977211628,
        -1.3097765076963697e-6
      ],
      [
        -6.773008749405562e-7,
        -9.25433687370969e-6
      ],
      [
        -1.021733964989835e-6,
        -7.709290912316646e-6
      ],
      [
        -3.32619470100326e-6,
        -9.404056072526146e-6
      ],
      [
        0.00003602877404773608,
        0.000022509682821691968
      ],
      [
        -0.00003183543958584778,
        -0.00004332798926043324
      ],
      [
        0.000040117247408488765,
        7.622521025041351e-6
      ],
      [
        -9.474443686485756e-6,
        0.000010121953891939484
      ],
      [
        -0.00001843913742050063,
        -0.00002209819467680063
      ],
      [
        0.00004420595723786391,
        -6.1045079746691044e-6
      ],
      [
        -4.299734257529053e-7,
        8.772022738412488e-6
      ],
      [
        -0.000019861128748743795,
        -0.000021099129298818298
      ],
      [
        0.000019943796360166743,
        -1.625681420591718e-6
      ],
      [
        4.507752692006761e-6,
        0.000010999323421856388
      ],
      [
        0.000015471332517336123,
        -0.000022913758584763855
      ],
      [
        -4.8438255362270866e-6,
        -0.00001338916536042234
      ],
      [
        5.503481474988803e-7,
        0.000017064341591321863
      ],
      [
        4.617354989022715e-6,
        -0.000011370996617188212
      ],
      [
        0.00002806385418807622,
        -0.00001642633469600696
      ],
      [
        -0.00002032081647485029,
        -6.383877462212695e-7
      ],
      [
        0.000020893670807708986,
        3.030136213055812e-6
      ],
      [
        -6.490799933089875e-6,
        -0.000015024212189018726
      ],
      [
        -2.15832915273495e-6,
        1.5151555317061138e-6
      ],
      [
        0.00004410863039083779,
        -7.4483400567260105e-6
      ],
      [
        -0.000024864109946065582,
        -8.039308340812568e-6
      ],
      [
        -0.000015184100448095705,
        -0.000010702612598834094
      ],
      [
        0.000048343285016017035,
        0.000022720321794622578
      ],
      [
        -0.000015259078281815164,
        -0.00003840778299490921
      ],
      [
        0.00001036110279528657,
        4.74228590974235e-6
      ],
      [
        -6.061493422748754e-6,
        4.503151103563141e-6
      ],
      [
        0.000013856110854248982,
        -0.000011892379006894771
      ],
      [
        3.3698986499075545e-6,
        -4.666549102694262e-6
      ],
      [
        0.000012075455742888153,
        -9.31087834032951e-6
      ],
      [
        4.248624918545829e-6,
        3.2738105346652446e-6
      ],
      [
        -0.000016540458091185428,
        -0.00001675060593697708
      ],
      [
        0.000023777052774676122,
        0.000012520516975200735
      ],
      [
        0.000017099699107347988,
        -0.00001904684177134186
      ],
      [
        -0.00001369504661852261,
        -9.00018585525686e-6
      ],
      [
        3.755696297957911e-6,
        0.000011233169971092138
      ],
      [
        6.050979209248908e-6,
        -0.0000190535301953787
      ],
      [
        0.00002364632200624328,
        8.700398211658467e-6
      ],
      [
        -0.000013237518942332827,
        -0.00002633290205267258
      ],
      [
        0.000010482694051461294,
        0.000016182295439648442
      ],
      [
        -4.503218917761842e-7,
        -0.000016951898942352273
      ],
      [
        8.40350185171701e-6,
        -5.27594067989412e-7
      ],
      [
        0.000016399897504015826,
        -2.481088131389697e-6
      ],
      [
        -5.672151473845588e-6,
        -0.00001998295192606747
      ],
      [
        -3.6195961001794785e-6,
        0.000018000713680521585
      ],
      [
        0.00001619325666979421,
        -0.000022049636754672974
      ],
      [
        6.403255156328669e-6,
        3.3596122648305027e-6
      ],
      [
        8.680847713549156e-6,
        -9.119396963797044e-6
      ],
      [
        -0.000012541060641524382,
        -7.180122338468209e-6
      ],
      [
        0.000015428488040925004,
        6.462522378569702e-6
      ],
      [
        8.645717571198475e-6,
        -0.000022830101443105377
      ],
      [
        4.517899469647091e-6,
        0.00001798648554540705
      ],
      [
        -3.1152805490819446e-7,
        -0.000032621563150314614
      ],
      [
        3.5519326502253534e-6,
        0.00001696891376923304
      ],
      [
        5.874936505279038e-6,
        -6.731701887474628e-6
      ],
      [
        0.00001632359271752648,
        -0.00002090817542921286
      ],
      [
        -9.484006113780197e-6,
        0.000012290962331462651
      ],
      [
        0.000012214391063025687,
        -0.000010785203812702093
      ],
      [
        -1.9191934370610397e-6,
        -0.000010781711353047285
      ],
      [
        9.729375051392708e-6,
        4.5480851440515835e-6
      ],
      [
        0.000015620562408003025,
        -7.175078280852176e-6
      ],
      [
        -0.000014549651496054139,
        -0.00001362710554531077
      ],
      [
        7.339449894061545e-6,
        5.575622708420269e-6
      ],
      [
        0.000025466024453635328,
        -3.829576144198654e-6
      ],
      [
        -0.000022693619030178525,
        -0.000018734814148047008
      ],
      [
        0.000023682865503360517,
        0.000014000474948261399
      ],
      [
        3.888581886712927e-6,
        -0.00001848825741035398
      ],
      [
        -0.000015301231542252935,
        -3.550258952600416e-6
      ],
      [
        0.000029028873541392386,
        8.085276022029575e-6
      ],
      [
        5.161047624824278e-7,
        -0.000022851329049444757
      ],
      [
        -0.000011772517609642819,
        7.31220779925934e-6
      ],
      [
        0.000018826309315045364,
        -5.625847734336276e-6
      ],
      [
        7.467242539860308e-6,
        -0.000013702999240194913
      ],
      [
        -5.700139809050597e-6,
        7.929149433039129e-6
      ],
      [
        4.11920836995705e-6,
        -0.00001401680401613703
      ],
      [
        0.00002740536001510918,
        2.1925154669588665e-6
      ],
      [
        -0.00003096772343269549,
        -0.000018519711375120096
      ],
      [
        0.000023876880732132122,
        0.000019490995327942073
      ],
      [
        0.000019994864487671293,
        -0.00002528645381971728
      ],
      [
        -0.00002917099482147023,
        -3.467996975814458e-6
      ],
      [
        0.00002537230830057524,
        0.000014718682905368041
      ],
      [
        0.000010217037925031036,
        -0.000032315292628481984
      ],
      [
        -0.000016957046682364307,
        0.000015238918422255665
      ],
      [
        0.000023816184693714604,
        -6.047013357601827e-6
      ],
      [
        -1.8299123212273116e-6,
        -0.00001705188515188638
      ],
      [
        7.094652119121747e-6,
        6.147642125142738e-6
      ],
      [
        -0.000012645159586099908,
        -6.463319095928455e-6
      ],
      [
        0.0000340803453582339,
        -1.228527253260836e-6
      ],
      [
        -0.000012026604963466525,
        -0.000018759395970846526
      ],
      [
        -3.654992042356753e-6,
        0.00001650576996325981
      ],
      [
        0.000022022219127393328,
        -0.00002357580524403602
      ],
      [
        -8.909423740988132e-6,
        6.546950771735283e-6
      ],
      [
        0.000015793870261404663,
        -1.3356780073081609e-6
      ],
      [
        -6.83191547068418e-6,
        -0.000022687652744934894
      ],
      [
        0.000014354804989125114,
        0.000018215605450677685
      ],
      [
        -3.885724709107308e-6,
        -0.00001898580012493767
      ],
      [
        2.3824013624107465e-6,
        -2.217997462139465e-6
      ],
      [
        0.000028198895961395465,
        5.528520887310151e-6
      ],
      [
        -0.00002764908094832208,
        -0.000025223773263860494
      ],
      [
        0.000017881729945656843,
        0.000017128875697380863
      ],
      [
        7.2817911132005975e-6,
        -0.000014743053725396749
      ],
      [
        9.61198838922428e-6,
        -4.915542376693338e-6
      ],
      [
        -0.000010106004992849194,
        -2.1386485116181575e-7
      ],
      [
        9.126803888648283e-6,
        -0.000013134534128766973
      ],
      [
        0.000012179255463706795,
        0.000011043401173083112
      ],
      [
        -4.1422740650887135e-6,
        -0.000020054978449479677
      ],
      [
        8.53848996484885e-6,
        2.3510649498348357e-6
      ],
      [
        9.388701073476113e-6,
        1.163365936918126e-6
      ],
      [
        -0.000014393285709957127,
        -0.000023183905796031468
      ],
      [
        0.000018919658032245934,
        0.00002613718606880866
      ],
      [
        0.00001570076165080536,
        -0.00003589938933146186
      ],
      [
        -0.0000177399178937776,
        0.00001687494477664586
      ],
      [
        3.7628490190400044e-6,
        -0.00001189518479804974
      ],
      [
        0.000024324557671207003,
        -9.587809472577646e-6
      ],
      [
        -9.233964192389976e-6,
        0.000014159334568830673
      ],
      [
        7.2334228207182605e-6,
        -0.000026827996407519095
      ],
      [
        1.389878320878779e-6,
        6.231666702660732e-6
      ],
      [
        4.8205947678070515e-6,
        8.959785304796242e-7
      ],
      [
        5.212632459006272e-6,
        -0.00001124352274928242
      ],
      [
        0.000012099230843887199,
        -7.714635103184264e-6
      ],
      [
        -7.200120762718143e-6,
        9.367950951855164e-6
      ],
      [
        1.8235840570923756e-6,
        -0.00001668315235292539
      ],
      [
        0.000012974718629266135,
        -6.647383997915313e-6
      ],
      [
        6.421665602829307e-6,
        0.000018224018276669085
      ],
      [
        -1.279991465708008e-6,
        -0.000032169224141398445
      ],
      [
        -1.213571465541463e-7,
        0.000010536356967350002
      ],
      [
        -3.6208856357689e-8,
        -5.524977495952044e-6
      ],
      [
        0.00003437455234234221,
        -9.994945457947324e-7
      ],
      [
        -0.0000332963427354116,
        -0.000014831725820840802
      ],
      [
        0.00002095389208989218,
        5.933398824709002e-6
      ],
      [
        0.000011941113370994572,
        -4.812741735804593e-6
      ],
      [
        -0.000024065046090981923,
        -0.00001441673612134764
      ],
      [
        0.00004368109512142837,
        0.000012853638509113807
      ],
      [
        -0.000021004218069720082,
        -0.000016589970982749946
      ],
      [
        -6.305944680207176e-6,
        -2.7427693112258567e-6
      ],
      [
        0.000030871600756654516,
        1.4838608421996469e-6
      ],
      [
        -0.000011137509318359662,
        -0.000010675086741684936
      ],
      [
        0.000010961011867038906,
        7.708976227149833e-6
      ],
      [
        -9.419803973287344e-6,
        -0.000020525098079815507
      ]
    ],
    "schema_version": 1,
    "stage": "time_mapped_pcm_before_effects",
    "start": 2048,
    "suppressed": []
  },
  "protocol": 1
}
