{
  "audio": {
    "project_id": "9285d538-981a-4b2b-a0d6-f70b27ca9f3e",
    "revision_id": "preserve-three-into-two",
    "samples": [
      [
        0.000023147960746427998,
        0.00012556876754388213
      ],
      [
        0.00006122630293248221,
        -0.0001369807869195938
      ],
      [
        0.000044786273065255955,
        -0.000025212277250830084
      ],
      [
        0.00011830779112642631,
        -0.00012175515439594164
      ],
      [
        -0.00016564331599511206,
        0.0002543762093409896
      ],
      [
        0.00016558339120820165,
        -0.00040014064870774746
      ],
      [
        0.00008103686559479684,
        0.00022999044449534267
      ],
      [
        -9.89722684607841e-6,
        -0.0002685106301214546
      ],
      [
        0.00007222705608000979,
        0.00010844787902897224
      ],
      [
        -7.362010364886373e-6,
        -0.00007539922808064148
      ],
      [
        0.000376285141101107,
        -0.0003254971234127879
      ],
      [
        -0.00030260777566581964,
        0.0001538971409900114
      ],
      [
        0.0004896864993497729,
        -0.0002508365723770112
      ],
      [
        -0.000010516094334889203,
        -0.00015645923849660903
      ],
      [
        0.0000224471150431782,
        -0.000039603914046892896
      ],
      [
        0.00020270049571990967,
        -0.00012878568668384105
      ],
      [
        0.0002443813136778772,
        -0.00015601828636135906
      ],
      [
        -0.00029576281667687,
        0.00011424165131757036
      ],
      [
        -0.00011517302482388914,
        0.0002991909277625382
      ],
      [
        -0.00023567084281239659,
        0.00020740929176099598
      ],
      [
        0.000011744024959625676,
        -0.00009287448483519256
      ],
      [
        -0.000029107452064636163,
        0.00009531684190733358
      ],
      [
        0.00029327181982807815,
        -0.0003097898734267801
      ],
      [
        -0.0001143479676102288,
        0.0001331286912318319
      ],
      [
        0.00005644862903864123,
        -0.0002730799315031618
      ],
      [
        0.00030809221789240837,
        0.00011439283844083548
      ],
      [
        0.00004899123086943291,
        -0.00042243479401804507
      ],
      [
        -0.0001779181184247136,
        0.0002611726231407374
      ],
      [
        0.00035273213870823383,
        -0.00022115484171081334
      ],
      [
        -0.00009862232400337234,
        0.00004503660602495074
      ],
      [
        -0.0001578147930558771,
        0.00006274843326536939
      ],
      [
        0.0004933559685014188,
        -0.00039211823605000973
      ],
      [
        -0.00016569170111324638,
        0.0002169492800021544
      ],
      [
        -0.000059095978940604255,
        -0.00016650758334435523
      ],
      [
        0.0001889864361146465,
        0.00008990547939902171
      ],
      [
        0.00031779141863808036,
        -0.00037151723518036306
      ],
      [
        -0.00033621469628997147,
        0.0001242747384821996
      ],
      [
        -0.00033697873004712164,
        0.000672149530146271
      ],
      [
        -0.0003882763849105686,
        0.00032402254873886704
      ],
      [
        0.00006488742656074464,
        -0.00028161093359813094
      ],
      [
        0.00011435645865276456,
        0.00007432816346408799
      ],
      [
        0.00003624629971454851,
        -0.00006447069608839229
      ],
      [
        -0.00014351621211972088,
        0.00003056848800042644
      ],
      [
        0.00016840832540765405,
        -0.000059919460909441113
      ],
      [
        -0.00006100393147789873,
        0.00014574835950043052
      ],
      [
        -0.0002229669044027105,
        -0.00013201589172240347
      ],
      [
        0.000287726434180513,
        0.00012986065121367574
      ],
      [
        -0.00009178353502647951,
        -0.00012204411905258894
      ],
      [
        0.00002962648432003334,
        -0.00008757428440731019
      ],
      [
        0.00009327715815743431,
        0.00008384434477193281
      ],
      [
        -0.00016834659618325531,
        -0.00003969903627876192
      ],
      [
        0.00006877582927700132,
        0.00012197621981613338
      ],
      [
        0.0000709853702574037,
        -0.0001708493655314669
      ],
      [
        -0.00002043635322479531,
        -0.00003433518577367067
      ],
      [
        -6.3299507928604726e-6,
        0.00015255088510457426
      ],
      [
        0.00007990372250787914,
        -0.00029057354549877346
      ],
      [
        0.0001274241803912446,
        0.00011917439405806363
      ],
      [
        0.00011787112453021109,
        -0.00036151762469671667
      ],
      [
        0.00001821232399379369,
        0.0001556455681566149
      ],
      [
        -0.0000851833974593319,
        -0.00006168523395899683
      ],
      [
        0.00005312508801580407,
        0.00014996145910117775
      ],
      [
        0.000030004486688994803,
        -0.0001826935913413763
      ],
      [
        -0.00008303758659167215,
        6.595528247999027e-6
      ],
      [
        0.00019384587358217686,
        0.00005923688513576053
      ],
      [
        -0.00010083490633405745,
        -0.00014939512766432017
      ],
      [
        0.00004393248673295602,
        0.00004143068508710712
      ],
      [
        0.00023280439199879766,
        -0.00008546183380531147
      ],
      [
        -0.00022000355238560587,
        -0.00010570312588242814
      ],
      [
        0.00028313646907918155,
        -0.000018515960618969984
      ],
      [
        -0.00008982930012280121,
        0.000044142958358861506
      ],
      [
        0.00003983031274401583,
        -0.00011071954941144213
      ],
      [
        0.00015261146472766995,
        -0.00021470927458722144
      ],
      [
        -0.00010114178439835086,
        0.0003069778031203896
      ],
      [
        0.000017557353203301318,
        -0.00019197665096726269
      ],
      [
        0.00005874815906281583,
        -0.000043257809011265635
      ],
      [
        0.00017798693443182856,
        -0.00006662838131887838
      ],
      [
        -0.00009914956899592653,
        -0.00005428243457572535
      ],
      [
        0.00011646535131148994,
        -0.00009434802632313222
      ],
      [
        0.0001595250068930909,
        0.000021905050743953325
      ],
      [
        -0.00016086312825791538,
        -0.00012245206744410098
      ],
      [
        0.0002637510478962213,
        -0.00008276333392132074
      ],
      [
        -0.000028793188903364353,
        -0.000035802138881990686
      ],
      [
        -6.761742042726837e-6,
        0.00006046444468665868
      ],
      [
        0.00011095465015387163,
        -0.00021142055629752576
      ],
      [
        0.00009532929834676906,
        0.000031265033612726256
      ],
      [
        -0.0002987388288602233,
        0.00018898688722401857
      ],
      [
        0.0001789316738722846,
        -0.0001437975006410852
      ],
      [
        0.0001264143065782264,
        -0.00005154013342689723
      ],
      [
        -0.00020491864415816963,
        0.00007559537334600464
      ],
      [
        0.0002933292998932302,
        -0.0002580178261268884
      ],
      [
        -0.00003585015656426549,
        0.00012587964010890573
      ],
      [
        -0.000059621645050356165,
        -0.000046270415623439476
      ],
      [
        0.00017344254592899233,
        -0.0001610050821909681
      ],
      [
        -1.8036412257060874e-6,
        0.00007640691183041781
      ],
      [
        -0.000026480505766812712,
        -0.000020617049813154154
      ],
      [
        -0.00012246410187799484,
        -4.493191227084026e-6
      ],
      [
        0.0002895270299632102,
        0.00006819556438131258
      ],
      [
        -0.00025499050389043987,
        -0.00019381821039132774
      ],
      [
        0.00016811724344734102,
        0.00010952065349556506
      ],
      [
        0.00004650870687328279,
        -0.000043562289647525176
      ],
      [
        -0.00007315570110222325,
        -0.00008489979518344626
      ],
      [
        0.000019113429516437463,
        0.00010003789066104218
      ],
      [
        0.0000361152742698323,
        -0.00007291779184015468
      ],
      [
        0.00014306193043012172,
        -0.000129701555124484
      ],
      [
        -0.00006092032344895415,
        8.955481462180614e-6
      ],
      [
        0.00007124381954781711,
        -0.000043303491111146286
      ],
      [
        0.00007480223575839773,
        0.00005307025639922358
      ],
      [
        -0.00011958524555666372,
        -0.00020630851213354617
      ],
      [
        0.00008943938883021474,
        0.00028024314087815583
      ],
      [
        -0.00007244524749694392,
        -0.00010523670061957091
      ],
      [
        0.00004768620419781655,
        -0.00017724354984238744
      ],
      [
        0.00004359961531008594,
        0.00024063258024398237
      ],
      [
        0.000027047170078731142,
        -0.0002237963635707274
      ],
      [
        -0.000034956930903717875,
        0.00002616059464344289
      ],
      [
        0.0001222557039000094,
        -4.810442987945862e-6
      ],
      [
        -0.000049626582040218636,
        -0.000051213864935562015
      ],
      [
        0.0001431543059879914,
        -0.00010553465108387172
      ],
      [
        -0.00002442699042148888,
        -7.519053269788856e-6
      ],
      [
        -0.0000313141499646008,
        0.0001156195648945868
      ],
      [
        0.00009719282388687134,
        -0.00026896563940681517
      ],
      [
        0.00011754091246984899,
        0.0001120695160352625
      ],
      [
        -0.00014540499250870198,
        -0.00006867807678645477
      ],
      [
        0.0001450029230909422,
        -0.00002133283851435408
      ],
      [
        0.000045958931877976283,
        -0.000045467964810086414
      ],
      [
        -0.00005070673432783224,
        -0.00010514571476960555
      ],
      [
        0.00018708573770709336,
        0.00009803859575185925
      ],
      [
        -0.0000636249387753196,
        -0.00018550902314018458
      ],
      [
        -0.00004296715997043066,
        0.00003154614387312904
      ],
      [
        0.00020331224368419498,
        0.00010687545727705583
      ],
      [
        -0.00005018171214032918,
        -0.000355542084435001
      ],
      [
        0.000030503795642289333,
        0.00023145636077970266
      ],
      [
        -3.0176961445249617e-6,
        -0.00003066601129830815
      ],
      [
        0.00007741060835542157,
        -0.00019124342361465096
      ],
      [
        -0.00006648684211540967,
        0.00016361166490241885
      ],
      [
        0.00018868829647544771,
        -0.00012253325257916003
      ],
      [
        -0.0001524817489553243,
        -0.00003277814539615065
      ],
      [
        0.00006578070315299556,
        0.000037457146390806884
      ],
      [
        0.0000890261580934748,
        -0.000015499434084631503
      ],
      [
        -0.000025633980840211734,
        -0.00010551317973295227
      ],
      [
        0.00008511657506460324,
        -0.00003040950650756713
      ],
      [
        -0.00002220680471509695,
        0.00006570590630872175
      ],
      [
        -0.00005752824290539138,
        -0.000057652450777823105
      ],
      [
        0.00014018012734595686,
        6.271577149163932e-6
      ],
      [
        -0.000024589544409536757,
        -0.000051037874072790146
      ],
      [
        -0.00007851718692108989,
        0.000033936110412469134
      ],
      [
        0.00017457865760661662,
        -0.00011637593706836924
      ],
      [
        0.00004656812598113902,
        -0.00001931666884047445
      ],
      [
        -0.000048133857490029186,
        -0.00002963815313705709
      ],
      [
        0.00009606802632333711,
        -0.000022198983060661703
      ],
      [
        -0.0001027166290441528,
        0.000045367141865426674
      ],
      [
        0.00008323309884872288,
        -0.00007075440225889906
      ],
      [
        0.00009315930219599977,
        -0.00003832137372228317
      ],
      [
        -0.000011707652447512373,
        0.00001728285860735923
      ],
      [
        -0.00014991093485150486,
        -0.000039729431591695175
      ],
      [
        0.0002057379315374419,
        0.00006140885670902207
      ],
      [
        -0.000049510548706166446,
        -0.00008573124796384946
      ],
      [
        -0.000010322107300453354,
        -0.000027834508728119545
      ],
      [
        0.000037492358387680724,
        0.000067932101956103
      ],
      [
        -0.00002891885378630832,
        -0.00003268323416705243
      ],
      [
        0.000014108846698945854,
        -0.0000660345031064935
      ],
      [
        0.00015708034334238619,
        -4.801025625056354e-6
      ],
      [
        -0.00006662964733550325,
        -0.000018468663256498985
      ],
      [
        -0.00009116761793848127,
        -0.000023849021090427414
      ],
      [
        0.0001781033060979098,
        5.043910277890973e-6
      ],
      [
        -0.0000408367850468494,
        0.000030289185815490782
      ],
      [
        -0.00009128458623308688,
        -0.00007212629134301096
      ],
      [
        0.0001000283082248643,
        0.00005056470399722457
      ],
      [
        -0.000014289979844761547,
        -0.000036656816519098356
      ],
      [
        0.00004637906022253446,
        -0.00004099124998901971
      ],
      [
        0.00003678605207824148,
        -0.0000674888797220774
      ],
      [
        0.000034194181353086606,
        0.00007329058280447498
      ],
      [
        -0.00003710051532834768,
        -0.00012138002784922719
      ],
      [
        0.00011432571773184463,
        -0.0000458926624560263
      ],
      [
        0.00002970299647131469,
        0.00007228160393424332
      ],
      [
        0.000026251093004248105,
        -0.00013524053792934865
      ],
      [
        -0.000059357505961088464,
        -0.00002748286169662606
      ],
      [
        0.00014279728929977864,
        0.00007072982407407835
      ],
      [
        1.5875849612712045e-6,
        -0.00009765467257238925
      ],
      [
        -0.000011067844752687961,
        -0.00009247660636901855
      ],
      [
        0.00010401821782579646,
        0.00008085849549388513
      ],
      [
        -0.00005177800267119892,
        -0.00005121550930198282
      ],
      [
        0.00010750108049251139,
        -0.00017591769574210048
      ],
      [
        0.00005110769052407704,
        0.00014428410213440657
      ],
      [
        -0.000028873002520413138,
        -0.00011797108891187236
      ],
      [
        0.00004722601079265587,
        -0.000059754016547231004
      ],
      [
        0.000029342560083023272,
        0.000035175002267351374
      ],
      [
        0.00008961755520431325,
        -0.00004121228994335979
      ],
      [
        -0.000041130413592327386,
        -0.00009378007234772667
      ],
      [
        0.00005326922473614104,
        0.00003412842852412723
      ],
      [
        -0.000058898396673612297,
        0.00004839834218728356
      ],
      [
        0.0000712513574399054,
        -0.0000728452650946565
      ],
      [
        0.00003284266131231561,
        -0.00005875983333680779
      ],
      [
        2.475784867783659e-6,
        0.000052063587645534426
      ],
      [
        0.000024423658032901585,
        -0.00009332737681688741
      ],
      [
        0.00006869760545669124,
        -4.6711124923604075e-6
      ],
      [
        4.3857294258486945e-6,
        -0.0000602640793658793
      ],
      [
        0.000022893389541422948,
        0.00005337224865797907
      ],
      [
        0.00004580297172651626,
        -0.0001053635060088709
      ],
      [
        -0.00003702875255839899,
        -0.000024375991415581666
      ],
      [
        0.00011298430763417855,
        0.00008286356023745611
      ],
      [
        -0.000012459358913474716,
        -0.00015151244588196278
      ],
      [
        3.646461664175149e-6,
        -0.0000423698547820095
      ],
      [
        0.0001539600925752893,
        0.00008390209404751658
      ],
      [
        -0.0000937122676987201,
        -0.000177902722498402
      ],
      [
        0.00016335850523319095,
        -0.000016913332729018293
      ],
      [
        -0.000060926497098989785,
        0.00007731286314083263
      ],
      [
        0.0000266713832388632,
        -0.00010460361954756081
      ],
      [
        0.00012304096890147775,
        -0.0000979758842731826
      ],
      [
        -0.00004636739322450012,
        0.00008901857654564083
      ],
      [
        0.00007581925456179306,
        -0.00011876768985530362
      ],
      [
        0.00001740968946251087,
        -5.3331673370848875e-6
      ],
      [
        -0.00004345015622675419,
        0.00003400291461730376
      ],
      [
        0.000032625790481688455,
        7.791352800268214e-6
      ],
      [
        -3.5131322420056676e-6,
        -0.00005794344542664476
      ],
      [
        0.00006040446533006616,
        -6.267204753385158e-6
      ],
      [
        -0.000027483511075843126,
        -0.000010003541319747455
      ],
      [
        0.000015680116121075116,
        0.000021941114027868025
      ],
      [
        0.00006432719965232536,
        -0.00010069599375128746
      ],
      [
        -0.00004272763544577174,
        0.00003310678948764689
      ],
      [
        0.00006689230940537527,
        0.000022930435079615563
      ],
      [
        0.00001303337103308877,
        -0.00011290303518762812
      ],
      [
        -0.00009316238720202819,
        0.00007867604290368035
      ],
      [
        0.00014644621114712209,
        1.8043174350168556e-6
      ],
      [
        -0.00003782845305977389,
        -0.00013105366087984294
      ],
      [
        0.000039992595702642575,
        0.00005579006392508745
      ],
      [
        -3.624868440965656e-6,
        -0.00003539003591868095
      ],
      [
        0.00007596157229272649,
        -0.000012986610272491816
      ],
      [
        0.000026766078008222394,
        -0.00015490657824557275
      ],
      [
        0.00003471002492005937,
        0.00009180613415082917
      ],
      [
        0.00005026640428695828,
        -0.000040546005038777366
      ],
      [
        -0.00001908623926283326,
        -0.0001552965259179473
      ],
      [
        0.00007446681411238387,
        0.00008110258931992576
      ],
      [
        0.0000911195165826939,
        -0.00002291576129209716
      ],
      [
        -0.00011223789624636993,
        -0.00013554493489209563
      ],
      [
        0.00008178077405318618,
        0.00010648702300386503
      ],
      [
        0.0000636769036646001,
        -0.00005770958887296729
      ],
      [
        -0.00006433705857489258,
        -0.000053244701121002436
      ],
      [
        0.000032506140996702015,
        0.000040021652239374816
      ],
      [
        0.000053897059842711315,
        1.1347607369316393e-6
      ],
      [
        -0.00006680082151433453,
        -0.00006266950367717072
      ],
      [
        0.00007252288196468726,
        -9.288381988881156e-6
      ],
      [
        0.00007627637387486175,
        -7.65466938901227e-6
      ],
      [
        -0.00009550257527735084,
        6.705835403408855e-6
      ],
      [
        0.00001875109774118755,
        -0.00003458126957411878
      ],
      [
        0.00012126140791224316,
        -0.000054426855058409274
      ],
      [
        -0.00009901654993882403,
        0.0000881651503732428
      ],
      [
        0.00007848341920180246,
        -0.000055320921092061326
      ],
      [
        -0.00009785352449398488,
        -0.00008210763917304575
      ],
      [
        0.0001497779303463176,
        0.00016195297939702868
      ],
      [
        -4.314372290536994e-6,
        -0.00023512721236329526
      ],
      [
        -6.276628937484929e-6,
        3.3673038615233963e-6
      ],
      [
        0.00013452218263410032,
        0.0001148001683759503
      ],
      [
        -0.0001269620843231678,
        -0.00019413666450418532
      ],
      [
        0.00011203828762518242,
        0.000034421758755343035
      ],
      [
        0.00008860194066073745,
        0.000028881157049909234
      ],
      [
        -0.000040502902265870944,
        -0.00017009738076012582
      ]
    ],
    "schema_version": 1,
    "stage": "time_mapped_pcm_before_effects",
    "start": 1280,
    "suppressed": []
  },
  "protocol": 1
}
