{
  "audio": {
    "project_id": "9285d538-981a-4b2b-a0d6-f70b27ca9f3e",
    "revision_id": "preserve-three-into-two",
    "samples": [
      [
        1.5583246977257659e-6,
        1.7568413568369579e-6
      ],
      [
        -2.186152642025263e-6,
        -7.099652066244744e-6
      ],
      [
        5.853472885064548e-6,
        6.845562438684283e-6
      ],
      [
        -2.605232793939649e-6,
        -7.172478944994509e-6
      ],
      [
        1.542051904834807e-6,
        1.3390199455898255e-6
      ],
      [
        4.420145614858484e-6,
        1.9881304069713224e-6
      ],
      [
        -5.690675607183948e-6,
        -8.764644917391706e-6
      ],
      [
        7.515714514738647e-6,
        6.118360033724457e-6
      ],
      [
        -2.175791678382666e-6,
        -2.6023387817986077e-6
      ],
      [
        2.1329281025828095e-6,
        -2.68626763499924e-6
      ],
      [
        -1.1411910918468493e-6,
        -8.339786177202768e-7
      ],
      [
        3.753028749997611e-6,
        7.699130577520918e-8
      ],
      [
        1.883615041720077e-8,
        -3.298028161680122e-7
      ],
      [
        2.896592548040644e-7,
        -3.4793297345458996e-6
      ],
      [
        1.5744320762678399e-6,
        1.1299742936898838e-6
      ],
      [
        1.3855344604962738e-6,
        -8.428053774878208e-7
      ],
      [
        -6.074961333979445e-7,
        -4.6453264985757414e-6
      ],
      [
        3.2756413474999135e-6,
        4.9258082981396e-6
      ],
      [
        6.660347366960195e-7,
        -5.363672698877053e-6
      ],
      [
        -2.9764930786768673e-6,
        1.0186904546571895e-6
      ],
      [
        6.450533419410931e-6,
        -3.955688953283243e-6
      ],
      [
        -1.051802200890961e-6,
        3.827714408544125e-6
      ],
      [
        -1.4082845609664219e-6,
        -2.8897957236040384e-6
      ],
      [
        4.95613630846492e-6,
        -5.550200057768961e-6
      ],
      [
        -2.8018882858305005e-6,
        8.426321983279195e-6
      ],
      [
        3.431080585869495e-6,
        -0.000011052678019041196
      ],
      [
        1.4395923244592268e-6,
        6.192973614815855e-6
      ],
      [
        -1.9926503682654584e-6,
        -2.7424728159530787e-6
      ],
      [
        2.551205625422881e-6,
        -3.862944595312001e-6
      ],
      [
        3.1447698347619735e-6,
        3.944240688724676e-6
      ],
      [
        -3.6288201954448596e-6,
        -7.247403118526563e-6
      ],
      [
        5.796816367364954e-6,
        6.975602445891127e-6
      ],
      [
        -2.369136154811713e-6,
        -7.191647910076426e-6
      ],
      [
        2.2065761129397288e-7,
        -3.1662167998547375e-7
      ],
      [
        5.994608272885671e-6,
        1.9355165932211094e-6
      ],
      [
        -3.7147383409319445e-6,
        -2.0517607026704354e-6
      ],
      [
        1.2282289389986545e-6,
        -2.789639893308049e-6
      ],
      [
        2.642931349328137e-6,
        8.060084724093031e-7
      ],
      [
        1.7048313338818843e-6,
        -1.2347813083124493e-7
      ],
      [
        -1.7498529132353724e-6,
        -4.926296242047101e-6
      ],
      [
        1.8484143993191537e-6,
        4.187254944554297e-6
      ],
      [
        3.6892970456392504e-6,
        -2.703077825572109e-6
      ],
      [
        -4.982749032933498e-6,
        -4.124341558053857e-6
      ],
      [
        7.44005001251935e-6,
        2.4374257918680087e-6
      ],
      [
        -1.8064074538415298e-6,
        -3.450477379374206e-7
      ],
      [
        -1.5105788406799547e-6,
        -2.392004262219416e-6
      ],
      [
        3.393357474124059e-6,
        -3.143759613521979e-6
      ],
      [
        3.6092608297622064e-6,
        3.7187510315561667e-6
      ],
      [
        -4.631002411770169e-6,
        -3.977354936068878e-6
      ],
      [
        3.638883754319977e-6,
        -8.365067856175301e-7
      ],
      [
        1.978821956072352e-6,
        1.2824406212530448e-6
      ],
      [
        -1.3720884908252629e-6,
        -3.349778353367583e-6
      ],
      [
        3.258700189689989e-6,
        -1.4048333696337068e-6
      ],
      [
        -1.4628138842454064e-6,
        2.7170649445906747e-6
      ],
      [
        2.997300725837704e-6,
        -3.2660909710102715e-6
      ],
      [
        -1.5153517551880213e-6,
        -2.122924115610658e-6
      ],
      [
        3.5502414448274067e-6,
        3.962569792292925e-7
      ],
      [
        1.0181889820159995e-6,
        3.815801221662696e-7
      ],
      [
        -3.7431511827890063e-6,
        -2.349047917959979e-6
      ],
      [
        6.410715286619961e-6,
        -1.577307443767495e-6
      ],
      [
        -1.2697004194706096e-6,
        7.946485993670649e-7
      ],
      [
        7.730518518656027e-7,
        -2.6995496682502562e-6
      ],
      [
        4.7557458060509816e-7,
        1.2310206329857465e-6
      ],
      [
        1.414202756677696e-6,
        -2.2970566533331294e-6
      ],
      [
        1.3171953696655692e-6,
        -8.293456517094455e-7
      ],
      [
        4.2147834733441414e-7,
        -6.597617243642162e-7
      ],
      [
        6.450338219110563e-7,
        -1.9549929675122257e-6
      ],
      [
        1.248303533429862e-6,
        3.7138358948141104e-6
      ],
      [
        -1.8320395156479208e-7,
        -7.903417099441867e-6
      ],
      [
        2.994857368321391e-6,
        3.7523911942116683e-6
      ],
      [
        -7.225846161418303e-7,
        -1.2208728321638773e-6
      ],
      [
        8.723495170670503e-7,
        -2.1190717234276235e-6
      ],
      [
        9.381651011608483e-7,
        8.579556975973901e-8
      ],
      [
        9.006318464344076e-7,
        -1.5820983207959216e-6
      ],
      [
        2.8805641250073677e-6,
        -3.606572533954022e-7
      ],
      [
        -3.1164440770226065e-6,
        -1.6851108739501797e-6
      ],
      [
        2.9096470370859606e-6,
        1.7303145796176977e-6
      ],
      [
        2.787373887258582e-6,
        -4.018238087155623e-6
      ],
      [
        -3.314589321234962e-6,
        -1.7347042557958048e-7
      ],
      [
        4.643029114959063e-6,
        1.1116042060166365e-6
      ],
      [
        -1.3091455457470147e-6,
        -2.5450444809393957e-6
      ],
      [
        1.0415634505989146e-6,
        -2.1928184423813946e-7
      ],
      [
        8.018353128136368e-7,
        -1.654958737162815e-6
      ],
      [
        3.1157314879237674e-6,
        4.571464842229034e-7
      ],
      [
        -3.215531478417688e-6,
        -2.150629143216065e-6
      ],
      [
        3.7151164633542066e-6,
        8.960605555330403e-7
      ],
      [
        1.369399882378275e-7,
        -2.6045734102808638e-6
      ],
      [
        -1.5336411252064863e-8,
        -5.337923880688322e-9
      ],
      [
        3.569096634237212e-6,
        -1.3614022691399441e-6
      ],
      [
        -4.166621238255175e-6,
        8.88061322257272e-7
      ],
      [
        5.461684850160964e-6,
        -2.434305542919901e-6
      ],
      [
        -4.696750011135009e-7,
        -1.510355787104345e-6
      ],
      [
        -1.7744705473887734e-6,
        1.99698843061924e-6
      ],
      [
        5.269259418128058e-6,
        -3.7335050819820026e-6
      ],
      [
        -2.5412359718757216e-6,
        1.167298592008592e-6
      ],
      [
        3.293822601335705e-7,
        -1.2915497791254893e-6
      ],
      [
        3.9912979445944075e-6,
        -1.6064038845797768e-6
      ],
      [
        -5.393841320255888e-7,
        -2.558498977123236e-7
      ],
      [
        -1.99139435608231e-6,
        1.938685727509437e-7
      ],
      [
        4.421835456014378e-6,
        -1.7763301229933859e-6
      ],
      [
        -3.5283792954032833e-7,
        -1.7289106608586735e-6
      ],
      [
        5.164073257901691e-8,
        1.7524984059491544e-6
      ],
      [
        9.556697477819398e-7,
        -3.7154313758946955e-6
      ],
      [
        2.5663027827249607e-6,
        2.444997107886593e-6
      ],
      [
        -3.432798621361144e-6,
        -3.7064608022774337e-6
      ],
      [
        5.194608093006536e-6,
        9.974079375751899e-7
      ],
      [
        -1.1485155226864663e-7,
        -1.7091757626985782e-6
      ],
      [
        -2.179205694119446e-6,
        2.049368958978448e-7
      ],
      [
        3.3761207305360585e-6,
        -1.2937084648001473e-6
      ],
      [
        5.322580136635224e-7,
        -9.420737114851363e-7
      ],
      [
        5.193477363718557e-7,
        -6.213506367203081e-7
      ],
      [
        2.832617553849559e-7,
        -9.486917065260059e-7
      ],
      [
        1.032560135172389e-6,
        7.672680339965154e-7
      ],
      [
        2.389088820109464e-7,
        -3.0785063245275524e-6
      ],
      [
        1.4285686802395503e-6,
        6.589866075046302e-7
      ],
      [
        2.483589923940599e-6,
        -1.0284593372489326e-6
      ],
      [
        -4.399917997943703e-6,
        -8.716050956536492e-7
      ],
      [
        5.825592324981699e-6,
        5.185870008972415e-7
      ],
      [
        -2.009650643230998e-6,
        -3.35679965246527e-6
      ],
      [
        2.122091927958536e-6,
        1.4856614143354818e-6
      ],
      [
        6.608895546378335e-7,
        -9.318991942564026e-7
      ],
      [
        -1.6273994560833671e-6,
        -2.0991005840187427e-6
      ],
      [
        2.885520189011004e-6,
        1.4590672208214528e-6
      ],
      [
        1.7383573549523135e-6,
        -2.477673206158215e-6
      ],
      [
        -1.278720219488605e-6,
        -1.6329740901710466e-6
      ],
      [
        -7.779080846148645e-8,
        3.2784746508696117e-6
      ],
      [
        3.412479600228835e-6,
        -3.877635663229739e-6
      ]
    ],
    "schema_version": 1,
    "stage": "time_mapped_pcm_before_effects",
    "start": 2717,
    "suppressed": []
  },
  "protocol": 1
}
