{
  "audio": {
    "project_id": "9285d538-981a-4b2b-a0d6-f70b27ca9f3e",
    "revision_id": "preserve-three-into-two",
    "samples": [
      [
        0.00020817050244659185,
        -0.0000841463333927095
      ],
      [
        0.0014248668448999524,
        0.0006495423149317503
      ],
      [
        -0.0018321595853194594,
        -0.0005077688838355243
      ],
      [
        0.001223933999426663,
        0.0003362129209563136
      ],
      [
        0.00019337047706358135,
        -0.0007346494821831584
      ],
      [
        -0.0006878621061332524,
        0.00010148106957785785
      ],
      [
        0.0011014912743121386,
        -0.00010125745757250115
      ],
      [
        -0.0008919890387915075,
        -0.00013528788986150175
      ],
      [
        0.0012532190885394812,
        0.0003419946297071874
      ],
      [
        -0.001153616583906114,
        -0.0011548055335879326
      ],
      [
        0.0009377339738421142,
        0.0004595849895849824
      ],
      [
        0.000208884448511526,
        0.00011844312393805012
      ],
      [
        -0.0008432880858890712,
        -0.00009379885159432888
      ],
      [
        0.0008729271939955652,
        -0.0009368718601763248
      ],
      [
        -0.00002669663808774203,
        0.0008140029385685921
      ],
      [
        -0.00032666209153831005,
        -0.0004621302941814065
      ],
      [
        0.000323995656799525,
        -0.00026799269835464656
      ]
    ],
    "schema_version": 1,
    "stage": "time_mapped_pcm_before_effects",
    "start": 804,
    "suppressed": []
  },
  "protocol": 1
}
