{
  "audio": {
    "project_id": "9285d538-981a-4b2b-a0d6-f70b27ca9f3e",
    "revision_id": "preserve-three-into-two",
    "samples": [
      [
        -0.012519288808107376,
        0.012668994255363941
      ],
      [
        0.007355615496635437,
        0.0027779475785791874
      ],
      [
        0.004034628625959158,
        -0.010143911466002464
      ],
      [
        -0.019907960668206215,
        0.005783767905086279
      ],
      [
        0.014708452858030796,
        0.008495710790157318
      ],
      [
        -0.005667747929692268,
        -0.006730521097779274
      ],
      [
        -0.01078373659402132,
        0.0048827785067260265
      ],
      [
        0.008123571053147316,
        0.004800831433385611
      ],
      [
        -0.00031985677196644247,
        -0.003421192755922675
      ],
      [
        -0.007907011546194553,
        -0.003500668564811349
      ],
      [
        0.002211055951192975,
        0.011473867110908031
      ],
      [
        0.0031098201870918274,
        -0.0008533978252671659
      ],
      [
        -0.011192696169018745,
        -0.010210024192929268
      ],
      [
        0.0011598356068134308,
        0.01472183782607317
      ],
      [
        0.002906019799411297,
        -0.0009135368745774031
      ],
      [
        -0.0060117109678685665,
        -0.005120868794620037
      ],
      [
        -0.007797734346240759,
        1.1203889016542234e-6
      ],
      [
        0.018360519781708717,
        0.0165094081312418
      ],
      [
        -0.023340590298175812,
        -0.02483225055038929
      ],
      [
        0.009791159071028233,
        0.01757112145423889
      ],
      [
        0.0028139895293861628,
        0.0036090610083192587
      ],
      [
        -0.01673808880150318,
        -0.006050266325473785
      ],
      [
        0.007826979272067547,
        0.0036780070513486862
      ],
      [
        -0.004407111555337906,
        -0.0010608149459585547
      ],
      [
        -0.0029993189964443445,
        0.01322705578058958
      ],
      [
        -0.006812075152993202,
        -0.017779570072889328
      ],
      [
        0.008467826060950756,
        0.023772118613123894
      ],
      [
        -0.007562523242086172,
        -0.018865536898374557
      ],
      [
        -0.010359440930187702,
        0.00887653324753046
      ],
      [
        0.013519936241209507,
        0.013089998625218868
      ],
      [
        -0.010208239778876305,
        -0.011613660492002964
      ],
      [
        -0.00878676027059555,
        0.010638666339218616
      ],
      [
        0.010145053267478943,
        -0.013179108500480652
      ],
      [
        -0.007618524134159088,
        0.022010983899235725
      ],
      [
        -0.01389132160693407,
        -0.003345844801515341
      ],
      [
        0.01526463683694601,
        0.002577860141173005
      ],
      [
        -0.016102546826004982,
        -0.021539684385061264
      ],
      [
        0.006134141236543655,
        0.03784653916954994
      ],
      [
        -0.019213423132896423,
        -0.012174021452665329
      ],
      [
        0.015990782529115677,
        -0.0005425237468443811
      ],
      [
        -0.011228342540562153,
        0.008811403065919876
      ],
      [
        -0.017129983752965927,
        -0.014022967778146267
      ],
      [
        0.02120480127632618,
        0.02660316228866577
      ],
      [
        -0.016103623434901237,
        -0.008845584467053413
      ],
      [
        -0.010056896135210991,
        0.010002157650887966
      ],
      [
        0.005618381779640913,
        -0.02330036461353302
      ],
      [
        0.002481051255017519,
        0.0260942280292511
      ],
      [
        -0.022928401827812195,
        0.015216679312288761
      ],
      [
        0.0029565845616161823,
        -0.01848939061164856
      ],
      [
        0.010580518282949924,
        -0.0006042722961865366
      ],
      [
        -0.02653801627457142,
        0.01587439887225628
      ],
      [
        -0.0035346944350749254,
        0.011835134588181973
      ],
      [
        0.015241214074194431,
        -0.008774538524448872
      ],
      [
        -0.019913513213396072,
        0.0140983322635293
      ],
      [
        -0.018122443929314613,
        -0.03087238222360611
      ],
      [
        0.029036207124590874,
        0.05994758382439613
      ],
      [
        -0.039048515260219574,
        -0.029776252806186676
      ],
      [
        0.013053908944129944,
        0.01795092597603798
      ],
      [
        -0.026667321100831032,
        -0.007465421687811613
      ],
      [
        0.025344613939523697,
        0.0024424397852271795
      ],
      [
        -0.036394864320755005,
        0.030667468905448914
      ],
      [
        -0.002727617509663105,
        0.0011318440083414316
      ],
      [
        0.008969291113317013,
        -0.013169403187930584
      ],
      [
        -0.016671394929289818,
        -0.013512127101421356
      ],
      [
        -0.022166693583130836,
        0.07352789491415024
      ],
      [
        0.0038860756903886795,
        -0.023694759234786034
      ],
      [
        0.015520025976002216,
        -0.03026929311454296
      ],
      [
        -0.06242445483803749,
        0.055496618151664734
      ],
      [
        0.03145882114768028,
        -0.0058543006889522076
      ],
      [
        -0.0012728499714285135,
        -0.03297221288084984
      ],
      [
        -0.004004740621894598,
        0.07221564650535583
      ],
      [
        -0.0918969064950943,
        -0.03689669445157051
      ],
      [
        0.25358325242996216,
        -0.10841288417577744
      ],
      [
        0.27549949288368225,
        -0.3246617615222931
      ],
      [
        0.1942441612482071,
        -0.08028382807970047
      ],
      [
        -0.08874523639678955,
        -0.027941398322582245
      ],
      [
        -0.006260185968130827,
        0.08272774517536163
      ],
      [
        -0.0005249087116681039,
        -0.05007047951221466
      ],
      [
        0.06604095548391342,
        -0.0020893157925456762
      ],
      [
        -0.08396107703447342,
        0.021128974854946136
      ],
      [
        0.05576108768582344,
        -0.025107255205512047
      ],
      [
        0.009019162505865097,
        -0.038041867315769196
      ],
      [
        -0.014586254954338074,
        0.07799293845891953
      ],
      [
        0.0021058653946965933,
        -0.057710882276296616
      ],
      [
        0.026038384065032005,
        -0.006063821725547314
      ],
      [
        -0.004260747227817774,
        -0.009664051234722137
      ],
      [
        -0.01129964366555214,
        0.01689223013818264
      ],
      [
        0.02574150636792183,
        0.00609158631414175
      ],
      [
        -0.001083225361071527,
        -0.04399227350950241
      ],
      [
        -0.007148217875510454,
        0.022785639390349388
      ],
      [
        0.015938041731715202,
        -0.016021886840462685
      ],
      [
        0.0010791401145979762,
        0.020638583227992058
      ],
      [
        0.00015266439004335552,
        -0.015361779369413853
      ],
      [
        0.002467863028869033,
        -0.024037914350628853
      ],
      [
        0.007208587136119604,
        0.014640589244663715
      ],
      [
        0.0077260322868824005,
        -0.0062058730982244015
      ],
      [
        0.0001322154130320996,
        0.0126808388158679
      ],
      [
        -0.00880084466189146,
        -0.021005762740969658
      ],
      [
        0.02909051813185215,
        -0.011956538073718548
      ],
      [
        -0.02253245748579502,
        0.008250403217971325
      ],
      [
        0.009117466397583485,
        0.025164231657981873
      ],
      [
        0.014640707522630692,
        -0.04325951635837555
      ],
      [
        -0.009137678891420364,
        0.003947688266634941
      ],
      [
        0.003353009233251214,
        0.005654236301779747
      ],
      [
        0.010513919405639172,
        0.0007423868519254029
      ],
      [
        -0.0010546910343691707,
        -0.002580713713541627
      ],
      [
        -0.002995126647874713,
        -0.012288223020732403
      ],
      [
        0.004111593123525381,
        -0.0034609579015523195
      ],
      [
        0.013679533265531063,
        -0.00033306944533251226
      ],
      [
        -0.016691481694579124,
        0.015506786294281483
      ],
      [
        0.013343237340450287,
        -0.01863839291036129
      ],
      [
        0.0045716832391917706,
        -0.00968251284211874
      ],
      [
        -0.011339801363646984,
        0.005513134878128767
      ],
      [
        0.015213915146887302,
        0.011670335195958614
      ],
      [
        -0.006572767160832882,
        -0.0109721589833498
      ],
      [
        0.005752404686063528,
        -0.015615019015967846
      ],
      [
        0.0011389530263841152,
        0.008680830709636211
      ],
      [
        -0.000863491150084883,
        -0.0009969916427507997
      ],
      [
        0.0076716686598956585,
        0.001143572386354208
      ],
      [
        -0.005400063470005989,
        -0.013035876676440239
      ],
      [
        0.005405050236731768,
        0.005978803616017103
      ],
      [
        0.0006205326062627137,
        -0.013643811456859112
      ],
      [
        0.009159139357507229,
        0.016125628724694252
      ],
      [
        -0.014332431368529797,
        -0.007439764216542244
      ],
      [
        0.020723259076476097,
        -0.01517435908317566
      ],
      [
        -0.01219995692372322,
        0.010635203681886196
      ],
      [
        0.0029409201815724373,
        -0.002804442308843136
      ],
      [
        0.008365855552256107,
        0.005301719531416893
      ],
      [
        -0.006514010950922966,
        -0.014500074088573456
      ],
      [
        0.01116190105676651,
        -0.005537719465792179
      ],
      [
        -0.0067006745375692844,
        0.014927089214324951
      ],
      [
        0.011193733662366867,
        -0.015880512073636055
      ],
      [
        -0.007487662136554718,
        0.0033431248739361763
      ],
      [
        0.007694730535149574,
        0.0012479687575250864
      ],
      [
        0.00036775111220777035,
        -0.014804936945438385
      ],
      [
        -0.00380099774338305,
        0.013208706863224506
      ],
      [
        0.008577046915888786,
        -0.0026595639064908028
      ],
      [
        -0.007592344656586647,
        -0.009388801641762257
      ],
      [
        0.011798196472227573,
        0.0017717770533636212
      ],
      [
        -0.006603291258215904,
        -0.00589752709493041
      ],
      [
        0.009985538199543953,
        0.004476905334740877
      ],
      [
        -0.007478805258870125,
        -0.0034159733913838863
      ],
      [
        0.004517548251897097,
        -0.006844604387879372
      ],
      [
        0.0032504452392458916,
        0.004505745600908995
      ],
      [
        -0.0030564458575099707,
        -0.0022242492996156216
      ],
      [
        0.0035502093378454447,
        -0.010952145792543888
      ],
      [
        0.0035141671542078257,
        0.016803478822112083
      ],
      [
        -0.002195267006754875,
        -0.021509261801838875
      ],
      [
        -0.0034291064366698265,
        0.007852365262806416
      ],
      [
        0.014988460578024387,
        0.0005166998016647995
      ],
      [
        -0.011272996664047241,
        -0.0093923294916749
      ],
      [
        0.00027955503901466727,
        0.012843642383813858
      ],
      [
        0.01094359252601862,
        -0.020440569147467613
      ],
      [
        -0.008247665129601955,
        0.012780607677996159
      ],
      [
        0.0011210661614313722,
        -0.0032426004763692617
      ],
      [
        0.004591085948050022,
        -0.00697918189689517
      ],
      [
        0.005792816169559956,
        0.003386769210919738
      ],
      [
        -0.012821239419281483,
        -0.006529845297336578
      ],
      [
        0.013609697110950947,
        -0.00019514505402185023
      ],
      [
        0.0038969668094068766,
        0.00038138433592393994
      ],
      [
        -0.014498087577521801,
        0.0005652602994814515
      ],
      [
        0.014933881349861622,
        -0.013230408541858196
      ],
      [
        0.0036925487220287323,
        0.00947694480419159
      ],
      [
        -0.016379615291953087,
        -0.00627816841006279
      ],
      [
        0.015597118996083736,
        0.007015494629740715
      ],
      [
        0.0001134040139731951,
        -0.011538327671587467
      ],
      [
        -0.007090072613209486,
        -0.005753246136009693
      ],
      [
        0.011794840916991234,
        0.012841155752539635
      ],
      [
        -0.004379665944725275,
        -0.011708810925483704
      ],
      [
        0.0002643357147462666,
        0.0036965468898415565
      ],
      [
        0.00708006089553237,
        -0.004414769355207682
      ],
      [
        -0.007249452639371157,
        -0.00460402388125658
      ],
      [
        0.009228916838765144,
        0.006088957190513611
      ],
      [
        -0.003226503496989608,
        -0.0013749579666182399
      ],
      [
        -0.001510119647718966,
        -0.00674852030351758
      ],
      [
        0.014020438306033611,
        -0.005562010686844587
      ],
      [
        -0.015476503409445286,
        0.008897441439330578
      ],
      [
        0.012632902711629868,
        -0.00244685891084373
      ],
      [
        0.0034700350370258093,
        -0.009463955648243427
      ],
      [
        -0.017109882086515427,
        0.0050274585373699665
      ],
      [
        0.029321834444999695,
        -0.004034931305795908
      ],
      [
        -0.021030794829130173,
        -0.00028970150742679834
      ],
      [
        0.0031231895554810762,
        0.004670994821935892
      ],
      [
        0.02229269966483116,
        -0.012376626953482628
      ],
      [
        -0.030154967680573463,
        0.0018869917839765549
      ],
      [
        0.02141762338578701,
        0.003530591493472457
      ],
      [
        0.003442148445174098,
        -0.0013341224985197186
      ],
      [
        -0.019419999793171883,
        -0.005653920117765665
      ],
      [
        0.020630884915590286,
        0.0027809462044388056
      ],
      [
        -0.006319714244455099,
        -0.005001978483051062
      ],
      [
        0.00037732894998043776,
        0.005308347288519144
      ],
      [
        0.0010591991012915969,
        -0.003521518548950553
      ],
      [
        0.005272394511848688,
        -0.008928257040679455
      ],
      [
        -0.0033818241208791733,
        0.010017589665949345
      ],
      [
        -0.003324651625007391,
        -0.006736329756677151
      ],
      [
        0.011651252396404743,
        0.004560713656246662
      ],
      [
        -0.008769516833126545,
        -0.004611065145581961
      ],
      [
        0.005985517520457506,
        -0.007475708145648241
      ],
      [
        0.000301635853247717,
        0.008792283944785595
      ],
      [
        0.00010305410251021385,
        -0.0018608978716656566
      ],
      [
        0.0022810439113527536,
        -0.0038794504944235086
      ],
      [
        -0.004452733788639307,
        -0.0034914526622742414
      ],
      [
        0.010933509096503258,
        0.004608709830790758
      ],
      [
        -0.007240134757012129,
        -0.005856494884938002
      ],
      [
        0.0037712082266807556,
        0.004475967492908239
      ],
      [
        0.0033045660238713026,
        -0.005316935013979673
      ],
      [
        -0.0015682884259149432,
        -0.00443633645772934
      ],
      [
        0.0009206279064528644,
        0.008475522510707378
      ],
      [
        0.0022396878339350224,
        -0.006467686966061592
      ],
      [
        0.0013742237351834774,
        0.0005566178006120026
      ],
      [
        0.00015907897613942623,
        -0.0045873443596065044
      ],
      [
        0.0008261437760666013,
        -0.002667336957529187
      ],
      [
        0.005243383813649416,
        0.008351031690835953
      ],
      [
        -0.002671001013368368,
        -0.010484093800187111
      ],
      [
        -0.00008212349348468706,
        0.0005472857155837119
      ],
      [
        0.006667543202638626,
        0.002096723997965455
      ],
      [
        -0.0062847621738910675,
        -0.0012978824088349938
      ],
      [
        0.0049294838681817055,
        -0.0015535979764536023
      ],
      [
        0.00032377877505496144,
        0.0009835527744144201
      ],
      [
        -0.0013276974204927683,
        -0.003954465035349131
      ],
      [
        0.004773044493049383,
        -0.002751257037743926
      ],
      [
        -0.004864643327891827,
        0.009090249426662922
      ],
      [
        0.006700937170535326,
        -0.00838316697627306
      ],
      [
        -0.003331997897475958,
        -0.0014877787325531244
      ],
      [
        0.0020447797141969204,
        0.0017763334326446056
      ],
      [
        0.00045097884139977396,
        0.0011516317026689649
      ],
      [
        0.0016342831077054143,
        -0.0009327419684268534
      ],
      [
        -0.0011597953271120787,
        -0.006488754879683256
      ],
      [
        -0.0008766846731305122,
        0.008592264726758003
      ],
      [
        0.006258632987737656,
        -0.008851544000208378
      ],
      [
        -0.004736002068966627,
        0.004126464948058128
      ],
      [
        0.00014840684889350086,
        -0.00018021611322183162
      ],
      [
        0.006881775800138712,
        -0.0024984958581626415
      ],
      [
        -0.00567138334736228,
        -0.0037483524065464735
      ],
      [
        0.002790764207020402,
        0.0035290506202727556
      ],
      [
        0.005612881854176521,
        0.004197778645902872
      ],
      [
        -0.007384083699434996,
        -0.014382182620465755
      ],
      [
        0.0065817758440971375,
        0.00906794611364603
      ],
      [
        0.0007978099747560918,
        0.0013037415919825435
      ],
      [
        -0.005936121568083763,
        -0.007116434630006552
      ],
      [
        0.009828382171690464,
        0.0024424612056463957
      ],
      [
        -0.007392405066639185,
        0.0033603438641875982
      ],
      [
        0.0024378651287406683,
        -0.007159046828746796
      ],
      [
        0.007122245151549578,
        0.00017489797028247267
      ],
      [
        -0.0066931298933923244,
        0.007582573220133781
      ],
      [
        0.004519182723015547,
        -0.01327341329306364
      ],
      [
        0.003270661924034357,
        0.0046205404214560986
      ],
      [
        -0.0032962660770863295,
        0.0009650310385040939
      ],
      [
        0.004030907526612282,
        -0.0016156138153746724
      ],
      [
        -0.002420419128611684,
        -0.0016531833680346608
      ],
      [
        0.006192431785166264,
        -0.0012429035268723965
      ],
      [
        -0.005518630612641573,
        0.0008336874307133257
      ],
      [
        0.003675830317661166,
        -0.00239457911811769
      ],
      [
        0.006694032810628414,
        0.001291897613555193
      ],
      [
        -0.012809673324227333,
        -0.0013186329742893577
      ],
      [
        0.011134617030620575,
        -0.0008745180093683302
      ]
    ],
    "schema_version": 1,
    "stage": "time_mapped_pcm_before_effects",
    "start": 0,
    "suppressed": []
  },
  "protocol": 1
}
