{
  "audio": {
    "project_id": "9285d538-981a-4b2b-a0d6-f70b27ca9f3e",
    "revision_id": "preserve-three-into-two",
    "samples": [
      [
        -0.00021816497610416263,
        0.00046285754069685936
      ],
      [
        0.00025589248980395496,
        -0.0005824066465720534
      ],
      [
        -0.000014362391993927304,
        0.00012276768393348902
      ],
      [
        0.00044452332076616585,
        -6.779785053367959e-6
      ],
      [
        -0.0008471626788377762,
        -0.00031962586217559874
      ],
      [
        0.0012074316618964076,
        0.0004986290587112308
      ],
      [
        -0.0008128877962008119,
        -0.0006419924320653081
      ],
      [
        0.0005928011960349977,
        -0.0001247055915882811
      ],
      [
        0.000020359697373351082,
        0.0002919434627983719
      ],
      [
        -0.00008517264359397814,
        -0.00033564402838237584
      ],
      [
        0.0006971638067625463,
        -0.000390941888326779
      ],
      [
        -0.0008897757506929338,
        0.0003958040033467114
      ],
      [
        0.0010872561251744628,
        -0.000373185146600008
      ],
      [
        -0.00035354425199329853,
        -0.0002611490781418979
      ],
      [
        -0.00006843620212748647,
        0.0003293196496088058
      ],
      [
        0.0004736133851110935,
        -0.0003014551184605807
      ],
      [
        -0.0001802152837626636,
        -0.0002992045774590224
      ],
      [
        0.00013414944987744093,
        0.00029217786504887044
      ],
      [
        -0.00008116762910503894,
        -3.2878181173146004e-6
      ],
      [
        0.000492913241032511,
        -0.0005706403753720224
      ],
      [
        -0.0002648117661010474,
        0.00016817764844745398
      ],
      [
        0.00008665304630994797,
        0.00013559767103288323
      ],
      [
        0.0004574146296363324,
        -0.0006041711894795299
      ],
      [
        -0.00006620346539421007,
        0.00024562017642892897
      ],
      [
        -0.00023987791792023927,
        -0.00010304764145985246
      ],
      [
        0.0006933879922144115,
        -0.00040211057057604194
      ],
      [
        -0.0002206176141044125,
        0.00023490165767725557
      ],
      [
        -0.00005192422395339236,
        -0.00011409370927140117
      ],
      [
        0.0002636647841427475,
        -0.0003492265532258898
      ],
      [
        0.00035960503737442195,
        0.00030590928508900106
      ],
      [
        -0.0006468576029874384,
        -0.00046378260594792664
      ],
      [
        0.000583600893151015,
        0.00023896827769931406
      ],
      [
        0.0005271765403449535,
        -0.00015077304851729423
      ],
      [
        -0.0010404243366792798,
        -0.0005660040769726038
      ],
      [
        0.0011887878645211458,
        0.0005544802406802773
      ],
      [
        -0.00030931897344999015,
        -0.0003844783641397953
      ],
      [
        -0.00012243057426530868,
        -0.0003773740027099848
      ],
      [
        0.0005147967603988945,
        0.00042691334965638816
      ],
      [
        -0.00014474219642579556,
        -0.00043048313818871975
      ],
      [
        0.00031493394635617733,
        -0.00023893843172118068
      ],
      [
        -0.00040581426583230495,
        0.00030053392401896417
      ],
      [
        0.0008863899856805801,
        -0.00022151891607791185
      ],
      [
        -0.0005173179670237005,
        -0.0004985926207154989
      ],
      [
        0.00025085522793233395,
        0.0004124098049942404
      ],
      [
        0.00028573189047165215,
        -0.00028755475068464875
      ],
      [
        0.000026953557608067058,
        -0.0002850252785719931
      ],
      [
        -0.000049921458412427455,
        0.0001344017800875008
      ],
      [
        0.00015624011575710028,
        -0.00013619269884657115
      ],
      [
        0.00044209902989678085,
        -0.00016831171524245292
      ],
      [
        -0.0005098209949210286,
        -0.00016402191249653697
      ],
      [
        0.000507120683323592,
        0.00009076315473066643
      ],
      [
        0.0001654679945204407,
        -0.000043691470636986196
      ],
      [
        -0.0005029553431086242,
        -0.00029922675457783043
      ],
      [
        0.0005055044312030077,
        0.00018742491374723613
      ],
      [
        0.0002480079128872603,
        -0.0001080031506717205
      ],
      [
        -0.0004659440310206264,
        -0.00021480188297573477
      ],
      [
        0.0004483519878704101,
        -0.00008674815762788057
      ],
      [
        0.00014758472389075905,
        0.0002469388709869236
      ],
      [
        -0.00030077589326538146,
        -0.0004252500366419554
      ],
      [
        0.0004453487927094102,
        -0.000023788488761056215
      ],
      [
        -0.00023870558652561158,
        0.00030700050410814583
      ],
      [
        0.0004927188856527209,
        -0.0005001907120458782
      ],
      [
        -0.0005965182790532708,
        0.00004270059071131982
      ],
      [
        0.0006769991596229374,
        0.00014458046643994749
      ],
      [
        -0.000018081833331962116,
        -0.00015279228682629764
      ],
      [
        -0.0004174530622549355,
        -0.0002785237447824329
      ],
      [
        0.0006897307466715574,
        0.000047204601287376136
      ],
      [
        -0.00008576611435273662,
        0.00014850781008135527
      ],
      [
        -0.00010813985136337578,
        -0.0004952921881340444
      ],
      [
        0.00009840261191129684,
        0.0001328004727838561
      ],
      [
        0.0006633792072534561,
        -0.000014881009519740473
      ],
      [
        -0.000707730243448168,
        -0.0002975568932015449
      ],
      [
        0.00034007165231741965,
        -0.00006670914444839582
      ]
    ],
    "schema_version": 1,
    "stage": "time_mapped_pcm_before_effects",
    "start": 949,
    "suppressed": []
  },
  "protocol": 1
}
