{
  "audio": {
    "project_id": "9285d538-981a-4b2b-a0d6-f70b27ca9f3e",
    "revision_id": "preserve-three-into-two",
    "samples": [
      [
        -2.5737844566720014e-7,
        -4.41688598584733e-6
      ],
      [
        3.3416442875022767e-6,
        -5.463438590425085e-10
      ],
      [
        -1.5175237422226928e-7,
        3.002909352289862e-6
      ],
      [
        1.8423415895085782e-6,
        -3.256805712226196e-6
      ],
      [
        -2.282162512301511e-7,
        -5.540073289012071e-6
      ],
      [
        2.6684504064178327e-6,
        6.936179033800727e-6
      ],
      [
        1.8732418993749889e-7,
        -9.053354006027803e-6
      ],
      [
        -1.555905981831529e-7,
        4.9274499360763e-6
      ],
      [
        5.8820401136472356e-6,
        -2.383488663326716e-6
      ],
      [
        -6.362433850881644e-6,
        -4.6785785343672615e-6
      ],
      [
        7.485091828129953e-6,
        3.797234057856258e-6
      ],
      [
        -2.1517275854421314e-6,
        -6.0689126257784665e-6
      ],
      [
        1.7292323946094257e-6,
        6.737754574714927e-6
      ],
      [
        1.8894164668381563e-6,
        -0.000010100547115143854
      ],
      [
        -9.030282512867416e-7,
        3.859581283904845e-6
      ],
      [
        2.5481592729192926e-6,
        -1.0037002766694059e-6
      ],
      [
        9.328181818091252e-7,
        -2.5181441287713824e-6
      ]
    ],
    "schema_version": 1,
    "stage": "time_mapped_pcm_before_effects",
    "start": 2700,
    "suppressed": []
  },
  "protocol": 1
}
