{
  "audio": {
    "project_id": "9285d538-981a-4b2b-a0d6-f70b27ca9f3e",
    "revision_id": "preserve-three-into-two",
    "samples": [
      [
        0.000012248863640706986,
        3.8228781704674475e-6
      ],
      [
        4.963796527590603e-6,
        -7.825362445146311e-6
      ],
      [
        -2.879655767173972e-6,
        9.20708146168181e-7
      ],
      [
        0.000010240105439152103,
        -4.960249043506337e-6
      ],
      [
        -3.7345926102716476e-6,
        -5.442101610242389e-6
      ],
      [
        0.000010622746231092606,
        1.8956571921080467e-6
      ],
      [
        -0.000012126813999202568,
        -0.000010620844477671199
      ],
      [
        0.000025959370759665035,
        6.044107976777013e-6
      ],
      [
        -0.000012851460269303061,
        -5.337877155398019e-6
      ],
      [
        -1.4093537004100654e-7,
        -9.270539521821775e-6
      ],
      [
        0.00001711296135908924,
        -3.121953341178596e-6
      ],
      [
        -8.159878234437201e-6,
        0.00001277405954169808
      ],
      [
        9.884015526040457e-6,
        -0.000021048115740995854
      ],
      [
        -3.397766477064579e-6,
        1.7086557591028395e-6
      ],
      [
        6.18994954493246e-6,
        3.5525554267223924e-6
      ],
      [
        5.811315077153267e-6,
        -0.000012268796126591042
      ],
      [
        -4.323852863308275e-6,
        4.739853466162458e-6
      ],
      [
        0.00001328733196714893,
        -4.821372385777067e-6
      ],
      [
        -6.955498975003138e-6,
        -6.522668627439998e-6
      ],
      [
        3.3071255529648624e-6,
        -2.568244553913246e-6
      ],
      [
        0.000012048504686390515,
        6.757243653510159e-8
      ],
      [
        5.077270657238842e-7,
        3.4090151075361064e-6
      ],
      [
        -0.000011297853234282229,
        -0.00001712654557195492
      ],
      [
        0.000018063672541757114,
        -1.2892064660263713e-6
      ],
      [
        6.295222647167975e-6,
        0.000014860524970572442
      ],
      [
        -0.000015585823348374106,
        -0.00002200887684011832
      ],
      [
        0.000016526912077097222,
        3.254885996284429e-6
      ],
      [
        8.16032934380928e-6,
        3.191087898812839e-6
      ],
      [
        -0.000021320289306459017,
        -0.000019392302419873886
      ],
      [
        0.0000324366737913806,
        0.0000201425064005889
      ],
      [
        -0.000012450834219634999,
        -0.000020088984456378967
      ],
      [
        -3.7305051137082046e-6,
        5.02186048834119e-6
      ],
      [
        0.00001673849328653887,
        -9.95527170744026e-6
      ],
      [
        -3.4173824587924173e-6,
        1.2971000842298963e-6
      ],
      [
        6.268050583457807e-6,
        8.435978088527918e-6
      ],
      [
        -8.046376933634747e-6,
        -0.000022334563254844397
      ],
      [
        0.000014742509847565088,
        4.496417659538565e-6
      ],
      [
        2.3994332423171727e-6,
        1.2972810736755491e-6
      ],
      [
        -6.815282631578157e-6,
        -2.1055036540928995e-6
      ],
      [
        0.00001165927096735686,
        -8.852149221638683e-6
      ],
      [
        -1.3520101447284105e-6,
        -3.5784046303888317e-7
      ],
      [
        5.47927857041941e-6,
        -2.3526474706159206e-6
      ],
      [
        -4.479832114157034e-6,
        -4.655590146285249e-6
      ],
      [
        0.000019565379261621274,
        5.6148214753193315e-6
      ],
      [
        -0.000018686474504647776,
        -0.000013040791600360535
      ],
      [
        0.000012171126400062349,
        3.089930942223873e-7
      ],
      [
        0.000012966228496225085,
        -7.437407020915998e-6
      ],
      [
        -0.000011714552783814725,
        0.000015902480299700983
      ],
      [
        3.0168275770847686e-6,
        -0.00002107052023347933
      ],
      [
        0.000011942874152737204,
        -4.591417109622853e-6
      ],
      [
        1.369360006719944e-6,
        0.000011421541785239242
      ],
      [
        -8.816861736704595e-6,
        -0.000010689865121094044
      ],
      [
        0.000018388933312962763,
        -2.7140242764289724e-7
      ],
      [
        -8.459193850285374e-6,
        -5.768252322013723e-6
      ],
      [
        3.4071601930918405e-6,
        -2.0905038127239095e-6
      ],
      [
        0.000014281477888289373,
        -4.99489260619157e-7
      ],
      [
        -0.000015218273802020121,
        -4.108486336917849e-6
      ],
      [
        0.00001848710780905094,
        4.314732905186247e-6
      ],
      [
        -9.882490303425584e-6,
        -0.000017372838556184433
      ],
      [
        0.000012159383913967758,
        1.5565614148727036e-6
      ],
      [
        2.965324028991745e-6,
        0.000014799420569033828
      ],
      [
        -9.144856448983774e-6,
        -0.000021613292119582184
      ],
      [
        0.000012301923561608419,
        -3.1802148896531435e-6
      ],
      [
        6.705259238515282e-6,
        8.663284461363219e-6
      ],
      [
        -7.4022191256517544e-6,
        -7.059148629195988e-6
      ],
      [
        4.174847617832711e-6,
        -6.204048986546695e-6
      ],
      [
        9.21450828172965e-6,
        3.877375547745032e-6
      ],
      [
        -1.3574154991147225e-6,
        -7.088965503498912e-6
      ],
      [
        -2.898358843594906e-6,
        -0.000010234737601422239
      ],
      [
        0.000016728548871469684,
        0.00001873074688774068
      ],
      [
        -0.000011970157174800988,
        -0.000019650105969049037
      ],
      [
        4.803156116395257e-6,
        -1.7595932604308473e-6
      ],
      [
        0.00001569964842929039,
        6.114406119195337e-7
      ]
    ],
    "schema_version": 1,
    "stage": "time_mapped_pcm_before_effects",
    "start": 2371,
    "suppressed": []
  },
  "protocol": 1
}
