{
  "audio": {
    "project_id": "9285d538-981a-4b2b-a0d6-f70b27ca9f3e",
    "revision_id": "preserve-three-into-two",
    "samples": [
      [
        -0.000019422646801103838,
        -0.000048846482968656346
      ],
      [
        0.00005842577593284659,
        -0.00006529827078338712
      ],
      [
        0.00003116065636277199,
        0.00007785607158439234
      ],
      [
        -0.00007835326687199995,
        -0.00009393701475346461
      ],
      [
        0.00014827970881015062,
        -0.00002385453444730956
      ],
      [
        -0.000028573333111125976,
        5.476307478602394e-7
      ],
      [
        0.00002946106542367488,
        -0.00004137553332839161
      ],
      [
        8.001542482816149e-6,
        -0.000021064161046524532
      ],
      [
        -1.813844846765278e-6,
        0.00002592905002529733
      ],
      [
        0.000029201377401477657,
        -0.00003134798680548556
      ],
      [
        0.000012393141332722735,
        -0.000025581713998690248
      ],
      [
        7.012909463810502e-6,
        5.59620957574225e-6
      ],
      [
        9.06726472749142e-6,
        -0.000013860696526535321
      ],
      [
        0.000024914506866480224,
        -0.000046293447667267174
      ],
      [
        0.000030188142773113213,
        5.581322966463631e-6
      ],
      [
        -0.00002638796104292851,
        6.337062131933635e-6
      ],
      [
        0.000059880407206946984,
        -0.00004290600190870464
      ]
    ],
    "schema_version": 1,
    "stage": "time_mapped_pcm_before_effects",
    "start": 1752,
    "suppressed": []
  },
  "protocol": 1
}
