{
  "audio": {
    "project_id": "9285d538-981a-4b2b-a0d6-f70b27ca9f3e",
    "revision_id": "preserve-three-into-two",
    "samples": [
      [
        0.1942441612482071,
        -0.08028382807970047
      ],
      [
        -0.08874523639678955,
        -0.027941398322582245
      ],
      [
        -0.006260185968130827,
        0.08272774517536163
      ],
      [
        -0.0005249087116681039,
        -0.05007047951221466
      ],
      [
        0.06604095548391342,
        -0.0020893157925456762
      ],
      [
        -0.08396107703447342,
        0.021128974854946136
      ],
      [
        0.05576108768582344,
        -0.025107255205512047
      ],
      [
        0.009019162505865097,
        -0.038041867315769196
      ],
      [
        -0.014586254954338074,
        0.07799293845891953
      ],
      [
        0.0021058653946965933,
        -0.057710882276296616
      ],
      [
        0.026038384065032005,
        -0.006063821725547314
      ],
      [
        -0.004260747227817774,
        -0.009664051234722137
      ],
      [
        -0.01129964366555214,
        0.01689223013818264
      ],
      [
        0.02574150636792183,
        0.00609158631414175
      ],
      [
        -0.001083225361071527,
        -0.04399227350950241
      ],
      [
        -0.007148217875510454,
        0.022785639390349388
      ],
      [
        0.015938041731715202,
        -0.016021886840462685
      ],
      [
        0.0010791401145979762,
        0.020638583227992058
      ],
      [
        0.00015266439004335552,
        -0.015361779369413853
      ],
      [
        0.002467863028869033,
        -0.024037914350628853
      ],
      [
        0.007208587136119604,
        0.014640589244663715
      ],
      [
        0.0077260322868824005,
        -0.0062058730982244015
      ],
      [
        0.0001322154130320996,
        0.0126808388158679
      ],
      [
        -0.00880084466189146,
        -0.021005762740969658
      ],
      [
        0.02909051813185215,
        -0.011956538073718548
      ],
      [
        -0.02253245748579502,
        0.008250403217971325
      ],
      [
        0.009117466397583485,
        0.025164231657981873
      ],
      [
        0.014640707522630692,
        -0.04325951635837555
      ],
      [
        -0.009137678891420364,
        0.003947688266634941
      ],
      [
        0.003353009233251214,
        0.005654236301779747
      ],
      [
        0.010513919405639172,
        0.0007423868519254029
      ],
      [
        -0.0010546910343691707,
        -0.002580713713541627
      ],
      [
        -0.002995126647874713,
        -0.012288223020732403
      ],
      [
        0.004111593123525381,
        -0.0034609579015523195
      ],
      [
        0.013679533265531063,
        -0.00033306944533251226
      ],
      [
        -0.016691481694579124,
        0.015506786294281483
      ],
      [
        0.013343237340450287,
        -0.01863839291036129
      ],
      [
        0.0045716832391917706,
        -0.00968251284211874
      ],
      [
        -0.011339801363646984,
        0.005513134878128767
      ],
      [
        0.015213915146887302,
        0.011670335195958614
      ],
      [
        -0.006572767160832882,
        -0.0109721589833498
      ],
      [
        0.005752404686063528,
        -0.015615019015967846
      ],
      [
        0.0011389530263841152,
        0.008680830709636211
      ],
      [
        -0.000863491150084883,
        -0.0009969916427507997
      ],
      [
        0.0076716686598956585,
        0.001143572386354208
      ],
      [
        -0.005400063470005989,
        -0.013035876676440239
      ],
      [
        0.005405050236731768,
        0.005978803616017103
      ],
      [
        0.0006205326062627137,
        -0.013643811456859112
      ],
      [
        0.009159139357507229,
        0.016125628724694252
      ],
      [
        -0.014332431368529797,
        -0.007439764216542244
      ],
      [
        0.020723259076476097,
        -0.01517435908317566
      ],
      [
        -0.01219995692372322,
        0.010635203681886196
      ],
      [
        0.0029409201815724373,
        -0.002804442308843136
      ],
      [
        0.008365855552256107,
        0.005301719531416893
      ],
      [
        -0.006514010950922966,
        -0.014500074088573456
      ],
      [
        0.01116190105676651,
        -0.005537719465792179
      ],
      [
        -0.0067006745375692844,
        0.014927089214324951
      ],
      [
        0.011193733662366867,
        -0.015880512073636055
      ],
      [
        -0.007487662136554718,
        0.0033431248739361763
      ],
      [
        0.007694730535149574,
        0.0012479687575250864
      ],
      [
        0.00036775111220777035,
        -0.014804936945438385
      ],
      [
        -0.00380099774338305,
        0.013208706863224506
      ],
      [
        0.008577046915888786,
        -0.0026595639064908028
      ],
      [
        -0.007592344656586647,
        -0.009388801641762257
      ],
      [
        0.011798196472227573,
        0.0017717770533636212
      ],
      [
        -0.006603291258215904,
        -0.00589752709493041
      ],
      [
        0.009985538199543953,
        0.004476905334740877
      ],
      [
        -0.007478805258870125,
        -0.0034159733913838863
      ],
      [
        0.004517548251897097,
        -0.006844604387879372
      ],
      [
        0.0032504452392458916,
        0.004505745600908995
      ],
      [
        -0.0030564458575099707,
        -0.0022242492996156216
      ],
      [
        0.0035502093378454447,
        -0.010952145792543888
      ],
      [
        0.0035141671542078257,
        0.016803478822112083
      ],
      [
        -0.002195267006754875,
        -0.021509261801838875
      ],
      [
        -0.0034291064366698265,
        0.007852365262806416
      ],
      [
        0.014988460578024387,
        0.0005166998016647995
      ],
      [
        -0.011272996664047241,
        -0.0093923294916749
      ],
      [
        0.00027955503901466727,
        0.012843642383813858
      ],
      [
        0.01094359252601862,
        -0.020440569147467613
      ],
      [
        -0.008247665129601955,
        0.012780607677996159
      ],
      [
        0.0011210661614313722,
        -0.0032426004763692617
      ],
      [
        0.004591085948050022,
        -0.00697918189689517
      ],
      [
        0.005792816169559956,
        0.003386769210919738
      ],
      [
        -0.012821239419281483,
        -0.006529845297336578
      ],
      [
        0.013609697110950947,
        -0.00019514505402185023
      ],
      [
        0.0038969668094068766,
        0.00038138433592393994
      ],
      [
        -0.014498087577521801,
        0.0005652602994814515
      ],
      [
        0.014933881349861622,
        -0.013230408541858196
      ],
      [
        0.0036925487220287323,
        0.00947694480419159
      ],
      [
        -0.016379615291953087,
        -0.00627816841006279
      ],
      [
        0.015597118996083736,
        0.007015494629740715
      ],
      [
        0.0001134040139731951,
        -0.011538327671587467
      ],
      [
        -0.007090072613209486,
        -0.005753246136009693
      ],
      [
        0.011794840916991234,
        0.012841155752539635
      ],
      [
        -0.004379665944725275,
        -0.011708810925483704
      ],
      [
        0.0002643357147462666,
        0.0036965468898415565
      ],
      [
        0.00708006089553237,
        -0.004414769355207682
      ],
      [
        -0.007249452639371157,
        -0.00460402388125658
      ],
      [
        0.009228916838765144,
        0.006088957190513611
      ],
      [
        -0.003226503496989608,
        -0.0013749579666182399
      ],
      [
        -0.001510119647718966,
        -0.00674852030351758
      ],
      [
        0.014020438306033611,
        -0.005562010686844587
      ],
      [
        -0.015476503409445286,
        0.008897441439330578
      ],
      [
        0.012632902711629868,
        -0.00244685891084373
      ],
      [
        0.0034700350370258093,
        -0.009463955648243427
      ],
      [
        -0.017109882086515427,
        0.0050274585373699665
      ],
      [
        0.029321834444999695,
        -0.004034931305795908
      ],
      [
        -0.021030794829130173,
        -0.00028970150742679834
      ],
      [
        0.0031231895554810762,
        0.004670994821935892
      ],
      [
        0.02229269966483116,
        -0.012376626953482628
      ],
      [
        -0.030154967680573463,
        0.0018869917839765549
      ],
      [
        0.02141762338578701,
        0.003530591493472457
      ],
      [
        0.003442148445174098,
        -0.0013341224985197186
      ],
      [
        -0.019419999793171883,
        -0.005653920117765665
      ],
      [
        0.020630884915590286,
        0.0027809462044388056
      ],
      [
        -0.006319714244455099,
        -0.005001978483051062
      ],
      [
        0.00037732894998043776,
        0.005308347288519144
      ],
      [
        0.0010591991012915969,
        -0.003521518548950553
      ],
      [
        0.005272394511848688,
        -0.008928257040679455
      ],
      [
        -0.0033818241208791733,
        0.010017589665949345
      ],
      [
        -0.003324651625007391,
        -0.006736329756677151
      ],
      [
        0.011651252396404743,
        0.004560713656246662
      ],
      [
        -0.008769516833126545,
        -0.004611065145581961
      ],
      [
        0.005985517520457506,
        -0.007475708145648241
      ],
      [
        0.000301635853247717,
        0.008792283944785595
      ],
      [
        0.00010305410251021385,
        -0.0018608978716656566
      ],
      [
        0.0022810439113527536,
        -0.0038794504944235086
      ],
      [
        -0.004452733788639307,
        -0.0034914526622742414
      ],
      [
        0.010933509096503258,
        0.004608709830790758
      ],
      [
        -0.007240134757012129,
        -0.005856494884938002
      ],
      [
        0.0037712082266807556,
        0.004475967492908239
      ],
      [
        0.0033045660238713026,
        -0.005316935013979673
      ],
      [
        -0.0015682884259149432,
        -0.00443633645772934
      ],
      [
        0.0009206279064528644,
        0.008475522510707378
      ],
      [
        0.0022396878339350224,
        -0.006467686966061592
      ],
      [
        0.0013742237351834774,
        0.0005566178006120026
      ],
      [
        0.00015907897613942623,
        -0.0045873443596065044
      ],
      [
        0.0008261437760666013,
        -0.002667336957529187
      ],
      [
        0.005243383813649416,
        0.008351031690835953
      ],
      [
        -0.002671001013368368,
        -0.010484093800187111
      ],
      [
        -0.00008212349348468706,
        0.0005472857155837119
      ],
      [
        0.006667543202638626,
        0.002096723997965455
      ],
      [
        -0.0062847621738910675,
        -0.0012978824088349938
      ],
      [
        0.0049294838681817055,
        -0.0015535979764536023
      ],
      [
        0.00032377877505496144,
        0.0009835527744144201
      ],
      [
        -0.0013276974204927683,
        -0.003954465035349131
      ],
      [
        0.004773044493049383,
        -0.002751257037743926
      ],
      [
        -0.004864643327891827,
        0.009090249426662922
      ],
      [
        0.006700937170535326,
        -0.00838316697627306
      ],
      [
        -0.003331997897475958,
        -0.0014877787325531244
      ],
      [
        0.0020447797141969204,
        0.0017763334326446056
      ],
      [
        0.00045097884139977396,
        0.0011516317026689649
      ],
      [
        0.0016342831077054143,
        -0.0009327419684268534
      ],
      [
        -0.0011597953271120787,
        -0.006488754879683256
      ],
      [
        -0.0008766846731305122,
        0.008592264726758003
      ],
      [
        0.006258632987737656,
        -0.008851544000208378
      ],
      [
        -0.004736002068966627,
        0.004126464948058128
      ],
      [
        0.00014840684889350086,
        -0.00018021611322183162
      ],
      [
        0.006881775800138712,
        -0.0024984958581626415
      ],
      [
        -0.00567138334736228,
        -0.0037483524065464735
      ],
      [
        0.002790764207020402,
        0.0035290506202727556
      ],
      [
        0.005612881854176521,
        0.004197778645902872
      ],
      [
        -0.007384083699434996,
        -0.014382182620465755
      ],
      [
        0.0065817758440971375,
        0.00906794611364603
      ],
      [
        0.0007978099747560918,
        0.0013037415919825435
      ],
      [
        -0.005936121568083763,
        -0.007116434630006552
      ],
      [
        0.009828382171690464,
        0.0024424612056463957
      ],
      [
        -0.007392405066639185,
        0.0033603438641875982
      ],
      [
        0.0024378651287406683,
        -0.007159046828746796
      ],
      [
        0.007122245151549578,
        0.00017489797028247267
      ],
      [
        -0.0066931298933923244,
        0.007582573220133781
      ],
      [
        0.004519182723015547,
        -0.01327341329306364
      ],
      [
        0.003270661924034357,
        0.0046205404214560986
      ],
      [
        -0.0032962660770863295,
        0.0009650310385040939
      ],
      [
        0.004030907526612282,
        -0.0016156138153746724
      ],
      [
        -0.002420419128611684,
        -0.0016531833680346608
      ],
      [
        0.006192431785166264,
        -0.0012429035268723965
      ],
      [
        -0.005518630612641573,
        0.0008336874307133257
      ],
      [
        0.003675830317661166,
        -0.00239457911811769
      ],
      [
        0.006694032810628414,
        0.001291897613555193
      ],
      [
        -0.012809673324227333,
        -0.0013186329742893577
      ],
      [
        0.011134617030620575,
        -0.0008745180093683302
      ],
      [
        -0.00006568932440131903,
        0.000013370484339247923
      ],
      [
        -0.0069101732224226,
        -0.00012288127618376166
      ],
      [
        0.006326697301119566,
        0.0017507103038951755
      ],
      [
        0.0021333142649382353,
        -0.004792685620486736
      ],
      [
        -0.0027504023164510727,
        -0.0028695911169052124
      ],
      [
        -0.002217594301328063,
        0.009113986976444721
      ],
      [
        0.009380274452269077,
        -0.005876617971807718
      ],
      [
        -0.008693237788975239,
        -0.004854471888393164
      ],
      [
        0.002395004266873002,
        0.009296690113842487
      ],
      [
        0.007789790630340576,
        -0.011239318177103996
      ],
      [
        -0.007411204278469086,
        0.005904732272028923
      ],
      [
        0.0007913837907835841,
        0.003421107539907098
      ],
      [
        0.007700296118855476,
        -0.012117454782128334
      ],
      [
        -0.005965709686279297,
        0.008156517520546913
      ],
      [
        0.0006934353150427341,
        -0.0023258114233613014
      ],
      [
        0.0043289936147630215,
        -0.0029930558521300554
      ],
      [
        -0.0034403717145323753,
        0.008465396240353584
      ],
      [
        0.00008791781874606386,
        -0.012985157780349255
      ],
      [
        0.00477919215336442,
        0.004169154912233353
      ],
      [
        -0.0007774775731377304,
        0.007969837635755539
      ],
      [
        -0.003759850049391389,
        -0.013758935034275055
      ],
      [
        0.009702225215733051,
        0.003980813082307577
      ],
      [
        -0.009258083067834377,
        0.007388977333903313
      ],
      [
        0.0030187107622623444,
        -0.01200059149414301
      ],
      [
        0.005645481403917074,
        0.00864862184971571
      ],
      [
        -0.0096518499776721,
        0.002245878567919135
      ],
      [
        0.01132905576378107,
        -0.013294428586959839
      ],
      [
        -0.007655815687030554,
        0.008013676851987839
      ],
      [
        0.006169887725263834,
        0.0028797131963074207
      ],
      [
        -0.0035250717774033546,
        -0.004209914244711399
      ],
      [
        0.00243896315805614,
        -0.003363804891705513
      ],
      [
        0.0013345194747671485,
        0.003099004738032818
      ],
      [
        -0.004853939171880484,
        0.002529044169932604
      ],
      [
        0.007152901962399483,
        -0.004308961797505617
      ],
      [
        -0.00654328940436244,
        0.003986284136772156
      ],
      [
        0.007704592775553465,
        -0.005288990214467049
      ],
      [
        -0.006780021358281374,
        0.00125882588326931
      ],
      [
        0.0065164994448423386,
        0.0016005969373509288
      ],
      [
        0.000024680433853063732,
        0.0027642520144581795
      ],
      [
        -0.009965930134057999,
        -0.0067030382342636585
      ],
      [
        0.0164355281740427,
        -0.0019082346698269248
      ],
      [
        -0.01010357029736042,
        0.008845554664731026
      ],
      [
        -0.0030213019344955683,
        -0.004214841406792402
      ],
      [
        0.015123733319342136,
        -0.004223636817187071
      ],
      [
        -0.012161684222519398,
        0.000801394518930465
      ],
      [
        -0.0028048770036548376,
        0.00378395221196115
      ],
      [
        0.018441271036863327,
        -0.0031673188786953688
      ],
      [
        -0.020361287519335747,
        0.0033969704527407885
      ],
      [
        0.00784717220813036,
        -0.003457511542364955
      ],
      [
        0.0074634556658566,
        -0.005619078874588013
      ],
      [
        -0.010882403701543808,
        0.011628181673586369
      ],
      [
        0.0013681957498192787,
        -0.0029524266719818115
      ],
      [
        0.008110827766358852,
        -0.005901895929127932
      ],
      [
        -0.0031920336186885834,
        -0.0005339501658454537
      ],
      [
        -0.013168934732675552,
        0.0066233184188604355
      ],
      [
        0.02674061246216297,
        -0.002129488857463002
      ],
      [
        -0.022725820541381836,
        -0.0015406558522954583
      ],
      [
        0.00437583914026618,
        -0.0005298081669025123
      ],
      [
        0.01495319977402687,
        -0.0028123233933001757
      ],
      [
        -0.019971132278442383,
        0.0066718594171106815
      ],
      [
        0.013314804993569851,
        0.0008441269746981561
      ],
      [
        -0.008514337241649628,
        -0.0071401274763047695
      ],
      [
        0.011556055396795273,
        0.00010684021253837273
      ],
      [
        -0.016191912814974785,
        0.006652553100138903
      ],
      [
        0.012957107275724411,
        -0.0020984031725674868
      ],
      [
        0.004819925408810377,
        -0.003932166378945112
      ],
      [
        -0.018889212980866432,
        -0.0011297650635242462
      ],
      [
        0.02137742005288601,
        0.0012120488099753857
      ],
      [
        -0.011392486281692982,
        0.004901184234768152
      ],
      [
        0.002293063560500741,
        -0.0036312530282884836
      ],
      [
        -0.0017439500661566854,
        -0.001093850121833384
      ],
      [
        0.005333711393177509,
        -0.0020533937495201826
      ],
      [
        -0.003029094310477376,
        0.00427440507337451
      ],
      [
        -0.005426551215350628,
        0.0028481553308665752
      ]
    ],
    "schema_version": 1,
    "stage": "time_mapped_pcm_before_effects",
    "start": 74,
    "suppressed": []
  },
  "protocol": 1
}
