{
  "audio": {
    "project_id": "9285d538-981a-4b2b-a0d6-f70b27ca9f3e",
    "revision_id": "preserve-three-into-two",
    "samples": [
      [
        -0.0031854112166911364,
        0.002353453543037176
      ],
      [
        0.003127647563815117,
        -0.005359402392059565
      ],
      [
        0.0017520656110718846,
        -0.00122992810793221
      ],
      [
        -0.0011371473083272576,
        0.002028341870754957
      ],
      [
        0.0032084472477436066,
        -0.0023107638116925955
      ],
      [
        -0.0039016399532556534,
        0.00132174591999501
      ],
      [
        0.005418714135885239,
        0.0005376380286179483
      ],
      [
        -0.002170516876503825,
        -0.006965907756239176
      ],
      [
        -0.0010001903865486383,
        0.005964943673461676
      ],
      [
        0.004944369196891785,
        0.00020152605429757386
      ],
      [
        -0.0019484820077195764,
        -0.007020903751254082
      ],
      [
        -0.004070807248353958,
        0.003466945141553879
      ],
      [
        0.007372391875833273,
        0.0003389430930837989
      ],
      [
        0.0003416032704990357,
        -0.0011593570234254003
      ],
      [
        -0.007821672596037388,
        0.0009547678637318313
      ],
      [
        0.012915794737637043,
        -0.002111695474013686
      ],
      [
        -0.005623279605060816,
        -0.0026675183326005936
      ],
      [
        -0.00180053838994354,
        0.0028398102149367332
      ],
      [
        0.008498154580593109,
        0.0006392501527443528
      ],
      [
        -0.007351765874773264,
        -0.004883412271738052
      ],
      [
        0.0014749557012692094,
        0.002314153593033552
      ],
      [
        0.0026222316082566977,
        0.0019124815007671714
      ],
      [
        -0.0010783158941194415,
        0.0006439873832277954
      ],
      [
        -0.0014834216563031077,
        -0.0016516238683834672
      ],
      [
        0.005556674208492041,
        -0.004330760333687067
      ],
      [
        -0.0035629281774163246,
        0.003762575564906001
      ],
      [
        0.003332383232191205,
        0.0002715681039262563
      ],
      [
        0.00018363674462307245,
        -0.003151568816974759
      ],
      [
        -0.0018493756651878357,
        0.0008982901345007122
      ],
      [
        0.0038433221634477377,
        -0.0030103574972599745
      ],
      [
        -0.0031711007468402386,
        0.001450280542485416
      ],
      [
        0.003727304982021451,
        0.0023929616436362267
      ],
      [
        -0.0032430230639874935,
        -0.004077357240021229
      ],
      [
        0.004133592359721661,
        -0.0028971745632588863
      ],
      [
        -0.0023812942672520876,
        0.0035417142789810896
      ],
      [
        -0.00032703703618608415,
        0.00154850073158741
      ],
      [
        0.004530001897364855,
        -0.003959973808377981
      ],
      [
        -0.00639506708830595,
        -0.002413687529042363
      ],
      [
        0.006560321897268295,
        0.0018529027001932263
      ],
      [
        -0.0013361450983211398,
        -0.00020845935796387494
      ],
      [
        0.0005177163402549922,
        -0.001624692347832024
      ],
      [
        0.0013361363671720028,
        -0.0010980820516124368
      ],
      [
        -0.00023510509345214814,
        -0.001635416760109365
      ],
      [
        0.0006852885126136243,
        0.0007450847770087421
      ],
      [
        0.0001928699784912169,
        0.0014896501088514924
      ],
      [
        0.0006195906898938119,
        -0.002277749590575695
      ],
      [
        0.0004651927447412163,
        -0.002592919860035181
      ],
      [
        -0.0008806426194496453,
        0.0002467302547302097
      ],
      [
        0.0026667937636375427,
        0.0029042139649391174
      ],
      [
        0.0013318108394742012,
        -0.0029613543301820755
      ],
      [
        -0.004389421548694372,
        -0.004140159580856562
      ],
      [
        0.007227072026580572,
        0.0036834189668297768
      ],
      [
        -0.004256274085491896,
        0.0000281060620181961
      ],
      [
        0.00011877991346409544,
        -0.0023340864572674036
      ],
      [
        0.004987692926079035,
        0.0007738099666312337
      ],
      [
        -0.003677294822409749,
        -0.0040957690216600895
      ],
      [
        0.0026694361586123705,
        0.002124382648617029
      ],
      [
        -0.001415667007677257,
        0.0008720296900719404
      ],
      [
        0.003837151452898979,
        -0.002013751305639744
      ],
      [
        -0.004604486282914877,
        -0.0008814443717710674
      ],
      [
        0.002448737621307373,
        -0.0005976948887109756
      ],
      [
        0.0033692861907184124,
        0.0025328751653432846
      ],
      [
        -0.004466685466468334,
        -0.002499079331755638
      ],
      [
        0.0029211186338216066,
        -0.0012764378916472197
      ],
      [
        0.001458190381526947,
        -0.00003792826100834645
      ],
      [
        -0.0013116378104314208,
        -0.0003916687855962664
      ],
      [
        0.0006267141434364021,
        0.0006333835190162063
      ],
      [
        0.0028033466078341007,
        -0.0025231055915355682
      ],
      [
        -0.001960317837074399,
        -0.00019504949159454554
      ],
      [
        0.0016041131457313895,
        -0.00015175968292169273
      ],
      [
        0.00007852551061660051,
        0.000785743584856391
      ],
      [
        0.0028325377497822046,
        -0.0027058282867074013
      ],
      [
        -0.0012884176103398204,
        0.0006921798340044916
      ],
      [
        -0.003402461064979434,
        -5.544673967960989e-6
      ],
      [
        0.008832857944071293,
        -0.001642082817852497
      ],
      [
        -0.007122427225112915,
        0.001729594892822206
      ],
      [
        0.002025986323133111,
        -0.003576799063012004
      ],
      [
        0.005572861526161432,
        -0.00006383653817465529
      ],
      [
        -0.006947302725166082,
        0.001044769654981792
      ],
      [
        0.003371076425537467,
        -0.0013885158114135265
      ],
      [
        0.0026567410677671432,
        -0.00015940239245537668
      ],
      [
        -0.0022144571412354708,
        -0.0009725345298647881
      ],
      [
        -0.0007617176161147654,
        0.0006007071933709085
      ],
      [
        0.0030415980145335197,
        -0.0013662008568644524
      ],
      [
        -0.0002911967458203435,
        0.0009050974622368813
      ],
      [
        -0.003968594595789909,
        -0.001576830050908029
      ],
      [
        0.005624768324196339,
        0.00008593740494688973
      ],
      [
        -0.0016453127609565854,
        0.00016825048078317195
      ],
      [
        -0.0037918377202004194,
        -0.0013218306703493
      ],
      [
        0.006514003500342369,
        0.0016203811392188072
      ],
      [
        -0.0038918268401175737,
        -0.0015076242852956057
      ],
      [
        -0.00009059735020855442,
        0.00012968092050869018
      ],
      [
        0.004336826503276825,
        -0.0018281253287568688
      ],
      [
        -0.0024406593292951584,
        -0.00025828307843767107
      ],
      [
        0.002012214157730341,
        0.0005533898947760463
      ],
      [
        -0.0016392688266932964,
        -0.0019267020979896188
      ],
      [
        0.003223804756999016,
        0.001492899376899004
      ],
      [
        -0.0035280624870210886,
        -0.002460155636072159
      ],
      [
        0.0013962043449282646,
        0.0024305612314492464
      ],
      [
        0.004445380065590143,
        -0.0015422723954543471
      ],
      [
        -0.006066685076802969,
        -0.0016529844142496586
      ],
      [
        0.006290803197771311,
        0.00028004436171613634
      ],
      [
        -0.0022877538576722145,
        -0.0010516949696466327
      ],
      [
        -0.0007431251578964293,
        0.0018437918042764068
      ],
      [
        0.0028156356420367956,
        -0.0021769662853330374
      ],
      [
        -0.0027744551189243793,
        -0.0004506333207245916
      ],
      [
        0.003322145203128457,
        -0.00016881650662980974
      ],
      [
        -0.0032837074249982834,
        0.0014538161922246218
      ],
      [
        0.0030359476804733276,
        -0.0009183802758343518
      ],
      [
        -0.0008234898559749126,
        -0.001708297641016543
      ],
      [
        -0.001747290720231831,
        0.0019684077706187963
      ],
      [
        0.002028498100116849,
        -0.001731379539705813
      ],
      [
        -0.000410852167988196,
        0.0023779128678143024
      ],
      [
        -0.00028005868080072105,
        -0.0016226270236074924
      ],
      [
        -0.000010810603271238506,
        -0.002370805712416768
      ],
      [
        0.0024435357190668583,
        0.001701914588920772
      ],
      [
        -0.0026171912904828787,
        0.0010545951081439853
      ],
      [
        0.0012158706085756421,
        -0.0013672973727807403
      ],
      [
        0.0009485280606895685,
        -0.0005927172023802996
      ],
      [
        -0.00185725640039891,
        -0.00012086996139260009
      ],
      [
        0.0015982473269104958,
        0.0010207471204921603
      ],
      [
        -0.000867630762513727,
        0.000558282423298806
      ],
      [
        0.0012674233876168728,
        -0.002041086321696639
      ],
      [
        -0.0015123861376196146,
        -0.0003259409568272531
      ],
      [
        0.0010520373471081257,
        0.0011092086788266897
      ],
      [
        0.00043955305591225624,
        0.0007858352037146688
      ],
      [
        -0.0009989278623834252,
        -0.00004202315540169366
      ],
      [
        0.00046306531294249,
        -0.002446346916258335
      ],
      [
        0.0009394874796271324,
        -0.0002435086207697168
      ],
      [
        0.0004982043174095452,
        0.0032441115472465754
      ],
      [
        -0.002440333366394043,
        -0.001891450141556561
      ],
      [
        0.003355677705258131,
        -0.001809166744351387
      ],
      [
        -0.0008690259419381618,
        0.0012751654721796513
      ],
      [
        -0.0035028632264584303,
        0.00016941511421464384
      ],
      [
        0.005899987183511257,
        0.0013958102790638804
      ],
      [
        -0.0037592619191855192,
        -0.002499856287613511
      ],
      [
        -0.00029436341719701886,
        0.0013722864678129554
      ],
      [
        0.0037447845097631216,
        -0.002844397444278002
      ],
      [
        -0.0015869619091972709,
        0.0020574762020260096
      ],
      [
        -0.00015463361341971904,
        0.0021463159937411547
      ],
      [
        0.0002588857605587691,
        -0.006308775395154953
      ],
      [
        0.0019607071299105883,
        0.002852472709491849
      ],
      [
        -0.0035480910446494818,
        0.002708752639591694
      ],
      [
        0.00214035133831203,
        -0.002620863961055875
      ],
      [
        0.0019480629125609994,
        -0.0006658504134975374
      ],
      [
        -0.004546194802969694,
        0.001742332591675222
      ],
      [
        0.004666576161980629,
        -0.00275914603844285
      ],
      [
        -0.0018561918986961246,
        0.002548499032855034
      ],
      [
        -0.0008817246998660266,
        0.001255114795640111
      ],
      [
        0.0022490525152534246,
        -0.005500975996255875
      ],
      [
        -0.0013447594828903675,
        0.0033948319032788277
      ],
      [
        -0.00015154787979554385,
        0.00042048643808811903
      ],
      [
        0.0008833988104015589,
        0.00001421294564352138
      ],
      [
        -0.00015329646703321487,
        -0.0018399866530671716
      ],
      [
        -0.0010494617745280266,
        -0.00014451044262386858
      ],
      [
        0.0016015410656109452,
        0.001940939575433731
      ],
      [
        -0.00042437564115971327,
        -0.0011485222494229674
      ],
      [
        -0.0018313938053324819,
        0.0006735732895322144
      ],
      [
        0.002733679488301277,
        -0.00075193727388978
      ],
      [
        -0.0011955396039411426,
        -0.0010932724690064788
      ],
      [
        -0.0012626803945749998,
        0.0020567073952406645
      ],
      [
        0.0030881117563694715,
        -0.00013036363816354424
      ],
      [
        -0.0020223548635840416,
        -0.0020535800140351057
      ],
      [
        -0.0007274946547113359,
        0.0006152268033474684
      ],
      [
        0.0016035865992307663,
        0.0013484337832778692
      ],
      [
        -0.0006871807272545993,
        0.0002719165349844843
      ],
      [
        0.00045980498543940485,
        -0.0023440213408321142
      ],
      [
        -0.0011936015216633677,
        0.0012914985418319702
      ],
      [
        0.0026834094896912575,
        0.00048662605695426464
      ],
      [
        -0.002430800348520279,
        -0.0017508012242615223
      ],
      [
        -0.00018633285071700811,
        0.0033002938143908978
      ],
      [
        0.0025284853763878345,
        -0.002486433368176222
      ],
      [
        -0.0033212583512067795,
        -0.00058167235692963
      ],
      [
        0.0018488462083041668,
        0.002264110604301095
      ],
      [
        0.0007700476562604308,
        -0.00040110290865413845
      ],
      [
        -0.0014581931754946709,
        -0.0016545358812436461
      ],
      [
        0.00094404979608953,
        0.0006017383420839906
      ],
      [
        0.00014285018551163375,
        0.00018156673468183726
      ],
      [
        0.00019099430937785655,
        0.0003251973248552531
      ],
      [
        -0.0014296777080744505,
        0.00038927741115912795
      ],
      [
        0.0007951179868541658,
        -0.0008591582882218063
      ],
      [
        0.00011030291352653876,
        0.0013620313256978989
      ],
      [
        -0.00045552695519290864,
        -0.0019608803559094667
      ],
      [
        0.0010019667679443955,
        0.0014726236695423722
      ],
      [
        -0.00022352520318236202,
        0.00007906616519903764
      ],
      [
        -0.00035327801015228033,
        -0.0024342734832316637
      ],
      [
        -0.00017443174147047102,
        0.002852068515494466
      ],
      [
        0.00034833705285564065,
        -0.00034056685399264097
      ],
      [
        -0.0008492646156810224,
        -0.0003891413507517427
      ],
      [
        -0.000016263144061667845,
        -0.0004242040740791708
      ],
      [
        0.0015996656147763133,
        0.0005080162663944066
      ],
      [
        -0.002918082056567073,
        0.0004321645537856966
      ],
      [
        0.0021303945686668158,
        0.00018454849487170577
      ],
      [
        -0.000510622572619468,
        -0.0007430046098306775
      ],
      [
        -0.0013329243520274758,
        0.0010624598944559693
      ],
      [
        0.0018274891190230846,
        -0.0010165037820115685
      ],
      [
        -0.0018804772989824414,
        0.0007020793273113668
      ],
      [
        0.00039192376425489783,
        0.002173089887946844
      ],
      [
        -0.000055046224588295445,
        -0.003866383107379079
      ],
      [
        0.0005296888411976397,
        0.0025051215197890997
      ],
      [
        -0.000841757282614708,
        0.00040239430381916463
      ],
      [
        -0.0005034843925386667,
        -0.0015283157117664814
      ],
      [
        0.00157255120575428,
        0.00198757485486567
      ],
      [
        -0.0026007145643234253,
        -0.001310160499997437
      ],
      [
        0.001440825522877276,
        0.0010135788470506668
      ],
      [
        0.00034765913733281195,
        -0.00030262977816164494
      ],
      [
        -0.001652750768698752,
        0.0001926015829667449
      ],
      [
        0.0014489729655906558,
        -0.00021645093511324376
      ],
      [
        -0.00020576949464157224,
        0.00010418626334285364
      ],
      [
        -0.0008728234679438174,
        -0.0003570445696823299
      ],
      [
        0.001190225942991674,
        0.0010132796596735716
      ],
      [
        -0.0005174129619263113,
        -0.0008315632585436106
      ],
      [
        0.00033848051680251956,
        -0.0007648877217434347
      ],
      [
        -0.00019662699196487665,
        0.0017642094753682613
      ],
      [
        0.0003780238621402532,
        -0.0017851785523816943
      ],
      [
        -0.00010161524551222101,
        0.0011200935114175081
      ],
      [
        -0.0003432589874137193,
        -0.000023432437956216745
      ],
      [
        0.00037119275657460093,
        -0.0006814365042373538
      ],
      [
        -0.0007563440594822168,
        0.0012144629145041108
      ],
      [
        0.0006930171512067318,
        -0.0006084994529373944
      ],
      [
        -0.0006762786069884896,
        0.0004473926965147257
      ],
      [
        0.0004352041578385979,
        -0.0004863679932896048
      ],
      [
        0.0002296827151440084,
        0.0003227796987630427
      ],
      [
        -0.0003602780634537339,
        -0.0005616992129944265
      ],
      [
        0.0007160771638154984,
        0.0011078323004767299
      ],
      [
        -0.0007112282910384238,
        -0.0014386059483513236
      ],
      [
        0.0012797648087143898,
        0.00039795166230760515
      ],
      [
        -0.0017892112955451012,
        0.0007672854699194431
      ],
      [
        0.0016232425114139915,
        -0.0008898971136659384
      ],
      [
        -0.00046523046330548823,
        0.0004796730645466596
      ],
      [
        -0.0006667047855444252,
        -0.0004496073815971613
      ],
      [
        0.0012210162822157145,
        0.0004596414801198989
      ],
      [
        -0.0009638590854592621,
        -0.0006760313990525901
      ],
      [
        0.0009726795833557844,
        0.0007236780948005617
      ],
      [
        -0.0006352874333970249,
        -0.00045778730418533087
      ],
      [
        0.0004853768914472312,
        -0.0007646294543519616
      ],
      [
        0.00016095464525278658,
        0.00134706636890769
      ],
      [
        -0.00014699087478220463,
        -0.0011862636310979724
      ],
      [
        0.000018767628716886975,
        0.0007180381799116731
      ],
      [
        0.0007444618386216462,
        -0.0007196029182523489
      ],
      [
        -0.000562093744520098,
        -0.00043203835957683623
      ],
      [
        -0.00022248247114475816,
        0.0012485092738643289
      ],
      [
        0.0017509182216599584,
        -0.0006773094646632671
      ],
      [
        -0.0021087329369038343,
        -0.0010252370266243815
      ],
      [
        0.0017251413082703948,
        0.0013572933385148644
      ],
      [
        -0.00014916934014763683,
        -0.0009322086698375642
      ],
      [
        -0.00019126338884234428,
        -0.0004697499389294535
      ],
      [
        0.0006821149727329612,
        0.0010267948964610696
      ],
      [
        -0.0005037536029703915,
        -0.0011382460361346602
      ],
      [
        0.0007686702301725745,
        -0.0006233903113752604
      ],
      [
        -0.00040721826371736825,
        0.0019397828727960587
      ],
      [
        4.517717115959385e-6,
        -0.0012671018484979868
      ],
      [
        0.0011669201776385307,
        -0.0007417397573590279
      ],
      [
        -0.0012602857314050198,
        0.0009110064711421728
      ],
      [
        0.0008786027901805937,
        -0.0004886165261268616
      ],
      [
        0.001104031689465046,
        0.00013317078992258757
      ]
    ],
    "schema_version": 1,
    "stage": "time_mapped_pcm_before_effects",
    "start": 512,
    "suppressed": []
  },
  "protocol": 1
}
