{
  "audio": {
    "project_id": "9285d538-981a-4b2b-a0d6-f70b27ca9f3e",
    "revision_id": "preserve-three-into-two",
    "samples": [
      [
        0.000019994864487671293,
        -0.00002528645381971728
      ],
      [
        -0.00002917099482147023,
        -3.467996975814458e-6
      ],
      [
        0.00002537230830057524,
        0.000014718682905368041
      ],
      [
        0.000010217037925031036,
        -0.000032315292628481984
      ],
      [
        -0.000016957046682364307,
        0.000015238918422255665
      ],
      [
        0.000023816184693714604,
        -6.047013357601827e-6
      ],
      [
        -1.8299123212273116e-6,
        -0.00001705188515188638
      ],
      [
        7.094652119121747e-6,
        6.147642125142738e-6
      ],
      [
        -0.000012645159586099908,
        -6.463319095928455e-6
      ],
      [
        0.0000340803453582339,
        -1.228527253260836e-6
      ],
      [
        -0.000012026604963466525,
        -0.000018759395970846526
      ],
      [
        -3.654992042356753e-6,
        0.00001650576996325981
      ],
      [
        0.000022022219127393328,
        -0.00002357580524403602
      ],
      [
        -8.909423740988132e-6,
        6.546950771735283e-6
      ],
      [
        0.000015793870261404663,
        -1.3356780073081609e-6
      ],
      [
        -6.83191547068418e-6,
        -0.000022687652744934894
      ],
      [
        0.000014354804989125114,
        0.000018215605450677685
      ],
      [
        -3.885724709107308e-6,
        -0.00001898580012493767
      ],
      [
        2.3824013624107465e-6,
        -2.217997462139465e-6
      ],
      [
        0.000028198895961395465,
        5.528520887310151e-6
      ],
      [
        -0.00002764908094832208,
        -0.000025223773263860494
      ],
      [
        0.000017881729945656843,
        0.000017128875697380863
      ],
      [
        7.2817911132005975e-6,
        -0.000014743053725396749
      ],
      [
        9.61198838922428e-6,
        -4.915542376693338e-6
      ],
      [
        -0.000010106004992849194,
        -2.1386485116181575e-7
      ],
      [
        9.126803888648283e-6,
        -0.000013134534128766973
      ],
      [
        0.000012179255463706795,
        0.000011043401173083112
      ],
      [
        -4.1422740650887135e-6,
        -0.000020054978449479677
      ],
      [
        8.53848996484885e-6,
        2.3510649498348357e-6
      ],
      [
        9.388701073476113e-6,
        1.163365936918126e-6
      ],
      [
        -0.000014393285709957127,
        -0.000023183905796031468
      ],
      [
        0.000018919658032245934,
        0.00002613718606880866
      ],
      [
        0.00001570076165080536,
        -0.00003589938933146186
      ],
      [
        -0.0000177399178937776,
        0.00001687494477664586
      ],
      [
        3.7628490190400044e-6,
        -0.00001189518479804974
      ],
      [
        0.000024324557671207003,
        -9.587809472577646e-6
      ],
      [
        -9.233964192389976e-6,
        0.000014159334568830673
      ],
      [
        7.2334228207182605e-6,
        -0.000026827996407519095
      ],
      [
        1.389878320878779e-6,
        6.231666702660732e-6
      ],
      [
        4.8205947678070515e-6,
        8.959785304796242e-7
      ],
      [
        5.212632459006272e-6,
        -0.00001124352274928242
      ],
      [
        0.000012099230843887199,
        -7.714635103184264e-6
      ],
      [
        -7.200120762718143e-6,
        9.367950951855164e-6
      ],
      [
        1.8235840570923756e-6,
        -0.00001668315235292539
      ],
      [
        0.000012974718629266135,
        -6.647383997915313e-6
      ],
      [
        6.421665602829307e-6,
        0.000018224018276669085
      ],
      [
        -1.279991465708008e-6,
        -0.000032169224141398445
      ],
      [
        -1.213571465541463e-7,
        0.000010536356967350002
      ],
      [
        -3.6208856357689e-8,
        -5.524977495952044e-6
      ],
      [
        0.00003437455234234221,
        -9.994945457947324e-7
      ],
      [
        -0.0000332963427354116,
        -0.000014831725820840802
      ],
      [
        0.00002095389208989218,
        5.933398824709002e-6
      ],
      [
        0.000011941113370994572,
        -4.812741735804593e-6
      ],
      [
        -0.000024065046090981923,
        -0.00001441673612134764
      ],
      [
        0.00004368109512142837,
        0.000012853638509113807
      ],
      [
        -0.000021004218069720082,
        -0.000016589970982749946
      ],
      [
        -6.305944680207176e-6,
        -2.7427693112258567e-6
      ],
      [
        0.000030871600756654516,
        1.4838608421996469e-6
      ],
      [
        -0.000011137509318359662,
        -0.000010675086741684936
      ],
      [
        0.000010961011867038906,
        7.708976227149833e-6
      ],
      [
        -9.419803973287344e-6,
        -0.000020525098079815507
      ],
      [
        0.000015924872059258632,
        4.243908279022435e-6
      ],
      [
        3.0189569315552944e-6,
        5.1687734412553255e-6
      ],
      [
        1.7697067278277245e-6,
        -0.000020612433218047954
      ],
      [
        2.403434109510272e-6,
        5.617207079922082e-6
      ],
      [
        4.920320861856453e-6,
        7.214023867163633e-7
      ],
      [
        -1.4894542346155504e-6,
        -0.00002031673284363933
      ],
      [
        0.00001905653152789455,
        0.000013571024283010047
      ],
      [
        -6.72273063173634e-6,
        -9.857958502834663e-6
      ],
      [
        -5.0892517720058095e-6,
        -6.121363639977062e-6
      ],
      [
        0.00001821133446355816,
        -9.379847142554354e-6
      ],
      [
        4.135011749895057e-6,
        0.000013105850484862458
      ],
      [
        -8.876099855115172e-6,
        -0.000016355765183106996
      ],
      [
        0.00001738224455039017,
        -5.388029421737883e-6
      ],
      [
        -8.87032820173772e-6,
        5.260289981379174e-6
      ],
      [
        0.000010988377653120551,
        -0.000012163233805040363
      ],
      [
        0.000010090907380799763,
        2.177921714974218e-6
      ],
      [
        -9.672186934039928e-6,
        -6.0791940086346585e-6
      ],
      [
        8.065629117481876e-6,
        -3.185173227393534e-6
      ],
      [
        8.800574505585246e-6,
        -5.514912118087523e-6
      ],
      [
        -1.260997237295669e-6,
        -5.9033809520769864e-6
      ],
      [
        8.491821972711477e-6,
        0.000010608200682327151
      ],
      [
        -5.698226232198067e-6,
        -0.000021135718270670623
      ],
      [
        0.000013465548363456037,
        -1.1256169045736897e-6
      ],
      [
        -2.1806879431096604e-6,
        8.37455354485428e-6
      ],
      [
        8.792400876700412e-6,
        -0.000013481158930517267
      ],
      [
        -1.0967006573991966e-6,
        -4.782146334036952e-6
      ],
      [
        2.4715370727790287e-6,
        4.392323717183899e-6
      ],
      [
        7.445125902449945e-6,
        -0.000011905321116501
      ],
      [
        6.545828455273295e-6,
        -1.5164706610448775e-6
      ],
      [
        -5.682928986061597e-6,
        2.5974704840336926e-6
      ],
      [
        7.678963811486028e-6,
        -6.478649538621539e-6
      ],
      [
        9.829554073803592e-6,
        -0.00001637241439311765
      ],
      [
        -7.533735242759576e-6,
        0.00001668248114583548
      ],
      [
        0.000010625268259900622,
        -0.000012547900951176416
      ],
      [
        6.644487257290166e-6,
        -8.121730388666037e-6
      ],
      [
        -0.000011555795936146751,
        3.3860962957987795e-6
      ],
      [
        0.000023381440769298933,
        -7.041177468636306e-6
      ],
      [
        -9.384717486682348e-6,
        -2.9534999157476705e-6
      ],
      [
        5.073956799606094e-6,
        -2.2301776425592834e-6
      ],
      [
        6.153448339318857e-6,
        -2.1159382868063403e-6
      ],
      [
        4.115834599360824e-6,
        -9.597725693311077e-6
      ],
      [
        -8.615876936346467e-7,
        -2.1153109628357925e-6
      ],
      [
        7.72865314502269e-6,
        8.63452169141965e-6
      ],
      [
        -5.125857001075929e-7,
        -0.000019824326955131255
      ],
      [
        7.792482392687816e-6,
        3.662371454993263e-6
      ],
      [
        8.218779044000257e-7,
        -2.6288280423614196e-6
      ],
      [
        6.820553721809119e-7,
        -3.2050065783550963e-6
      ],
      [
        9.858122211880982e-6,
        -6.656752248090925e-6
      ],
      [
        -7.927836804810795e-7,
        1.4273282431531698e-6
      ],
      [
        6.977281827857951e-7,
        -8.242184776463546e-6
      ],
      [
        0.000012186364983790554,
        -2.585696620371891e-6
      ],
      [
        -7.393971372948727e-6,
        1.0634805676090764e-6
      ],
      [
        8.911642908060458e-6,
        -6.337636023090454e-6
      ],
      [
        7.16781096343766e-6,
        -4.011551482108189e-6
      ],
      [
        -3.1911113183014095e-6,
        -7.125769116100855e-6
      ],
      [
        -3.6111467238697514e-7,
        6.5636013459879905e-6
      ],
      [
        0.000017714599380269647,
        -7.278320481418632e-6
      ],
      [
        -8.580145731684752e-6,
        -0.000012081555723852944
      ],
      [
        2.4322787339770002e-6,
        0.00001091749163606437
      ],
      [
        0.000012288493053347338,
        -0.000012183973012724891
      ],
      [
        -3.904477580363164e-6,
        -4.001215984317241e-6
      ],
      [
        3.3956010270230763e-7,
        4.787317720911233e-6
      ],
      [
        0.000018914917745860294,
        -7.450516477547353e-6
      ],
      [
        -0.000016813597540021874,
        -0.000013200111425248906
      ],
      [
        9.612313988327514e-6,
        0.000014510083019558806
      ],
      [
        0.000016743748346925713,
        -0.000011552699106687214
      ]
    ],
    "schema_version": 1,
    "stage": "time_mapped_pcm_before_effects",
    "start": 2243,
    "suppressed": []
  },
  "protocol": 1
}
