{
  "audio": {
    "project_id": "9285d538-981a-4b2b-a0d6-f70b27ca9f3e",
    "revision_id": "preserve-three-into-two",
    "samples": [
      [
        0.000051862945838365704,
        0.00004005630762549117
      ],
      [
        0.000033115142286987975,
        -0.00003193358861608431
      ],
      [
        -0.000022693711798638105,
        -3.0851567771605914e-6
      ],
      [
        -4.406937023304636e-6,
        -0.00005369843347580172
      ],
      [
        0.0000761903720558621,
        0.000017362342987325974
      ],
      [
        -0.00003816591197391972,
        0.000019964400053140707
      ],
      [
        8.916426850191783e-6,
        -0.00006973544805077836
      ],
      [
        0.00006600275810342282,
        -9.290762136515696e-6
      ],
      [
        -0.00003890777225024067,
        0.00004359522063168697
      ],
      [
        -2.012189042943646e-6,
        -0.00008649885421618819
      ],
      [
        0.00010263199510518461,
        0.00001816460098780226
      ],
      [
        -0.00006158377073006704,
        0.00003384808587725274
      ],
      [
        0.000011683847333188169,
        -0.00012057227286277339
      ],
      [
        0.00006952680269023404,
        0.00002729140396695584
      ],
      [
        3.869314696203219e-6,
        0.00005586766928900033
      ],
      [
        -0.000055417080147890374,
        -0.00010889070836128667
      ],
      [
        0.0001145578280556947,
        0.00001857610186561942
      ],
      [
        -0.0000625125685473904,
        -9.507089515636835e-8
      ],
      [
        0.000015068417269503698,
        -5.649927061313065e-6
      ],
      [
        0.00007941765215946361,
        -0.000050379876483930275
      ],
      [
        -0.000046864206524332985,
        8.341447028215043e-6
      ],
      [
        0.000025966999601223506,
        -7.255726359289838e-6
      ],
      [
        7.298971468117088e-6,
        -0.000048375484766438603
      ],
      [
        0.00005679174137185328,
        0.000028343871235847473
      ],
      [
        -0.00003202788866474293,
        -0.00002617375139379874
      ],
      [
        0.000020986968593206257,
        -0.00004920972787658684
      ],
      [
        0.00005875579154235311,
        0.000015221855392155703
      ],
      [
        -0.00008345946844201535,
        -3.6430540149012813e-6
      ],
      [
        0.0001301175361732021,
        -7.185132290032925e-6
      ],
      [
        -0.00006814218068029732,
        -0.00007035981980152428
      ],
      [
        0.000023654481992707588,
        0.000039740050851833075
      ],
      [
        0.00003403534719836898,
        -1.0324378081350005e-6
      ],
      [
        -7.396798537229188e-6,
        -0.000054336163884727284
      ],
      [
        0.0000315304787363857,
        3.314232344564516e-6
      ],
      [
        2.6877228265220765e-7,
        7.201310381788062e-6
      ],
      [
        7.622052635269938e-6,
        -0.00005567556945607066
      ],
      [
        0.00002426158062007744,
        0.000019816498024738394
      ],
      [
        0.00001636574961594306,
        -4.857433850702364e-6
      ],
      [
        0.00001630852602829691,
        -0.00004985436316928826
      ],
      [
        -0.000019970717403339222,
        -0.00001336701461696066
      ],
      [
        0.000044238640839466825,
        0.0000469557307951618
      ],
      [
        5.033047727920348e-6,
        -0.00006650976865785196
      ],
      [
        5.568605047301389e-6,
        -5.959983354841825e-6
      ],
      [
        0.000011349277883709874,
        7.376689836746664e-7
      ],
      [
        0.000017682576071820222,
        -3.316064749014913e-6
      ],
      [
        6.251514150790172e-7,
        -0.0000305834983009845
      ],
      [
        0.000026052282919408754,
        -0.00001472677195124561
      ],
      [
        0.000015154622815316543,
        0.000019187438738299534
      ],
      [
        -7.321048087760573e-6,
        -0.00005659657108481042
      ],
      [
        1.7516073285150924e-6,
        6.824397132731974e-6
      ],
      [
        0.00007176109647843987,
        0.000019645432985271327
      ],
      [
        -0.00004631119008990936,
        -0.00007342235767282546
      ],
      [
        0.000020033088730997406,
        0.000025556402761139907
      ],
      [
        0.00003503723200992681,
        -2.4237858724518446e-6
      ],
      [
        -7.081645208018017e-7,
        -0.000039972655940800905
      ],
      [
        4.505382548813941e-6,
        -9.919236617861316e-6
      ],
      [
        0.000045088854676578194,
        7.6280352914182e-6
      ],
      [
        -0.000031152027077041566,
        -0.000029319860914256424
      ],
      [
        0.000017663793187239207,
        5.186594535189215e-6
      ],
      [
        0.000042581435991451144,
        -0.0000364403058483731
      ],
      [
        -3.7175498164288e-6,
        0.000021080029910081066
      ],
      [
        -8.13462338555837e-6,
        -0.00003677902350318618
      ],
      [
        0.0000258424424828263,
        -9.668139682617038e-6
      ],
      [
        0.00002992884947161656,
        2.8278420813876437e-6
      ],
      [
        -0.000010432699127704836,
        -0.000027592008336796425
      ],
      [
        7.743975402263459e-6,
        -1.7538942529427004e-6
      ],
      [
        0.00003808148539974354,
        -9.922054232447408e-6
      ],
      [
        -0.00004004863149020821,
        -0.00002159286850655917
      ],
      [
        0.00007698087574681267,
        9.187384080178163e-7
      ],
      [
        -0.00003392987127881497,
        -0.00003098263914580457
      ],
      [
        0.000027509011488291435,
        0.00002678607233974617
      ],
      [
        5.131134912517155e-6,
        -0.00005595411857939325
      ],
      [
        3.4788381526595913e-6,
        -3.1467975531995762e-6
      ],
      [
        0.00005161439548828639,
        0.000030235256417654455
      ],
      [
        -0.00004017903484054841,
        -0.00005199521183385514
      ],
      [
        0.0000202987121156184,
        -0.00001266424897039542
      ],
      [
        0.000056414883147226647,
        0.00001099587734643137
      ],
      [
        -0.00003930092498194426,
        -0.00003689371078507975
      ],
      [
        0.000040254784835269675,
        0.000010360463420511223
      ],
      [
        0.000015568155504297465,
        -0.00002462297743477393
      ],
      [
        -0.000018145807189284824,
        -9.67745108937379e-6
      ],
      [
        0.00003178662882419303,
        -0.00003129033575532958
      ],
      [
        0.000037937326851533726,
        0.000036450230254558846
      ],
      [
        -0.000042746742110466585,
        -0.00004098466888535768
      ],
      [
        0.00004386969521874562,
        -0.00003224007014068775
      ],
      [
        8.016325409698766e-6,
        0.00002196955756517127
      ],
      [
        0.000010670935807866044,
        -0.000021799296519020572
      ],
      [
        8.325206181325484e-6,
        -5.84518420509994e-6
      ],
      [
        0.000015371961126220413,
        -0.000015350895409937948
      ],
      [
        -5.526376753550721e-6,
        -0.00003363227006047964
      ],
      [
        0.00004012225690530613,
        0.00002403701546427328
      ],
      [
        -9.119100923271617e-7,
        -0.000025454215574427508
      ],
      [
        3.65067899110727e-6,
        -0.000010020878107752651
      ],
      [
        0.000022851329049444757,
        -0.000027889320335816592
      ],
      [
        -1.9498450001265155e-6,
        -2.523923285480123e-6
      ],
      [
        0.000023493003027397208,
        7.589369943161728e-6
      ],
      [
        0.000018860135241993703,
        -0.000013729058082390111
      ],
      [
        -0.000021664207451976836,
        -0.000044956301280763
      ],
      [
        0.00004555789564619772,
        7.245549113576999e-6
      ],
      [
        -0.000011825546607724391,
        1.7718272147249081e-6
      ],
      [
        0.00004239466943545267,
        -6.466739250754472e-6
      ],
      [
        -0.00002901578955061268,
        -0.000047574943891959265
      ],
      [
        0.00004234824518789537,
        9.17395118449349e-6
      ],
      [
        5.829205633745005e-7,
        -8.870013516570907e-6
      ],
      [
        -9.532500939712918e-7,
        -8.05857780505903e-6
      ],
      [
        0.000044056771002942696,
        -6.967095487198094e-6
      ],
      [
        -0.000023140893972595222,
        -0.000022021611584932543
      ],
      [
        0.00001013906512525864,
        -0.000046304314309963956
      ],
      [
        0.0000512979349878151,
        0.0000677115167491138
      ],
      [
        -0.00002916290941357147,
        -0.0000381628233299125
      ],
      [
        0.000022696805899613537,
        -0.00007073958840919659
      ],
      [
        0.000018240378267364576,
        0.00005571736255660653
      ],
      [
        1.0432318049424794e-6,
        -0.000022901811462361366
      ],
      [
        8.869080375006888e-6,
        -0.00003149573240079917
      ],
      [
        0.00003720111271832138,
        0.0000252686113526579
      ],
      [
        -0.000030568997317459434,
        -0.000057515633670846
      ],
      [
        0.00003166042370139621,
        7.972922503540758e-6
      ],
      [
        0.00002109806337102782,
        9.366844096803106e-6
      ],
      [
        -9.657013606556575e-7,
        -0.000012305618838581722
      ],
      [
        8.101754247036297e-6,
        -0.00005090939157526009
      ],
      [
        0.00001961949237738736,
        3.8811676859040745e-6
      ],
      [
        -6.0960483097005635e-6,
        0.000028079475669073872
      ],
      [
        0.000038507601857418194,
        -0.000029174470910220407
      ],
      [
        -0.000015086541679920629,
        -0.00004854882718063891
      ],
      [
        0.00003132491110591218,
        0.0000285683690890437
      ],
      [
        -0.000014477317563432734,
        -0.000022211612304090522
      ],
      [
        0.00003421037763473578,
        -6.556520474987337e-6
      ],
      [
        0.000013925797247793525,
        -6.396334811142879e-6
      ],
      [
        -0.000018166902009397745,
        -0.00002708417559915688
      ],
      [
        0.00004041435386170633,
        -0.000017176191249745898
      ],
      [
        -8.839618203637656e-6,
        0.000022297130271908827
      ],
      [
        0.000016090256394818425,
        -9.49692457652418e-6
      ],
      [
        0.00003037494570889976,
        -0.00004964535764884204
      ],
      [
        -0.00003308632949483581,
        -6.92524872647482e-6
      ],
      [
        0.00004999654629500583,
        0.000042061008571181446
      ],
      [
        -0.000011355245987942908,
        -0.00005474134013638832
      ],
      [
        0.00003439448482822627,
        -3.0797400540905073e-6
      ],
      [
        -0.0000266887727775611,
        -0.000014955540791561361
      ],
      [
        0.0000504603267472703,
        6.071640655136434e-6
      ],
      [
        -0.000023552835045848042,
        -0.00002550705903558992
      ],
      [
        0.000029222241209936328,
        4.914605142403161e-6
      ],
      [
        0.000025059884137590416,
        -0.00001674878876656294
      ],
      [
        -0.00003969850513385609,
        -0.00003632742664194666
      ],
      [
        0.00005727812822442502,
        0.00003079322414123453
      ],
      [
        -5.572889222094091e-6,
        -0.000011458156222943217
      ],
      [
        8.09659559308784e-6,
        -0.00004727928535430692
      ],
      [
        0.000014597627341572661,
        6.5575495682423934e-6
      ],
      [
        -1.8560773469289416e-6,
        8.99455881153699e-6
      ],
      [
        0.000031085332011571154,
        -0.000024181892513297498
      ],
      [
        -0.000013115492947690655,
        -0.000019450997569947504
      ],
      [
        0.00003931966421077959,
        8.43895486468682e-6
      ],
      [
        -0.0000292097101919353,
        -0.000029917362553533167
      ],
      [
        0.00004474729939829558,
        0.000010280752576363739
      ],
      [
        -6.887931249366375e-6,
        -0.000030273402444436215
      ],
      [
        0.00002101440077240113,
        0.00001743678694765549
      ],
      [
        3.666461338980298e-7,
        -0.00004852227357332595
      ],
      [
        5.197099198994692e-6,
        0.00001245982730324613
      ],
      [
        0.000028876565920654684,
        0.000013884379768569488
      ],
      [
        -5.668562153005041e-6,
        -0.00006257087079575285
      ],
      [
        0.00001824255559768062,
        0.000026614121452439576
      ],
      [
        8.429711897406378e-7,
        -9.413049156137276e-6
      ],
      [
        8.68408187670866e-6,
        -0.00003342442505527288
      ],
      [
        0.00003880948497680947,
        0.000015619674741174094
      ],
      [
        -0.0000417949486291036,
        -0.000025128763809334487
      ],
      [
        0.00006154056609375402,
        1.8183636711910367e-6
      ],
      [
        -0.00002154205139959231,
        -0.000033087148040067405
      ],
      [
        0.000013210461474955082,
        0.00002096982098009903
      ],
      [
        0.000025849300072877668,
        -0.000030338635042426176
      ],
      [
        2.381940930717974e-6,
        -4.339627139415825e-6
      ],
      [
        -6.0705265241267625e-6,
        -3.954033218178665e-6
      ],
      [
        0.00002415336166450288,
        -0.000028596854463103227
      ],
      [
        0.000032370044209528714,
        0.000015409581465064548
      ],
      [
        -0.00004306751361582428,
        -0.00002136687544407323
      ],
      [
        0.00004333769538789056,
        -0.000012928420801472384
      ],
      [
        0.000030844530556350946,
        -6.272281893870968e-7
      ],
      [
        -0.00005626750134979375,
        -0.00003061859752051532
      ],
      [
        0.00007802068284945562,
        0.000026738840460893698
      ],
      [
        -0.00002266017509100493,
        -0.00003544637365848757
      ],
      [
        -6.744693337168428e-8,
        -7.264614851010265e-6
      ],
      [
        0.000033223081118194386,
        -9.489861440670211e-6
      ],
      [
        -1.8274171225129976e-6,
        -5.360212071536807e-6
      ],
      [
        9.856053111434449e-6,
        7.720341272943188e-6
      ],
      [
        6.703123290208168e-6,
        -0.00004511867882683873
      ],
      [
        0.00001191626870422624,
        9.522229447611608e-6
      ],
      [
        0.000023124746803659946,
        -4.983834514860064e-6
      ],
      [
        -0.00002387997847108636,
        -0.00002293583565915469
      ],
      [
        0.000045339445932768285,
        0.00002877833139791619
      ],
      [
        -8.422313840128481e-6,
        -0.00007684287265874445
      ],
      [
        6.310584922175622e-6,
        0.00003841977013507858
      ],
      [
        0.00001856171184044797,
        -3.804809466601e-6
      ],
      [
        3.546383823049837e-6,
        -0.00003134050712105818
      ],
      [
        0.000011727813216566574,
        7.478466272914375e-7
      ],
      [
        9.51705442275852e-6,
        -0.00002034233148151543
      ],
      [
        1.0588968279989786e-6,
        -6.098485755501315e-6
      ],
      [
        0.000028584707251866348,
        0.000016854046407388523
      ],
      [
        -0.000014225312952476088,
        -0.000027664356821333058
      ],
      [
        0.000020500367099884897,
        -0.000037478672311408445
      ],
      [
        0.000021409203327493742,
        0.000024446286261081696
      ],
      [
        -0.000018067124983645044,
        4.9719319576979615e-6
      ],
      [
        0.000020035313355037943,
        -0.00003872789238812402
      ],
      [
        0.0000368131986761,
        -5.2636992222687695e-6
      ],
      [
        -0.000042202598706353456,
        -7.2313318923988845e-6
      ],
      [
        0.00004755006739287637,
        -1.2113940783819999e-6
      ],
      [
        -2.4492917418683646e-6,
        -4.8390193114755675e-6
      ],
      [
        3.6227202144800685e-6,
        -7.6231240200286265e-6
      ],
      [
        0.000016444359062006697,
        -0.000049658770876703784
      ],
      [
        6.701269740005955e-6,
        0.0000380069759557955
      ],
      [
        1.5626078493369278e-6,
        -0.000014505117178487126
      ],
      [
        0.000021379488316597417,
        -0.00001217654426000081
      ],
      [
        3.4265333397343056e-6,
        -0.00003316930087748915
      ],
      [
        2.6392010568088153e-6,
        -3.325092393424711e-6
      ],
      [
        0.00002079657861031592,
        0.00003973409911850467
      ],
      [
        -5.299257736623986e-6,
        -0.0000585035995754879
      ],
      [
        0.000017352049326291308,
        -1.8974488966705394e-6
      ],
      [
        0.000019121243894915096,
        0.000010489238775335252
      ],
      [
        -0.000022026179067324847,
        -0.000042236973968101665
      ],
      [
        0.00003278764052083716,
        0.0000406988438044209
      ],
      [
        0.000012406872883730102,
        -0.000027764428523369133
      ],
      [
        -6.739901891705813e-6,
        -0.000052550563850672916
      ],
      [
        4.928340786136687e-6,
        0.00003627248588600196
      ],
      [
        0.00003773834396270104,
        7.582621492474573e-6
      ],
      [
        -0.000031740040867589414,
        -0.00004768102371599525
      ],
      [
        0.00003910464874934405,
        3.904847744706785e-6
      ],
      [
        5.135309493198292e-6,
        -0.00001265616447199136
      ],
      [
        -0.000014842803466308396,
        4.794045253220247e-6
      ],
      [
        0.000032077281503006816,
        -0.000011520257430674974
      ],
      [
        5.851548394275596e-6,
        7.545507401118812e-7
      ],
      [
        -5.499625331140123e-6,
        -0.000057100278354482725
      ],
      [
        0.000025395564080099575,
        0.00004694872768595815
      ],
      [
        -0.000010749929970188532,
        -0.000017690961612970568
      ],
      [
        0.000029243010430946015,
        -0.00003191806172253564
      ],
      [
        -2.72062789008487e-6,
        0.000012256135960342363
      ],
      [
        4.50211427960312e-6,
        -0.000034434040571795776
      ],
      [
        0.000016212101400014944,
        0.000020726000002468936
      ],
      [
        6.416648830054328e-6,
        -2.6351481210440397e-6
      ],
      [
        8.508770861226367e-7,
        -0.00004291486766305752
      ],
      [
        0.000025205707061104476,
        2.668635261215968e-6
      ],
      [
        -0.00001427214465365978,
        9.243262866220903e-6
      ],
      [
        0.00002663774648681283,
        -0.000015829078620299697
      ],
      [
        1.9907108708139276e-6,
        -0.000018082231690641493
      ],
      [
        6.03344096816727e-6,
        -5.878173965356837e-7
      ],
      [
        0.000010419955287943594,
        -0.000019339870050316676
      ],
      [
        9.60283159656683e-6,
        0.000014231248314899858
      ],
      [
        1.0620486818879726e-6,
        -0.000024455961465719156
      ],
      [
        0.00002257282358186785,
        -2.5736144380061887e-6
      ],
      [
        -7.384109267150052e-6,
        -0.000023316502847592346
      ],
      [
        0.000011093790817540139,
        0.000010194885362579953
      ],
      [
        0.000019100227291346528,
        -1.5217857480820385e-6
      ],
      [
        -4.923429514747113e-6,
        -0.000028360991564113647
      ],
      [
        7.526146873715334e-6,
        -4.76413924843655e-6
      ],
      [
        0.00001893619446491357,
        1.4600598206016002e-6
      ],
      [
        1.4844263205304742e-6,
        -6.219807346496964e-6
      ],
      [
        3.986413048551185e-6,
        -0.000021353087504394352
      ],
      [
        0.000010520052455831319,
        1.5681644072174095e-6
      ],
      [
        0.000021320760424714535,
        -5.499197413882939e-6
      ],
      [
        -0.000023508902813773602,
        -0.000027228350518271327
      ]
    ],
    "schema_version": 1,
    "stage": "time_mapped_pcm_before_effects",
    "start": 1792,
    "suppressed": []
  },
  "protocol": 1
}
