{
  "audio": {
    "project_id": "9285d538-981a-4b2b-a0d6-f70b27ca9f3e",
    "revision_id": "preserve-three-into-two",
    "samples": [
      [
        -0.000011259960047027562,
        9.834719776335987e-7
      ],
      [
        3.265766963522765e-6,
        -3.67026495950995e-6
      ],
      [
        0.000010458215001563076,
        -0.000011034471754101105
      ],
      [
        -3.590012283893884e-6,
        6.296160336205503e-6
      ],
      [
        8.147543667291757e-6,
        -4.206290213915054e-6
      ],
      [
        -7.691366590734106e-6,
        -4.806424840353429e-6
      ],
      [
        0.000013021908671362326,
        1.6879729400898213e-6
      ],
      [
        -2.329195240236004e-6,
        -6.854490038676886e-6
      ],
      [
        2.6049774533021264e-6,
        -3.35234176418453e-6
      ],
      [
        3.293993358965963e-6,
        1.6861043832250289e-6
      ],
      [
        2.724041223700624e-6,
        1.2986203046239098e-6
      ],
      [
        4.5318483898881823e-7,
        -0.000014328834367915988
      ],
      [
        2.3895775029814104e-6,
        2.589775249361992e-6
      ],
      [
        0.000012720124686893541,
        3.9936167013365775e-6
      ],
      [
        -0.000015455776519957,
        -7.788053153490182e-6
      ],
      [
        0.000010375796591688413,
        -7.263639872689964e-6
      ],
      [
        0.000015793202692293562,
        7.709458259341773e-6
      ],
      [
        -0.000021153449779376388,
        -0.000010085787835123483
      ],
      [
        0.000018087885109707713,
        -1.8698593748922576e-6
      ],
      [
        3.5573941659095e-7,
        4.008164523838786e-6
      ],
      [
        -3.2450736853206763e-6,
        -7.90951253293315e-6
      ],
      [
        7.167029252741486e-6,
        -6.190212843648624e-6
      ],
      [
        4.559294211503584e-6,
        6.473328539868817e-6
      ],
      [
        -5.908406365051633e-6,
        -3.846992967737606e-6
      ],
      [
        8.604442882642616e-6,
        -0.00001076304124580929
      ],
      [
        3.7749530292785494e-6,
        5.881341621716274e-6
      ],
      [
        -8.121007795125479e-7,
        -3.3857668313430622e-6
      ],
      [
        2.790532960261771e-7,
        -8.932301170716528e-6
      ],
      [
        9.568861969455611e-6,
        8.632914614281617e-6
      ],
      [
        -6.356738140311791e-6,
        -0.000014307636774901766
      ],
      [
        0.000011085772712249309,
        6.931412372068735e-6
      ],
      [
        -3.0304565825645113e-6,
        -6.187246526678791e-6
      ],
      [
        -9.463938113185577e-7,
        -7.5239163379592355e-6
      ],
      [
        0.000013300935279403348,
        0.000014428897884499747
      ],
      [
        -7.810278475517407e-6,
        -0.000023817667170078494
      ],
      [
        4.6782938625256065e-6,
        9.493047400610521e-6
      ],
      [
        7.931431355245877e-6,
        2.445358404656872e-6
      ],
      [
        -6.582810328836786e-6,
        -0.000016367466741940007
      ],
      [
        8.239266207965557e-6,
        8.971484930953011e-6
      ],
      [
        1.8836390154319815e-6,
        -3.6091150832362473e-6
      ],
      [
        1.8850737433240283e-6,
        -8.672314834257122e-6
      ],
      [
        -3.0908049666322768e-6,
        -1.2197519083656516e-7
      ],
      [
        0.000013947130355518311,
        8.616024388174992e-6
      ],
      [
        -8.037966836127453e-6,
        -0.000020961600966984406
      ],
      [
        4.467901817406528e-6,
        0.00001173646069219103
      ],
      [
        7.278331395355053e-6,
        -7.89546720625367e-6
      ],
      [
        -3.2195741823670687e-6,
        -1.8050010339720757e-6
      ],
      [
        2.915115146606695e-6,
        2.065252147076535e-6
      ],
      [
        5.428797976492206e-6,
        -9.52187656366732e-6
      ],
      [
        7.088105746788642e-8,
        3.872397940085648e-7
      ],
      [
        5.896136485716852e-7,
        2.9580369300674647e-6
      ],
      [
        6.117550583439879e-6,
        -9.830127964960411e-6
      ],
      [
        1.8311010308025288e-7,
        3.6728372379002394e-6
      ],
      [
        -1.1022594890164328e-6,
        -6.035199021425797e-6
      ],
      [
        0.000011515620826685335,
        -3.7244917621137574e-6
      ],
      [
        -8.963184882304631e-6,
        3.5785399177257204e-6
      ],
      [
        9.306064384873025e-6,
        -1.5743806898171897e-6
      ],
      [
        7.451259875779215e-7,
        -0.000012753003829857334
      ],
      [
        1.6070539743395784e-7,
        4.866398285230389e-6
      ],
      [
        6.820753696956672e-6,
        3.4210797821287997e-6
      ],
      [
        -3.791896915572579e-6,
        -0.000012146173503424507
      ],
      [
        5.352640073397197e-6,
        2.7201008379051927e-6
      ],
      [
        4.038138740725117e-6,
        -1.9870290088874754e-6
      ],
      [
        -3.0276685265562264e-6,
        -7.381048362731235e-6
      ],
      [
        8.224722478189506e-6,
        9.358018360217102e-6
      ],
      [
        -5.183700068300823e-6,
        -0.000012136294571973849
      ],
      [
        8.529787010047585e-6,
        4.148816117321985e-7
      ],
      [
        -8.800420232546458e-7,
        -4.2605752241797745e-6
      ],
      [
        4.6920363274693955e-6,
        4.3242957872280385e-6
      ],
      [
        -3.852749159705127e-6,
        -4.147834715695353e-6
      ],
      [
        7.311000899790088e-6,
        -8.64942921907641e-6
      ],
      [
        5.080958089820342e-6,
        3.1988163300411543e-6
      ],
      [
        -8.541141141904518e-6,
        -3.4246259019710124e-6
      ],
      [
        0.00001437271657778183,
        4.589316176861757e-6
      ],
      [
        -8.419468031206634e-6,
        -0.000013522872905014083
      ],
      [
        7.246501354529755e-6,
        3.4632946608326165e-6
      ],
      [
        5.460338343254989e-6,
        -8.044867740863992e-7
      ],
      [
        -6.133480383141432e-6,
        -3.7608654110954376e-6
      ],
      [
        5.512568350241054e-6,
        2.4138364551617997e-6
      ],
      [
        9.658895123720868e-7,
        -5.432562375062844e-6
      ],
      [
        2.7484829843160696e-6,
        -6.855133051431039e-6
      ],
      [
        3.6919611829944188e-6,
        0.000010446676242281683
      ],
      [
        -3.852997451758711e-6,
        -7.314030881389044e-6
      ],
      [
        7.492616987292422e-6,
        -9.446238436794374e-6
      ],
      [
        1.6760751577749033e-6,
        4.4309895201877225e-6
      ],
      [
        2.9045575047348393e-6,
        -2.70208829533658e-7
      ],
      [
        -4.58751173937344e-6,
        -8.064681424002629e-6
      ],
      [
        0.000011516875929373782,
        7.548966095782816e-6
      ],
      [
        -6.217550435394514e-6,
        -0.000013713025509787258
      ],
      [
        5.5351274568238296e-6,
        -3.5432802292234555e-7
      ],
      [
        9.582013262843248e-6,
        0.000012734451047435869
      ],
      [
        -0.000017812206351663917,
        -0.000019367633285582997
      ],
      [
        0.000020720362954307348,
        5.6310032050532755e-6
      ],
      [
        -2.6587003958411515e-6,
        -5.5887389862618875e-6
      ],
      [
        -3.21954667015234e-6,
        3.959982677770313e-6
      ],
      [
        4.0554691622674e-6,
        -5.328630777512444e-6
      ],
      [
        5.9230269471299835e-6,
        -1.1996565945082693e-6
      ],
      [
        -7.036896931822412e-6,
        -3.553676151568652e-6
      ],
      [
        0.000011836407793452963,
        -1.0838722346306895e-6
      ],
      [
        -5.207690719544189e-6,
        4.006833933090093e-6
      ],
      [
        2.364015472267056e-6,
        -5.0860712690337095e-6
      ],
      [
        2.180048568334314e-6,
        -0.0000112385878310306
      ],
      [
        0.000010256666428176686,
        9.851451068243477e-6
      ],
      [
        -9.74291924649151e-6,
        -5.617215265374398e-6
      ],
      [
        6.374026270350441e-6,
        -1.8208282881460036e-6
      ],
      [
        4.967839231539983e-6,
        -4.302040906623006e-6
      ],
      [
        -3.412524847590248e-6,
        -1.2125364037274267e-6
      ],
      [
        8.030433491512667e-6,
        -2.908384999500413e-7
      ],
      [
        -2.799851017698529e-6,
        3.401036394734547e-7
      ],
      [
        7.608711598550144e-7,
        -6.386790118995123e-6
      ],
      [
        4.923852429783437e-6,
        -1.6040460195654305e-6
      ],
      [
        4.329976491135312e-6,
        1.197779795347742e-7
      ],
      [
        -3.1838314953347435e-6,
        -2.0174741166556487e-6
      ],
      [
        -4.818783736482146e-7,
        1.856592916738009e-6
      ],
      [
        0.000012120432074880227,
        -0.000010946709153358825
      ],
      [
        -0.000010451357411511708,
        1.86365593890514e-6
      ],
      [
        0.000012663997040363029,
        6.720598776155384e-6
      ],
      [
        -5.422450612968532e-6,
        -0.000012601496564457193
      ],
      [
        8.290321034110093e-7,
        2.6086670459335437e-6
      ],
      [
        8.269243153335992e-6,
        -3.20600634040602e-6
      ],
      [
        -4.133389950311539e-7,
        -4.7501052335974236e-7
      ],
      [
        -2.203049007221125e-6,
        -1.9797523691522656e-6
      ],
      [
        6.459147243731422e-6,
        -4.487884268655762e-7
      ],
      [
        -2.2234976313484367e-6,
        -7.541566901636543e-6
      ],
      [
        7.0619189500575885e-6,
        3.3544633879500907e-6
      ],
      [
        -1.7470766806582105e-6,
        -7.181577075243695e-7
      ],
      [
        7.419173897460496e-8,
        -5.496810445038136e-6
      ],
      [
        7.1345111791742966e-6,
        -2.459122185882734e-7
      ],
      [
        -4.285297109163366e-6,
        -4.931078365189023e-6
      ],
      [
        7.915589776530396e-6,
        4.3637405724439304e-6
      ],
      [
        -1.1080712738475995e-6,
        -4.0809691199683584e-6
      ],
      [
        -3.0701221476192586e-6,
        -5.83990004088264e-6
      ],
      [
        0.00001115852046496002,
        1.988145641007577e-6
      ],
      [
        -4.567884388961829e-6,
        -2.4325020149262855e-6
      ],
      [
        3.914577519026352e-6,
        7.629489573446335e-8
      ],
      [
        9.319080618297448e-7,
        -6.4902037593128625e-6
      ],
      [
        2.476159806974465e-6,
        1.473631641601969e-6
      ],
      [
        1.0403714441054035e-6,
        -2.403944108664291e-6
      ],
      [
        4.109749625058612e-6,
        -2.6826426164916484e-6
      ],
      [
        -1.8179383687311201e-6,
        2.5941919830074767e-6
      ],
      [
        2.680711531866109e-6,
        -8.092091775324661e-6
      ],
      [
        3.1549748200632166e-6,
        6.972457526899234e-7
      ],
      [
        1.7317294975782715e-7,
        2.1260877929307753e-6
      ],
      [
        2.956253865704639e-6,
        -6.114564257586608e-6
      ],
      [
        1.1543712616912671e-6,
        2.7001526348158222e-8
      ],
      [
        -1.1320944395265542e-6,
        -4.522821200225735e-6
      ],
      [
        6.616947302973131e-6,
        4.343308773968602e-6
      ],
      [
        4.1680858764436834e-9,
        -6.362148724292638e-6
      ],
      [
        -2.2215051558305277e-6,
        -1.1096634580098907e-6
      ],
      [
        7.305453891603975e-6,
        -7.640627472937922e-7
      ],
      [
        -4.4510230168270937e-7,
        -2.6835132302949205e-6
      ],
      [
        -2.8669137464021333e-6,
        3.1753225471220503e-7
      ],
      [
        0.000011939210708078463,
        -3.1717167985334527e-6
      ],
      [
        -8.19427350506885e-6,
        -2.4100515929603716e-6
      ],
      [
        3.4041443086607615e-6,
        1.2279760142064333e-7
      ],
      [
        7.4422518991923425e-6,
        -2.5905292204697616e-6
      ],
      [
        -4.43413819084526e-6,
        -6.156500376164331e-7
      ],
      [
        3.208095222362317e-6,
        -2.04658954316983e-6
      ],
      [
        3.396524107301957e-6,
        -5.001640147384023e-6
      ],
      [
        -1.376700311084278e-6,
        4.433855337993009e-6
      ],
      [
        4.031316620967118e-6,
        -3.7313354823709233e-6
      ],
      [
        6.791711939513334e-7,
        -6.2353733483178075e-6
      ],
      [
        2.440033995299018e-6,
        5.575922841671854e-6
      ],
      [
        -1.352855747427384e-6,
        -6.915126050444087e-6
      ],
      [
        3.614176648625289e-6,
        2.5945325887732906e-6
      ],
      [
        3.489399432510254e-6,
        -4.8334482016798574e-6
      ],
      [
        -1.5660795043004327e-6,
        -7.794217822265637e-7
      ],
      [
        5.953015147497354e-7,
        9.981163202610333e-7
      ],
      [
        5.648637397825951e-6,
        -5.685304586222628e-6
      ],
      [
        -2.263560872961534e-6,
        2.9065065518807387e-6
      ],
      [
        3.5917721561418148e-6,
        -4.43093676949502e-6
      ],
      [
        1.7082767271858756e-6,
        -2.1915050183451967e-6
      ],
      [
        -1.605169700269471e-6,
        2.2524238829646492e-6
      ],
      [
        4.015355443698354e-6,
        -4.05963464800152e-6
      ],
      [
        2.9293339594005374e-6,
        -1.8165666233471711e-6
      ],
      [
        -1.2252711485416512e-6,
        -1.397174060002726e-6
      ],
      [
        1.3837488950230181e-6,
        6.653490345343016e-7
      ],
      [
        2.2700332920067012e-6,
        -2.929956508523901e-6
      ],
      [
        2.9092138902342413e-6,
        -2.736928990998422e-6
      ],
      [
        -2.407540762305871e-7,
        -3.6210079201737244e-7
      ],
      [
        1.8181490304414183e-6,
        2.904643849888089e-7
      ],
      [
        5.659989597006643e-7,
        -4.118051492696395e-6
      ],
      [
        2.3304728529183194e-6,
        -5.254347570371465e-7
      ],
      [
        2.8859487883892143e-6,
        -1.399875941388018e-6
      ],
      [
        4.780669087267597e-7,
        -7.346199026869726e-7
      ],
      [
        -1.924825710375444e-6,
        -3.3718931717885425e-6
      ],
      [
        5.611766027868725e-6,
        1.7895254131872207e-6
      ],
      [
        7.439173259626841e-7,
        -3.999816271971213e-6
      ],
      [
        6.271894221754337e-7,
        -2.352279807382729e-6
      ],
      [
        -4.030733578019863e-7,
        2.7041862722398946e-6
      ],
      [
        5.27638076164294e-6,
        -2.8392082640493754e-6
      ],
      [
        -3.554645672920742e-6,
        -6.136280717328191e-6
      ],
      [
        7.014566563157132e-6,
        4.6078121158643626e-6
      ],
      [
        -6.473230200754188e-7,
        -2.508833176761982e-6
      ],
      [
        -3.6876356261927867e-6,
        -3.6430064938031137e-6
      ],
      [
        7.783836736052763e-6,
        -4.747938930904638e-7
      ],
      [
        1.1756286539821303e-6,
        -3.9519147776445607e-7
      ],
      [
        -2.561611154305865e-6,
        -2.3425234303431353e-6
      ],
      [
        2.519956296964665e-6,
        -1.818611394810432e-7
      ],
      [
        3.7566881019301945e-6,
        -2.56114435615018e-6
      ],
      [
        -2.0168911305518122e-6,
        -1.4955885490053333e-6
      ],
      [
        4.319072104408406e-6,
        -3.83631657996375e-7
      ],
      [
        1.1513685649333638e-6,
        -1.3493576034306898e-6
      ],
      [
        -3.8568791751458775e-6,
        -1.1006138720404124e-6
      ],
      [
        8.671581781527493e-6,
        -2.370190941292094e-6
      ],
      [
        -3.3356063795508817e-6,
        -3.1819165542401606e-6
      ],
      [
        4.479403287405148e-6,
        4.217166406306205e-6
      ],
      [
        -2.289137910338468e-6,
        -3.3117439670604654e-6
      ],
      [
        1.1603040093177697e-6,
        -7.661767995159607e-6
      ],
      [
        7.597454441565787e-6,
        7.16206568540656e-6
      ],
      [
        -5.389508714870317e-6,
        -3.008511157531757e-6
      ],
      [
        2.0492018393269973e-6,
        -6.05019522481598e-6
      ],
      [
        4.820919002668234e-6,
        5.036399670643732e-6
      ],
      [
        -2.5654942419350846e-6,
        -5.841484835400479e-6
      ],
      [
        3.6114424801780842e-6,
        -2.8647593808273086e-7
      ],
      [
        9.330209991276206e-7,
        9.292498930335569e-7
      ],
      [
        1.1972649645031197e-6,
        -1.2275696690267068e-6
      ],
      [
        -2.8432255021471065e-6,
        -6.799447419325588e-6
      ],
      [
        9.485925147600938e-6,
        4.717500360129634e-6
      ],
      [
        -3.7886245536356e-6,
        -2.837653255483019e-6
      ],
      [
        -1.3690997775483993e-6,
        -8.981524501905369e-8
      ],
      [
        6.457418749050703e-6,
        -5.098116162116639e-6
      ],
      [
        -1.245645421477093e-6,
        -2.7639407207402655e-8
      ],
      [
        1.8252609379487694e-6,
        4.691227786679519e-6
      ],
      [
        2.577669135916949e-7,
        -9.476435479882639e-6
      ],
      [
        1.4451680954152835e-6,
        3.82255620934302e-6
      ],
      [
        3.052904958167346e-6,
        -2.5170027129206574e-6
      ],
      [
        -3.241763124606223e-6,
        -3.7122035791981034e-6
      ],
      [
        8.221976713684853e-6,
        5.297098596201977e-6
      ],
      [
        -5.95743131270865e-6,
        -7.173743142629974e-6
      ],
      [
        4.148324023844907e-6,
        8.692889537087467e-7
      ],
      [
        2.311402340637869e-6,
        -2.7977375793852843e-6
      ],
      [
        3.289622156898986e-7,
        2.24831524064939e-6
      ],
      [
        9.791336879061419e-7,
        -1.656018866924569e-6
      ],
      [
        -1.7734593029672396e-6,
        -4.917939804727212e-6
      ],
      [
        8.059856554609723e-6,
        2.856873777545843e-7
      ],
      [
        -4.8591941776976455e-6,
        1.8851229697247618e-6
      ],
      [
        1.8944901967188343e-6,
        -2.031291160164983e-6
      ],
      [
        5.65417212783359e-6,
        -5.496156973094912e-6
      ],
      [
        -5.4646420721837785e-6,
        3.150225666104234e-6
      ],
      [
        6.091859631851548e-6,
        -1.2883283488918096e-6
      ],
      [
        -4.999739644517831e-7,
        -5.198904091230361e-6
      ],
      [
        2.2205365439731395e-6,
        6.240054062800482e-6
      ],
      [
        -2.486406856405665e-6,
        -7.438840384565992e-6
      ],
      [
        5.186534963286249e-6,
        -2.863160034394241e-6
      ],
      [
        1.159997964350623e-6,
        6.924830813659355e-6
      ],
      [
        -2.916772245953325e-6,
        -4.820433787244838e-6
      ],
      [
        4.806090601050528e-6,
        -5.2246637096686754e-6
      ],
      [
        9.848763511399738e-7,
        1.9898591290257173e-6
      ],
      [
        -2.0590912299667252e-6,
        2.399435970801278e-6
      ],
      [
        5.526485438167583e-6,
        -6.461258180934237e-6
      ],
      [
        -2.4025207494560163e-6,
        7.814603719680235e-8
      ],
      [
        3.1617191780242138e-6,
        3.6746025671163807e-6
      ],
      [
        -9.887720580081805e-7,
        -0.000011252654985582922
      ],
      [
        3.852179361274466e-6,
        9.406693607161287e-6
      ],
      [
        -2.852807199360541e-7,
        -4.426974555826746e-6
      ]
    ],
    "schema_version": 1,
    "stage": "time_mapped_pcm_before_effects",
    "start": 2444,
    "suppressed": []
  },
  "protocol": 1
}
