{
  "audio": {
    "project_id": "9285d538-981a-4b2b-a0d6-f70b27ca9f3e",
    "revision_id": "preserve-three-into-two",
    "samples": [
      [
        0.007355615496635437,
        0.0027779475785791874
      ],
      [
        0.004034628625959158,
        -0.010143911466002464
      ],
      [
        -0.019907960668206215,
        0.005783767905086279
      ],
      [
        0.014708452858030796,
        0.008495710790157318
      ],
      [
        -0.005667747929692268,
        -0.006730521097779274
      ],
      [
        -0.01078373659402132,
        0.0048827785067260265
      ],
      [
        0.008123571053147316,
        0.004800831433385611
      ],
      [
        -0.00031985677196644247,
        -0.003421192755922675
      ],
      [
        -0.007907011546194553,
        -0.003500668564811349
      ],
      [
        0.002211055951192975,
        0.011473867110908031
      ],
      [
        0.0031098201870918274,
        -0.0008533978252671659
      ],
      [
        -0.011192696169018745,
        -0.010210024192929268
      ],
      [
        0.0011598356068134308,
        0.01472183782607317
      ],
      [
        0.002906019799411297,
        -0.0009135368745774031
      ],
      [
        -0.0060117109678685665,
        -0.005120868794620037
      ],
      [
        -0.007797734346240759,
        1.1203889016542234e-6
      ],
      [
        0.018360519781708717,
        0.0165094081312418
      ],
      [
        -0.023340590298175812,
        -0.02483225055038929
      ],
      [
        0.009791159071028233,
        0.01757112145423889
      ],
      [
        0.0028139895293861628,
        0.0036090610083192587
      ],
      [
        -0.01673808880150318,
        -0.006050266325473785
      ],
      [
        0.007826979272067547,
        0.0036780070513486862
      ],
      [
        -0.004407111555337906,
        -0.0010608149459585547
      ],
      [
        -0.0029993189964443445,
        0.01322705578058958
      ],
      [
        -0.006812075152993202,
        -0.017779570072889328
      ],
      [
        0.008467826060950756,
        0.023772118613123894
      ],
      [
        -0.007562523242086172,
        -0.018865536898374557
      ],
      [
        -0.010359440930187702,
        0.00887653324753046
      ],
      [
        0.013519936241209507,
        0.013089998625218868
      ],
      [
        -0.010208239778876305,
        -0.011613660492002964
      ],
      [
        -0.00878676027059555,
        0.010638666339218616
      ],
      [
        0.010145053267478943,
        -0.013179108500480652
      ],
      [
        -0.007618524134159088,
        0.022010983899235725
      ],
      [
        -0.01389132160693407,
        -0.003345844801515341
      ],
      [
        0.01526463683694601,
        0.002577860141173005
      ],
      [
        -0.016102546826004982,
        -0.021539684385061264
      ],
      [
        0.006134141236543655,
        0.03784653916954994
      ],
      [
        -0.019213423132896423,
        -0.012174021452665329
      ],
      [
        0.015990782529115677,
        -0.0005425237468443811
      ],
      [
        -0.011228342540562153,
        0.008811403065919876
      ],
      [
        -0.017129983752965927,
        -0.014022967778146267
      ],
      [
        0.02120480127632618,
        0.02660316228866577
      ],
      [
        -0.016103623434901237,
        -0.008845584467053413
      ],
      [
        -0.010056896135210991,
        0.010002157650887966
      ],
      [
        0.005618381779640913,
        -0.02330036461353302
      ],
      [
        0.002481051255017519,
        0.0260942280292511
      ],
      [
        -0.022928401827812195,
        0.015216679312288761
      ],
      [
        0.0029565845616161823,
        -0.01848939061164856
      ],
      [
        0.010580518282949924,
        -0.0006042722961865366
      ],
      [
        -0.02653801627457142,
        0.01587439887225628
      ],
      [
        -0.0035346944350749254,
        0.011835134588181973
      ],
      [
        0.015241214074194431,
        -0.008774538524448872
      ],
      [
        -0.019913513213396072,
        0.0140983322635293
      ],
      [
        -0.018122443929314613,
        -0.03087238222360611
      ],
      [
        0.029036207124590874,
        0.05994758382439613
      ],
      [
        -0.039048515260219574,
        -0.029776252806186676
      ],
      [
        0.013053908944129944,
        0.01795092597603798
      ],
      [
        -0.026667321100831032,
        -0.007465421687811613
      ],
      [
        0.025344613939523697,
        0.0024424397852271795
      ],
      [
        -0.036394864320755005,
        0.030667468905448914
      ],
      [
        -0.002727617509663105,
        0.0011318440083414316
      ],
      [
        0.008969291113317013,
        -0.013169403187930584
      ],
      [
        -0.016671394929289818,
        -0.013512127101421356
      ],
      [
        -0.022166693583130836,
        0.07352789491415024
      ],
      [
        0.0038860756903886795,
        -0.023694759234786034
      ],
      [
        0.015520025976002216,
        -0.03026929311454296
      ],
      [
        -0.06242445483803749,
        0.055496618151664734
      ],
      [
        0.03145882114768028,
        -0.0058543006889522076
      ],
      [
        -0.0012728499714285135,
        -0.03297221288084984
      ],
      [
        -0.004004740621894598,
        0.07221564650535583
      ],
      [
        -0.0918969064950943,
        -0.03689669445157051
      ],
      [
        0.25358325242996216,
        -0.10841288417577744
      ],
      [
        0.27549949288368225,
        -0.3246617615222931
      ]
    ],
    "schema_version": 1,
    "stage": "time_mapped_pcm_before_effects",
    "start": 1,
    "suppressed": []
  },
  "protocol": 1
}
