{
  "committed": true,
  "outcome": {
    "asset_id": "fixture-audio",
    "commit": {
      "edit": {
        "changed_ids": [
          "8eafbf45-9ad1-45e7-b44b-1fbf228a0202",
          "fixture-source"
        ],
        "description": "Import source media",
        "duration_delta": 120,
        "forward": {
          "assets": {
            "fixture-audio": {
              "after": {
                "audio": {
                  "end": {
                    "ticks": 192192,
                    "time_base": {
                      "denominator": 48000,
                      "numerator": 1
                    }
                  },
                  "start": {
                    "ticks": 0,
                    "time_base": {
                      "denominator": 48000,
                      "numerator": 1
                    }
                  }
                },
                "content_hash": "blake3:16614ec12d06396d3c0f0e7b91cc902c6dc30ad89c28d74b805cf64dc60d8aa1",
                "frame_count": null,
                "label": "Own synthetic AAC fixture",
                "source_qualification": "e9a6894438eac3e069888a424dfc42dfbe42adc877f6ab6ad7501c8d134c114d",
                "still_image": false,
                "video": null
              },
              "before": null
            }
          },
          "from_revision": "77856736-ef50-4508-96c6-3be46406dbe8",
          "marks": {},
          "nodes": {
            "8eafbf45-9ad1-45e7-b44b-1fbf228a0202": {
              "after": {
                "kind": {
                  "children": [
                    "fixture-source"
                  ],
                  "type": "sequence"
                },
                "label": "Sequence"
              },
              "before": {
                "kind": {
                  "children": [],
                  "type": "sequence"
                },
                "label": "Sequence"
              }
            },
            "fixture-source": {
              "after": {
                "kind": {
                  "source": {
                    "audio": {
                      "asset": "fixture-audio",
                      "span": {
                        "end": {
                          "ticks": 192192,
                          "time_base": {
                            "denominator": 48000,
                            "numerator": 1
                          }
                        },
                        "start": {
                          "ticks": 0,
                          "time_base": {
                            "denominator": 48000,
                            "numerator": 1
                          }
                        }
                      }
                    },
                    "audio_mapping": {
                      "frames": {
                        "denominator": "1",
                        "numerator": "120"
                      },
                      "start": {
                        "denominator": "1",
                        "numerator": "0"
                      },
                      "type": "placement"
                    },
                    "audio_offset": 0,
                    "duration": 120,
                    "link": "independent",
                    "video": {
                      "type": "blank"
                    },
                    "video_mapping": {
                      "type": "fit_beat"
                    }
                  },
                  "type": "source"
                },
                "label": "Source"
              },
              "before": null
            }
          },
          "overrides": {},
          "project_id": "9285d538-981a-4b2b-a0d6-f70b27ca9f3e",
          "to_revision": "source-import"
        },
        "inverse": {
          "assets": {
            "fixture-audio": {
              "after": null,
              "before": {
                "audio": {
                  "end": {
                    "ticks": 192192,
                    "time_base": {
                      "denominator": 48000,
                      "numerator": 1
                    }
                  },
                  "start": {
                    "ticks": 0,
                    "time_base": {
                      "denominator": 48000,
                      "numerator": 1
                    }
                  }
                },
                "content_hash": "blake3:16614ec12d06396d3c0f0e7b91cc902c6dc30ad89c28d74b805cf64dc60d8aa1",
                "frame_count": null,
                "label": "Own synthetic AAC fixture",
                "source_qualification": "e9a6894438eac3e069888a424dfc42dfbe42adc877f6ab6ad7501c8d134c114d",
                "still_image": false,
                "video": null
              }
            }
          },
          "from_revision": "source-import",
          "marks": {},
          "nodes": {
            "8eafbf45-9ad1-45e7-b44b-1fbf228a0202": {
              "after": {
                "kind": {
                  "children": [],
                  "type": "sequence"
                },
                "label": "Sequence"
              },
              "before": {
                "kind": {
                  "children": [
                    "fixture-source"
                  ],
                  "type": "sequence"
                },
                "label": "Sequence"
              }
            },
            "fixture-source": {
              "after": null,
              "before": {
                "kind": {
                  "source": {
                    "audio": {
                      "asset": "fixture-audio",
                      "span": {
                        "end": {
                          "ticks": 192192,
                          "time_base": {
                            "denominator": 48000,
                            "numerator": 1
                          }
                        },
                        "start": {
                          "ticks": 0,
                          "time_base": {
                            "denominator": 48000,
                            "numerator": 1
                          }
                        }
                      }
                    },
                    "audio_mapping": {
                      "frames": {
                        "denominator": "1",
                        "numerator": "120"
                      },
                      "start": {
                        "denominator": "1",
                        "numerator": "0"
                      },
                      "type": "placement"
                    },
                    "audio_offset": 0,
                    "duration": 120,
                    "link": "independent",
                    "video": {
                      "type": "blank"
                    },
                    "video_mapping": {
                      "type": "fit_beat"
                    }
                  },
                  "type": "source"
                },
                "label": "Source"
              }
            }
          },
          "overrides": {},
          "project_id": "9285d538-981a-4b2b-a0d6-f70b27ca9f3e",
          "to_revision": "77856736-ef50-4508-96c6-3be46406dbe8"
        }
      },
      "revision_id": "source-import"
    },
    "qualification": "e9a6894438eac3e069888a424dfc42dfbe42adc877f6ab6ad7501c8d134c114d"
  },
  "protocol": 1
}
