    Checking deadpan-cli v0.1.0 (/Users/michael/Code/deadpan/crates/deadpan-cli)
error[E0277]: the trait bound `u64: rusqlite::types::FromSql` is not satisfied
   --> crates/deadpan-cli/examples/qualify_render_host_crash/evidence.rs:140:59
    |
140 |             transaction.query_row(&sql, [], |row| Ok((row.get(0)?, row.get(1)?)))?;
    |                                                           ^^^ the trait `rusqlite::types::FromSql` is not implemented for `u64`
    |
    = help: the following other types implement trait `rusqlite::types::FromSql`:
              f32
              f64
              i16
              i32
              i64
              i8
              isize
              u16
            and 2 others
note: required by a bound in `rusqlite::Row::<'_>::get`
   --> /Users/michael/.cargo/registry/src/index.crates.io-1949cf8c6b5b557f/rusqlite-0.40.2/src/row.rs:285:32
    |
285 |     pub fn get<I: RowIndex, T: FromSql>(&self, idx: I) -> Result<T> {
    |                                ^^^^^^^ required by this bound in `Row::<'_>::get`

error[E0277]: the trait bound `u64: rusqlite::types::FromSql` is not satisfied
   --> crates/deadpan-cli/examples/qualify_render_host_crash/evidence.rs:140:72
    |
140 |             transaction.query_row(&sql, [], |row| Ok((row.get(0)?, row.get(1)?)))?;
    |                                                                        ^^^ the trait `rusqlite::types::FromSql` is not implemented for `u64`
    |
    = help: the following other types implement trait `rusqlite::types::FromSql`:
              f32
              f64
              i16
              i32
              i64
              i8
              isize
              u16
            and 2 others
note: required by a bound in `rusqlite::Row::<'_>::get`
   --> /Users/michael/.cargo/registry/src/index.crates.io-1949cf8c6b5b557f/rusqlite-0.40.2/src/row.rs:285:32
    |
285 |     pub fn get<I: RowIndex, T: FromSql>(&self, idx: I) -> Result<T> {
    |                                ^^^^^^^ required by this bound in `Row::<'_>::get`

error[E0277]: the trait bound `u64: rusqlite::types::FromSql` is not satisfied
   --> crates/deadpan-cli/examples/qualify_render_host_crash/evidence.rs:158:23
    |
158 |             |row| row.get(0),
    |                       ^^^ the trait `rusqlite::types::FromSql` is not implemented for `u64`
    |
    = help: the following other types implement trait `rusqlite::types::FromSql`:
              f32
              f64
              i16
              i32
              i64
              i8
              isize
              u16
            and 2 others
note: required by a bound in `rusqlite::Row::<'_>::get`
   --> /Users/michael/.cargo/registry/src/index.crates.io-1949cf8c6b5b557f/rusqlite-0.40.2/src/row.rs:285:32
    |
285 |     pub fn get<I: RowIndex, T: FromSql>(&self, idx: I) -> Result<T> {
    |                                ^^^^^^^ required by this bound in `Row::<'_>::get`

For more information about this error, try `rustc --explain E0277`.
error: could not compile `deadpan-cli` (example "qualify_render_host_crash") due to 3 previous errors
