{
  "created": {
    "asset_id": "3a440439-4a94-4f28-adde-96d752dae81b",
    "byte_length": 237679,
    "content": "blake3:383982e43d5b64e0973447d5896ab19452391c58521c483be0f7d6224a7f0465",
    "duration_frames": 100,
    "node": "b2656dbb-dc42-47ac-bcab-e7aa1bc3913d",
    "presentation_basis": {
      "color_policy": "sdr_rec709",
      "frame_rate": {
        "denominator": 1001,
        "numerator": 30000
      },
      "height": 180,
      "width": 320
    },
    "project_id": "4f472376-095b-42d2-92c2-df98712a9c33",
    "revision_id": "682d5dad-acb0-48f3-91e2-6b52903922ec",
    "single_source": {
      "asset": "3a440439-4a94-4f28-adde-96d752dae81b",
      "baseline_revision": "682d5dad-acb0-48f3-91e2-6b52903922ec",
      "initial_revision": "6489795c-faf9-4537-a982-bd812f3e2075",
      "node": "b2656dbb-dc42-47ac-bcab-e7aa1bc3913d",
      "qualification": "9718da86d1db17c468c1d9f1356dd7382a7fba2308b99c9b504107906264ca4e",
      "state": "ready"
    }
  },
  "protocol": 1
}
