[in#0/f32le @ 0xc13014000] Estimating duration from bitrate, this may be inaccurate
[aist#0:0/pcm_f32le @ 0xc13010180] Guessed Channel Layout: stereo
Input #0, f32le, from '/tmp/deadpan-metering-20260921-run1/ebu-3.f32le':
  Duration: 00:01:20.00, bitrate: 3072 kb/s
  Stream #0:0: Audio: pcm_f32le, 48000 Hz, stereo, flt, 3072 kb/s
Stream mapping:
  Stream #0:0 -> #0:0 (pcm_f32le (native) -> pcm_s16le (native))
Press [q] to stop, [?] for help
Output #0, null, to 'pipe:':
  Metadata:
    encoder         : Lavf63.1.101
  Stream #0:0: Audio: pcm_s16le, 48000 Hz, stereo, s16, 1536 kb/s
    Metadata:
      encoder         : Lavc63.1.101 pcm_s16le
[Parsed_ebur128_0 @ 0xc130209c0] Summary:

  Integrated loudness:
    I:         -23.0 LUFS
    Threshold: -34.2 LUFS

  Loudness range:
    LRA:        13.0 LU
    Threshold: -44.0 LUFS
    LRA low:   -36.0 LUFS
    LRA high:  -23.0 LUFS

  True peak:
    Peak:      -23.0 dBFS
[out#0/null @ 0xc13020180] video:0KiB audio:15000KiB subtitle:0KiB other streams:0KiB global headers:0KiB muxing overhead: unknown
size=N/A time=00:01:20.00 bitrate=N/A speed= 102x elapsed=0:00:00.78    
