[aist#0:0/pcm_f32le @ 0x87ec14180] Guessed Channel Layout: stereo
Input #0, f32le, from '/tmp/deadpan-metering-20260921-run1/empty.f32le':
  Duration: N/A, bitrate: 3072 kb/s
  Stream #0:0: Audio: pcm_f32le, 48000 Hz, stereo, flt, 3072 kb/s
Stream mapping:
  Stream #0:0 -> #0:0 (pcm_f32le (native) -> pcm_s16le (native))
Press [q] to stop, [?] for help
[af#0:0 @ 0x87f028000] No filtered frames for output stream, trying to initialize anyway.
Output #0, null, to 'pipe:':
  Metadata:
    encoder         : Lavf63.1.101
  Stream #0:0: Audio: pcm_s16le, 48000 Hz, stereo, s16, 1536 kb/s
    Metadata:
      encoder         : Lavc63.1.101 pcm_s16le
[Parsed_ebur128_0 @ 0x87ec446c0] Summary:

  Integrated loudness:
    I:         -70.0 LUFS
    Threshold:   0.0 LUFS

  Loudness range:
    LRA:         0.0 LU
    Threshold:   0.0 LUFS
    LRA low:     0.0 LUFS
    LRA high:    0.0 LUFS

  True peak:
    Peak:        0.0 dBFS
[out#0/null @ 0x87ec44180] video:0KiB audio:0KiB subtitle:0KiB other streams:0KiB global headers:0KiB muxing overhead: unknown
[out#0/null @ 0x87ec44180] Output file is empty, nothing was encoded(check -ss / -t / -frames parameters if used)
size=N/A time=N/A bitrate=N/A speed=N/A elapsed=0:00:00.00    
