   Compiling proc-macro2 v1.0.107
   Compiling libc v0.2.189
   Compiling unicode-ident v1.0.26
   Compiling quote v1.0.47
   Compiling find-msvc-tools v0.1.13
   Compiling shlex v2.0.1
   Compiling serde_core v1.0.229
   Compiling typenum v1.20.1
   Compiling zmij v1.0.23
   Compiling rustix v1.1.5
   Compiling cfg-if v1.0.5
   Compiling getrandom v0.4.3
   Compiling bitflags v2.13.2
   Compiling serde_json v1.0.151
   Compiling serde v1.0.229
   Compiling itoa v1.0.18
   Compiling memchr v2.8.3
   Compiling thiserror v2.0.20
   Compiling once_cell v1.21.4
   Compiling constant_time_eq v0.4.2
   Compiling arrayvec v0.7.8
   Compiling cc v1.4.7
   Compiling fastrand v2.5.0
   Compiling syn v3.0.6
   Compiling hybrid-array v0.4.15
   Compiling errno v0.3.14
   Compiling cpufeatures v0.3.1
   Compiling blake3 v1.8.7
   Compiling deadpan-media-worker v0.1.0 (/Users/michael/Code/deadpan/native/deadpan-media-worker)
   Compiling block-buffer v0.12.1
   Compiling crypto-common v0.2.2
   Compiling digest v0.11.3
   Compiling deadpan-native-process v0.1.0 (/Users/michael/Code/deadpan/native/deadpan-process)
   Compiling tempfile v3.27.0
   Compiling sha2 v0.11.0
   Compiling serde_derive v1.0.229
   Compiling thiserror-impl v2.0.20
   Compiling deadpan-core v0.1.0 (/Users/michael/Code/deadpan/crates/deadpan-core)
   Compiling deadpan-media v0.1.0 (/Users/michael/Code/deadpan/crates/deadpan-media)
    Finished `test` profile [unoptimized + debuginfo] target(s) in 25.42s
     Running unittests src/main.rs (/private/tmp/deadpan-media-sanitized-final-20260921/target/aarch64-apple-darwin/debug/deps/deadpan_media_worker-0082086845f3b03b)

running 2 tests
test tests::c_string_conversion_is_bounded_and_lossy ... ok
test tests::argument_parser_rejects_extra_oversized_and_non_utf8_requests ... ok

test result: ok. 2 passed; 0 failed; 0 ignored; 0 measured; 0 filtered out; finished in 0.00s

     Running tests/canonicalize_real_media.rs (/private/tmp/deadpan-media-sanitized-final-20260921/target/aarch64-apple-darwin/debug/deps/canonicalize_real_media-070a43e3192d8f06)

running 6 tests
test cancellation_is_checked_before_spawning_the_worker ... ok
test real_rgb_inputs_preserve_pixels_profile_timing_and_object_identity ... FAILED
test real_audio_stream_is_discarded_while_video_pixels_remain_exact ... FAILED
test identity_length_and_contract_budgets_fail_before_or_at_the_worker_boundary ... ok
test missing_color_tags_and_corrupt_encoded_picture_are_rejected ... ok
test wrong_dimensions_rate_and_frame_count_are_rejected_by_real_decoder ... ok

failures:

---- real_rgb_inputs_preserve_pixels_profile_timing_and_object_identity stdout ----

thread 'real_rgb_inputs_preserve_pixels_profile_timing_and_object_identity' (36447136) panicked at native/deadpan-media-worker/tests/canonicalize_real_media.rs:148:5:
assertion `left == right` failed
  left: "f7fcf28afba3e26bcd12dc8b5bb0fcc2324051eb27b37b72e0829d2ac9843443"
 right: "558a4fbc921703d16dc31e8f05516d7055b5335563dc0dff3f6e6d6715bdcb15"
note: run with `RUST_BACKTRACE=1` environment variable to display a backtrace

---- real_audio_stream_is_discarded_while_video_pixels_remain_exact stdout ----

thread 'real_audio_stream_is_discarded_while_video_pixels_remain_exact' (36447135) panicked at native/deadpan-media-worker/tests/canonicalize_real_media.rs:148:5:
assertion `left == right` failed
  left: "3594d849ef51ce8fdee438c6efd38bacf59c11dead233f8e198b097e1391513b"
 right: "8d95b19c296a3fde3b3645bfc8b3f32e1ff4e7ea456a8f989115ebe1009ab5c4"


failures:
    real_audio_stream_is_discarded_while_video_pixels_remain_exact
    real_rgb_inputs_preserve_pixels_profile_timing_and_object_identity

test result: FAILED. 4 passed; 2 failed; 0 ignored; 0 measured; 0 filtered out; finished in 0.68s

error: test failed, to rerun pass `-p deadpan-media-worker --test canonicalize_real_media`
