   Compiling deadpan-media v0.1.0 (/Users/michael/Code/deadpan/crates/deadpan-media)
   Compiling deadpan-store v0.1.0 (/Users/michael/Code/deadpan/crates/deadpan-store)
   Compiling deadpan-audio v0.1.0 (/Users/michael/Code/deadpan/crates/deadpan-audio)
   Compiling deadpan-cli v0.1.0 (/Users/michael/Code/deadpan/crates/deadpan-cli)
   Compiling deadpan-playback v0.1.0 (/Users/michael/Code/deadpan/crates/deadpan-playback)
   Compiling deadpan-app v0.1.0 (/Users/michael/Code/deadpan/crates/deadpan-app)
error[E0599]: no method named `style` found for reference `&eframe::egui::Context` in the current scope
    --> crates/deadpan-app/src/preview/room_tone.rs:375:48
     |
 375 |             .frame(egui::Frame::popup(&context.style()).inner_margin(24).corner_radius(10))
     |                                                ^^^^^
     |
help: there is a method `style_of` with a similar name, but with different arguments
    --> /Users/michael/.cargo/registry/src/index.crates.io-1949cf8c6b5b557f/egui-0.36.2/src/context.rs:2221:5
     |
2221 |     pub fn style_of(&self, theme: Theme) -> Arc<Style> {
     |     ^^^^^^^^^^^^^^^^^^^^^^^^^^^^^^^^^^^^^^^^^^^^^^^^^^

For more information about this error, try `rustc --explain E0599`.
error: could not compile `deadpan-app` (bin "deadpan-app") due to 1 previous error
warning: build failed, waiting for other jobs to finish...
error: could not compile `deadpan-app` (bin "deadpan-app" test) due to 1 previous error
