   Compiling deadpan-core v0.1.0 (/Users/michael/Code/deadpan/crates/deadpan-core)
    Finished `test` profile [unoptimized + debuginfo] target(s) in 52.09s
     Running unittests src/lib.rs (target/debug/deps/deadpan_core-b32f8ce8c7bbc4ac)

running 75 tests
test exact::tests::exact_mapping_and_negative_boundaries_do_not_round_intermediate_frames ... ok
test audio_mapping::tests::selection_translates_without_changing_full_span_rate ... ok
test framing::numeric::tests::comparison_handles_signed_extremes_without_products ... ok
test framing::numeric::tests::wide_carries_borrows_and_failures ... ok
test audio_reference::preflight::tests::malformed_nested_values_never_reach_the_materializing_typed_parser ... ok
test exact::tests::cross_cancellation_and_wire_format_preserve_wide_values ... ok
test command::binding_patch_tests::binding_patch_rejects_stale_before_state_without_mutation ... ok
test command::binding_patch_tests::changed_step_only_clock_marks_its_owner_as_changed ... ok
test audio_mapping::tests::typed_and_wire_selection_validation_reject_the_same_invalid_intervals ... ok
test framing::preflight::tests::scanner_rejects_the_extra_segment_before_reading_its_malformed_body ... ok
test command::binding_patch_tests::changed_binding_owners_exclude_untouched_values_and_clocks ... ok
test audio_mapping::tests::selected_wire_is_closed_and_requires_every_boundary ... ok
test audio_binding_lifecycle::tests::removing_the_last_owner_removes_its_tables_in_the_same_reversible_patch ... ok
test audio_binding_lifecycle::tests::pruning_keeps_a_table_still_referenced_only_by_a_phase_term ... ok
test command::binding_patch_tests::binding_state_replacement_requires_both_guards_and_roundtrips ... ok
test document::serialization_tests::canonical_json_limit_counts_escaping_utf8_and_terminal_newline ... ok
test audio_binding_lifecycle::tests::occurrence_isolation_retains_the_selected_old_clock_and_undo_restores_state ... ok
test audio_binding_lifecycle::tests::split_copies_live_scope_and_phase_arguments_but_keeps_historical_aliases ... ok
test legacy_v3::tests::legacy_document_projection_rejects_even_empty_override_entries ... ok
test legacy_v5::tests::every_legacy_command_rejects_audio_mapping_edits ... ok
test legacy_v6::tests::every_legacy_command_rejects_direct_and_occurrence_video_mapping_edits ... ok
test legacy_v6::tests::schema_six_requires_audio_mapping_and_preserves_audio_commands ... ok
test legacy_v10::tests::legacy_documents_and_projections_cannot_hide_authored_edges ... ok
test legacy_v5::tests::every_legacy_source_upgrades_to_fit_beat_and_projection_rejects_new_mapping ... ok
test legacy_v6::tests::every_legacy_source_preserves_audio_and_projects_only_fit_beat_video ... ok
test legacy_v5::tests::every_legacy_document_and_subtree_rejects_mapping_even_null ... ok
test legacy_v7::tests::schema_seven_preserves_both_extent_commands_and_requires_strict_mapping_fields ... ok
test legacy_v10::tests::legacy_requests_reject_edges_in_every_subtree_and_new_commands ... ok
test legacy_v6::tests::every_legacy_document_and_subtree_rejects_video_mapping_even_null ... ok
test legacy_v5::tests::every_legacy_patch_rejects_mapping_and_cannot_hide_non_fit_beat_output ... ok
test legacy_v10::tests::legacy_forward_and_inverse_patches_reject_edges_and_nondefault_projection ... ok
test marks::tests::binding_rebuild_deduplicates_complete_identity_and_keeps_first_primary ... ok
test legacy_v8::tests::schema_eight_retains_placements_offsets_generated_hashes_and_no_receipt ... ok
test occurrence::tests::billions_of_plays_stay_compact_and_removed_ids_do_not_return ... ok
test occurrence::tests::high_ordinals_after_small_prefix_do_not_overflow_position ... ok
test occurrence::tests::reorder_and_insertion_preserve_identity_and_round_trip ... ok
test legacy_v7::tests::all_legacy_documents_subtrees_and_commands_reject_placements ... ok
test picture_context::preflight::tests::only_actual_recipe_paths_are_inspected ... ok
test picture_context::tests::bounded_deserialization_rejects_per_context_overflows ... ok
test picture_context::tests::capture_compacts_identity_clips_and_merges_same_size_fit_without_quantizing ... ok
test picture_context::tests::capture_is_atomic_and_keeps_nontrivial_clip_order ... ok
test picture_context::tests::merge_retains_implicit_fill_clip_before_new_pose_and_reuses_prior_clip ... ok
test repeat_layout::tests::bounded_lookup_enforces_exact_comparison_allowance_on_sparse_runs ... ok
test source_index::tests::malformed_presentation_and_seek_metadata_are_rejected ... ok
test source_index::tests::selected_span_endpoints_hold_only_intersecting_presentation_intervals ... ok
test source_index::tests::selected_span_requires_matching_clocks_and_complete_measured_coverage ... ok
test source_index::tests::vfr_lookup_uses_pts_preserves_negative_origin_and_has_explicit_endpoints ... ok
test source_mapping::tests::placement_wire_requires_every_field_and_rejects_unknown_even_null_fields ... ok
test legacy_v6::tests::every_legacy_patch_rejects_video_mapping_and_cannot_hide_new_intent ... ok
test time::tests::duration_arithmetic_checks_each_overflow_path ... ok
test legacy_v8::tests::generated_acceptance_asset_maps_use_frozen_vocabulary_in_commands_and_occurrences ... ok
test legacy_v8::tests::pre_nine_patches_reject_qualification_and_cannot_hide_current_bindings ... ok
test time::tests::half_open_ranges_reject_reversal_and_duration_overflow ... ok
test time::tests::rates_and_time_bases_are_positive_and_normalized ... ok
test time::tests::repeats_count_total_plays_and_have_no_trailing_gap ... ok
test time::tests::sample_boundaries_report_overflow_without_restricting_signed_positions ... ok
test time::tests::ten_thousand_single_frame_edits_have_no_fractional_rate_drift ... ok
test time::tests::ties_round_to_even_on_both_sides_of_zero ... ok
test time::tests::boundaries_are_monotonic_and_symmetric ... ok
test legacy_v8::tests::every_pre_nine_document_and_asset_command_rejects_even_null_qualification ... ok
test time::tests::equivalent_rational_rates_produce_identical_boundaries ... ok
test audio_reference::preflight::tests::duplicate_closed_record_fields_never_reach_the_materializing_typed_parser ... ok
test legacy_v7::tests::all_legacy_patches_reject_placements_and_projection_cannot_hide_them ... ok
test legacy_audio_binding_v20::tests::schema16_rejects_new_binding_vocabulary ... ok
test legacy_audio_binding_v20::tests::schema17_rejects_new_binding_vocabulary ... ok
test legacy_audio_binding_v20::tests::schema20_rejects_new_binding_vocabulary ... ok
test legacy_audio_binding_v20::tests::schema18_rejects_new_binding_vocabulary ... ok
test legacy_audio_binding_v20::tests::schema19_rejects_new_binding_vocabulary ... ok
test time::tests::partition_boundaries_telescope ... ok
test framing::preflight::tests::scanner_counts_aggregate_controls_before_materializing_node_values ... ok
test marks::tests::mark_count_limit_applies_to_retained_unresolved_records_too ... ok
test framing::numeric::tests::fraction_matches_independent_small_integer_division ... ok
test picture_context::preflight::tests::aggregate_bound_includes_gaps_and_decodes_escaped_recipe_keys ... ok
test occurrence::tests::compact_moves_match_an_expanded_identity_model ... ok
test occurrence_edit::tests::isolation_rejects_mark_and_node_growth_at_document_limits ... ok

test result: ok. 75 passed; 0 failed; 0 ignored; 0 measured; 0 filtered out; finished in 3.12s

     Running tests/allocation_projection.rs (target/debug/deps/allocation_projection-95595d7f859cf27d)

running 8 tests
test empty_root_allocation_is_none ... ok
test opaque_preserve_requires_its_input_clock_or_its_output_occurrence ... ok
test follow_speed_keeps_signed_fractional_origin_and_physical_local_allocation ... ok
test nested_intrinsic_partitions_clip_only_inside_the_explicit_definition_root ... ok
test billion_play_sparse_projection_charges_exact_compact_work ... ok
test nested_real_gaps_keep_local_duration_and_hidden_gaps_are_not_endpoints ... ok
test fractional_gap_allocation_and_stable_gap_identity_survive_reordering ... ok
test repeated_sources_and_holds_have_clipped_full_and_hidden_allocations ... ok

test result: ok. 8 passed; 0 failed; 0 ignored; 0 measured; 0 filtered out; finished in 0.00s

     Running tests/audio_binding_capture.rs (target/debug/deps/audio_binding_capture-00c5ccb52c15929d)

running 6 tests
test source_capture_retains_its_current_placement_without_freezing_raw_assets ... ok
test captures_a_billion_plays_compactly_and_empty_projects_are_noops ... ok
test captures_unplayed_defaults_and_closes_each_override_at_its_stable_play ... ok
test an_existing_intrinsic_binding_survives_a_new_wrapper_and_more_capture ... ok
test nested_preserve_resets_input_scope_after_capturing_its_output ... ok
test capture_rejects_unrepresented_gaps_and_path_expansion_atomically ... ok

test result: ok. 6 passed; 0 failed; 0 ignored; 0 measured; 0 filtered out; finished in 0.12s

     Running tests/audio_bindings.rs (target/debug/deps/audio_bindings-0e4a5cba4e30697d)

running 20 tests
test reanchors::outer_birth_at_the_same_retained_root_keeps_its_intrinsic_window ... ok
test reanchors::chronological_steps_extend_an_existing_phase_on_each_captured_clock ... ok
test selected_point_clock_and_meaningful_edit_support_are_not_round_even_partitions ... ok
test clear_override_exposes_a_definition_birth_even_for_a_surviving_play_id ... ok
test captured_arguments_survive_extraction_and_explicit_definition_exclusion_is_required ... ok
test reanchors::reanchor_queries_stay_bounded_for_billion_play_and_birth_occurrences ... ok
test every_template_clock_stays_inside_its_nearest_preserve_input ... ok
test reanchors::born_play_drops_outer_cut_but_keeps_intrinsic_partition_entry ... ok
test reanchors::hidden_retained_plays_leave_the_previous_map_intact ... ok
test reanchors::preserve_input_selection_constrains_the_step_on_its_point_grid ... ok
test outer_wrap_and_inner_birth_choose_their_captured_lexical_roots ... ok
test live_validation_bounds_resume_anchors_without_narrowing_exact_phase ... ok
test reanchors::clipped_first_play_and_full_later_plays_have_distinct_resume_entries ... ok
test symbolic_phase_retains_each_play_rounding_and_composes_another_clock ... ok
test state_round_trips_structured_ids_and_rejects_invalid_or_unbounded_intent ... ok
test reanchors::aggregate_terms_steps_and_invalid_windows_fail_typed_and_wire_admission ... ok
test programmatic_bindings_obey_the_same_individual_wire_cap ... ok
test constructor_validation_charges_all_template_walks_together ... ok
test near_limit_binding_round_trips_inside_a_pretty_project_document ... ok
test aggregate_wire_admission_precedes_any_typed_layout_body ... ok

test result: ok. 20 passed; 0 failed; 0 ignored; 0 measured; 0 filtered out; finished in 8.66s

     Running tests/gap_projection.rs (target/debug/deps/gap_projection-38e7621f1e27e411)

running 7 tests
test nested_repeat_and_tape_retime_keep_exact_gap_origin_scale_and_local_support ... ok
test support_scope_stops_at_nonunity_preserve_but_its_input_and_output_are_independent ... ok
test ancestor_crop_composes_fractional_gap_support_through_a_tape_retime ... ok
test gap_support_uses_actual_duration_after_sparse_unequal_plays_at_ntsc ... ok
test gap_projection_independently_rejects_bad_scope_path_identity_and_budget ... ok
test stable_gap_identity_follows_reordering_and_only_current_nonfinal_plays_have_gaps ... ok
test partitions_retain_hidden_gap_support_while_edit_crops_clip_in_local_coordinates ... ok

test result: ok. 7 passed; 0 failed; 0 ignored; 0 measured; 0 filtered out; finished in 0.02s

     Running tests/insert_time.rs (target/debug/deps/insert_time-c54e507fd278fef7)

running 13 tests
test duration_overflow_and_nonfallback_provider_are_rejected_before_capture ... ok
test first_pause_locks_an_automatic_empty_project_before_final_validation ... ok
test zero_bounds_stale_revision_and_identity_errors_leave_input_unchanged ... ok
test unsupported_shifted_structures_and_any_nonempty_gap_fail_atomically ... ok
test existing_split_seam_reanchors_without_manufacturing_another_split ... ok
test split_and_insertion_compose_mark_bias_and_keep_sequence_pins ... ok
test insertion_after_compact_steps_appends_after_them_and_round_trips_atomically ... ok
test fully_bound_input_keeps_a_phase_only_clock_until_terms_exist_and_prunes_unused_end_clock ... ok
test start_interior_end_and_empty_project_insert_one_reversible_pause ... ok
test ordinary_hold_interior_and_its_partition_can_be_inserted_into_again ... ok
test repeated_interior_insertion_composes_current_phase_on_one_immutable_lattice ... ok
test every_shifted_fragment_gets_its_own_old_entry_and_existing_lattice_survives ... ok
test aggregate_identity_and_composed_phase_limits_fail_before_a_transaction ... ok

test result: ok. 13 passed; 0 failed; 0 ignored; 0 measured; 0 filtered out; finished in 0.15s

