{
  "schema_version": 10,
  "project_id": "2c95be28-3a23-46dd-8d79-b62269f03214",
  "revision_id": "three-plays",
  "presentation_basis": {
    "width": 320,
    "height": 180,
    "frame_rate": {
      "numerator": 30000,
      "denominator": 1001
    },
    "color_policy": "sdr_rec709"
  },
  "basis_state": {
    "rate_origin": "explicit",
    "geometry_origin": "explicit",
    "primary": null
  },
  "root": "5447064b-7a8e-4cf9-8914-23afab160d7b",
  "nodes": {
    "5447064b-7a8e-4cf9-8914-23afab160d7b": {
      "label": "Sequence",
      "kind": {
        "type": "sequence",
        "children": [
          "repeat"
        ]
      }
    },
    "fixture-source": {
      "label": "Source",
      "kind": {
        "type": "source",
        "source": {
          "duration": 120,
          "video": {
            "type": "blank"
          },
          "video_mapping": {
            "type": "fit_beat"
          },
          "audio": {
            "asset": "fixture-audio",
            "span": {
              "start": {
                "ticks": 0,
                "time_base": {
                  "numerator": 1,
                  "denominator": 48000
                }
              },
              "end": {
                "ticks": 192192,
                "time_base": {
                  "numerator": 1,
                  "denominator": 48000
                }
              }
            }
          },
          "audio_mapping": {
            "type": "placement",
            "start": {
              "numerator": "0",
              "denominator": "1"
            },
            "frames": {
              "numerator": "120",
              "denominator": "1"
            }
          },
          "link": "independent",
          "audio_offset": 0
        }
      }
    },
    "repeat": {
      "label": "Repeat",
      "kind": {
        "type": "repeat",
        "child": "fixture-source",
        "iterations": {
          "runs": [
            {
              "allocation": "three-plays",
              "first": 0,
              "count": 3
            }
          ]
        },
        "gap": {
          "duration": 1,
          "video": {
            "type": "background"
          },
          "audio": {
            "type": "silence"
          }
        }
      }
    }
  },
  "assets": {
    "fixture-audio": {
      "label": "Own synthetic AAC fixture",
      "content_hash": "blake3:16614ec12d06396d3c0f0e7b91cc902c6dc30ad89c28d74b805cf64dc60d8aa1",
      "video": null,
      "audio": {
        "start": {
          "ticks": 0,
          "time_base": {
            "numerator": 1,
            "denominator": 48000
          }
        },
        "end": {
          "ticks": 192192,
          "time_base": {
            "numerator": 1,
            "denominator": 48000
          }
        }
      },
      "still_image": false,
      "frame_count": null,
      "source_qualification": "e9a6894438eac3e069888a424dfc42dfbe42adc877f6ab6ad7501c8d134c114d"
    }
  },
  "marks": {},
  "overrides": {}
}
