{
  "audio": {
    "project_id": "2c95be28-3a23-46dd-8d79-b62269f03214",
    "revision_id": "three-plays",
    "samples": [
      [
        0.008251720108091831,
        0.002223728923127055
      ],
      [
        0.0021393955685198307,
        0.0021061014849692583
      ],
      [
        -0.008932054974138737,
        -0.003067895071581006
      ],
      [
        0.004168498795479536,
        0.006970493588596582
      ],
      [
        -0.0035651791840791702,
        -0.01073947362601757
      ],
      [
        0.009564888663589954,
        0.007174888625741005
      ],
      [
        -0.010078939609229565,
        -0.0032931107562035322
      ],
      [
        0.004962805658578873,
        0.00085744186071679
      ],
      [
        0.0011693146079778671,
        -0.0004351408570073545
      ],
      [
        -0.0031531283166259527,
        -0.006341508589684963
      ],
      [
        0.0012230267748236656,
        0.013713857159018517
      ],
      [
        -0.005114438943564892,
        -0.007391785737127066
      ],
      [
        0.01262561697512865,
        -0.0057004778645932674
      ],
      [
        -0.0183512382209301,
        0.0023326901718974113
      ],
      [
        0.008670683950185776,
        0.01536536868661642
      ],
      [
        0.008460435084998608,
        -0.017494594678282738
      ],
      [
        -0.020724527537822723,
        0.0031581083312630653
      ],
      [
        0.018070323392748833,
        0.008491763845086098
      ],
      [
        -0.003334636567160487,
        -0.014723548665642738
      ],
      [
        -0.007576506584882736,
        0.012177161872386932
      ],
      [
        0.004000213462859392,
        -0.002259382978081703
      ],
      [
        0.004742356948554516,
        -0.01143027562648058
      ],
      [
        -0.006560941226780415,
        0.00984081719070673
      ],
      [
        -0.004934348631650209,
        0.004638439044356346
      ],
      [
        0.015633180737495422,
        -0.010652842000126839
      ],
      [
        -0.015339221805334091,
        0.005679736379534006
      ],
      [
        0.00785042718052864,
        -0.009835603646934032
      ],
      [
        0.0003107520460616797,
        0.015253602527081966
      ],
      [
        -0.0021077648270875216,
        -0.005416365340352058
      ],
      [
        0.001165305613540113,
        -0.012816397473216057
      ],
      [
        -0.0032864862587302923,
        0.01554663386195898
      ],
      [
        0.008533906191587448,
        -0.004160192795097828
      ],
      [
        -0.020380456000566483,
        -0.005788448266685009
      ],
      [
        0.023883908987045288,
        0.008061271160840988
      ],
      [
        -0.013932268135249615,
        0.000976567855104804
      ],
      [
        -0.0037551522254943848,
        -0.0174691341817379
      ],
      [
        0.02416563220322132,
        0.01823662780225277
      ],
      [
        -0.02893913723528385,
        -0.008327370509505272
      ],
      [
        0.01844688691198826,
        -0.0021119096782058477
      ],
      [
        -0.003539774566888809,
        -0.0013996626948937774
      ],
      [
        -0.006236642599105835,
        0.0036997583229094744
      ],
      [
        0.003131765639409423,
        0.0009773646015673876
      ],
      [
        0.002775224857032299,
        -0.012231537140905857
      ],
      [
        -0.0025187425781041384,
        0.01068509928882122
      ],
      [
        0.0014032666804268956,
        -0.006273528095334768
      ],
      [
        0.0018613836728036404,
        -0.005297018215060234
      ],
      [
        -0.0015603431966155767,
        -0.0007564708357676864
      ],
      [
        0.002540271496400237,
        0.014948591589927673
      ],
      [
        -0.008414729498326778,
        -0.015125918202102184
      ],
      [
        0.011114750057458878,
        -0.005549197550863028
      ],
      [
        -0.01345164142549038,
        0.017257824540138245
      ],
      [
        0.009911702014505863,
        -0.009602089412510395
      ],
      [
        -0.008001206442713737,
        -0.007468335796147585
      ],
      [
        0.00901285745203495,
        0.015471123158931732
      ],
      [
        -0.0038183829747140408,
        -0.01637350022792816
      ],
      [
        -0.012247314676642418,
        -0.0005619855946861207
      ],
      [
        0.02964228391647339,
        0.02115439623594284
      ],
      [
        -0.028117507696151733,
        -0.017801789566874504
      ],
      [
        0.010046890936791897,
        -0.004830475896596909
      ],
      [
        0.009005432948470116,
        0.0006694108014926314
      ],
      [
        -0.015296390280127525,
        0.023864982649683952
      ],
      [
        0.004025331698358059,
        -0.021091608330607414
      ],
      [
        0.0027290189173072577,
        -0.008528687059879303
      ],
      [
        0.010147749446332455,
        0.013966159895062447
      ],
      [
        -0.02810106799006462,
        -0.01173070352524519
      ],
      [
        0.018808817490935326,
        0.023739337921142578
      ],
      [
        0.008205483667552471,
        -0.022082144394516945
      ],
      [
        -0.02469884790480137,
        -0.002484275493770838
      ],
      [
        0.006356657017022371,
        -0.002158087445423007
      ],
      [
        0.028780415654182434,
        0.02938329428434372
      ],
      [
        -0.039237599819898605,
        -0.03149266541004181
      ],
      [
        0.013246474787592888,
        0.006713898852467537
      ],
      [
        0.02015623450279236,
        -0.0024145524948835373
      ],
      [
        -0.02875172346830368,
        -0.008536798879504204
      ],
      [
        0.011410516686737537,
        0.046262625604867935
      ],
      [
        -0.0035311300307512283,
        -0.060005929321050644
      ],
      [
        0.020998625084757805,
        0.02057291567325592
      ],
      [
        -0.046079881489276886,
        -0.004285185132175684
      ],
      [
        0.04029003530740738,
        0.0406729020178318
      ],
      [
        -0.010583451017737389,
        -0.054727546870708466
      ],
      [
        -0.010059339925646782,
        0.01098819449543953
      ],
      [
        0.0007620572578161955,
        0.021355729550123215
      ],
      [
        0.019545020535588264,
        -0.02566792629659176
      ],
      [
        -0.017013929784297943,
        0.02730412967503071
      ],
      [
        -0.012388180010020733,
        -0.007821304723620415
      ],
      [
        0.0256649199873209,
        -0.040103498846292496
      ],
      [
        -0.004533077124506235,
        0.031221546232700348
      ],
      [
        -0.020385706797242165,
        0.043945882469415665
      ],
      [
        0.006920322775840759,
        -0.0777115523815155
      ],
      [
        0.04055036976933479,
        0.03126468136906624
      ],
      [
        -0.0698852688074112,
        -0.017553042620420456
      ],
      [
        0.04673445597290993,
        0.056626096367836
      ],
      [
        -0.00570465624332428,
        -0.0512818768620491
      ],
      [
        0.0013536203186959028,
        -0.004424137994647026
      ],
      [
        -0.03771168366074562,
        0.032533757388591766
      ],
      [
        0.051976487040519714,
        -0.032881129533052444
      ],
      [
        -0.003865538164973259,
        0.02130626142024994
      ],
      [
        -0.06282801181077957,
        0.01166238822042942
      ],
      [
        0.01860545016825199,
        -0.0028258769307285547
      ],
      [
        0.33292195200920105,
        -0.28777390718460083
      ],
      [
        0.41724032163619995,
        -0.3593449592590332
      ],
      [
        0.06785387545824051,
        -0.043328072875738144
      ],
      [
        -0.07984454184770584,
        0.02214032970368862
      ],
      [
        -0.019759461283683777,
        0.021651268005371094
      ],
      [
        0.08891286700963974,
        -0.01475458312779665
      ],
      [
        -0.07646848261356354,
        -0.004712534137070179
      ],
      [
        0.02219233289361,
        0.030498409643769264
      ],
      [
        0.0039033398497849703,
        -0.07019776850938797
      ],
      [
        0.005635610315948725,
        0.06982047855854034
      ],
      [
        -0.016192510724067688,
        -0.026959601789712906
      ],
      [
        0.006258588284254074,
        0.027924468740820885
      ],
      [
        0.004118306562304497,
        -0.05594561994075775
      ],
      [
        0.006645110435783863,
        0.003418081672862172
      ],
      [
        -0.028299273923039436,
        0.07458116114139557
      ],
      [
        0.02357664704322815,
        -0.06325971335172653
      ],
      [
        0.01092183031141758,
        -0.0070820339024066925
      ],
      [
        -0.04581432044506073,
        0.03003893792629242
      ],
      [
        0.04997543618083,
        -0.008755596354603767
      ],
      [
        -0.0279969684779644,
        0.00046662893146276474
      ],
      [
        0.005429035052657127,
        0.019460095092654228
      ],
      [
        -0.01103956624865532,
        -0.05527740716934204
      ],
      [
        0.030052056536078453,
        0.038178473711013794
      ],
      [
        -0.02463149093091488,
        0.00025065228692255914
      ],
      [
        0.0046332767233252525,
        0.015643753111362457
      ],
      [
        0.0090791629627347,
        -0.05018669366836548
      ],
      [
        -0.0067771924659609795,
        0.02377554401755333
      ],
      [
        -0.008688232861459255,
        0.02416631206870079
      ],
      [
        0.013690308667719364,
        -0.02327464148402214
      ],
      [
        -0.003318851115182042,
        0.004519579466432333
      ],
      [
        -0.008409448899328709,
        -0.021759353578090668
      ],
      [
        0.016639405861496925,
        0.021218420937657356
      ],
      [
        -0.018313882872462273,
        0.0050339167937636375
      ],
      [
        0.018730944022536278,
        -0.0027970934752374887
      ],
      [
        -0.02052142284810543,
        -0.028238005936145782
      ],
      [
        0.012237430550158024,
        0.024420836940407753
      ],
      [
        0.002522063907235861,
        -0.007197089493274689
      ],
      [
        -0.012030691839754581,
        0.01302943006157875
      ],
      [
        0.008059236221015453,
        -0.012422141619026661
      ],
      [
        -0.0019545131362974644,
        -0.02093362621963024
      ],
      [
        -0.0019293046789243817,
        0.0349980890750885
      ],
      [
        -0.004615224897861481,
        -0.007955285720527172
      ],
      [
        0.009254636242985725,
        -0.006521640811115503
      ],
      [
        -0.003066151635721326,
        -0.01338787842541933
      ],
      [
        -0.010356791317462921,
        0.011789288371801376
      ],
      [
        0.016587404534220695,
        0.006939694285392761
      ],
      [
        -0.010090509429574013,
        -0.010966110974550247
      ],
      [
        -0.006331998854875565,
        0.0006828840123489499
      ],
      [
        0.01565409265458584,
        -0.0049462513998150826
      ],
      [
        -0.009077481925487518,
        0.0005149651551619172
      ],
      [
        -0.0020174593664705753,
        0.01255114283412695
      ],
      [
        0.010993565432727337,
        -0.008127222768962383
      ],
      [
        -0.010253090411424637,
        -0.0184023417532444
      ],
      [
        0.0011027503060176969,
        0.02340611442923546
      ],
      [
        0.005186253227293491,
        -0.0028635787311941385
      ],
      [
        -0.007874147035181522,
        -0.00316622294485569
      ],
      [
        0.00849096942692995,
        -0.011693238280713558
      ],
      [
        0.002006148686632514,
        0.0065513476729393005
      ],
      [
        -0.00888343807309866,
        0.0017431461019441485
      ],
      [
        0.012977628037333488,
        -0.006672947201877832
      ],
      [
        -0.009756864979863167,
        0.009922980330884457
      ],
      [
        0.00592019222676754,
        -0.01913117989897728
      ],
      [
        -0.000864598376210779,
        0.012595399282872677
      ],
      [
        -0.00891794078052044,
        -0.00008927057206165045
      ],
      [
        0.015964943915605545,
        0.001520819147117436
      ],
      [
        -0.02048793062567711,
        -0.00795020628720522
      ],
      [
        0.01982116512954235,
        -0.0026533377822488546
      ],
      [
        -0.005455637350678444,
        0.005798058584332466
      ],
      [
        -0.006017877254635096,
        -0.0039029063191264868
      ],
      [
        0.005956071894615889,
        -0.00005561822035815567
      ],
      [
        -0.0008470953325740993,
        -0.0003319339011795819
      ],
      [
        -0.003316059708595276,
        -0.00172926124650985
      ],
      [
        -0.0011059677926823497,
        -0.003959803842008114
      ],
      [
        0.01336908433586359,
        0.009133340790867805
      ],
      [
        -0.01956097222864628,
        -0.010801809839904308
      ],
      [
        0.012432394549250603,
        0.001926740282215178
      ],
      [
        -0.0031520132906734943,
        0.002629194874316454
      ],
      [
        0.0014279676834121346,
        -0.008261853829026222
      ],
      [
        -0.003707042895257473,
        0.012516495771706104
      ],
      [
        0.000391466572182253,
        -0.009181125089526176
      ],
      [
        0.004731775727123022,
        -0.00480515044182539
      ],
      [
        -0.012020711787045002,
        0.013114101253449917
      ],
      [
        0.012574364431202412,
        -0.013051600195467472
      ],
      [
        -0.0068023731000721455,
        0.009527388960123062
      ],
      [
        0.0048836600035429,
        -0.01082813460379839
      ],
      [
        -0.005419656168669462,
        -0.00197990401647985
      ],
      [
        0.008037901483476162,
        0.012827790342271328
      ],
      [
        -0.0015340980608016253,
        -0.019173765555024147
      ],
      [
        -0.004684436600655317,
        0.01593991182744503
      ],
      [
        0.010526678524911404,
        -0.01661086082458496
      ],
      [
        -0.009288718923926353,
        0.0021947119385004044
      ],
      [
        0.006283540744334459,
        0.016268281266093254
      ],
      [
        -0.00842075515538454,
        -0.015272969380021095
      ],
      [
        0.011459549888968468,
        -0.004272589460015297
      ],
      [
        -0.0009033014066517353,
        0.0043091364204883575
      ],
      [
        -0.008569076657295227,
        -0.00007746877963654697
      ],
      [
        0.012331466190516949,
        -0.0010102326050400734
      ],
      [
        -0.0032136491499841213,
        0.006399976555258036
      ],
      [
        -0.005296982824802399,
        -0.022909188643097878
      ],
      [
        0.006270668003708124,
        0.022455016151070595
      ],
      [
        0.005484177730977535,
        -0.005815266165882349
      ],
      [
        -0.015373362228274345,
        -0.007651612162590027
      ],
      [
        0.015231012366712093,
        0.01027173176407814
      ],
      [
        0.0018544485792517662,
        -0.022063322365283966
      ],
      [
        -0.014110175892710686,
        0.025713879615068436
      ],
      [
        0.01708739809691906,
        -0.012429860420525074
      ],
      [
        -0.008412225171923637,
        -0.00564620504155755
      ],
      [
        0.0016262800199910998,
        0.006526303011924028
      ],
      [
        0.0040479074232280254,
        -0.006252901628613472
      ],
      [
        -0.004957784432917833,
        0.0099900271743536
      ],
      [
        0.010558051988482475,
        -0.007933742366731167
      ],
      [
        -0.01519697904586792,
        -0.004161011893302202
      ],
      [
        0.014680173248052597,
        0.002211187733337283
      ],
      [
        -0.0033466434106230736,
        0.006133910734206438
      ],
      [
        -0.012908153235912323,
        -0.00430207047611475
      ],
      [
        0.024729592725634575,
        -0.0022070405539125204
      ],
      [
        -0.02663227543234825,
        0.001955850515514612
      ],
      [
        0.016130607575178146,
        -0.001228446839377284
      ],
      [
        0.008445638231933117,
        0.003689298639073968
      ],
      [
        -0.027115851640701294,
        -0.005262378603219986
      ],
      [
        0.029550297185778618,
        -0.0006218868657015264
      ],
      [
        -0.01547875627875328,
        0.0012066802009940147
      ],
      [
        -0.007057540584355593,
        0.004269749391824007
      ],
      [
        0.020539622753858566,
        0.0038949016015976667
      ],
      [
        -0.015885481610894203,
        -0.018532367423176765
      ],
      [
        0.007066735532134771,
        0.012082580476999283
      ],
      [
        -0.0009024578612297773,
        0.003794425865635276
      ],
      [
        0.0007571761962026358,
        -0.00800332985818386
      ],
      [
        0.0015798724489286542,
        0.0053410944528877735
      ],
      [
        -0.01016171183437109,
        -0.007335277274250984
      ],
      [
        0.020420001819729805,
        0.0068198987282812595
      ],
      [
        -0.013651487417519093,
        -0.006833975203335285
      ],
      [
        -0.003125954419374466,
        0.00912298634648323
      ],
      [
        0.019474636763334274,
        -0.009744693525135517
      ],
      [
        -0.01694105565547943,
        -0.0034701109398156404
      ],
      [
        0.00018754474876914173,
        0.016508836299180984
      ],
      [
        0.016418512910604477,
        -0.012155182659626007
      ],
      [
        -0.013169247657060623,
        -0.00017708211089484394
      ],
      [
        -0.0024476302787661552,
        -0.003916507586836815
      ],
      [
        0.020343421027064323,
        0.008102972991764545
      ],
      [
        -0.01778338849544525,
        -0.0067724743857979774
      ],
      [
        0.004417923744767904,
        -0.0002156996342819184
      ],
      [
        0.010232447646558285,
        0.00299388007260859
      ],
      [
        -0.014781830832362175,
        -0.004717282485216856
      ],
      [
        0.009267096407711506,
        0.006835028994828463
      ],
      [
        -0.0012714613694697618,
        -0.003230628091841936
      ],
      [
        -0.003730614436790347,
        0.0019517947221174836
      ],
      [
        0.005598792340606451,
        -0.008719214238226414
      ],
      [
        -0.005826906766742468,
        0.009440681897103786
      ],
      [
        0.003656126093119383,
        0.0036122410092502832
      ],
      [
        0.002888754475861788,
        -0.011706799268722534
      ],
      [
        -0.011159985326230526,
        0.005475083831697702
      ],
      [
        0.014546460472047329,
        0.003199005499482155
      ],
      [
        -0.0085575757548213,
        -0.0019136819755658507
      ],
      [
        -0.005359928123652935,
        -0.0011787991970777512
      ],
      [
        0.015626881271600723,
        0.0033750305883586407
      ],
      [
        -0.0168602392077446,
        -0.0030205619987100363
      ]
    ],
    "schema_version": 1,
    "stage": "source_pcm_before_effects",
    "start": 193794
  },
  "protocol": 1
}
