{
  "audio": {
    "project_id": "2c95be28-3a23-46dd-8d79-b62269f03214",
    "revision_id": "three-plays",
    "samples": [
      [
        -0.004249375779181719,
        -0.0033660896588116884
      ],
      [
        0.012734930031001568,
        0.005903989542275667
      ],
      [
        -0.008315767161548138,
        -0.0036092502996325493
      ],
      [
        -0.000862732355017215,
        0.0036725953686982393
      ],
      [
        -0.0004937195917591453,
        -0.0004122358513996005
      ],
      [
        0.0025630444288253784,
        -0.006822568364441395
      ],
      [
        0.0037432636599987745,
        0.008591264486312866
      ],
      [
        -0.009596213698387146,
        -0.007860721088945866
      ],
      [
        0.010249550454318523,
        0.006879718974232674
      ],
      [
        -0.006283767055720091,
        -0.009339827112853527
      ],
      [
        0.003206944791600108,
        0.005414633546024561
      ],
      [
        -0.005860399454832077,
        0.0066279754973948
      ],
      [
        0.005150811281055212,
        -0.009526524692773819
      ],
      [
        0.00238416763022542,
        -0.0036825870629400015
      ],
      [
        -0.017104102298617363,
        0.010525167919695377
      ],
      [
        0.021520493552088737,
        0.005017437506467104
      ],
      [
        -0.011730016209185123,
        -0.019187966361641884
      ],
      [
        -0.005982345435768366,
        0.016431055963039398
      ],
      [
        0.017319994047284126,
        -0.007292077410966158
      ],
      [
        -0.012758491560816765,
        -0.0042758481577038765
      ],
      [
        0.00025915750302374363,
        0.011714325286448002
      ],
      [
        0.0033084654714912176,
        -0.010595397092401981
      ],
      [
        0.003940080292522907,
        -0.004375599790364504
      ],
      [
        -0.013103877194225788,
        0.014098163694143295
      ],
      [
        0.009071563370525837,
        -0.006521597038954496
      ],
      [
        0.003589030122384429,
        -0.002688011387363076
      ],
      [
        -0.012286958284676075,
        0.00018980221648234874
      ],
      [
        0.013172206468880177,
        -0.004184154327958822
      ],
      [
        -0.00793806929141283,
        0.017061999067664146
      ],
      [
        0.005279678385704756,
        -0.019668113440275192
      ],
      [
        -0.006783568300306797,
        0.0037402368616312742
      ],
      [
        0.007744526956230402,
        0.009338821284472942
      ],
      [
        -0.006593327037990093,
        -0.007604427635669708
      ],
      [
        -0.006798264570534229,
        -0.0018067886121571064
      ],
      [
        0.022483963519334793,
        0.011961224488914013
      ],
      [
        -0.02917693369090557,
        -0.013228598050773144
      ],
      [
        0.024119848385453224,
        -0.0028161942027509212
      ],
      [
        -0.003440400818362832,
        0.014212550595402718
      ],
      [
        -0.015176026150584221,
        -0.014154205098748207
      ],
      [
        0.020730730146169662,
        0.004522079136222601
      ],
      [
        -0.014355003833770752,
        -0.005304963327944279
      ],
      [
        0.0025391140952706337,
        0.010243809781968594
      ],
      [
        0.0005507171736098826,
        -0.011324095539748669
      ],
      [
        0.0037558150943368673,
        -0.00040567867108620703
      ],
      [
        -0.005477110855281353,
        0.005644585005939007
      ],
      [
        0.006714712828397751,
        -0.00795631855726242
      ],
      [
        -0.004518094472587109,
        -0.00488566979765892
      ],
      [
        0.005287115462124348,
        0.007476507220417261
      ],
      [
        -0.006937586236745119,
        0.007132854778319597
      ],
      [
        0.0025799551513046026,
        -0.02100313827395439
      ],
      [
        0.0015949872322380543,
        0.01001481618732214
      ],
      [
        -0.008146189153194427,
        0.008771652355790138
      ],
      [
        0.009454799816012383,
        -0.015574909746646881
      ],
      [
        -0.010431904345750809,
        0.005190981086343527
      ],
      [
        0.016783330589532852,
        0.0074464729987084866
      ],
      [
        -0.021930940449237823,
        -0.021895568817853928
      ],
      [
        0.014024640433490276,
        0.0189234409481287
      ],
      [
        0.009102126583456993,
        0.003914634231477976
      ],
      [
        -0.026378529146313667,
        -0.01667174883186817
      ],
      [
        0.02555317059159279,
        -0.002003560308367014
      ],
      [
        -0.01075989194214344,
        0.010360394604504108
      ],
      [
        -0.004173069726675749,
        0.014791707508265972
      ],
      [
        0.0005157183040864766,
        -0.03308955952525139
      ],
      [
        0.011574435979127884,
        0.015119114890694618
      ],
      [
        -0.007575501687824726,
        -0.005480215884745121
      ],
      [
        -0.017631925642490387,
        0.006967643741518259
      ],
      [
        0.029229797422885895,
        0.008507432416081429
      ],
      [
        -0.012875092215836048,
        -0.02191476710140705
      ],
      [
        -0.01755637302994728,
        0.0010476864408701658
      ],
      [
        0.024074532091617584,
        0.008740175515413284
      ],
      [
        0.005810274742543697,
        0.01693889871239662
      ],
      [
        -0.0399031937122345,
        -0.039776984602212906
      ],
      [
        0.04294595122337341,
        0.031010614708065987
      ],
      [
        -0.01718326471745968,
        -0.03493398055434227
      ],
      [
        -0.005508319940418005,
        0.04051673039793968
      ],
      [
        -0.0006939364830031991,
        -0.006643030792474747
      ],
      [
        0.01602795161306858,
        -0.03568078204989433
      ],
      [
        -0.010815560817718506,
        0.019955113530158997
      ],
      [
        -0.021779151633381844,
        0.008563755080103874
      ],
      [
        0.04265134781599045,
        0.01937010884284973
      ],
      [
        -0.03194574639201164,
        -0.06339974701404572
      ],
      [
        0.006763118784874678,
        0.05225657299160957
      ],
      [
        -0.0014058753149583936,
        -0.02233254909515381
      ],
      [
        0.022264212369918823,
        0.005849916487932205
      ],
      [
        -0.038791295140981674,
        0.014510853216052055
      ],
      [
        0.020585792139172554,
        -0.019452504813671112
      ],
      [
        0.006076185032725334,
        -0.03508647903800011
      ],
      [
        -0.0018462683074176311,
        0.07590551674365997
      ],
      [
        -0.03233576565980911,
        -0.02908192202448845
      ],
      [
        0.05082670971751213,
        -0.035989370197057724
      ],
      [
        -0.02061624266207218,
        0.02094995602965355
      ],
      [
        -0.030776698142290115,
        0.0014988152543082833
      ],
      [
        0.045359622687101364,
        0.04083331674337387
      ],
      [
        -0.015687089413404465,
        -0.07605171203613281
      ],
      [
        -0.007808897644281387,
        0.049116864800453186
      ],
      [
        -0.020057540386915207,
        -0.01483332458883524
      ],
      [
        0.06530977785587311,
        -0.005134202539920807
      ],
      [
        -0.05464719980955124,
        0.01379324123263359
      ],
      [
        -0.039722293615341187,
        0.02478393167257309
      ],
      [
        0.10977859795093536,
        -0.0913863331079483
      ],
      [
        0.4498465955257416,
        -0.3823588788509369
      ],
      [
        0.27780139446258545,
        -0.24166017770767212
      ],
      [
        -0.01499232929199934,
        0.025017762556672096
      ],
      [
        -0.09022179245948792,
        0.006934841629117727
      ],
      [
        0.05925871059298515,
        0.027663668617606163
      ],
      [
        0.02187238819897175,
        -0.04212123155593872
      ],
      [
        -0.06330530345439911,
        0.04346635192632675
      ],
      [
        0.042535118758678436,
        -0.03352109715342522
      ],
      [
        -0.012627589516341686,
        -0.014494934119284153
      ],
      [
        0.009958183392882347,
        0.051534827798604965
      ],
      [
        -0.022472945973277092,
        -0.029953964054584503
      ],
      [
        0.019729558378458023,
        0.027113543823361397
      ],
      [
        -0.004736184608191252,
        -0.08233518898487091
      ],
      [
        0.004697267431765795,
        0.07835309207439423
      ],
      [
        -0.03219154104590416,
        0.0066594574600458145
      ],
      [
        0.054540179669857025,
        -0.05417782440781593
      ],
      [
        -0.04414796829223633,
        0.0156225161626935
      ],
      [
        0.007112070452421904,
        0.024596162140369415
      ],
      [
        0.021777363494038582,
        -0.025331420823931694
      ],
      [
        -0.02293402887880802,
        0.03123888373374939
      ],
      [
        0.002742541255429387,
        -0.02591068483889103
      ],
      [
        0.0021999781019985676,
        -0.020793994888663292
      ],
      [
        0.019354628399014473,
        0.035337287932634354
      ],
      [
        -0.03109528124332428,
        -0.000658438540995121
      ],
      [
        0.022768544033169746,
        -0.0010450774570927024
      ],
      [
        -0.006151767913252115,
        -0.046851880848407745
      ],
      [
        -0.003139248350635171,
        0.057056792080402374
      ],
      [
        -0.0073406589217484,
        -0.016593659296631813
      ],
      [
        0.02070179209113121,
        -0.0007623099372722208
      ],
      [
        -0.02147202380001545,
        -0.014418714679777622
      ],
      [
        0.01480612438172102,
        -0.0021863062866032124
      ],
      [
        -0.00497395871207118,
        0.01697232760488987
      ],
      [
        -0.0015682890079915524,
        0.004951865877956152
      ],
      [
        0.007036858703941107,
        -0.019313793629407883
      ],
      [
        -0.01762259379029274,
        -0.008846142329275608
      ],
      [
        0.021425405517220497,
        0.02146841026842594
      ],
      [
        -0.013128967955708504,
        -0.011057795956730843
      ],
      [
        -0.00044467972475104034,
        0.019147111102938652
      ],
      [
        0.004464377649128437,
        -0.03500210493803024
      ],
      [
        -0.0023100823163986206,
        0.011177629232406616
      ],
      [
        -0.0037593620363622904,
        0.021512169390916824
      ],
      [
        -0.0001934064639499411,
        -0.01297240611165762
      ],
      [
        0.009716548956930637,
        -0.00729432562366128
      ],
      [
        -0.012684403918683529,
        -0.008454873226583004
      ],
      [
        0.0024469178169965744,
        0.01892351172864437
      ],
      [
        0.01137909572571516,
        -0.006025974173098803
      ],
      [
        -0.017768092453479767,
        -0.0052269198931753635
      ],
      [
        0.007912850938737392,
        -0.0010883427457883954
      ],
      [
        0.007768070325255394,
        -0.004429494496434927
      ],
      [
        -0.012604078277945518,
        0.005641280673444271
      ],
      [
        0.008013320155441761,
        0.010577536188066006
      ],
      [
        0.0029952109325677156,
        -0.021892230957746506
      ],
      [
        -0.010624964721500874,
        0.0008702546474523842
      ],
      [
        0.0079555194824934,
        0.018915195018053055
      ],
      [
        -0.002362059196457267,
        -0.009014289826154709
      ],
      [
        -0.003365336451679468,
        -0.0026727437507361174
      ],
      [
        0.011408117599785328,
        -0.011258588172495365
      ],
      [
        -0.0074760690331459045,
        0.014654843136668205
      ],
      [
        0.0009424386662431061,
        -0.011235173791646957
      ],
      [
        0.007925965823233128,
        0.007454611826688051
      ],
      [
        -0.011566787026822567,
        -0.005035619717091322
      ],
      [
        0.013788281008601189,
        -0.009429551661014557
      ],
      [
        -0.015116526745259762,
        0.013869067654013634
      ],
      [
        0.009239663369953632,
        -0.004356615245342255
      ],
      [
        -0.0010136907221749425,
        0.0022426347713917494
      ],
      [
        -0.009606373496353626,
        -0.011974032036960125
      ],
      [
        0.02113364264369011,
        0.0058618756011128426
      ],
      [
        -0.017455657944083214,
        -0.00022103280934970826
      ],
      [
        0.006305526476353407,
        -0.0017200065776705742
      ],
      [
        -0.0008534534135833383,
        -0.001068958081305027
      ],
      [
        0.002525630872696638,
        0.0011535591911524534
      ],
      [
        -0.00947478972375393,
        -0.00578277837485075
      ],
      [
        0.01231460366398096,
        0.003440472763031721
      ],
      [
        -0.002767548430711031,
        0.002863520523533225
      ],
      [
        -0.010720920749008656,
        -0.011278665624558926
      ],
      [
        0.013776982203125954,
        0.008712434209883213
      ],
      [
        -0.008519806899130344,
        -0.006464886479079723
      ],
      [
        0.005981696769595146,
        0.0007451408309862018
      ],
      [
        -0.009599455632269382,
        0.008899686858057976
      ],
      [
        0.010246056132018566,
        -0.01609944738447666
      ],
      [
        -0.008289899677038193,
        0.009052297100424767
      ],
      [
        -0.00013075135939288884,
        0.0015257024206221104
      ],
      [
        0.006734595168381929,
        -0.007948564365506172
      ],
      [
        -0.005516604520380497,
        0.0095988092944026
      ],
      [
        0.004510296043008566,
        -0.01908097043633461
      ],
      [
        -0.005362976808100939,
        0.01527042593806982
      ],
      [
        0.012047979980707169,
        -0.005932276137173176
      ],
      [
        -0.011387819424271584,
        -0.006135554052889347
      ],
      [
        0.007779094856232405,
        0.010547924786806107
      ],
      [
        6.82047584632528e-6,
        -0.021939219906926155
      ],
      [
        -0.0032894816249608994,
        0.019706077873706818
      ],
      [
        0.002170772524550557,
        -0.0000912536634132266
      ],
      [
        -0.005136424675583839,
        -0.01311291940510273
      ],
      [
        0.014791814610362053,
        -0.0003219952923245728
      ],
      [
        -0.012166541069746017,
        0.005688393954187632
      ],
      [
        0.003275316208600998,
        -0.0053275227546691895
      ],
      [
        0.00779053196310997,
        0.007842888124287128
      ],
      [
        -0.006550949532538652,
        -0.00868212804198265
      ],
      [
        -0.001944561256095767,
        -0.01009710505604744
      ],
      [
        0.010695341974496841,
        0.0251969862729311
      ],
      [
        -0.005662914831191301,
        -0.022426031529903412
      ],
      [
        -0.007464422844350338,
        0.01232087705284357
      ],
      [
        0.020308135077357292,
        -0.010524983517825603
      ],
      [
        -0.01407975610345602,
        -0.0035472088493406773
      ],
      [
        0.0010896892054006457,
        0.020461082458496094
      ],
      [
        0.01121943537145853,
        -0.022863058373332024
      ],
      [
        -0.012038476765155792,
        0.008848387748003006
      ],
      [
        0.009998287074267864,
        -0.004094947595149279
      ],
      [
        -0.005366139579564333,
        0.0026583729777485132
      ],
      [
        0.00501013919711113,
        0.004243371542543173
      ],
      [
        0.00039282807847484946,
        -0.00966917909681797
      ],
      [
        -0.009734795428812504,
        -0.0006589689874090254
      ],
      [
        0.02004593424499035,
        0.004385414067655802
      ],
      [
        -0.02113337069749832,
        0.003386010183021426
      ],
      [
        0.010546907782554626,
        -0.006553536280989647
      ],
      [
        0.0064259800128638744,
        0.0017626716289669275
      ],
      [
        -0.023060264065861702,
        -0.0006145001971162856
      ],
      [
        0.03227996081113815,
        0.0014634965918958187
      ],
      [
        -0.020342441275715828,
        0.0009594151051715016
      ],
      [
        -0.002520159585401416,
        -0.005899727810174227
      ],
      [
        0.022364290431141853,
        0.0024237139150500298
      ],
      [
        -0.028256820514798164,
        -0.00016315908578690141
      ],
      [
        0.015439438633620739,
        0.008655878715217113
      ],
      [
        0.004042097367346287,
        -0.007682856172323227
      ],
      [
        -0.011609120294451714,
        -0.011010407470166683
      ],
      [
        0.010687327943742275,
        0.018294131383299828
      ],
      [
        -0.00671529583632946,
        -0.008638854138553143
      ],
      [
        0.007690577767789364,
        0.0014097647508606315
      ],
      [
        -0.009320652112364769,
        -0.0016317837871611118
      ],
      [
        0.003736186074092984,
        -0.0014968208270147443
      ],
      [
        0.013421456329524517,
        0.0028420689050108194
      ],
      [
        -0.021600723266601562,
        -0.003937177825719118
      ],
      [
        0.015259945765137672,
        0.0087781623005867
      ],
      [
        0.004908362869173288,
        -0.01786212809383869
      ],
      [
        -0.017670147120952606,
        0.013126758858561516
      ],
      [
        0.013035887852311134,
        0.0032509448938071728
      ],
      [
        0.006578953471034765,
        -0.00958998966962099
      ],
      [
        -0.017767051234841347,
        -0.000255686609307304
      ],
      [
        0.013958173803985119,
        -0.0004832805134356022
      ],
      [
        0.006656179204583168,
        0.006205898709595203
      ],
      [
        -0.01846633478999138,
        -0.010360987856984138
      ],
      [
        0.017388714477419853,
        0.007015637122094631
      ],
      [
        -0.005144827533513308,
        -0.0044619301334023476
      ],
      [
        -0.006542275659739971,
        0.0022097451146692038
      ],
      [
        0.010102717205882072,
        0.0024616187438368797
      ],
      [
        -0.007093346212059259,
        -0.0012046517804265022
      ],
      [
        0.002469835104420781,
        -0.0018337261863052845
      ],
      [
        0.0015395472291857004,
        -0.005285171326249838
      ],
      [
        -0.00546868285164237,
        0.014170652255415916
      ],
      [
        0.008581474423408508,
        -0.007508778944611549
      ],
      [
        -0.006754775065928698,
        -0.005107935518026352
      ],
      [
        -0.0017862753011286259,
        0.007009821943938732
      ],
      [
        0.012599816545844078,
        0.0004215028020553291
      ],
      [
        -0.017924839630723,
        -0.0025246571749448776
      ],
      [
        0.011002175509929657,
        0.001222042366862297
      ],
      [
        0.0019016230944544077,
        0.0017376977484673262
      ]
    ],
    "schema_version": 1,
    "stage": "source_pcm_before_effects",
    "start": 387587
  },
  "protocol": 1
}
