{
  "audio": {
    "project_id": "2c95be28-3a23-46dd-8d79-b62269f03214",
    "revision_id": "three-plays",
    "samples": [
      [
        0.008251720108091831,
        0.002223728923127055
      ],
      [
        0.0021393955685198307,
        0.0021061014849692583
      ],
      [
        -0.008932054974138737,
        -0.003067895071581006
      ],
      [
        0.004168498795479536,
        0.006970493588596582
      ],
      [
        -0.0035651791840791702,
        -0.01073947362601757
      ],
      [
        0.009564888663589954,
        0.007174888625741005
      ],
      [
        -0.010078939609229565,
        -0.0032931107562035322
      ],
      [
        0.004962805658578873,
        0.00085744186071679
      ],
      [
        0.0011693146079778671,
        -0.0004351408570073545
      ],
      [
        -0.0031531283166259527,
        -0.006341508589684963
      ],
      [
        0.0012230267748236656,
        0.013713857159018517
      ],
      [
        -0.005114438943564892,
        -0.007391785737127066
      ],
      [
        0.01262561697512865,
        -0.0057004778645932674
      ],
      [
        -0.0183512382209301,
        0.0023326901718974113
      ],
      [
        0.008670683950185776,
        0.01536536868661642
      ],
      [
        0.008460435084998608,
        -0.017494594678282738
      ],
      [
        -0.020724527537822723,
        0.0031581083312630653
      ],
      [
        0.018070323392748833,
        0.008491763845086098
      ],
      [
        -0.003334636567160487,
        -0.014723548665642738
      ],
      [
        -0.007576506584882736,
        0.012177161872386932
      ],
      [
        0.004000213462859392,
        -0.002259382978081703
      ],
      [
        0.004742356948554516,
        -0.01143027562648058
      ],
      [
        -0.006560941226780415,
        0.00984081719070673
      ],
      [
        -0.004934348631650209,
        0.004638439044356346
      ],
      [
        0.015633180737495422,
        -0.010652842000126839
      ],
      [
        -0.015339221805334091,
        0.005679736379534006
      ],
      [
        0.00785042718052864,
        -0.009835603646934032
      ],
      [
        0.0003107520460616797,
        0.015253602527081966
      ],
      [
        -0.0021077648270875216,
        -0.005416365340352058
      ],
      [
        0.001165305613540113,
        -0.012816397473216057
      ],
      [
        -0.0032864862587302923,
        0.01554663386195898
      ],
      [
        0.008533906191587448,
        -0.004160192795097828
      ],
      [
        -0.020380456000566483,
        -0.005788448266685009
      ],
      [
        0.023883908987045288,
        0.008061271160840988
      ],
      [
        -0.013932268135249615,
        0.000976567855104804
      ],
      [
        -0.0037551522254943848,
        -0.0174691341817379
      ],
      [
        0.02416563220322132,
        0.01823662780225277
      ],
      [
        -0.02893913723528385,
        -0.008327370509505272
      ],
      [
        0.01844688691198826,
        -0.0021119096782058477
      ],
      [
        -0.003539774566888809,
        -0.0013996626948937774
      ],
      [
        -0.006236642599105835,
        0.0036997583229094744
      ],
      [
        0.003131765639409423,
        0.0009773646015673876
      ],
      [
        0.002775224857032299,
        -0.012231537140905857
      ],
      [
        -0.0025187425781041384,
        0.01068509928882122
      ],
      [
        0.0014032666804268956,
        -0.006273528095334768
      ],
      [
        0.0018613836728036404,
        -0.005297018215060234
      ],
      [
        -0.0015603431966155767,
        -0.0007564708357676864
      ],
      [
        0.002540271496400237,
        0.014948591589927673
      ],
      [
        -0.008414729498326778,
        -0.015125918202102184
      ],
      [
        0.011114750057458878,
        -0.005549197550863028
      ],
      [
        -0.01345164142549038,
        0.017257824540138245
      ],
      [
        0.009911702014505863,
        -0.009602089412510395
      ],
      [
        -0.008001206442713737,
        -0.007468335796147585
      ],
      [
        0.00901285745203495,
        0.015471123158931732
      ],
      [
        -0.0038183829747140408,
        -0.01637350022792816
      ],
      [
        -0.012247314676642418,
        -0.0005619855946861207
      ],
      [
        0.02964228391647339,
        0.02115439623594284
      ],
      [
        -0.028117507696151733,
        -0.017801789566874504
      ],
      [
        0.010046890936791897,
        -0.004830475896596909
      ],
      [
        0.009005432948470116,
        0.0006694108014926314
      ],
      [
        -0.015296390280127525,
        0.023864982649683952
      ],
      [
        0.004025331698358059,
        -0.021091608330607414
      ],
      [
        0.0027290189173072577,
        -0.008528687059879303
      ],
      [
        0.010147749446332455,
        0.013966159895062447
      ],
      [
        -0.02810106799006462,
        -0.01173070352524519
      ],
      [
        0.018808817490935326,
        0.023739337921142578
      ],
      [
        0.008205483667552471,
        -0.022082144394516945
      ],
      [
        -0.02469884790480137,
        -0.002484275493770838
      ],
      [
        0.006356657017022371,
        -0.002158087445423007
      ],
      [
        0.028780415654182434,
        0.02938329428434372
      ],
      [
        -0.039237599819898605,
        -0.03149266541004181
      ],
      [
        0.013246474787592888,
        0.006713898852467537
      ],
      [
        0.02015623450279236,
        -0.0024145524948835373
      ]
    ],
    "schema_version": 1,
    "stage": "source_pcm_before_effects",
    "start": 193794
  },
  "protocol": 1
}
