Diff in /Users/michael/Code/deadpan/crates/deadpan-audio/src/lib.rs:8:
 mod edges;
 mod loudness;
 mod matrix;
-mod resample;
 mod reference_policy;
+mod resample;
 mod room_tone;
 #[cfg(any(target_os = "macos", target_os = "linux"))]
 mod sequence;
Diff in /Users/michael/Code/deadpan/crates/deadpan-audio/src/lib.rs:25:
     LOUDNESS_ID, LoudnessError, LoudnessMeter, LoudnessReport, MAX_LOUDNESS_FRAMES,
 };
 pub use matrix::StereoMatrix;
-pub use resample::{PcmWindow, ResampleRecipe, Resampler, StereoBlock};
 pub use reference_policy::{ReferencePolicyError, RetainedRootPolicy};
+pub use resample::{PcmWindow, ResampleRecipe, Resampler, StereoBlock};
 pub use room_tone::{ROOM_TONE_ID, RoomTone, RoomToneRecipe};
 #[cfg(any(target_os = "macos", target_os = "linux"))]
 pub use sequence::{AudioSourceProvider, SequenceAudio, SequenceAudioError, SourceStageBlock};
