   Compiling serde v1.0.229
   Compiling deadpan-core v0.1.0 (/Users/michael/Code/deadpan/crates/deadpan-core)
    Finished `test` profile [unoptimized + debuginfo] target(s) in 43.37s
     Running unittests src/lib.rs (target/debug/deps/deadpan_core-00ee648454186c11)

running 121 tests
test audio_gain::numeric::tests::six_limb_carries_borrows_and_rejection_are_checked ... ok
test audio_mapping::tests::selection_translates_without_changing_full_span_rate ... ok
test audio_gain::numeric::tests::full_width_owner_coordinates_need_more_than_five_limbs ... ok
test audio_reference::preflight::tests::malformed_nested_values_never_reach_the_materializing_typed_parser ... ok
test audio_mapping::tests::empty_selection_retains_full_mapping_and_exact_offset ... ok
test audio_mapping::tests::typed_and_wire_selection_validation_reject_the_same_invalid_intervals ... ok
test command::binding_patch_tests::changed_binding_owners_exclude_untouched_values_and_clocks ... ok
test command::binding_patch_tests::changed_step_only_clock_marks_its_owner_as_changed ... ok
test audio_mapping::tests::selected_wire_is_closed_and_requires_every_boundary ... ok
test command::binding_patch_tests::binding_patch_rejects_stale_before_state_without_mutation ... ok
test audio_binding_lifecycle::tests::removing_the_last_owner_removes_its_tables_in_the_same_reversible_patch ... ok
test audio_binding_lifecycle::tests::pruning_keeps_a_table_still_referenced_only_by_a_phase_term ... ok
test audio_binding_lifecycle::tests::occurrence_isolation_retains_the_selected_old_clock_and_undo_restores_state ... ok
test exact::tests::cross_cancellation_and_wire_format_preserve_wide_values ... ok
test exact::tests::exact_mapping_and_negative_boundaries_do_not_round_intermediate_frames ... ok
test document::serialization_tests::canonical_json_limit_counts_escaping_utf8_and_terminal_newline ... ok
test exact::tests::ratio_comparison_keeps_extreme_signed_values_and_adjacent_fractions_exact ... ok
test command::binding_patch_tests::binding_state_replacement_requires_both_guards_and_roundtrips ... ok
test compound::tests::revision_reuse_and_retired_node_identity_are_rejected ... ok
test compound::tests::visitor_rejection_returns_no_completed_transaction ... ok
test framing::numeric::tests::comparison_handles_signed_extremes_without_products ... ok
test framing::numeric::tests::wide_carries_borrows_and_failures ... ok
test audio_binding_lifecycle::tests::composite_capture_refreshes_bound_placements_without_changing_owned_phase ... ok
test framing::preflight::tests::scanner_rejects_the_extra_segment_before_reading_its_malformed_body ... ok
test audio_binding_lifecycle::tests::split_copies_live_scope_and_phase_arguments_but_keeps_historical_aliases ... ok
test audio_binding_lifecycle::tests::composite_capture_keeps_compact_default_play_and_gap_branch_scopes ... ok
test compound::tests::late_error_leaves_document_and_frozen_values_unchanged ... ok
test audio_binding_lifecycle::tests::composite_capture_moves_preserve_output_but_keeps_intrinsic_recipes_on_input_clock ... ok
test compound::tests::yank_only_visits_no_leaf_and_named_write_sets_unnamed ... ok
test compound::tests::capture_must_match_current_stage_and_cut_exact_selection ... ok
test compound::tests::paste_requires_exact_selected_payload_and_frozen_absence_is_not_a_value ... ok
test legacy_audio_binding_v20::tests::projection_rejects_gap_intent_and_decoder_retains_duplicate_detection ... ok
test exact::tests::ratio_comparison_matches_independent_widened_cross_products ... ok
test compound::tests::repeat_cut_paste_uses_intermediate_capture_and_one_exact_inverse ... ok
test audio_binding_lifecycle::tests::composite_capture_rejects_aggregate_lexical_expansion_without_mutation ... ok
test audio_reference::preflight::tests::duplicate_closed_record_fields_never_reach_the_materializing_typed_parser ... ok
test legacy_audio_binding_v36::endpoint_tests::old_projection_rejects_endpoint_on_both_patch_sides ... ok
test legacy_audio_mapping_v35::tests::positive_selected_support_round_trips_but_empty_support_cannot_project ... ok
test legacy_source_mapping::tests::pre_placement_video_grammar_rejects_selected_picture_windows ... ok
test legacy_audio_binding_v36::endpoint_tests::old_binding_ingress_rejects_even_default_or_escaped_anchor_fields ... ok
test legacy_v10::tests::legacy_documents_and_projections_cannot_hide_authored_edges ... ok
test legacy_v3::tests::legacy_document_projection_rejects_even_empty_override_entries ... ok
test legacy_v10::tests::legacy_forward_and_inverse_patches_reject_edges_and_nondefault_projection ... ok
test legacy_v5::tests::every_legacy_command_rejects_audio_mapping_edits ... ok
test legacy_v10::tests::legacy_requests_reject_edges_in_every_subtree_and_new_commands ... ok
test legacy_v5::tests::every_legacy_document_and_subtree_rejects_mapping_even_null ... ok
test legacy_v6::tests::every_legacy_command_rejects_direct_and_occurrence_video_mapping_edits ... ok
test legacy_v5::tests::every_legacy_source_upgrades_to_fit_beat_and_projection_rejects_new_mapping ... ok
test legacy_v5::tests::every_legacy_patch_rejects_mapping_and_cannot_hide_non_fit_beat_output ... ok
test legacy_v6::tests::every_legacy_document_and_subtree_rejects_video_mapping_even_null ... ok
test legacy_v6::tests::every_legacy_source_preserves_audio_and_projects_only_fit_beat_video ... ok
test legacy_v6::tests::schema_six_requires_audio_mapping_and_preserves_audio_commands ... ok
test legacy_audio_binding_v20::tests::schema19_rejects_new_binding_vocabulary ... ok
test legacy_audio_binding_v20::tests::schema17_rejects_new_binding_vocabulary ... ok
test legacy_v6::tests::every_legacy_patch_rejects_video_mapping_and_cannot_hide_new_intent ... ok
test legacy_audio_binding_v20::tests::schema16_rejects_new_binding_vocabulary ... ok
test legacy_v7::tests::schema_seven_preserves_both_extent_commands_and_requires_strict_mapping_fields ... ok
test legacy_v7::tests::all_legacy_documents_subtrees_and_commands_reject_placements ... ok
test legacy_audio_binding_v20::tests::schema18_rejects_new_binding_vocabulary ... ok
test legacy_v8::tests::schema_eight_retains_placements_offsets_generated_hashes_and_no_receipt ... ok
test occurrence::tests::billions_of_plays_stay_compact_and_removed_ids_do_not_return ... ok
test legacy_audio_binding_v20::tests::schema20_rejects_new_binding_vocabulary ... ok
test marks::tests::binding_rebuild_deduplicates_complete_identity_and_keeps_first_primary ... ok
test occurrence::tests::high_ordinals_after_small_prefix_do_not_overflow_position ... ok
test occurrence::tests::reorder_and_insertion_preserve_identity_and_round_trip ... ok
test legacy_v8::tests::pre_nine_patches_reject_qualification_and_cannot_hide_current_bindings ... ok
test picture_context::preflight::tests::only_actual_recipe_paths_are_inspected ... ok
test picture_context::tests::bounded_deserialization_rejects_per_context_overflows ... ok
test picture_context::tests::capture_compacts_identity_clips_and_merges_same_size_fit_without_quantizing ... ok
test picture_context::tests::capture_is_atomic_and_keeps_nontrivial_clip_order ... ok
test picture_context::tests::merge_retains_implicit_fill_clip_before_new_pose_and_reuses_prior_clip ... ok
test legacy_v8::tests::every_pre_nine_document_and_asset_command_rejects_even_null_qualification ... ok
test legacy_v8::tests::generated_acceptance_asset_maps_use_frozen_vocabulary_in_commands_and_occurrences ... ok
test repeat_layout::tests::bounded_lookup_enforces_exact_comparison_allowance_on_sparse_runs ... ok
test sound_routing::tests::exhausted_physical_sample_does_not_resurrect_as_sampleless_intent ... ok
test sound_routing::tests::identity_capture_restores_exact_objects_with_or_without_prior_routes ... ok
test sound_routing::tests::initially_sampleless_intent_survives_only_kept_logical_support ... ok
test sound_routing::tests::nonidentity_same_duration_removes_only_exhausted_event_and_allowances ... ok
test sound_routing::tests::one_append_keeps_prior_recipe_grid_policies_and_exact_qualified_recipe ... ok
test source_edit_window::tests::exact_window_is_positive_bounded_and_strict_at_serde_ingress ... ok
test source_edit_window::tests::prefix_translation_is_exact_and_overflow_leaves_original_usable ... ok
test source_index::tests::exact_spans_require_valid_clocks_extent_and_measured_coverage ... ok
test source_index::tests::fractional_selection_preserves_half_open_vfr_endpoint_holds ... ok
test source_index::tests::malformed_presentation_and_seek_metadata_are_rejected ... ok
test source_index::tests::selected_span_endpoints_hold_only_intersecting_presentation_intervals ... ok
test source_index::tests::selected_span_requires_matching_clocks_and_complete_measured_coverage ... ok
test source_index::tests::vfr_lookup_uses_pts_preserves_negative_origin_and_has_explicit_endpoints ... ok
test source_mapping::tests::placement_wire_requires_every_field_and_rejects_unknown_even_null_fields ... ok
test source_trim_edit::tests::temporary_copies_must_fit_before_consumed_neighbors_are_removed ... ok
test source_trim_geometry::tests::wrapper_budget_admits_exact_capacity_and_rejects_allocation_overflow ... ok
test legacy_v7::tests::all_legacy_patches_reject_placements_and_projection_cannot_hide_them ... ok
test time::tests::duration_arithmetic_checks_each_overflow_path ... ok
test source_edit_window::tests::prefix_composition_retains_fractional_width ... ok
test time::tests::half_open_ranges_reject_reversal_and_duration_overflow ... ok
test time::tests::boundaries_are_monotonic_and_symmetric ... ok
test time::tests::rates_and_time_bases_are_positive_and_normalized ... ok
test time::tests::repeats_count_total_plays_and_have_no_trailing_gap ... ok
test time::tests::sample_boundaries_report_overflow_without_restricting_signed_positions ... ok
test time::tests::ten_thousand_single_frame_edits_have_no_fractional_rate_drift ... ok
test time::tests::ties_round_to_even_on_both_sides_of_zero ... ok
test video_mapping::tests::existing_mappings_keep_their_entire_selected_source_span ... ok
test video_mapping::tests::selected_picture_window_projects_exact_endpoints_without_refitting_the_source ... ok
test video_mapping::tests::selected_picture_wire_is_closed_and_requires_every_field ... ok
test video_mapping::tests::typed_and_wire_picture_windows_reject_invalid_and_unbounded_selections ... ok
test time::tests::equivalent_rational_rates_produce_identical_boundaries ... ok
test framing::preflight::tests::scanner_counts_aggregate_controls_before_materializing_node_values ... ok
test time::tests::partition_boundaries_telescope ... ok
test marks::tests::mark_count_limit_applies_to_retained_unresolved_records_too ... ok
test legacy_audio_binding_v20::tests::schema16_rejects_nested_gap_vocabulary ... ok
test legacy_audio_binding_v20::tests::schema18_rejects_nested_gap_vocabulary ... ok
test legacy_audio_binding_v20::tests::schema17_rejects_nested_gap_vocabulary ... ok
test legacy_audio_binding_v20::tests::schema19_rejects_nested_gap_vocabulary ... ok
test legacy_audio_binding_v20::tests::schema20_rejects_nested_gap_vocabulary ... ok
test sound_routing::tests::capacity_failure_and_duration_mismatch_leave_original_capture_untouched ... ok
test audio_gain::numeric::tests::fraction_has_independent_integer_round_even_oracle ... ok
test legacy_audio_binding_v20::tests::schema21_rejects_nested_gap_vocabulary ... ok
test framing::numeric::tests::fraction_matches_independent_small_integer_division ... ok
test picture_context::preflight::tests::aggregate_bound_includes_gaps_and_decodes_escaped_recipe_keys ... ok
test occurrence_edit::tests::isolation_rejects_mark_and_node_growth_at_document_limits ... ok
test occurrence::tests::compact_moves_match_an_expanded_identity_model ... ok
test compound::tests::nested_historical_and_oversized_programs_reject_before_execution ... ok

test result: ok. 121 passed; 0 failed; 0 ignored; 0 measured; 0 filtered out; finished in 1.27s

