    Checking deadpan-cli v0.1.0 (/Users/michael/Code/deadpan/crates/deadpan-cli)
    Checking deadpan-models v0.1.0 (/Users/michael/Code/deadpan/crates/deadpan-models)
    Checking deadpan-media-worker v0.1.0 (/Users/michael/Code/deadpan/native/deadpan-media-worker)
    Checking deadpan-audio v0.1.0 (/Users/michael/Code/deadpan/crates/deadpan-audio)
    Checking deadpan-plan v0.1.0 (/Users/michael/Code/deadpan/crates/deadpan-plan)
    Checking deadpan-app v0.1.0 (/Users/michael/Code/deadpan/crates/deadpan-app)
    Checking deadpan-store v0.1.0 (/Users/michael/Code/deadpan/crates/deadpan-store)
    Checking deadpan-core v0.1.0 (/Users/michael/Code/deadpan/crates/deadpan-core)
error: struct update has no effect, all the fields in the struct have already been specified
   --> crates/deadpan-app/src/dialogs.rs:172:15
    |
172 |             ..Default::default()
    |               ^^^^^^^^^^^^^^^^^^
    |
    = help: for further information visit https://rust-lang.github.io/rust-clippy/rust-1.97.0/index.html#needless_update
    = note: `-D clippy::needless-update` implied by `-D warnings`
    = help: to override `-D warnings` add `#[allow(clippy::needless_update)]`

error: struct update has no effect, all the fields in the struct have already been specified
   --> crates/deadpan-app/src/dialogs.rs:196:15
    |
196 |             ..Default::default()
    |               ^^^^^^^^^^^^^^^^^^
    |
    = help: for further information visit https://rust-lang.github.io/rust-clippy/rust-1.97.0/index.html#needless_update

error: could not compile `deadpan-app` (bin "deadpan-app" test) due to 2 previous errors
warning: build failed, waiting for other jobs to finish...
