   Compiling deadpan-source v0.1.0 (/Users/michael/Code/deadpan/native/deadpan-source)
    Checking deadpan-media v0.1.0 (/Users/michael/Code/deadpan/crates/deadpan-media)
    Checking deadpan-store v0.1.0 (/Users/michael/Code/deadpan/crates/deadpan-store)
    Checking deadpan-audio v0.1.0 (/Users/michael/Code/deadpan/crates/deadpan-audio)
    Checking deadpan-models v0.1.0 (/Users/michael/Code/deadpan/crates/deadpan-models)
    Checking deadpan-media-worker v0.1.0 (/Users/michael/Code/deadpan/native/deadpan-media-worker)
    Checking deadpan-cli v0.1.0 (/Users/michael/Code/deadpan/crates/deadpan-cli)
    Checking deadpan-playback v0.1.0 (/Users/michael/Code/deadpan/crates/deadpan-playback)
error: the `Err`-variant returned from this function is very large
  --> crates/deadpan-cli/src/encoded_render/verification/host.rs:31:6
   |
31 | ) -> Result<VerifiedCandidate, VerificationFailure> {
   |      ^^^^^^^^^^^^^^^^^^^^^^^^^^^^^^^^^^^^^^^^^^^^^^ the `Err`-variant is at least 800 bytes
   |
   = help: try reducing the size of `encoded_render::verification::VerificationFailure`, for example by boxing large elements or replacing it with `Box<encoded_render::verification::VerificationFailure>`
   = help: for further information visit https://rust-lang.github.io/rust-clippy/rust-1.97.0/index.html#result_large_err
   = note: `-D clippy::result-large-err` implied by `-D warnings`
   = help: to override `-D warnings` add `#[allow(clippy::result_large_err)]`

error: could not compile `deadpan-cli` (lib) due to 1 previous error
warning: build failed, waiting for other jobs to finish...
