   Compiling deadpan-store v0.1.0 (/Users/michael/Code/deadpan/crates/deadpan-store)
    Finished `test` profile [unoptimized + debuginfo] target(s) in 8.46s
     Running unittests src/lib.rs (target/debug/deps/deadpan_store-fa92d2615b3c6731)

running 44 tests
test generation_acceptance::gap_occurrence_tests::dormant_gap_is_not_an_effective_generation_target ... ok
test migration::tests::crash_during_partial_promotion ... ok
test migration::tests::disk_full_during_promotion_rolls_back_original ... ok
test object_storage::tests::an_existing_corrupt_object_is_never_overwritten ... ok
test object_storage::tests::bounds_mismatches_and_source_errors_remove_only_pending_files ... ok
test object_storage::tests::clone_validation_failure_removes_only_its_observed_pending_entry ... ok
test object_storage::tests::controlled_publication_cancels_and_cleans_its_pending_object ... ok
test object_storage::tests::copy_fallback_never_overwrites_a_competing_object ... ok
test object_storage::tests::copy_fallback_rejects_a_source_changed_after_clone_attempt ... ok
test object_storage::tests::device_owner_and_type_checks_are_independent_of_schema_constraints ... ok
test object_storage::tests::generated_snapshot_observes_revocation_and_cancellation_after_open ... ok
test object_storage::tests::generated_snapshot_rejects_an_expired_copy_deadline ... ok
test object_storage::tests::hardlinks_writable_files_and_mutation_are_rejected ... ok
test object_storage::tests::held_descriptors_defeat_directory_swaps_and_final_symlinks ... ok
test object_storage::tests::identifiers_and_references_have_a_strict_wire_shape ... ok
test object_storage::tests::missing_and_symbolic_directories_fail_only_media_operations ... ok
test object_storage::tests::namespace_authority_is_checked_at_each_media_operation ... ok
test object_storage::tests::no_replace_race_verifies_and_durably_accepts_the_winner ... ok
test object_storage::tests::object_control_distinguishes_session_close_from_user_cancellation ... ok
test object_storage::tests::promotion_is_read_only_deduplicated_and_snapshot_is_immutable ... ok
test object_storage::tests::publication_durability_failure_is_not_hidden_by_close_or_cancel ... ok
test object_storage::tests::publication_finishes_durability_before_close_or_cancel_stops_verification ... ok
test object_storage::tests::publication_rejects_namespace_replacement_during_durability ... ok
test object_storage::tests::replaced_pending_entry_is_not_published_or_deleted ... ok
test object_storage::tests::retry_after_post_publish_failure_finishes_existing_object_durability ... ok
test object_storage::tests::shared_original_storage_clones_or_copies_without_moving_the_source_cursor ... ok
test object_storage::tests::unsupported_clone_uses_verified_copy_without_moving_the_source_cursor ... ok
test original_media::tests::final_link_confirmation_rejects_same_inode_changes_after_hashing ... ok
test render_media::tests::cancellation_and_absolute_deadline_cannot_return_prepared_bytes ... ok
test render_media::tests::manifest_failure_preserves_movie_already_published ... ok
test render_media::tests::namespace_replacement_and_lock_replacement_are_detected ... ok
test render_media::tests::pending_and_orphan_bytes_and_entry_count_consume_namespace_capacity ... ok
test render_media::tests::read_only_open_never_creates_render_namespace ... ok
test render_media::tests::references_are_strict_bounded_claims ... ok
test render_media::tests::retention_deduplicates_at_exact_namespace_budget_and_snapshots_independently ... ok
test render_media::tests::revoked_worker_lock_serializes_replacement_session_until_guard_drops ... ok
test render_media::tests::snapshot_rehashes_both_objects_and_checks_declared_sha256 ... ok
test render_media::tests::symlinks_hardlinks_and_unsafe_namespace_entries_are_rejected ... ok
test render_media::tests::token_rejects_another_session_even_with_identical_package_and_bytes ... ok
test render_media::tests::wrong_hash_truncation_extra_bytes_and_combined_budget_publish_nothing ... ok
test tests::duplicated_handle_does_not_extend_writer_ownership ... ok
test tests::sqlite_full_error_keeps_last_committed_revision ... ok
test validation::tests::stored_identity_metadata_is_bounded_before_text_extraction ... ok
test validation::tests::stored_json_is_bounded_in_bytes_before_deserialization ... ok

test result: ok. 44 passed; 0 failed; 0 ignored; 0 measured; 0 filtered out; finished in 0.50s

     Running tests/migration.rs (target/debug/deps/migration-1ec6c371835407ea)

running 122 tests
test all_legacy_databases_reject_audio_binding_ingress_without_promotion ... ok
test all_legacy_databases_reject_lineage_ingress_without_promotion ... ok
test audio_gap_bindings::actual_schema27_binary_retains_reanchors_phase_terms_and_pending_redo ... ok
test audio_gap_bindings::gap_bindings_survive_durable_commands_undo_redo_and_reopen ... ok
test audio_gap_bindings::schema27_rejects_new_gap_intent_in_snapshots_and_both_patch_directions ... ok
test audio_reanchors::actual_schema26_binary_retains_selected_audio_phase_terms_and_pending_redo ... ok
test audio_reanchors::modern_reanchor_intent_survives_durable_history_undo_redo_and_reopen ... ok
test audio_reanchors::schema26_rejects_reanchors_in_snapshots_and_both_nested_patch_directions ... ok
test composite_insert::actual_schema29_history_retains_insert_time_gap_clocks_and_pending_redo ... ok
test composite_insert::every_legacy_insert_request_requires_its_pre_edit_physical_suffix ... ok
test composite_insert::schema23_snapshot_request_and_patch_fields_remain_closed ... ok
test composite_insert::valid_modern_composite_history_cannot_claim_schema27_through29 ... FAILED
test corrupt_old_tables_and_oversized_rows_retain_backup_before_validation ... ok
test corruption_is_rejected_without_promoting_any_migrated_rows ... ok
test earlier_occurrence_copy_history_gains_only_replayed_lineage ... ok
test every_legacy_database_rejects_split_ingress_without_promotion ... ok
test every_legacy_database_retains_single_binding_marks_without_default_json_growth ... ok
test every_legacy_schema_rejects_audio_edge_vocabulary_without_promotion ... ok
test every_legacy_schema_rejects_presentation_vocabulary_without_promotion ... ok
test every_legacy_snapshot_defaults_audio_edges_without_retiming ... ok
test every_legacy_snapshot_retains_its_exact_explicit_presentation_basis ... ok
test every_old_database_rejects_new_asset_hash_vocabulary_without_promotion ... ok
test every_old_schema_rejects_override_vocabulary_before_promotion ... ok
test framing::actual_old_binary_schema23_fixture_replays_every_snapshot_and_pending_redo ... ok
test framing::frozen_v17_rejects_framing_in_commands_subtrees_occurrences_and_patches ... ok
test framing::schema23_cannot_smuggle_new_node_fields_and_failed_migration_keeps_original ... ok
test framing::schema23_keeps_insert_time_history_and_redo_then_persists_framing ... FAILED
test gain::actual_schema38_history_preserves_hold_setters_isolation_receipts_and_pending_redo ... ok
test gain::authored_gain_is_durable_reversible_and_revision_guarded_after_migration ... ok
test gain::legacy_history_rejects_direct_and_occurrence_gain_commands ... ok
test gain::legacy_history_rejects_gain_presence_in_snapshots_and_both_patch_sides ... ok
test gap_branches::actual_schema28_binary_history_replays_through_pending_redo ... ok
test gap_branches::actual_schema28_gap_binding_survives_replay_and_pending_redo ... ok
test gap_branches::earlier_frozen_layout_adapter_rejects_explicit_gap_map ... ok
test gap_branches::schema22_command_and_nested_subtree_grammar_stays_closed ... ok
test gap_branches::schema28_rejects_gap_branch_fields_in_snapshot_patch_and_frozen_layout ... ok
test hold_audio::actual_schema37_history_preserves_allowances_routes_branches_receipts_and_pending_redo ... ok
test hold_audio::schema31_compares_allowances_in_snapshots_and_both_patch_directions ... ok
test hold_audio::schema31_rejects_direct_and_occurrence_setters_even_with_matching_modern_history ... ok
test hold_audio::schema31_rejects_hold_policy_patches_forged_under_an_old_command ... ok
test insert_time::all_older_database_grammars_reject_insert_time_before_replay ... ok
test insert_time::atomic_insert_time_history_survives_reopen_undo_redo_and_rejected_requests ... ok
test insert_time::schema22_preserves_bindings_patches_and_redo_in_the_backed_up_migration ... FAILED
test insert_time::schema22_rejects_new_commands_and_nested_binding_vocabulary_without_promotion ... ok
test interior_insert::actual_schema30_history_retains_composite_seams_gap_clocks_and_pending_redo ... ok
test interior_insert::schema24_admits_composite_seams_but_rejects_interior_physical_splits ... ok
test interior_insert::schema24_snapshot_request_and_patch_fields_remain_closed_without_promotion ... ok
test interior_insert::valid_modern_interior_history_cannot_claim_schema30 ... FAILED
test legacy_database_rejects_preexisting_qualification_inventory_without_losing_it ... ok
test legacy_projection_cannot_hide_empty_override_entries_from_faulty_replay ... ok
test legacy_projection_cannot_hide_marks_added_by_a_faulty_replay ... ok
test legacy_schema_cannot_smuggle_modern_original_records_through_migration ... ok
test migration_promotes_with_a_live_wal_reader_without_replacing_its_snapshot ... ok
test moment_splice::actual_schema32_history_retains_nested_interiors_gap_clocks_and_pending_redo ... ok
test moment_splice::schema26_rejects_new_source_splice_without_promoting_valid_modern_history ... ok
test moment_splice::schema26_snapshot_request_and_patch_fields_remain_closed_without_promotion ... ok
test old_binary_history_migrates_with_stable_ids_and_pending_redo ... ok
test old_schemas_reject_new_mark_vocabulary_without_changing_original ... ok
test picture_context::actual_schema24_binary_fixture_preserves_every_snapshot_history_backup_and_redo ... ok
test picture_context::schema24_rejects_injected_null_context_without_touching_original_or_backup ... ok
test render_jobs::authentic_schema39_gains_empty_render_tables_without_rewriting_any_old_cell ... ok
test render_jobs::schema39_render_vocabulary_collision_fails_before_promotion ... ok
test retime::actual_schema33_history_retains_source_splices_abandoned_edits_and_pending_redo ... ok
test retime::retime_wrap_update_and_navigation_are_durable_atomic_edits ... ok
test retime::schema27_rejects_new_retime_commands_even_with_matching_modern_history ... ok
test retime::schema27_snapshot_request_and_patch_fields_remain_closed_without_promotion ... ok
test schema_eight_rejects_modern_evidence_and_corruption_without_promotion ... ok
test schema_eight_retains_unqualified_bundle_json_and_pending_redo ... ok
test schema_eighteen_rejects_fragment_vocabulary_without_promotion ... ok
test schema_eighteen_replays_partitions_marks_branches_and_pending_redo ... ok
test schema_eleven_preserves_independent_audio_chronology_and_all_operational_rows ... ok
test schema_eleven_rejects_video_vocabulary_and_corruption_without_promotion ... ok
test schema_fifteen_preserves_presentation_chronology_and_all_operational_state ... ok
test schema_five_invalid_requests_and_table_collisions_never_promote ... ok
test schema_five_preserves_requests_clocks_history_and_pending_redo ... ok
test schema_four_migrates_core_vocabulary_and_preserves_authored_history ... ok
test schema_four_rejects_corruption_and_operational_table_collisions_before_promotion ... ok
test schema_fourteen_preserves_explicit_basis_and_qualified_source_branches ... ok
test schema_fourteen_rejects_new_primary_fields_and_damaged_historical_receipts ... ok
test schema_nine_adds_empty_original_inventory_and_preserves_full_history ... ok
test schema_nineteen_rejects_unknown_fragment_fields_in_all_history_positions ... ok
test schema_nineteen_replays_fragment_loss_branches_and_pending_redo ... ok
test schema_seven_preserves_legacy_core_history_and_selected_legacy_attempt ... ok
test schema_seventeen_preserves_single_original_floor_and_authored_crop_history ... ok
test schema_seventeen_rejects_new_purpose_everywhere_and_missing_profile_without_promotion ... ok
test schema_six_corruption_preserves_original_history_jobs_and_backup ... ok
test schema_six_preserves_attempts_and_defers_recovery_until_writer_open ... ok
test schema_sixteen_rejects_premature_profile_vocabulary_without_touching_original ... ok
test schema_sixteen_retains_exact_core_eleven_history_and_stays_generic ... ok
test schema_ten_preserves_source_audio_history_generated_receipts_and_originals ... ok
test schema_ten_rejects_new_audio_vocabulary_and_corruption_without_promotion ... ok
test schema_thirteen_preserves_exact_placements_without_inventing_qualification ... ok
test schema_thirteen_rejects_registration_vocabulary_and_corrupt_placement_history ... ok
test schema_three_history_preserves_every_mark_and_pending_redo ... ok
test schema_three_mark_corruption_retains_original_and_backup ... ok
test schema_twelve_preserves_stream_mappings_and_accepts_reversible_exact_placement ... ok
test schema_twelve_rejects_placement_vocabulary_in_all_history_surfaces ... ok
test schema_twenty_one_rejects_changed_lineage_without_promotion ... ok
test schema_twenty_one_retains_exact_lineage_and_does_not_invent_audio_bindings ... ok
test schema_twenty_replays_lineage_from_copy_history_and_preserves_navigation ... ok
test schema_two_duplicate_identities_are_rejected_before_promotion ... ok
test schema_two_history_preserves_compact_identities_and_pending_redo ... ok
test sequence_insert::actual_schema31_history_retains_root_interiors_gap_clocks_and_pending_redo ... ok
test sequence_insert::matching_modern_nested_history_cannot_claim_schema31 ... FAILED
test sequence_insert::schema25_context_admits_root_seams_but_not_nested_sequence_interiors ... ok
test sequence_insert::schema25_snapshot_request_and_patch_fields_remain_closed_without_promotion ... ok
test sound_allowances::actual_schema36_sound_history_preserves_routes_branches_receipts_and_pending_redo ... ok
test sound_allowances::schema30_frozen_guard_retains_root_split_and_temporal_occurrence_rejections ... ok
test sound_allowances::schema30_projections_never_discard_modern_allowances ... ok
test sound_allowances::schema30_rejects_allowance_commands_in_abandoned_history ... ok
test sound_allowances::schema30_rejects_allowance_fields_in_all_snapshot_and_patch_positions ... ok
test sound_routes::actual_schema35_sound_history_preserves_recipes_receipts_branches_and_redo ... ok
test sound_routes::schema29_rejects_new_sound_bearing_split_even_without_new_route_fields ... ok
test sound_routes::schema29_rejects_replace_sound_even_with_matching_patches ... ok
test sound_routes::schema29_rejects_route_fields_even_empty_or_null ... ok
test sound_routes::sound_ripple_history_is_atomic_durable_and_rechecks_unchanged_recipe_receipts ... ok
test sounds::actual_schema34_history_retains_retimes_abandoned_edits_and_pending_redo ... ok
test sounds::schema28_rejects_sound_commands_and_later_command_fields ... ok
test sounds::schema28_rejects_sound_state_even_empty_or_null_without_promotion ... ok
test source_selection::actual_schema25_binary_preserves_captured_views_audio_history_and_pending_redo ... ok
test source_selection::schema25_rejects_new_mapping_variant_or_null_selection_without_touching_original ... ok
test writer_and_database_locks_prevent_migration_without_damage ... ok

failures:

---- composite_insert::valid_modern_composite_history_cannot_claim_schema27_through29 stdout ----

thread 'composite_insert::valid_modern_composite_history_cannot_claim_schema27_through29' (56768901) panicked at crates/deadpan-store/tests/migration/composite_insert.rs:252:18:
schema 27: table render_jobs already exists in CREATE TABLE render_jobs (
        job_id TEXT PRIMARY KEY, revision_id TEXT NOT NULL REFERENCES revisions(id),
        intent TEXT NOT NULL CHECK(json_valid(intent))
    ) STRICT;
    CREATE TABLE render_attempts (
        job_id TEXT NOT NULL REFERENCES render_jobs(job_id), attempt_id TEXT PRIMARY KEY,
        ordinal INTEGER NOT NULL CHECK(ordinal BETWEEN 1 AND 9223372036854775807),
        cancellation_token TEXT NOT NULL, state TEXT NOT NULL,
        transition_sequence INTEGER NOT NULL CHECK(transition_sequence BETWEEN 1 AND 9223372036854775807),
        body TEXT NOT NULL CHECK(json_valid(body)), UNIQUE(job_id,ordinal), UNIQUE(job_id,attempt_id)
    ) STRICT;
    CREATE TABLE render_job_heads (
        job_id TEXT PRIMARY KEY REFERENCES render_jobs(job_id),
        high_water INTEGER NOT NULL CHECK(high_water BETWEEN 1 AND 9223372036854775807),
        latest_attempt_id TEXT NOT NULL,
        FOREIGN KEY(job_id,latest_attempt_id) REFERENCES render_attempts(job_id,attempt_id)
    ) STRICT;
    CREATE TABLE render_candidate_checkpoints (
        job_id TEXT NOT NULL, attempt_id TEXT PRIMARY KEY,
        media TEXT NOT NULL CHECK(json_valid(media)),
        FOREIGN KEY(job_id,attempt_id) REFERENCES render_attempts(job_id,attempt_id)
    ) STRICT; at offset 13
note: run with `RUST_BACKTRACE=1` environment variable to display a backtrace

---- framing::schema23_keeps_insert_time_history_and_redo_then_persists_framing stdout ----
Error: MigrationFailed { backup: "/private/var/folders/37/7y1z4kxn5mv9bkbckqxrnzy40000gn/T/.tmpZ5OgbO/framing.deadpan/Snapshots/before-schema-40-GNY2gY.sqlite", source: Database(SqlInputError { error: Error { code: Unknown, extended_code: 1 }, msg: "table render_jobs already exists", sql: "CREATE TABLE render_jobs (\n        job_id TEXT PRIMARY KEY, revision_id TEXT NOT NULL REFERENCES revisions(id),\n        intent TEXT NOT NULL CHECK(json_valid(intent))\n    ) STRICT;\n    CREATE TABLE render_attempts (\n        job_id TEXT NOT NULL REFERENCES render_jobs(job_id), attempt_id TEXT PRIMARY KEY,\n        ordinal INTEGER NOT NULL CHECK(ordinal BETWEEN 1 AND 9223372036854775807),\n        cancellation_token TEXT NOT NULL, state TEXT NOT NULL,\n        transition_sequence INTEGER NOT NULL CHECK(transition_sequence BETWEEN 1 AND 9223372036854775807),\n        body TEXT NOT NULL CHECK(json_valid(body)), UNIQUE(job_id,ordinal), UNIQUE(job_id,attempt_id)\n    ) STRICT;\n    CREATE TABLE render_job_heads (\n        job_id TEXT PRIMARY KEY REFERENCES render_jobs(job_id),\n        high_water INTEGER NOT NULL CHECK(high_water BETWEEN 1 AND 9223372036854775807),\n        latest_attempt_id TEXT NOT NULL,\n        FOREIGN KEY(job_id,latest_attempt_id) REFERENCES render_attempts(job_id,attempt_id)\n    ) STRICT;\n    CREATE TABLE render_candidate_checkpoints (\n        job_id TEXT NOT NULL, attempt_id TEXT PRIMARY KEY,\n        media TEXT NOT NULL CHECK(json_valid(media)),\n        FOREIGN KEY(job_id,attempt_id) REFERENCES render_attempts(job_id,attempt_id)\n    ) STRICT;", offset: 13 }) }

---- insert_time::schema22_preserves_bindings_patches_and_redo_in_the_backed_up_migration stdout ----
Error: MigrationFailed { backup: "/private/var/folders/37/7y1z4kxn5mv9bkbckqxrnzy40000gn/T/.tmpk1tCaq/bound-v22.deadpan/Snapshots/before-schema-40-Jx7cUU.sqlite", source: Database(SqlInputError { error: Error { code: Unknown, extended_code: 1 }, msg: "table render_jobs already exists", sql: "CREATE TABLE render_jobs (\n        job_id TEXT PRIMARY KEY, revision_id TEXT NOT NULL REFERENCES revisions(id),\n        intent TEXT NOT NULL CHECK(json_valid(intent))\n    ) STRICT;\n    CREATE TABLE render_attempts (\n        job_id TEXT NOT NULL REFERENCES render_jobs(job_id), attempt_id TEXT PRIMARY KEY,\n        ordinal INTEGER NOT NULL CHECK(ordinal BETWEEN 1 AND 9223372036854775807),\n        cancellation_token TEXT NOT NULL, state TEXT NOT NULL,\n        transition_sequence INTEGER NOT NULL CHECK(transition_sequence BETWEEN 1 AND 9223372036854775807),\n        body TEXT NOT NULL CHECK(json_valid(body)), UNIQUE(job_id,ordinal), UNIQUE(job_id,attempt_id)\n    ) STRICT;\n    CREATE TABLE render_job_heads (\n        job_id TEXT PRIMARY KEY REFERENCES render_jobs(job_id),\n        high_water INTEGER NOT NULL CHECK(high_water BETWEEN 1 AND 9223372036854775807),\n        latest_attempt_id TEXT NOT NULL,\n        FOREIGN KEY(job_id,latest_attempt_id) REFERENCES render_attempts(job_id,attempt_id)\n    ) STRICT;\n    CREATE TABLE render_candidate_checkpoints (\n        job_id TEXT NOT NULL, attempt_id TEXT PRIMARY KEY,\n        media TEXT NOT NULL CHECK(json_valid(media)),\n        FOREIGN KEY(job_id,attempt_id) REFERENCES render_attempts(job_id,attempt_id)\n    ) STRICT;", offset: 13 }) }

---- interior_insert::valid_modern_interior_history_cannot_claim_schema30 stdout ----

thread 'interior_insert::valid_modern_interior_history_cannot_claim_schema30' (56769234) panicked at crates/deadpan-store/tests/migration/interior_insert.rs:293:18:
schema 30: table render_jobs already exists in CREATE TABLE render_jobs (
        job_id TEXT PRIMARY KEY, revision_id TEXT NOT NULL REFERENCES revisions(id),
        intent TEXT NOT NULL CHECK(json_valid(intent))
    ) STRICT;
    CREATE TABLE render_attempts (
        job_id TEXT NOT NULL REFERENCES render_jobs(job_id), attempt_id TEXT PRIMARY KEY,
        ordinal INTEGER NOT NULL CHECK(ordinal BETWEEN 1 AND 9223372036854775807),
        cancellation_token TEXT NOT NULL, state TEXT NOT NULL,
        transition_sequence INTEGER NOT NULL CHECK(transition_sequence BETWEEN 1 AND 9223372036854775807),
        body TEXT NOT NULL CHECK(json_valid(body)), UNIQUE(job_id,ordinal), UNIQUE(job_id,attempt_id)
    ) STRICT;
    CREATE TABLE render_job_heads (
        job_id TEXT PRIMARY KEY REFERENCES render_jobs(job_id),
        high_water INTEGER NOT NULL CHECK(high_water BETWEEN 1 AND 9223372036854775807),
        latest_attempt_id TEXT NOT NULL,
        FOREIGN KEY(job_id,latest_attempt_id) REFERENCES render_attempts(job_id,attempt_id)
    ) STRICT;
    CREATE TABLE render_candidate_checkpoints (
        job_id TEXT NOT NULL, attempt_id TEXT PRIMARY KEY,
        media TEXT NOT NULL CHECK(json_valid(media)),
        FOREIGN KEY(job_id,attempt_id) REFERENCES render_attempts(job_id,attempt_id)
    ) STRICT; at offset 13

---- sequence_insert::matching_modern_nested_history_cannot_claim_schema31 stdout ----

thread 'sequence_insert::matching_modern_nested_history_cannot_claim_schema31' (56770960) panicked at crates/deadpan-store/tests/migration/sequence_insert.rs:295:18:
schema 31: table render_jobs already exists in CREATE TABLE render_jobs (
        job_id TEXT PRIMARY KEY, revision_id TEXT NOT NULL REFERENCES revisions(id),
        intent TEXT NOT NULL CHECK(json_valid(intent))
    ) STRICT;
    CREATE TABLE render_attempts (
        job_id TEXT NOT NULL REFERENCES render_jobs(job_id), attempt_id TEXT PRIMARY KEY,
        ordinal INTEGER NOT NULL CHECK(ordinal BETWEEN 1 AND 9223372036854775807),
        cancellation_token TEXT NOT NULL, state TEXT NOT NULL,
        transition_sequence INTEGER NOT NULL CHECK(transition_sequence BETWEEN 1 AND 9223372036854775807),
        body TEXT NOT NULL CHECK(json_valid(body)), UNIQUE(job_id,ordinal), UNIQUE(job_id,attempt_id)
    ) STRICT;
    CREATE TABLE render_job_heads (
        job_id TEXT PRIMARY KEY REFERENCES render_jobs(job_id),
        high_water INTEGER NOT NULL CHECK(high_water BETWEEN 1 AND 9223372036854775807),
        latest_attempt_id TEXT NOT NULL,
        FOREIGN KEY(job_id,latest_attempt_id) REFERENCES render_attempts(job_id,attempt_id)
    ) STRICT;
    CREATE TABLE render_candidate_checkpoints (
        job_id TEXT NOT NULL, attempt_id TEXT PRIMARY KEY,
        media TEXT NOT NULL CHECK(json_valid(media)),
        FOREIGN KEY(job_id,attempt_id) REFERENCES render_attempts(job_id,attempt_id)
    ) STRICT; at offset 13


failures:
    composite_insert::valid_modern_composite_history_cannot_claim_schema27_through29
    framing::schema23_keeps_insert_time_history_and_redo_then_persists_framing
    insert_time::schema22_preserves_bindings_patches_and_redo_in_the_backed_up_migration
    interior_insert::valid_modern_interior_history_cannot_claim_schema30
    sequence_insert::matching_modern_nested_history_cannot_claim_schema31

test result: FAILED. 117 passed; 5 failed; 0 ignored; 0 measured; 0 filtered out; finished in 114.47s

error: test failed, to rerun pass `-p deadpan-store --test migration`
