   Compiling deadpan-store v0.1.0 (/Users/michael/Code/deadpan/crates/deadpan-store)
   Compiling deadpan-cli v0.1.0 (/Users/michael/Code/deadpan/crates/deadpan-cli)
    Finished `test` profile [unoptimized + debuginfo] target(s) in 43.68s
     Running unittests src/lib.rs (target/debug/deps/deadpan_cli-c775432a4cd0b57f)

running 225 tests
test audio::cache_tests::aggregate_reservation_is_inclusive_checked_and_requires_nonempty_pcm_and_index ... ok
test encoded_render::admission::content::tests::marker_observation_never_realigns_the_expected_coordinate ... ok
test encoded_render::admission::content::tests::exact_plane_comparison_observes_cancellation ... ok
test encoded_render::admission::content::tests::content_error_limits_reject_bad_single_planes_and_inconsistent_claims ... ok
test encoded_render::admission::content::tests::worst_frame_errors_cannot_be_hidden_by_whole_movie_averages ... ok
test encoded_render::admission::host::tests::selection_is_ordered_and_uses_only_exact_admitted_native_failures ... ok
test encoded_render::admission::content::tests::content_report_rejects_shifted_missing_swapped_and_unexpected_audio ... ok
test encoded_render::host::tests::artifact_admission_can_retain_the_native_maximum_without_the_raw_picture_spool_limit ... ok
test encoded_render::admission::worker::tests::nonencoder_probe_errors_cannot_claim_capability_through_diagnostics ... ok
test encoded_render::admission::host::tests::every_noncapability_or_invalidated_failure_stops_selection ... ok
test encoded_render::admission::tests::probe_rejects_ambiguous_picture_geometry_before_starting_a_worker ... ok
test encoded_render::host::tests::snapshot_interruption_retains_the_public_cancellation_and_deadline_outcomes ... ok
test encoded_render::admission::durable::tests::invalidated_native_failure_retains_fault_boundary_instead_of_capability ... ok
test encoded_render::host::tests::supervision_errors_and_control_expiry_invalidate_typed_reports ... ok
test encoded_render::admission::durable::tests::observation_projection_is_bounded_before_parsing ... ok
test encoded_render::admission::tests::probe_contract_has_its_own_exact_recipe_clock_and_identity ... ok
test encoded_render::protocol::tests::completed_manifest_binds_identity_contract_artifact_and_all_host_budgets ... ok
test encoded_render::admission::worker::tests::readonly_probe_input_is_the_same_owned_file_and_rejects_replacements ... ok
test encoded_render::protocol::tests::encoded_contract_keeps_absolute_audio_phase_and_exceeds_only_raw_sink_limits ... ok
test encoded_render::protocol::tests::explicit_software_b_frame_attempt_keeps_requested_and_observed_counts_distinct ... ok
test encoded_render::admission::worker::tests::queued_probe_controls_are_drained_before_any_terminal_claim ... ok
test encoded_render::admission::tests::wire_admission_rejects_loose_fields_versions_and_work_before_execution ... ok
test encoded_render::protocol::tests::progress_and_terminals_bind_both_counts_and_exact_attempt ... ok
test encoded_render::protocol::tests::native_reconstruction_rejects_clock_geometry_and_encoding_bounds ... ok
test encoded_render::host::tests::finalization::confirmed_cleanup_preserves_the_primary_error ... ok
test encoded_render::host::tests::finalization::joined_pump_panic_cannot_promote_a_successful_stage ... ok
test encoded_render::host::tests::finalization::joined_pump_panic_invalidates_a_typed_worker_report ... ok
test encoded_render::protocol::tests::round_trip_handles_fragmented_frames_and_preserves_exact_cancellation ... ok
test encoded_render::protocol::tests::failures_require_a_strict_typed_boundary_independent_of_diagnostic_text ... ok
test encoded_render::protocol::tests::wire_rejects_truncation_oversize_and_unbounded_diagnostics ... ok
test encoded_render::protocol::tests::runtime_bound_completion_requires_the_exact_requested_observation ... ok
test encoded_render::protocol::tests::version_three_requires_explicit_binding_without_changing_persisted_manifest ... ok
test encoded_render::protocol::tests::request_limits_versions_and_bounded_scalars_are_admitted_before_allocation ... ok
test encoded_render::publication::filesystem::recovery::tests::directory_evidence_has_strict_paths_components_and_non_utf8_round_trip ... ok
test encoded_render::protocol::tests::unknown_fields_and_unrecognized_encoder_choices_fail_closed ... ok
test encoded_render::publication::filesystem::recovery::tests::strict_file_evidence_rejects_missing_identity_and_invalid_extents ... ok
test encoded_render::admission::durable::tests::retained_measured_probe_preserves_every_native_observation_and_frozen_control ... ok
test encoded_render::protocol::tests::completion_rejects_forged_native_counts_clocks_policy_and_drain_claims ... ok
test encoded_render::publication::filesystem::tests::bounded_write_and_failed_exact_length_keep_partial_bytes ... ok
test encoded_render::publication::filesystem::recovery::tests::recovery_reads_are_bounded_controlled_and_detect_same_inode_mutation ... ok
test encoded_render::publication::filesystem::recovery::tests::selected_symlink_replacement_and_canonical_ancestor_replacement_fail ... ok
test encoded_render::publication::filesystem::recovery::tests::byte_identical_replacement_is_rejected_even_with_restored_mtime ... ok
test encoded_render::publication::filesystem::tests::bounded_copy_readback_and_no_replace_commit_preserve_owner_writable_mode ... ok
test encoded_render::publication::filesystem::tests::cancellation_and_deadline_before_commit_leave_complete_partial ... ok
test encoded_render::admission::host::tests::revoking_queued_owner_cancels_and_drains_an_active_probe ... ok
test encoded_render::publication::filesystem::tests::control_errors_retain_typed_sources_through_read_and_write_traits ... ok
test encoded_render::publication::filesystem::tests::final_name_race_is_no_replace_and_keeps_complete_partial ... ok
test encoded_render::publication::filesystem::tests::cancellation_before_rename_retains_partial_but_after_rename_does_not_undo_success ... ok
test encoded_render::publication::filesystem::tests::invalid_names_limits_and_existing_entries_never_change_destinations ... ok
test encoded_render::publication::filesystem::recovery::tests::unchanged_partial_and_renamed_file_reopen_with_original_evidence ... ok
test encoded_render::publication::filesystem::tests::initial_directory_alias_is_allowed_but_later_retargeting_is_rejected ... ok
test encoded_render::publication::filesystem::tests::extra_hard_link_and_same_inode_mutation_reject_readback_and_commit ... ok
test encoded_render::publication::filesystem::tests::revoked_guard_is_checked_after_last_sync_and_before_rename ... ok
test encoded_render::publication::filesystem::tests::published_hash_admission_rejects_same_length_mutation_with_restored_mtime ... ok
test encoded_render::publication::filesystem::tests::replaced_partial_entry_never_writes_or_deletes_foreign_target ... ok
test encoded_render::publication::provenance::tests::full_artifact_identity_controls_coalescing_and_blank_seams_remain_separate ... ok
test encoded_render::publication::provenance::tests::generated_intervals_follow_retime_sparse_plays_and_effective_gap_branches ... ok
test encoded_render::publication::provenance::tests::huge_compact_repeat_rejects_full_scan_but_admits_a_small_selected_suffix ... ok
test encoded_render::publication::filesystem::tests::recorded_partial_names_are_exclusive_and_owned_after_destination_drop ... ok
test encoded_render::publication::provenance::tests::report_versions_preserve_legacy_bytes_and_exact_automatic_decision ... ok
test encoded_render::publication::tests::destination_readback_requires_the_exact_extent_and_unmodified_bytes ... ok
test encoded_render::publication::filesystem::tests::every_sync_failure_reports_the_correct_side_of_the_commit_point ... ok
test encoded_render::runtime::tests::binding_rejects_policy_geometry_settings_and_inventory_changes ... ok
test encoded_render::runtime::tests::runtime_hash_rejects_changed_extent_and_control_interruption ... ok
test encoded_render::verification::protocol::tests::every_response_binds_the_complete_attempt_identity ... ok
test encoded_render::verification::protocol::tests::completion_cannot_change_the_committed_contract_or_private_bytes ... ok
test encoded_render::publication::filesystem::recovery::tests::foreign_links_symlinks_modes_and_types_are_never_read_or_modified ... ok
test encoded_render::publication::filesystem::tests::final_name_replacement_and_later_report_mutation_are_observed_without_unlink ... ok
test encoded_render::verification::protocol::tests::fragmented_wire_round_trip_preserves_the_exact_cancellation_target ... ok
test encoded_render::verification::protocol::tests::long_exports_require_enough_gops_and_actual_requested_reordering ... ok
test encoded_render::verification::protocol::tests::malformed_or_oversized_frames_and_diagnostics_are_rejected ... ok
test encoded_render::verification::protocol::tests::progress_totals_are_bound_to_each_captured_stage ... ok
test encoded_render::verification::protocol::tests::reordering_observations_must_use_whole_frames_within_the_captured_policy ... ok
test encoded_render::verification::protocol::tests::report_rejects_inconsistent_clocks_runtime_and_physical_sample_claims ... ok
test encoded_render::publication::filesystem::tests::replaced_parent_or_ancestor_fails_even_if_final_directory_inode_survives ... ok
test encoded_render::verification::protocol::tests::request_rejects_invalid_scalars_and_insufficient_host_budgets ... ok
test encoded_render::verification::worker::tests::eof_and_truncated_controls_never_acknowledge_cancellation ... ok
test encoded_render::verification::worker::tests::cancellation_requires_exact_token_request_attempt_and_protocol ... ok
test encoded_render::publication::filesystem::tests::sibling_destinations_share_the_same_directory_pin ... ok
test encoded_render::verification::protocol::tests::unknown_fields_and_unrecognized_stages_fail_closed ... ok
test encoded_render::verification::worker::tests::binary_hash_covers_all_chunks_without_moving_the_descriptor_position ... ok
test encoded_render::jobs::tests::automatic_manifest_requires_exact_original_decision_and_completion_binding ... ok
test encoded_render::verification::worker::tests::hashing_rejects_both_shrink_and_growth_against_the_captured_extent ... ok
test encoded_render::worker::tests::fractional_range_rebases_absolute_audio_without_rounding_or_padding ... ok
test encoded_render::worker::tests::hashing_checks_exact_extent_and_interrupts_between_bounded_reads ... ok
test encoded_render::worker::tests::misleading_output_io_diagnostics_cannot_claim_encoder_capability ... ok
test encoded_render::worker::tests::native_failure_kinds_survive_worker_mapping_without_reading_prose ... ok
test encoded_render::worker::tests::contract_and_source_admission_failures_are_typed_before_output_allocation ... ok
test encoded_render::worker::tests::queued_encoded_cancellation_and_invalid_controls_are_drained_before_terminal ... ok
test encoded_render::verification::worker::tests::hashing_honors_cancellation_and_deadline_even_for_empty_files ... ok
test encoded_render::jobs::tests::legacy_manifest_bytes_keep_frozen_four_field_shape_and_reject_automatic_policy ... ok
test encoded_render::worker::tests::encoded_output_is_private_exclusive_contained_and_hashed_through_its_descriptor ... ok
test encoded_render::verification::worker::tests::hashing_keeps_the_open_file_identity_after_its_path_is_replaced ... ok
test encoded_render::workflow::owner::tests::diagnostics_remain_valid_at_utf8_and_nul_bounds ... ok
test encoded_render::jobs::tests::automatic_manifest_never_accepts_missing_evidence_or_future_fields ... ok
test encoded_render::publication::provenance::tests::bounded_serialization_preserves_control_failures_and_stable_codes ... ok
test encoded_render::workflow::owner::tests::publication_progress_serializes_as_a_status_snapshot ... ok
test encoded_render::publication::provenance::tests::historical_capture_ignores_live_edits_and_omits_private_catalog_labels ... ok
test encoded_render::publication::tests::provenance_serialization_has_a_hard_byte_ceiling ... ok
test encoded_render::workflow::owner::tests::automatic_decision_commits_before_encoding_command ... ok
test encoded_render::workflow::owner::tests::capture_cancel_drains_real_worker_without_creating_job_or_media ... ok
test encoded_render::workflow::owner::tests::automatic_decision_write_failure_never_enqueues_encoding ... ok
test encoded_render::workflow::owner::tests::disconnected_release_channel_does_not_erase_commit_knowledge ... ok
test encoded_render::workflow::owner::tests::cancellation_is_durable_before_atomic_signal_and_terminal_waits_for_release ... ok
test encoded_render::workflow::owner::tests::automatic_retry_without_checkpoint_starts_fresh_qualification ... ok
test encoded_render::workflow::owner::tests::cancelled_selection_releases_unused_admission_without_encoding ... ok
test encoded_render::workflow::worker::tests::durable_diagnostic_retains_the_typed_failure_boundary ... ok
test export_picture::contract::tests::audio_boundaries_round_absolute_project_coordinates_independently ... ok
test export_picture::contract::tests::empty_negative_and_hdr_captures_fail_explicitly ... ok
test export_picture::contract::tests::encoder_rational_bounds_reject_without_retiming_the_project ... ok
test export_picture::contract::tests::largest_representable_boundaries_remain_exact ... ok
test export_picture::contract::tests::odd_and_tiny_axes_use_the_shared_even_rule_with_signed_aspect_evidence ... ok
test export_picture::contract::tests::output_terminal_and_audio_boundary_overflow_are_separate_admission_failures ... ok
test export_picture::contract::tests::output_timestamps_are_exact_relative_to_the_selected_project_range ... ok
test export_picture::contract::tests::raster_and_committed_canvas_obey_renderer_bounds_before_allocation ... ok
test export_picture::contract::tests::serialized_evidence_retains_the_captured_identities_and_exact_clocks ... ok
test export_picture::tests::cancellation_and_expired_deadline_stop_before_next_poll ... ok
test encoded_render::workflow::owner::tests::observed_movie_commit_survives_terminal_journal_failure ... ok
test export_picture::tests::completed_result_budget_is_released_on_worker_drop_and_failed_work ... ok
test encoded_render::workflow::owner::tests::reopening_writer_never_rebinds_old_coordinator ... ok
test encoded_render::workflow::owner::tests::separate_coordinators_share_slot_until_worker_release ... ok
test encoded_render::workflow::owner::tests::stale_selected_observation_cannot_authorize_current_attempt ... ok
test export_picture::tests::captured_contract_rejects_other_revision_clock_canvas_and_position ... ok
test host::tests::accept_returns_would_block_while_a_spawn_owns_descriptor_creation ... ok
test encoded_render::workflow::owner::tests::unknown_cleanup_persists_cancelling_and_fences_every_coordinator ... ok
test encoded_render::workflow::owner::tests::unknown_cleanup_preserves_previously_observed_movie_commit ... ok
test host::tests::descriptor_setup_and_deadline_checks_are_explicit ... ok
test encoded_render::workflow::owner::tests::wrong_phase_reply_never_releases_an_encoding_slot ... ok
test encoded_render::workflow::owner::tests::captured_admission_failure_stays_consistent_when_cancellation_races ... ok
test host::server::tests::expired_tickets_and_tickets_from_another_endpoint_cannot_reply ... ok
test host::server::tests::failed_large_reply_keeps_ticket_and_compact_receipt_capacity ... ok
test encoded_render::workflow::owner::tests::stale_revision_and_foreign_writer_are_rejected_before_work ... ok
test host::server::tests::unread_large_reply_does_not_prevent_another_connection_completing ... ok
test encoded_render::workflow::owner::tests::stopped_reconciliation_keeps_destination_uncertain_during_verification ... ok
test host::tests::client_roundtrip_preserves_identity_and_does_not_own_writer ... ok
test encoded_render::workflow::owner::tests::unresolved_admission_cleanup_preserves_owner_fence ... ok
test host::tests::endpoint_drop_preserves_a_replacement_runtime_directory ... ok
test host::tests::lost_reply_after_delivery_is_uncertain_and_not_retried ... ok
test live_project::preparation::client::tests::compact_receipt_and_post_commit_failure_are_preserved_in_cli_output ... ok
test live_project::preparation::client::tests::known_terminal_failures_release_but_failed_commit_output_keeps_receipt ... ok
test live_project::preparation::client::tests::unchanged_relink_version_is_a_valid_completed_noop ... ok
test host::tests::oversize_header_is_rejected_before_payload_allocation ... ok
test host::tests::dense_json_is_refused_locally_before_any_request_bytes_are_sent ... ok
test host::tests::partial_headers_and_four_connections_leave_dispatch_bounded ... ok
test live_project::preparation::tests::checkpoint_publication_failure_keeps_a_completed_operational_receipt ... ok
test live_project::preparation::tests::command_admission_bounds_paths_bookmarks_and_labels ... ok
test host::tests::revoked_owner_and_replaced_namespace_refuse_requests ... ok
test live_project::preparation::tests::protocol_rejects_unknown_fields_at_each_preparation_boundary ... ok
test host::tests::strict_frames_and_authentication_never_reach_dispatch ... ok
test host::server::tests::wrong_response_owner_or_request_is_an_unknown_outcome ... ok
test live_project::preparation::client::tests::admission_lost_reply_is_never_replayed ... ok
test live_project::preparation::client::tests::commit_racing_cancel_keeps_completion_and_operational_receipt ... ok
test live_project::preparation::client::tests::asynchronous_observation_retains_one_target_until_worker_completed ... ok
test live_project::preparation::client::tests::cancellation_is_sent_once_then_observes_worker_drain ... ok
test live_project::preparation::tests::cancellation_before_commit_and_closed_session_preserve_inventory ... ok
test audio::cache_tests::retained_context_and_cache_hits_recheck_the_captured_contracts ... ok
test live_project::preparation::tests::relink_rechecks_captured_version_and_retains_exact_mapping ... ok
test live_project::preparation::tests::checkpoint_captures_actual_worker_revision_without_mutating_authored_history ... ok
test picture::tests::shared_index_comparison_includes_terminal_evidence_and_cancels_in_chunks ... ok
test live_project::preparation::tests::relinking_identical_location_is_a_successful_noop ... ok
test host::tests::symlink_discovery_pins_the_resolved_package_across_alias_retargeting ... ok
test live_project::preparation::tests::retention_prepares_off_writer_and_preserves_full_operational_receipt ... ok
test live_project::preparation::tests::prepared_result_cannot_be_committed_under_another_command_or_owner ... ok
test live_project::preparation::client::tests::wrong_target_and_backwards_state_are_unknown_not_cancelled ... ok
test picture::tests::shared_adapter_preserves_negative_pts_and_checks_decoded_geometry ... ok
test audio::cache_tests::metadata_pressure_evicts_before_preparation_without_charging_failed_reservation ... ok
test audio::cache_tests::alternating_registered_sources_reuses_private_pcm_after_paths_disappear ... ok
test render::cli::live::tests::explicit_cancel_preserves_target_and_leaves_terminal_status_for_the_initiating_observer ... ok
test render::cli::live::tests::broken_output_requests_cancel_but_preserves_terminal_observation_on_stderr ... ok
test audio::cache_tests::failed_cold_source_and_cancelled_hits_preserve_other_cache_entries ... ok
test audio::cache_tests::byte_pressure_evicts_before_preparation_without_charging_failed_reservation ... ok
test render::cli::live::tests::historical_retry_context_is_retained_and_stale_poll_target_is_rejected ... ok
test render::cli::tests::broken_stdout_preserves_committed_and_unresolved_events_on_stderr ... ok
test render::cli::live::tests::inconsistent_finished_claim_cannot_release_status_or_fabricate_completion ... ok
test render::cli::tests::json_output_bound_fails_before_writing_any_partial_record ... ok
test render::cli::tests::owned_console_duplicates_close_on_exec ... ok
test render::cli::tests::parser_keeps_retry_reencode_and_reconciliation_explicit ... ok
test render::cli::tests::request_file_rejects_fifo_symlink_directory_and_oversized_regular_file ... ok
test render::cli::live::tests::lost_admission_reply_is_unknown_and_never_replayed ... ok
test render::tests::public_start_uses_automatic_policy_and_fresh_independent_identities ... ok
test render::tests::public_summary_preserves_authored_geometry_and_origin_based_samples ... ok
test render::tests::request_wire_rejects_policy_runtime_identity_overrides_and_unknown_versions ... ok
test render::cli::live::tests::locked_writer_routes_once_and_waits_for_safe_completion_before_release ... ok
test picture::tests::cached_verified_bytes_survive_path_loss_but_cold_or_changed_originals_fail ... ok
test render_worker::host::tests::validation_copy_interruption_keeps_the_same_host_cancellation_and_deadline_outcome ... ok
test render_worker::protocol::tests::checked_picture_lengths_and_request_budgets_bound_the_raw_sink ... ok
test render_worker::protocol::tests::classifier_binds_progress_and_completed_evidence_to_the_request ... ok
test render_worker::protocol::tests::classifier_rejects_other_requests_stale_attempts_and_changed_versions ... ok
test render::cli::live::tests::native_preview_blocks_start_before_any_render_mutation ... ok
test render_worker::protocol::tests::contract_rejects_forged_clock_geometry_and_unsupported_color ... ok
test render_worker::protocol::tests::range_and_audio_checks_use_absolute_boundaries_without_duration_rounding ... ok
test render::cli::live::tests::owner_admission_rejection_is_returned_without_polling_or_retry ... ok
test render_worker::protocol::tests::wire_rejects_unknown_fields_at_every_structural_boundary ... ok
test render_worker::protocol::tests::wire_rejects_truncated_or_oversized_frames_before_deserialization ... ok
test render_worker::protocol::tests::wire_round_trip_handles_fragmented_reads_and_preserves_cancellation ... ok
test render_worker::protocol::tests::wire_rejects_versions_missing_fields_and_invalid_bounded_values ... ok
test render::cli::live::tests::unavailable_cancel_owner_does_not_open_or_recover_a_writer ... ok
test render::cli::live::tests::lost_observation_retains_last_known_status_without_false_finished ... ok
test render_worker::worker::control::tests::incomplete_initial_handshake_has_a_deadline ... ok
test render_worker::worker::control::tests::oversized_control_rejects_without_waiting_for_its_payload ... ok
test render_worker::worker::control::tests::shutdown_joins_a_partial_frame_with_the_host_still_open ... ok
test render_worker::worker::control::tests::queued_invalid_control_and_partial_body_cannot_be_hidden_by_finish ... ok
test render_worker::worker::control::tests::shutdown_joins_an_idle_control_stream ... ok
test render_worker::worker::control::tests::terminal_shutdown_drains_an_already_queued_cancel ... ok
test render_worker::worker::control::tests::valid_cancel_sets_atomic_without_waiting_for_preparation ... ok
test render_worker::worker::control::tests::wrong_token_and_host_eof_fail_closed ... ok
test render_worker::worker::tests::picture_writes_stop_between_bounded_chunks_and_keep_partial_data ... ok
test render_worker::worker::tests::progress_is_bounded_and_diagnostics_end_on_utf8_boundaries ... ok
test render::cli::live::tests::signal_cancels_exact_admitted_target_then_keeps_observing ... ok
test render_worker::worker::tests::output_creation_is_exclusive_and_rejects_symlink_components ... ok
test render::cli::live::tests::unconfirmed_cleanup_never_finishes_until_owner_reports_safe_unresolved_release ... ok
test picture::tests::real_cut_frames_stay_exact_across_live_deletion_undo_and_writer_close ... ok
test picture::tests::real_retime_repeat_freeze_and_captured_framing_keep_distinct_clocks ... ok
test picture::tests::unqualified_source_still_and_accepted_providers_fail_without_fallback ... ok
test render::tests::retry_builders_keep_original_job_policy_and_reject_foreign_context ... ok
test render::cli::tests::requested_cancel_pumps_actual_capture_and_releases_the_writer_without_media_claims ... ok
test render_worker::protocol::tests::contract_evidence_matches_every_field_of_a_real_captured_revision ... ok
test render_worker::host::tests::every_plane_and_frame_is_checked_before_an_owned_range_can_be_read ... ok
test render_worker::tests::cancelled_expired_and_over_budget_preflight_never_launch_the_runtime ... ok
test render_worker::tests::full_document_hash_detects_same_labelled_revision_with_different_authored_state ... ok
test live_project::preparation::tests::registration_retains_exact_intent_rejects_stale_then_accepts_noop_receipt ... ok
test picture::tests::foreign_receipt_cannot_rebind_the_fixed_revision ... ok
test picture::tests::blank_and_background_are_explicit_and_ranges_hdr_and_bounds_reject ... ok
test audio::cache_tests::seventeenth_source_evicts_lru_and_missing_evicted_source_preserves_recent_pcm ... ok
test render::cli::tests::full_stdout_preserves_committed_and_unresolved_events_on_stderr ... ok

test result: ok. 225 passed; 0 failed; 0 ignored; 0 measured; 0 filtered out; finished in 5.69s

     Running tests/live_preparation.rs (target/debug/deps/live_preparation-10f4c70f35456aaf)

running 2 tests
test actual_cli_source_dry_run_coexists_without_contacting_owner ... ok
test actual_cli_routes_all_preparations_and_migration_to_the_open_owner ... FAILED

failures:

---- actual_cli_routes_all_preparations_and_migration_to_the_open_owner stdout ----

thread 'actual_cli_routes_all_preparations_and_migration_to_the_open_owner' (57828620) panicked at crates/deadpan-cli/tests/live_preparation.rs:218:5:
assertion failed: operations.iter().any(|op| matches!(op, Operation::Execute { .. }))
note: run with `RUST_BACKTRACE=1` environment variable to display a backtrace


failures:
    actual_cli_routes_all_preparations_and_migration_to_the_open_owner

test result: FAILED. 1 passed; 1 failed; 0 ignored; 0 measured; 0 filtered out; finished in 0.26s

error: test failed, to rerun pass `-p deadpan-cli --test live_preparation`
     Running tests/original_commands.rs (target/debug/deps/original_commands-bb2c770a3e4f9683)

running 2 tests
test original_mutations_respect_writer_lock_and_validate_arguments ... ok
test original_commands_retain_verify_list_and_relink_without_an_authored_edit ... ok

test result: ok. 2 passed; 0 failed; 0 ignored; 0 measured; 0 filtered out; finished in 0.20s

     Running tests/source_registration.rs (target/debug/deps/source_registration-6398e1e001a28924)

running 8 tests
test protocol_is_required_and_rejected_before_opening_the_project ... ok
test stale_revision_is_checked_before_unavailable_original_bytes ... ok
test stream_selection_is_required_and_failed_audio_never_becomes_video_only ... ok
test explicit_geometry_cli_previews_then_changes_only_canvas_and_keeps_version_guards ... ok
test offset_av_and_audio_only_register_exact_measured_placements ... ok
test cfr_registration_previews_beside_writer_commits_once_and_preserves_undo_receipt ... ok
test automatic_creation_adopts_first_inserted_picture_and_secondary_preserves_the_clock ... ok
test pending_generation_allows_preview_but_requires_real_relevance_on_commit ... ok

test result: ok. 8 passed; 0 failed; 0 ignored; 0 measured; 0 filtered out; finished in 0.90s

error: 1 target failed:
    `-p deadpan-cli --test live_preparation`
