   Compiling deadpan-store v0.1.0 (/Users/michael/Code/deadpan/crates/deadpan-store)
    Finished `test` profile [unoptimized + debuginfo] target(s) in 30.21s
     Running unittests src/lib.rs (target/debug/deps/deadpan_store-3e9e9d195f16720b)

running 56 tests
test object_storage::tests::identifiers_and_references_have_a_strict_wire_shape ... ok
test generation_acceptance::gap_occurrence_tests::dormant_gap_is_not_an_effective_generation_target ... ok
test object_storage::tests::device_owner_and_type_checks_are_independent_of_schema_constraints ... ok
test object_storage::tests::an_existing_corrupt_object_is_never_overwritten ... ok
test object_storage::tests::controlled_publication_cancels_and_cleans_its_pending_object ... ok
test object_storage::tests::object_control_distinguishes_session_close_from_user_cancellation ... ok
test object_storage::tests::copy_fallback_never_overwrites_a_competing_object ... ok
test object_storage::tests::clone_validation_failure_removes_only_its_observed_pending_entry ... ok
test object_storage::tests::bounds_mismatches_and_source_errors_remove_only_pending_files ... ok
test object_storage::tests::copy_fallback_rejects_a_source_changed_after_clone_attempt ... ok
test object_storage::tests::namespace_authority_is_checked_at_each_media_operation ... ok
test object_storage::tests::missing_and_symbolic_directories_fail_only_media_operations ... ok
test object_storage::tests::generated_snapshot_rejects_an_expired_copy_deadline ... ok
test object_storage::tests::hardlinks_writable_files_and_mutation_are_rejected ... ok
test object_storage::tests::no_replace_race_verifies_and_durably_accepts_the_winner ... ok
test object_storage::tests::publication_rejects_namespace_replacement_during_durability ... ok
test original_media::tests::final_link_confirmation_rejects_same_inode_changes_after_hashing ... ok
test object_storage::tests::retry_after_post_publish_failure_finishes_existing_object_durability ... ok
test object_storage::tests::replaced_pending_entry_is_not_published_or_deleted ... ok
test object_storage::tests::promotion_is_read_only_deduplicated_and_snapshot_is_immutable ... ok
test object_storage::tests::held_descriptors_defeat_directory_swaps_and_final_symlinks ... ok
test object_storage::tests::shared_original_storage_clones_or_copies_without_moving_the_source_cursor ... ok
test object_storage::tests::publication_durability_failure_is_not_hidden_by_close_or_cancel ... ok
test object_storage::tests::publication_finishes_durability_before_close_or_cancel_stops_verification ... ok
test object_storage::tests::generated_snapshot_observes_revocation_and_cancellation_after_open ... ok
test object_storage::tests::unsupported_clone_uses_verified_copy_without_moving_the_source_cursor ... ok
test render_jobs::audit_tests::render_audit_reuses_engineering_jobs_across_historical_checkpoint_retries ... ok
test render_jobs::audit_tests::render_audit_reads_each_job_and_revision_once_as_decision_history_grows ... ok
test render_media::tests::read_only_open_never_creates_render_namespace ... ok
test render_media::tests::references_are_strict_bounded_claims ... ok
test render_media::tests::namespace_replacement_and_lock_replacement_are_detected ... ok
test render_media::tests::manifest_failure_preserves_movie_already_published ... ok
test render_media::tests::pending_and_orphan_bytes_and_entry_count_consume_namespace_capacity ... ok
test publication_durability::tests::barrier_failure_at_every_step_denies_acknowledgement ... ok
test render_media::tests::revoked_worker_lock_serializes_replacement_session_until_guard_drops ... ok
test render_media::tests::cancellation_and_absolute_deadline_cannot_return_prepared_bytes ... ok
test render_media::tests::symlinks_hardlinks_and_unsafe_namespace_entries_are_rejected ... ok
test publication_durability::tests::replacement_database_wal_and_package_fail_closed ... ok
test validation::tests::stored_json_is_bounded_in_bytes_before_deserialization ... ok
test validation::tests::stored_identity_metadata_is_bounded_before_text_extraction ... ok
test render_media::tests::retention_deduplicates_at_exact_namespace_budget_and_snapshots_independently ... ok
test render_media::tests::snapshot_rehashes_both_objects_and_checks_declared_sha256 ... ok
test checkpoint::tests::setup_failures_remove_only_owned_staging_entries ... ok
test render_media::tests::token_rejects_another_session_even_with_identical_package_and_bytes ... ok
test render_media::tests::wrong_hash_truncation_extra_bytes_and_combined_budget_publish_nothing ... ok
test checkpoint::tests::setup_rollback_preserves_replacements_and_unknown_contents ... ok
test checkpoint::tests::failed_directory_sync_preserves_published_file_and_captured_receipt ... ok
test migration::tests::disk_full_during_promotion_rolls_back_original ... ok
test tests::sqlite_full_error_keeps_last_committed_revision ... ok
test migration::tests::crash_during_partial_promotion ... ok
test tests::duplicated_handle_does_not_extend_writer_ownership ... ok
test publication::tests::writers_request_full_sqlite_durability ... ok
test publication::tests::changed_package_database_revokes_all_previously_issued_permits ... ok
test publication::tests::altered_unrelated_history_is_found_by_full_audit_without_loading_it_for_selected_reads ... ok
test publication::tests::last_sequence_is_reserved_for_a_terminal_result ... ok
test publication::tests::post_commit_barrier_failures_keep_rows_but_revoke_permits_and_require_reopen ... ok

test result: ok. 56 passed; 0 failed; 0 ignored; 0 measured; 0 filtered out; finished in 1.64s

     Running tests/original_media.rs (target/debug/deps/original_media-ade3cb56d4825d6f)

running 6 tests
test readonly_cancelled_oversized_and_special_inputs_do_not_create_records ... ok
test linked_original_relink_checks_content_and_monotonic_location_version ... ok
test tampered_record_and_managed_bytes_fail_verification ... ok
test failed_database_commit_keeps_verified_object_and_retry_reuses_it ... ok
test same_filename_is_not_identity_and_inventory_pages_without_duplicates ... ok
test managed_original_preserves_all_container_bytes_deduplicates_and_survives_relocation ... ok

test result: ok. 6 passed; 0 failed; 0 ignored; 0 measured; 0 filtered out; finished in 0.23s

     Running tests/original_preparation.rs (target/debug/deps/original_preparation-e5de79faf15f3f90)

running 9 tests
test database_rollback_keeps_published_bytes_and_the_prepared_token_can_retry ... ok
test delayed_linked_retention_cannot_replace_a_newer_location ... ok
test cancellation_preserves_publication_without_registering_it ... ok
test prepared_retention_merges_current_locations_and_deduplicates ... ok
test worker_prepares_without_borrowing_or_blocking_the_writer ... ok
test handles_and_tokens_are_writer_session_bound_and_do_not_keep_the_lock ... ok
test prepared_snapshots_keep_private_bytes_after_source_change_and_session_close ... ok
test final_admission_rejects_unsafe_namespaces_and_objects ... ok
test prepared_retention_rejects_missing_replaced_and_in_place_modified_originals ... ok

test result: ok. 9 passed; 0 failed; 0 ignored; 0 measured; 0 filtered out; finished in 0.84s

     Running tests/prepared_checkpoint.rs (target/debug/deps/prepared_checkpoint-bb6743d4f559fe34)

running 10 tests
test cancellation_before_and_during_backup_leaves_no_checkpoint ... ok
test bounds_and_deadline_stop_backup_without_publication ... ok
test readonly_store_and_symlink_snapshot_directory_are_rejected ... ok
test changed_prepared_database_is_never_published ... ok
test replacing_snapshot_directory_cannot_redirect_publication_or_cleanup ... ok
test cancellation_after_preparation_denies_publication ... ok
test worker_pins_actual_revision_while_writer_keeps_editing ... ok
test closed_owner_revokes_both_unstarted_and_prepared_workers ... ok
test database_replacement_before_or_after_admission_is_rejected ... ok
test foreign_writer_cannot_publish_even_when_project_ids_match ... ok

test result: ok. 10 passed; 0 failed; 0 ignored; 0 measured; 0 filtered out; finished in 0.52s

     Running tests/prepared_relink.rs (target/debug/deps/prepared_relink-87174e81da925d5f)

running 7 tests
test preparation_checks_version_identity_limits_and_cancellation_without_changes ... ok
test delayed_relink_cannot_replace_a_newer_location_or_bookmark ... ok
test serialized_record_does_not_grant_authority_over_current_inventory ... ok
test preparation_is_connection_free_and_commit_preserves_later_authored_edits ... ok
test cancelled_and_failed_transactions_preserve_inventory_and_managed_ownership ... ok
test prepared_relink_is_bound_to_a_live_writable_owner_without_retaining_its_lock ... ok
test final_commit_rejects_missing_replaced_modified_and_unsafe_replacements ... ok

test result: ok. 7 passed; 0 failed; 0 ignored; 0 measured; 0 filtered out; finished in 0.48s

