    Checking deadpan-store v0.1.0 (/Users/michael/Code/deadpan/crates/deadpan-store)
    Checking deadpan-cli v0.1.0 (/Users/michael/Code/deadpan/crates/deadpan-cli)
    Checking deadpan-playback v0.1.0 (/Users/michael/Code/deadpan/crates/deadpan-playback)
    Checking deadpan-models v0.1.0 (/Users/michael/Code/deadpan/crates/deadpan-models)
error: large size difference between variants
   --> crates/deadpan-cli/src/live_project/preparation.rs:202:1
    |
202 | / enum Prepared {
203 | |     Retained(PreparedOriginalRetention),
204 | |     Relinked(PreparedOriginalRelink),
205 | |     Registered(PreparedSourceRegistration),
    | |     -------------------------------------- the largest variant contains at least 1168 bytes
206 | |     Checkpoint(PreparedCheckpoint),
    | |     ------------------------------ the second-largest variant contains at least 504 bytes
207 | | }
    | |_^ the entire enum is at least 1168 bytes
    |
    = help: for further information visit https://rust-lang.github.io/rust-clippy/rust-1.97.0/index.html#large_enum_variant
    = note: `-D clippy::large-enum-variant` implied by `-D warnings`
    = help: to override `-D warnings` add `#[allow(clippy::large_enum_variant)]`
help: consider boxing the large fields or introducing indirection in some other way to reduce the total size of the enum
    |
205 -     Registered(PreparedSourceRegistration),
205 +     Registered(Box<PreparedSourceRegistration>),
    |

error: could not compile `deadpan-cli` (lib) due to 1 previous error
warning: build failed, waiting for other jobs to finish...
error: could not compile `deadpan-cli` (lib test) due to 1 previous error
