   Compiling deadpan-jobs v0.1.0 (/Users/michael/Code/deadpan/crates/deadpan-jobs)
    Finished `test` profile [unoptimized + debuginfo] target(s) in 0.76s
     Running tests/lifecycle.rs (target/debug/deps/lifecycle-dcd87edcd1fbd748)

running 18 tests
test buffered_stage_and_progress_are_ignored_during_cancellation ... ok
test context_hash_changes_stale_a_job_but_unrelated_revision_is_not_a_binding ... ok
test host_can_finalize_killed_worker_or_record_process_failure ... ok
test completion_during_cancellation_waits_for_host_reap_without_candidate ... ok
test durable_checkpoint_rejects_impossible_state_payload_combinations ... ok
test completion_requires_explicit_host_validation_before_ready ... ok
test host_failure_and_cancellation_remain_available_during_validation ... ok
test lifecycle_rejects_message_and_checkpoint_protocol_crossovers ... ok
test progress_is_monotonic_within_the_announced_stage ... ok
test rejects_wrong_identity_regressions_and_post_terminal_messages ... ok
test extension::extension_late_completion_stays_discarded_through_checkpoint_and_reap ... ok
test native_bridge_completion_requires_exact_bundle_validation ... ok
test extension::extension_completion_requires_exact_extension_validation_and_round_trips_checkpoint ... ok
test v2_late_completion_during_cancellation_is_discarded_until_reap ... ok
test stale_or_detached_binding_never_silently_revives_or_authorizes_edit ... ok
test worker_cancellation_acknowledgement_is_durable_but_not_reaped ... ok
test worker_messages_after_completion_cannot_bypass_host_validation ... ok
test extension::extension_lifecycle_rejects_crossed_completion_versions_and_attempts ... ok

test result: ok. 18 passed; 0 failed; 0 ignored; 0 measured; 0 filtered out; finished in 0.00s

     Running tests/protocol.rs (target/debug/deps/protocol-11e30fcc8e0bd015)

running 17 tests
test rejects_oversized_length_before_body_allocation_or_read ... ok
test distinguishes_truncated_header_and_body ... ok
test attempt_providers_are_seeded_variants_below_the_worker_seed_limit ... ok
test rejects_protocol_operation_crossovers_and_plan_mismatch ... ok
test progress_is_stage_local_exact_units ... ok
test legacy_v1_wire_shape_is_unchanged ... ok
test native_manifest_rejects_duplicate_references_and_unknown_fields ... ok
test rejects_malformed_unknown_and_wrong_protocol_payloads ... ok
test request_round_trip_preserves_exact_typed_contract ... ok
test round_trips_fragmented_frames_and_clean_eof ... ok
test validates_paths_ids_hashes_dimensions_and_progress_during_deserialization ... ok
test extension::extension_v3_stage_progress_failure_and_cancel_keep_version_and_identity ... ok
test bridge_v2_round_trips_strict_plan_and_native_declaration ... ok
test extension::extension_v3_shared_fixtures_round_trip_fragmented_wire_and_both_directions ... ok
test extension::extension_v3_wire_revalidates_plan_unknown_fields_and_native_references ... ok
test extension::extension_v3_rejects_crossed_versions_operations_and_constraints ... ok
test adversarial_generation_frames ... ok

test result: ok. 17 passed; 0 failed; 0 ignored; 0 measured; 0 filtered out; finished in 0.08s

     Running tests/supervisor.rs (target/debug/deps/supervisor-058101750b373b66)

running 20 tests
test independent_protocol::adapter_rejects_invalid_initial_operations_before_launch ... ok
test workspace_symlinks_relative_executables_and_unbounded_deadlines_are_rejected ... ok
test response_protocol_must_match_initial_request ... ok
test stderr_is_drained_but_retained_tail_is_bounded ... ok
test independent_protocol::different_protocol_cancel_uses_its_own_identity_and_terminal_variant ... ok
test orphaned_descendant_cannot_keep_worker_pipes_open ... ok
test wrong_attempt_and_messages_after_completion_are_rejected ... ok
test late_poll_observes_exit_before_applying_a_timeout ... ok
test extension::extension_supervisor_delivers_distinct_bundle_after_clean_exit_then_snapshots_exact_bytes ... ok
test independent_protocol::different_protocol_retains_fragmented_progress_and_holds_success_until_clean_exit ... ok
test cooperative_cancel_preserves_identity_and_does_not_escalate ... ok
test independent_protocol::different_protocol_checks_identity_terminal_order_and_failed_exit ... ok
test dropping_a_flooding_worker_releases_pipe_backpressure ... ok
test private_environment_and_fragmented_messages_finish_before_exit ... ok
test extension::extension_supervisor_rejects_crossed_versions_wrong_attempts_and_failed_teardown ... ok
test escalated_cancellation_does_not_report_the_frame_its_kill_truncated ... ok
test unresponsive_worker_is_killed_after_grace_and_deadline ... ok
test successful_worker_cleans_up_many_forking_descendants_before_delivering_candidate ... ok
test escaped_descendant_cannot_hang_pipe_cleanup ... ok
test invalid_protocol_missing_completion_and_bad_exit_never_pass ... ok

test result: ok. 20 passed; 0 failed; 0 ignored; 0 measured; 0 filtered out; finished in 2.16s

