{
  "all_pcm_and_gain_hashes_match": true,
  "available_sample_range": [
    0,
    192192
  ],
  "batch_frames": 8192,
  "build": {
    "crate": "deadpan-cli",
    "debug_assertions": false,
    "executable_on_disk": "/Users/michael/Code/deadpan/target/release/examples/qualify_audio_stream",
    "executable_sha256": "f85217762f7360d3bbf23f85ae5bd6c4545f741930c8d343f96970ad28a579f6",
    "label": "release",
    "profile_note": "Build label is caller-supplied; debug_assertions does not establish optimization flags or compiler version.",
    "target_arch": "aarch64",
    "target_os": "macos",
    "version": "0.1.0"
  },
  "capture_ms": 5.05525,
  "captured_frame_range": [
    0,
    120
  ],
  "channels": 2,
  "document_sha256": "9259d94907017f14df6e4a2ddbf737f9c598b69eb674afcbd3c413acbee08218",
  "elapsed_ms": 612.474125,
  "frame_rate": {
    "denominator": 1001,
    "numerator": 30000
  },
  "full_batch_audio_budget_ms": 170.66666666666666,
  "limits": [
    "Timing includes canonical read and media admission; hashing and reporting are outside read timing.",
    "First read includes cold source preparation. Later reads measure refill work in one persistent session.",
    "Fresh sessions reset application caches, not operating-system file caches.",
    "Retained-session repeat reuses the session; its four-tile cache cannot retain an eight-block pass.",
    "A read exceeding its audio duration records preparation risk, not a measured device underrun.",
    "Read count, returned PCM and cooperative deadlines are bounded; media admission may inspect the complete source."
  ],
  "maximum_batches_per_pass": 8,
  "maximum_seconds": 120,
  "measured_sample_range": [
    0,
    65536
  ],
  "package": "/private/tmp/deadpan-slice-placement-20260930/replay-2/projects/place-slice/Documents/Deadpan/cfr-bframes.deadpan",
  "passes": [
    {
      "kind": "fresh_session",
      "open_ms": 2.497666,
      "reads": [
        {
          "audio_budget_ms": 170.66666666666666,
          "exceeds_audio_budget": false,
          "first_read": true,
          "gain_sha256_f64le": "1370a56876f8d1c937a9943bbdaf2deffe1c7250001d4b75835aa16f8fa8f1e9",
          "matches_first_pass": null,
          "nonzero_frames": 2048,
          "pcm_sha256_f32le_interleaved": "462c0d27f09590eed178c0b699ab4a3167053cfb0bc47a295e85ff023ff82289",
          "read_ms": 26.027333,
          "requested_frames": 8192,
          "returned_frames": 8192,
          "sample_peak": 0.5068195462226868,
          "start_sample": 0
        },
        {
          "audio_budget_ms": 170.66666666666666,
          "exceeds_audio_budget": false,
          "first_read": false,
          "gain_sha256_f64le": "1370a56876f8d1c937a9943bbdaf2deffe1c7250001d4b75835aa16f8fa8f1e9",
          "matches_first_pass": null,
          "nonzero_frames": 0,
          "pcm_sha256_f32le_interleaved": "de2f256064a0af797747c2b97505dc0b9f3df0de4f489eac731c23ae9ca9cc31",
          "read_ms": 21.398625000000003,
          "requested_frames": 8192,
          "returned_frames": 8192,
          "sample_peak": 0.0,
          "start_sample": 8192
        },
        {
          "audio_budget_ms": 170.66666666666666,
          "exceeds_audio_budget": false,
          "first_read": false,
          "gain_sha256_f64le": "1370a56876f8d1c937a9943bbdaf2deffe1c7250001d4b75835aa16f8fa8f1e9",
          "matches_first_pass": null,
          "nonzero_frames": 0,
          "pcm_sha256_f32le_interleaved": "de2f256064a0af797747c2b97505dc0b9f3df0de4f489eac731c23ae9ca9cc31",
          "read_ms": 22.450333,
          "requested_frames": 8192,
          "returned_frames": 8192,
          "sample_peak": 0.0,
          "start_sample": 16384
        },
        {
          "audio_budget_ms": 170.66666666666666,
          "exceeds_audio_budget": false,
          "first_read": false,
          "gain_sha256_f64le": "1370a56876f8d1c937a9943bbdaf2deffe1c7250001d4b75835aa16f8fa8f1e9",
          "matches_first_pass": null,
          "nonzero_frames": 0,
          "pcm_sha256_f32le_interleaved": "de2f256064a0af797747c2b97505dc0b9f3df0de4f489eac731c23ae9ca9cc31",
          "read_ms": 23.507875000000002,
          "requested_frames": 8192,
          "returned_frames": 8192,
          "sample_peak": 0.0,
          "start_sample": 24576
        },
        {
          "audio_budget_ms": 170.66666666666666,
          "exceeds_audio_budget": false,
          "first_read": false,
          "gain_sha256_f64le": "1370a56876f8d1c937a9943bbdaf2deffe1c7250001d4b75835aa16f8fa8f1e9",
          "matches_first_pass": null,
          "nonzero_frames": 0,
          "pcm_sha256_f32le_interleaved": "de2f256064a0af797747c2b97505dc0b9f3df0de4f489eac731c23ae9ca9cc31",
          "read_ms": 24.320791,
          "requested_frames": 8192,
          "returned_frames": 8192,
          "sample_peak": 0.0,
          "start_sample": 32768
        },
        {
          "audio_budget_ms": 170.66666666666666,
          "exceeds_audio_budget": false,
          "first_read": false,
          "gain_sha256_f64le": "1370a56876f8d1c937a9943bbdaf2deffe1c7250001d4b75835aa16f8fa8f1e9",
          "matches_first_pass": null,
          "nonzero_frames": 384,
          "pcm_sha256_f32le_interleaved": "841f17679e3b5009d478b9e15ccd4458e7435c2ccc672fd193d3f3e9e5eff7c8",
          "read_ms": 31.116666000000002,
          "requested_frames": 8192,
          "returned_frames": 8192,
          "sample_peak": 0.749076783657074,
          "start_sample": 40960
        },
        {
          "audio_budget_ms": 170.66666666666666,
          "exceeds_audio_budget": false,
          "first_read": false,
          "gain_sha256_f64le": "1370a56876f8d1c937a9943bbdaf2deffe1c7250001d4b75835aa16f8fa8f1e9",
          "matches_first_pass": null,
          "nonzero_frames": 0,
          "pcm_sha256_f32le_interleaved": "de2f256064a0af797747c2b97505dc0b9f3df0de4f489eac731c23ae9ca9cc31",
          "read_ms": 24.799042,
          "requested_frames": 8192,
          "returned_frames": 8192,
          "sample_peak": 0.0,
          "start_sample": 49152
        },
        {
          "audio_budget_ms": 170.66666666666666,
          "exceeds_audio_budget": false,
          "first_read": false,
          "gain_sha256_f64le": "1370a56876f8d1c937a9943bbdaf2deffe1c7250001d4b75835aa16f8fa8f1e9",
          "matches_first_pass": null,
          "nonzero_frames": 0,
          "pcm_sha256_f32le_interleaved": "de2f256064a0af797747c2b97505dc0b9f3df0de4f489eac731c23ae9ca9cc31",
          "read_ms": 24.46475,
          "requested_frames": 8192,
          "returned_frames": 8192,
          "sample_peak": 0.0,
          "start_sample": 57344
        }
      ],
      "session": 1
    },
    {
      "kind": "fresh_session",
      "open_ms": 6.58625,
      "reads": [
        {
          "audio_budget_ms": 170.66666666666666,
          "exceeds_audio_budget": false,
          "first_read": true,
          "gain_sha256_f64le": "1370a56876f8d1c937a9943bbdaf2deffe1c7250001d4b75835aa16f8fa8f1e9",
          "matches_first_pass": true,
          "nonzero_frames": 2048,
          "pcm_sha256_f32le_interleaved": "462c0d27f09590eed178c0b699ab4a3167053cfb0bc47a295e85ff023ff82289",
          "read_ms": 25.212292,
          "requested_frames": 8192,
          "returned_frames": 8192,
          "sample_peak": 0.5068195462226868,
          "start_sample": 0
        },
        {
          "audio_budget_ms": 170.66666666666666,
          "exceeds_audio_budget": false,
          "first_read": false,
          "gain_sha256_f64le": "1370a56876f8d1c937a9943bbdaf2deffe1c7250001d4b75835aa16f8fa8f1e9",
          "matches_first_pass": true,
          "nonzero_frames": 0,
          "pcm_sha256_f32le_interleaved": "de2f256064a0af797747c2b97505dc0b9f3df0de4f489eac731c23ae9ca9cc31",
          "read_ms": 21.209458,
          "requested_frames": 8192,
          "returned_frames": 8192,
          "sample_peak": 0.0,
          "start_sample": 8192
        },
        {
          "audio_budget_ms": 170.66666666666666,
          "exceeds_audio_budget": false,
          "first_read": false,
          "gain_sha256_f64le": "1370a56876f8d1c937a9943bbdaf2deffe1c7250001d4b75835aa16f8fa8f1e9",
          "matches_first_pass": true,
          "nonzero_frames": 0,
          "pcm_sha256_f32le_interleaved": "de2f256064a0af797747c2b97505dc0b9f3df0de4f489eac731c23ae9ca9cc31",
          "read_ms": 22.240333,
          "requested_frames": 8192,
          "returned_frames": 8192,
          "sample_peak": 0.0,
          "start_sample": 16384
        },
        {
          "audio_budget_ms": 170.66666666666666,
          "exceeds_audio_budget": false,
          "first_read": false,
          "gain_sha256_f64le": "1370a56876f8d1c937a9943bbdaf2deffe1c7250001d4b75835aa16f8fa8f1e9",
          "matches_first_pass": true,
          "nonzero_frames": 0,
          "pcm_sha256_f32le_interleaved": "de2f256064a0af797747c2b97505dc0b9f3df0de4f489eac731c23ae9ca9cc31",
          "read_ms": 23.359583,
          "requested_frames": 8192,
          "returned_frames": 8192,
          "sample_peak": 0.0,
          "start_sample": 24576
        },
        {
          "audio_budget_ms": 170.66666666666666,
          "exceeds_audio_budget": false,
          "first_read": false,
          "gain_sha256_f64le": "1370a56876f8d1c937a9943bbdaf2deffe1c7250001d4b75835aa16f8fa8f1e9",
          "matches_first_pass": true,
          "nonzero_frames": 0,
          "pcm_sha256_f32le_interleaved": "de2f256064a0af797747c2b97505dc0b9f3df0de4f489eac731c23ae9ca9cc31",
          "read_ms": 24.347792,
          "requested_frames": 8192,
          "returned_frames": 8192,
          "sample_peak": 0.0,
          "start_sample": 32768
        },
        {
          "audio_budget_ms": 170.66666666666666,
          "exceeds_audio_budget": false,
          "first_read": false,
          "gain_sha256_f64le": "1370a56876f8d1c937a9943bbdaf2deffe1c7250001d4b75835aa16f8fa8f1e9",
          "matches_first_pass": true,
          "nonzero_frames": 384,
          "pcm_sha256_f32le_interleaved": "841f17679e3b5009d478b9e15ccd4458e7435c2ccc672fd193d3f3e9e5eff7c8",
          "read_ms": 30.873541,
          "requested_frames": 8192,
          "returned_frames": 8192,
          "sample_peak": 0.749076783657074,
          "start_sample": 40960
        },
        {
          "audio_budget_ms": 170.66666666666666,
          "exceeds_audio_budget": false,
          "first_read": false,
          "gain_sha256_f64le": "1370a56876f8d1c937a9943bbdaf2deffe1c7250001d4b75835aa16f8fa8f1e9",
          "matches_first_pass": true,
          "nonzero_frames": 0,
          "pcm_sha256_f32le_interleaved": "de2f256064a0af797747c2b97505dc0b9f3df0de4f489eac731c23ae9ca9cc31",
          "read_ms": 24.620416,
          "requested_frames": 8192,
          "returned_frames": 8192,
          "sample_peak": 0.0,
          "start_sample": 49152
        },
        {
          "audio_budget_ms": 170.66666666666666,
          "exceeds_audio_budget": false,
          "first_read": false,
          "gain_sha256_f64le": "1370a56876f8d1c937a9943bbdaf2deffe1c7250001d4b75835aa16f8fa8f1e9",
          "matches_first_pass": true,
          "nonzero_frames": 0,
          "pcm_sha256_f32le_interleaved": "de2f256064a0af797747c2b97505dc0b9f3df0de4f489eac731c23ae9ca9cc31",
          "read_ms": 24.44525,
          "requested_frames": 8192,
          "returned_frames": 8192,
          "sample_peak": 0.0,
          "start_sample": 57344
        }
      ],
      "session": 2
    },
    {
      "kind": "retained_session_repeat",
      "open_ms": null,
      "reads": [
        {
          "audio_budget_ms": 170.66666666666666,
          "exceeds_audio_budget": false,
          "first_read": true,
          "gain_sha256_f64le": "1370a56876f8d1c937a9943bbdaf2deffe1c7250001d4b75835aa16f8fa8f1e9",
          "matches_first_pass": true,
          "nonzero_frames": 2048,
          "pcm_sha256_f32le_interleaved": "462c0d27f09590eed178c0b699ab4a3167053cfb0bc47a295e85ff023ff82289",
          "read_ms": 22.219040999999997,
          "requested_frames": 8192,
          "returned_frames": 8192,
          "sample_peak": 0.5068195462226868,
          "start_sample": 0
        },
        {
          "audio_budget_ms": 170.66666666666666,
          "exceeds_audio_budget": false,
          "first_read": false,
          "gain_sha256_f64le": "1370a56876f8d1c937a9943bbdaf2deffe1c7250001d4b75835aa16f8fa8f1e9",
          "matches_first_pass": true,
          "nonzero_frames": 0,
          "pcm_sha256_f32le_interleaved": "de2f256064a0af797747c2b97505dc0b9f3df0de4f489eac731c23ae9ca9cc31",
          "read_ms": 21.429707999999998,
          "requested_frames": 8192,
          "returned_frames": 8192,
          "sample_peak": 0.0,
          "start_sample": 8192
        },
        {
          "audio_budget_ms": 170.66666666666666,
          "exceeds_audio_budget": false,
          "first_read": false,
          "gain_sha256_f64le": "1370a56876f8d1c937a9943bbdaf2deffe1c7250001d4b75835aa16f8fa8f1e9",
          "matches_first_pass": true,
          "nonzero_frames": 0,
          "pcm_sha256_f32le_interleaved": "de2f256064a0af797747c2b97505dc0b9f3df0de4f489eac731c23ae9ca9cc31",
          "read_ms": 22.416249999999998,
          "requested_frames": 8192,
          "returned_frames": 8192,
          "sample_peak": 0.0,
          "start_sample": 16384
        },
        {
          "audio_budget_ms": 170.66666666666666,
          "exceeds_audio_budget": false,
          "first_read": false,
          "gain_sha256_f64le": "1370a56876f8d1c937a9943bbdaf2deffe1c7250001d4b75835aa16f8fa8f1e9",
          "matches_first_pass": true,
          "nonzero_frames": 0,
          "pcm_sha256_f32le_interleaved": "de2f256064a0af797747c2b97505dc0b9f3df0de4f489eac731c23ae9ca9cc31",
          "read_ms": 23.31025,
          "requested_frames": 8192,
          "returned_frames": 8192,
          "sample_peak": 0.0,
          "start_sample": 24576
        },
        {
          "audio_budget_ms": 170.66666666666666,
          "exceeds_audio_budget": false,
          "first_read": false,
          "gain_sha256_f64le": "1370a56876f8d1c937a9943bbdaf2deffe1c7250001d4b75835aa16f8fa8f1e9",
          "matches_first_pass": true,
          "nonzero_frames": 0,
          "pcm_sha256_f32le_interleaved": "de2f256064a0af797747c2b97505dc0b9f3df0de4f489eac731c23ae9ca9cc31",
          "read_ms": 24.290458,
          "requested_frames": 8192,
          "returned_frames": 8192,
          "sample_peak": 0.0,
          "start_sample": 32768
        },
        {
          "audio_budget_ms": 170.66666666666666,
          "exceeds_audio_budget": false,
          "first_read": false,
          "gain_sha256_f64le": "1370a56876f8d1c937a9943bbdaf2deffe1c7250001d4b75835aa16f8fa8f1e9",
          "matches_first_pass": true,
          "nonzero_frames": 384,
          "pcm_sha256_f32le_interleaved": "841f17679e3b5009d478b9e15ccd4458e7435c2ccc672fd193d3f3e9e5eff7c8",
          "read_ms": 30.936792,
          "requested_frames": 8192,
          "returned_frames": 8192,
          "sample_peak": 0.749076783657074,
          "start_sample": 40960
        },
        {
          "audio_budget_ms": 170.66666666666666,
          "exceeds_audio_budget": false,
          "first_read": false,
          "gain_sha256_f64le": "1370a56876f8d1c937a9943bbdaf2deffe1c7250001d4b75835aa16f8fa8f1e9",
          "matches_first_pass": true,
          "nonzero_frames": 0,
          "pcm_sha256_f32le_interleaved": "de2f256064a0af797747c2b97505dc0b9f3df0de4f489eac731c23ae9ca9cc31",
          "read_ms": 24.454125,
          "requested_frames": 8192,
          "returned_frames": 8192,
          "sample_peak": 0.0,
          "start_sample": 49152
        },
        {
          "audio_budget_ms": 170.66666666666666,
          "exceeds_audio_budget": false,
          "first_read": false,
          "gain_sha256_f64le": "1370a56876f8d1c937a9943bbdaf2deffe1c7250001d4b75835aa16f8fa8f1e9",
          "matches_first_pass": true,
          "nonzero_frames": 0,
          "pcm_sha256_f32le_interleaved": "de2f256064a0af797747c2b97505dc0b9f3df0de4f489eac731c23ae9ca9cc31",
          "read_ms": 24.413625,
          "requested_frames": 8192,
          "returned_frames": 8192,
          "sample_peak": 0.0,
          "start_sample": 57344
        }
      ],
      "session": 2
    }
  ],
  "project_id": "fda812d7-31cd-4e29-aab7-c127c2e544dc",
  "revision_id": "9fee0c3e-90b6-43f8-b298-a1d99101e133",
  "sample_rate": 48000,
  "schema_version": 1,
  "scope": "read-only committed HEAD, canonical limited PCM preparation; no device or UI",
  "shortened_to_available_interval": false,
  "started_unix_ms": 1790795223480,
  "status": "measured"
}
