{
  "all_pcm_and_gain_hashes_match": true,
  "available_sample_range": [
    0,
    192192
  ],
  "batch_frames": 8192,
  "build": {
    "crate": "deadpan-cli",
    "debug_assertions": true,
    "executable_on_disk": "/Users/michael/Code/deadpan/target/debug/examples/qualify_audio_stream",
    "executable_sha256": "0239c0c0825f85c0b27d9dd716a3892178eab4e28beb2046143011d1ca69f8ab",
    "label": "debug",
    "profile_note": "Build label is caller-supplied; debug_assertions does not establish optimization flags or compiler version.",
    "target_arch": "aarch64",
    "target_os": "macos",
    "version": "0.1.0"
  },
  "capture_ms": 32.439125,
  "captured_frame_range": [
    0,
    120
  ],
  "channels": 2,
  "document_sha256": "9259d94907017f14df6e4a2ddbf737f9c598b69eb674afcbd3c413acbee08218",
  "elapsed_ms": 27696.356959,
  "frame_rate": {
    "denominator": 1001,
    "numerator": 30000
  },
  "full_batch_audio_budget_ms": 170.66666666666666,
  "limits": [
    "Timing includes canonical read and media admission; hashing and reporting are outside read timing.",
    "First read includes cold source preparation. Later reads measure refill work in one persistent session.",
    "Fresh sessions reset application caches, not operating-system file caches.",
    "Retained-session repeat reuses the session; its four-tile cache cannot retain an eight-block pass.",
    "A read exceeding its audio duration records preparation risk, not a measured device underrun.",
    "Read count, returned PCM and cooperative deadlines are bounded; media admission may inspect the complete source."
  ],
  "maximum_batches_per_pass": 8,
  "maximum_seconds": 120,
  "measured_sample_range": [
    0,
    65536
  ],
  "package": "/private/tmp/deadpan-slice-placement-20260930/replay-2/projects/place-slice/Documents/Deadpan/cfr-bframes.deadpan",
  "passes": [
    {
      "kind": "fresh_session",
      "open_ms": 19.353792000000002,
      "reads": [
        {
          "audio_budget_ms": 170.66666666666666,
          "exceeds_audio_budget": true,
          "first_read": true,
          "gain_sha256_f64le": "1370a56876f8d1c937a9943bbdaf2deffe1c7250001d4b75835aa16f8fa8f1e9",
          "matches_first_pass": null,
          "nonzero_frames": 2048,
          "pcm_sha256_f32le_interleaved": "462c0d27f09590eed178c0b699ab4a3167053cfb0bc47a295e85ff023ff82289",
          "read_ms": 1088.574333,
          "requested_frames": 8192,
          "returned_frames": 8192,
          "sample_peak": 0.5068195462226868,
          "start_sample": 0
        },
        {
          "audio_budget_ms": 170.66666666666666,
          "exceeds_audio_budget": true,
          "first_read": false,
          "gain_sha256_f64le": "1370a56876f8d1c937a9943bbdaf2deffe1c7250001d4b75835aa16f8fa8f1e9",
          "matches_first_pass": null,
          "nonzero_frames": 0,
          "pcm_sha256_f32le_interleaved": "de2f256064a0af797747c2b97505dc0b9f3df0de4f489eac731c23ae9ca9cc31",
          "read_ms": 1072.224875,
          "requested_frames": 8192,
          "returned_frames": 8192,
          "sample_peak": 0.0,
          "start_sample": 8192
        },
        {
          "audio_budget_ms": 170.66666666666666,
          "exceeds_audio_budget": true,
          "first_read": false,
          "gain_sha256_f64le": "1370a56876f8d1c937a9943bbdaf2deffe1c7250001d4b75835aa16f8fa8f1e9",
          "matches_first_pass": null,
          "nonzero_frames": 0,
          "pcm_sha256_f32le_interleaved": "de2f256064a0af797747c2b97505dc0b9f3df0de4f489eac731c23ae9ca9cc31",
          "read_ms": 1085.106458,
          "requested_frames": 8192,
          "returned_frames": 8192,
          "sample_peak": 0.0,
          "start_sample": 16384
        },
        {
          "audio_budget_ms": 170.66666666666666,
          "exceeds_audio_budget": true,
          "first_read": false,
          "gain_sha256_f64le": "1370a56876f8d1c937a9943bbdaf2deffe1c7250001d4b75835aa16f8fa8f1e9",
          "matches_first_pass": null,
          "nonzero_frames": 0,
          "pcm_sha256_f32le_interleaved": "de2f256064a0af797747c2b97505dc0b9f3df0de4f489eac731c23ae9ca9cc31",
          "read_ms": 1099.872916,
          "requested_frames": 8192,
          "returned_frames": 8192,
          "sample_peak": 0.0,
          "start_sample": 24576
        },
        {
          "audio_budget_ms": 170.66666666666666,
          "exceeds_audio_budget": true,
          "first_read": false,
          "gain_sha256_f64le": "1370a56876f8d1c937a9943bbdaf2deffe1c7250001d4b75835aa16f8fa8f1e9",
          "matches_first_pass": null,
          "nonzero_frames": 0,
          "pcm_sha256_f32le_interleaved": "de2f256064a0af797747c2b97505dc0b9f3df0de4f489eac731c23ae9ca9cc31",
          "read_ms": 1117.9177499999998,
          "requested_frames": 8192,
          "returned_frames": 8192,
          "sample_peak": 0.0,
          "start_sample": 32768
        },
        {
          "audio_budget_ms": 170.66666666666666,
          "exceeds_audio_budget": true,
          "first_read": false,
          "gain_sha256_f64le": "1370a56876f8d1c937a9943bbdaf2deffe1c7250001d4b75835aa16f8fa8f1e9",
          "matches_first_pass": null,
          "nonzero_frames": 384,
          "pcm_sha256_f32le_interleaved": "841f17679e3b5009d478b9e15ccd4458e7435c2ccc672fd193d3f3e9e5eff7c8",
          "read_ms": 1193.0547080000001,
          "requested_frames": 8192,
          "returned_frames": 8192,
          "sample_peak": 0.749076783657074,
          "start_sample": 40960
        },
        {
          "audio_budget_ms": 170.66666666666666,
          "exceeds_audio_budget": true,
          "first_read": false,
          "gain_sha256_f64le": "1370a56876f8d1c937a9943bbdaf2deffe1c7250001d4b75835aa16f8fa8f1e9",
          "matches_first_pass": null,
          "nonzero_frames": 0,
          "pcm_sha256_f32le_interleaved": "de2f256064a0af797747c2b97505dc0b9f3df0de4f489eac731c23ae9ca9cc31",
          "read_ms": 1123.532958,
          "requested_frames": 8192,
          "returned_frames": 8192,
          "sample_peak": 0.0,
          "start_sample": 49152
        },
        {
          "audio_budget_ms": 170.66666666666666,
          "exceeds_audio_budget": true,
          "first_read": false,
          "gain_sha256_f64le": "1370a56876f8d1c937a9943bbdaf2deffe1c7250001d4b75835aa16f8fa8f1e9",
          "matches_first_pass": null,
          "nonzero_frames": 0,
          "pcm_sha256_f32le_interleaved": "de2f256064a0af797747c2b97505dc0b9f3df0de4f489eac731c23ae9ca9cc31",
          "read_ms": 1130.539583,
          "requested_frames": 8192,
          "returned_frames": 8192,
          "sample_peak": 0.0,
          "start_sample": 57344
        }
      ],
      "session": 1
    },
    {
      "kind": "fresh_session",
      "open_ms": 21.882584,
      "reads": [
        {
          "audio_budget_ms": 170.66666666666666,
          "exceeds_audio_budget": true,
          "first_read": true,
          "gain_sha256_f64le": "1370a56876f8d1c937a9943bbdaf2deffe1c7250001d4b75835aa16f8fa8f1e9",
          "matches_first_pass": true,
          "nonzero_frames": 2048,
          "pcm_sha256_f32le_interleaved": "462c0d27f09590eed178c0b699ab4a3167053cfb0bc47a295e85ff023ff82289",
          "read_ms": 1087.908459,
          "requested_frames": 8192,
          "returned_frames": 8192,
          "sample_peak": 0.5068195462226868,
          "start_sample": 0
        },
        {
          "audio_budget_ms": 170.66666666666666,
          "exceeds_audio_budget": true,
          "first_read": false,
          "gain_sha256_f64le": "1370a56876f8d1c937a9943bbdaf2deffe1c7250001d4b75835aa16f8fa8f1e9",
          "matches_first_pass": true,
          "nonzero_frames": 0,
          "pcm_sha256_f32le_interleaved": "de2f256064a0af797747c2b97505dc0b9f3df0de4f489eac731c23ae9ca9cc31",
          "read_ms": 1065.5035,
          "requested_frames": 8192,
          "returned_frames": 8192,
          "sample_peak": 0.0,
          "start_sample": 8192
        },
        {
          "audio_budget_ms": 170.66666666666666,
          "exceeds_audio_budget": true,
          "first_read": false,
          "gain_sha256_f64le": "1370a56876f8d1c937a9943bbdaf2deffe1c7250001d4b75835aa16f8fa8f1e9",
          "matches_first_pass": true,
          "nonzero_frames": 0,
          "pcm_sha256_f32le_interleaved": "de2f256064a0af797747c2b97505dc0b9f3df0de4f489eac731c23ae9ca9cc31",
          "read_ms": 1082.152625,
          "requested_frames": 8192,
          "returned_frames": 8192,
          "sample_peak": 0.0,
          "start_sample": 16384
        },
        {
          "audio_budget_ms": 170.66666666666666,
          "exceeds_audio_budget": true,
          "first_read": false,
          "gain_sha256_f64le": "1370a56876f8d1c937a9943bbdaf2deffe1c7250001d4b75835aa16f8fa8f1e9",
          "matches_first_pass": true,
          "nonzero_frames": 0,
          "pcm_sha256_f32le_interleaved": "de2f256064a0af797747c2b97505dc0b9f3df0de4f489eac731c23ae9ca9cc31",
          "read_ms": 1100.620334,
          "requested_frames": 8192,
          "returned_frames": 8192,
          "sample_peak": 0.0,
          "start_sample": 24576
        },
        {
          "audio_budget_ms": 170.66666666666666,
          "exceeds_audio_budget": true,
          "first_read": false,
          "gain_sha256_f64le": "1370a56876f8d1c937a9943bbdaf2deffe1c7250001d4b75835aa16f8fa8f1e9",
          "matches_first_pass": true,
          "nonzero_frames": 0,
          "pcm_sha256_f32le_interleaved": "de2f256064a0af797747c2b97505dc0b9f3df0de4f489eac731c23ae9ca9cc31",
          "read_ms": 1117.865,
          "requested_frames": 8192,
          "returned_frames": 8192,
          "sample_peak": 0.0,
          "start_sample": 32768
        },
        {
          "audio_budget_ms": 170.66666666666666,
          "exceeds_audio_budget": true,
          "first_read": false,
          "gain_sha256_f64le": "1370a56876f8d1c937a9943bbdaf2deffe1c7250001d4b75835aa16f8fa8f1e9",
          "matches_first_pass": true,
          "nonzero_frames": 384,
          "pcm_sha256_f32le_interleaved": "841f17679e3b5009d478b9e15ccd4458e7435c2ccc672fd193d3f3e9e5eff7c8",
          "read_ms": 1194.280875,
          "requested_frames": 8192,
          "returned_frames": 8192,
          "sample_peak": 0.749076783657074,
          "start_sample": 40960
        },
        {
          "audio_budget_ms": 170.66666666666666,
          "exceeds_audio_budget": true,
          "first_read": false,
          "gain_sha256_f64le": "1370a56876f8d1c937a9943bbdaf2deffe1c7250001d4b75835aa16f8fa8f1e9",
          "matches_first_pass": true,
          "nonzero_frames": 0,
          "pcm_sha256_f32le_interleaved": "de2f256064a0af797747c2b97505dc0b9f3df0de4f489eac731c23ae9ca9cc31",
          "read_ms": 1124.185083,
          "requested_frames": 8192,
          "returned_frames": 8192,
          "sample_peak": 0.0,
          "start_sample": 49152
        },
        {
          "audio_budget_ms": 170.66666666666666,
          "exceeds_audio_budget": true,
          "first_read": false,
          "gain_sha256_f64le": "1370a56876f8d1c937a9943bbdaf2deffe1c7250001d4b75835aa16f8fa8f1e9",
          "matches_first_pass": true,
          "nonzero_frames": 0,
          "pcm_sha256_f32le_interleaved": "de2f256064a0af797747c2b97505dc0b9f3df0de4f489eac731c23ae9ca9cc31",
          "read_ms": 1124.7424589999998,
          "requested_frames": 8192,
          "returned_frames": 8192,
          "sample_peak": 0.0,
          "start_sample": 57344
        }
      ],
      "session": 2
    },
    {
      "kind": "retained_session_repeat",
      "open_ms": null,
      "reads": [
        {
          "audio_budget_ms": 170.66666666666666,
          "exceeds_audio_budget": true,
          "first_read": true,
          "gain_sha256_f64le": "1370a56876f8d1c937a9943bbdaf2deffe1c7250001d4b75835aa16f8fa8f1e9",
          "matches_first_pass": true,
          "nonzero_frames": 2048,
          "pcm_sha256_f32le_interleaved": "462c0d27f09590eed178c0b699ab4a3167053cfb0bc47a295e85ff023ff82289",
          "read_ms": 1071.170791,
          "requested_frames": 8192,
          "returned_frames": 8192,
          "sample_peak": 0.5068195462226868,
          "start_sample": 0
        },
        {
          "audio_budget_ms": 170.66666666666666,
          "exceeds_audio_budget": true,
          "first_read": false,
          "gain_sha256_f64le": "1370a56876f8d1c937a9943bbdaf2deffe1c7250001d4b75835aa16f8fa8f1e9",
          "matches_first_pass": true,
          "nonzero_frames": 0,
          "pcm_sha256_f32le_interleaved": "de2f256064a0af797747c2b97505dc0b9f3df0de4f489eac731c23ae9ca9cc31",
          "read_ms": 1066.0355829999999,
          "requested_frames": 8192,
          "returned_frames": 8192,
          "sample_peak": 0.0,
          "start_sample": 8192
        },
        {
          "audio_budget_ms": 170.66666666666666,
          "exceeds_audio_budget": true,
          "first_read": false,
          "gain_sha256_f64le": "1370a56876f8d1c937a9943bbdaf2deffe1c7250001d4b75835aa16f8fa8f1e9",
          "matches_first_pass": true,
          "nonzero_frames": 0,
          "pcm_sha256_f32le_interleaved": "de2f256064a0af797747c2b97505dc0b9f3df0de4f489eac731c23ae9ca9cc31",
          "read_ms": 1082.856667,
          "requested_frames": 8192,
          "returned_frames": 8192,
          "sample_peak": 0.0,
          "start_sample": 16384
        },
        {
          "audio_budget_ms": 170.66666666666666,
          "exceeds_audio_budget": true,
          "first_read": false,
          "gain_sha256_f64le": "1370a56876f8d1c937a9943bbdaf2deffe1c7250001d4b75835aa16f8fa8f1e9",
          "matches_first_pass": true,
          "nonzero_frames": 0,
          "pcm_sha256_f32le_interleaved": "de2f256064a0af797747c2b97505dc0b9f3df0de4f489eac731c23ae9ca9cc31",
          "read_ms": 1101.31,
          "requested_frames": 8192,
          "returned_frames": 8192,
          "sample_peak": 0.0,
          "start_sample": 24576
        },
        {
          "audio_budget_ms": 170.66666666666666,
          "exceeds_audio_budget": true,
          "first_read": false,
          "gain_sha256_f64le": "1370a56876f8d1c937a9943bbdaf2deffe1c7250001d4b75835aa16f8fa8f1e9",
          "matches_first_pass": true,
          "nonzero_frames": 0,
          "pcm_sha256_f32le_interleaved": "de2f256064a0af797747c2b97505dc0b9f3df0de4f489eac731c23ae9ca9cc31",
          "read_ms": 1118.045375,
          "requested_frames": 8192,
          "returned_frames": 8192,
          "sample_peak": 0.0,
          "start_sample": 32768
        },
        {
          "audio_budget_ms": 170.66666666666666,
          "exceeds_audio_budget": true,
          "first_read": false,
          "gain_sha256_f64le": "1370a56876f8d1c937a9943bbdaf2deffe1c7250001d4b75835aa16f8fa8f1e9",
          "matches_first_pass": true,
          "nonzero_frames": 384,
          "pcm_sha256_f32le_interleaved": "841f17679e3b5009d478b9e15ccd4458e7435c2ccc672fd193d3f3e9e5eff7c8",
          "read_ms": 1193.3423750000002,
          "requested_frames": 8192,
          "returned_frames": 8192,
          "sample_peak": 0.749076783657074,
          "start_sample": 40960
        },
        {
          "audio_budget_ms": 170.66666666666666,
          "exceeds_audio_budget": true,
          "first_read": false,
          "gain_sha256_f64le": "1370a56876f8d1c937a9943bbdaf2deffe1c7250001d4b75835aa16f8fa8f1e9",
          "matches_first_pass": true,
          "nonzero_frames": 0,
          "pcm_sha256_f32le_interleaved": "de2f256064a0af797747c2b97505dc0b9f3df0de4f489eac731c23ae9ca9cc31",
          "read_ms": 1123.291542,
          "requested_frames": 8192,
          "returned_frames": 8192,
          "sample_peak": 0.0,
          "start_sample": 49152
        },
        {
          "audio_budget_ms": 170.66666666666666,
          "exceeds_audio_budget": true,
          "first_read": false,
          "gain_sha256_f64le": "1370a56876f8d1c937a9943bbdaf2deffe1c7250001d4b75835aa16f8fa8f1e9",
          "matches_first_pass": true,
          "nonzero_frames": 0,
          "pcm_sha256_f32le_interleaved": "de2f256064a0af797747c2b97505dc0b9f3df0de4f489eac731c23ae9ca9cc31",
          "read_ms": 1132.260917,
          "requested_frames": 8192,
          "returned_frames": 8192,
          "sample_peak": 0.0,
          "start_sample": 57344
        }
      ],
      "session": 2
    }
  ],
  "project_id": "fda812d7-31cd-4e29-aab7-c127c2e544dc",
  "revision_id": "9fee0c3e-90b6-43f8-b298-a1d99101e133",
  "sample_rate": 48000,
  "schema_version": 1,
  "scope": "read-only committed HEAD, canonical limited PCM preparation; no device or UI",
  "shortened_to_available_interval": false,
  "started_unix_ms": 1790795081940,
  "status": "measured"
}
