   Compiling deadpan-store v0.1.0 (/Users/michael/Code/deadpan/crates/deadpan-store)
   Compiling deadpan-cli v0.1.0 (/Users/michael/Code/deadpan/crates/deadpan-cli)
error[E0277]: the trait bound `Array<u8, UInt<UInt<UInt<UInt<..., ...>, ...>, ...>, ...>>: LowerHex` is not satisfied
   --> crates/deadpan-cli/examples/qualify_audio_stream.rs:109:9
    |
108 |         "{:x}",
    |          ---- required by this formatting parameter
109 |         Sha256::digest(document.to_json()?.as_bytes())
    |         ^^^^^^^^^^^^^^^^^^^^^^^^^^^^^^^^^^^^^^^^^^^^^^ the trait `LowerHex` is not implemented for `Array<u8, UInt<UInt<UInt<UInt<UInt<..., ...>, ...>, ...>, ...>, ...>>`
    |
    = help: the following other types implement trait `LowerHex`:
              &T
              &mut T
              Saturating<T>
              Wrapping<T>
              compiler_builtins::math::libm_math::support::big::i256
              compiler_builtins::math::libm_math::support::big::u256
              compiler_builtins::math::libm_math::support::hex_float::hex_fmt::Hex<T>
              half::bfloat::bf16
            and 194 others
    = note: the full name for the type has been written to '/Users/michael/Code/deadpan/target/debug/examples/qualify_audio_stream-be2475c529d84b0c.long-type-2024624339438131998.txt'
    = note: consider using `--verbose` to print the full type name to the console

error[E0277]: the trait bound `Array<u8, UInt<UInt<UInt<UInt<..., ...>, ...>, ...>, ...>>: LowerHex` is not satisfied
   --> crates/deadpan-cli/examples/qualify_audio_stream.rs:217:29
    |
217 |             format!("{:x}", pcm.finalize()),
    |                      ----   ^^^^^^^^^^^^^^ the trait `LowerHex` is not implemented for `Array<u8, UInt<UInt<UInt<UInt<UInt<..., ...>, ...>, ...>, ...>, ...>>`
    |                      |
    |                      required by this formatting parameter
    |
    = help: the following other types implement trait `LowerHex`:
              &T
              &mut T
              Saturating<T>
              Wrapping<T>
              compiler_builtins::math::libm_math::support::big::i256
              compiler_builtins::math::libm_math::support::big::u256
              compiler_builtins::math::libm_math::support::hex_float::hex_fmt::Hex<T>
              half::bfloat::bf16
            and 194 others
    = note: the full name for the type has been written to '/Users/michael/Code/deadpan/target/debug/examples/qualify_audio_stream-be2475c529d84b0c.long-type-2024624339438131998.txt'
    = note: consider using `--verbose` to print the full type name to the console

error[E0277]: the trait bound `Array<u8, UInt<UInt<UInt<UInt<..., ...>, ...>, ...>, ...>>: LowerHex` is not satisfied
   --> crates/deadpan-cli/examples/qualify_audio_stream.rs:218:29
    |
218 |             format!("{:x}", gain.finalize()),
    |                      ----   ^^^^^^^^^^^^^^^ the trait `LowerHex` is not implemented for `Array<u8, UInt<UInt<UInt<UInt<UInt<..., ...>, ...>, ...>, ...>, ...>>`
    |                      |
    |                      required by this formatting parameter
    |
    = help: the following other types implement trait `LowerHex`:
              &T
              &mut T
              Saturating<T>
              Wrapping<T>
              compiler_builtins::math::libm_math::support::big::i256
              compiler_builtins::math::libm_math::support::big::u256
              compiler_builtins::math::libm_math::support::hex_float::hex_fmt::Hex<T>
              half::bfloat::bf16
            and 194 others
    = note: the full name for the type has been written to '/Users/michael/Code/deadpan/target/debug/examples/qualify_audio_stream-be2475c529d84b0c.long-type-2024624339438131998.txt'
    = note: consider using `--verbose` to print the full type name to the console

error[E0277]: the trait bound `Array<u8, UInt<UInt<UInt<UInt<..., ...>, ...>, ...>, ...>>: LowerHex` is not satisfied
   --> crates/deadpan-cli/examples/qualify_audio_stream.rs:269:39
    |
269 |             return Ok(format!("{:x}", hash.finalize()));
    |                                ----   ^^^^^^^^^^^^^^^ the trait `LowerHex` is not implemented for `Array<u8, UInt<UInt<UInt<UInt<UInt<..., ...>, ...>, ...>, ...>, ...>>`
    |                                |
    |                                required by this formatting parameter
    |
    = help: the following other types implement trait `LowerHex`:
              &T
              &mut T
              Saturating<T>
              Wrapping<T>
              compiler_builtins::math::libm_math::support::big::i256
              compiler_builtins::math::libm_math::support::big::u256
              compiler_builtins::math::libm_math::support::hex_float::hex_fmt::Hex<T>
              half::bfloat::bf16
            and 194 others
    = note: the full name for the type has been written to '/Users/michael/Code/deadpan/target/debug/examples/qualify_audio_stream-be2475c529d84b0c.long-type-2024624339438131998.txt'
    = note: consider using `--verbose` to print the full type name to the console

For more information about this error, try `rustc --explain E0277`.
error: could not compile `deadpan-cli` (example "qualify_audio_stream") due to 4 previous errors
