info: syncing channel updates for 1.97.1-aarch64-unknown-linux-gnu
info: latest update on 2026-07-16 for version 1.97.1 (8bab26f4f 2026-07-14)
info: downloading component clippy
    Updating crates.io index
 Downloading crates ...
  Downloaded crypto-common v0.2.2
  Downloaded itoa v1.0.18
  Downloaded getrandom v0.4.3
  Downloaded cpufeatures v0.3.1
  Downloaded cfg-if v1.0.5
  Downloaded thiserror v2.0.20
  Downloaded errno v0.3.14
  Downloaded block-buffer v0.12.1
  Downloaded thiserror-impl v2.0.20
  Downloaded fastrand v2.5.0
  Downloaded zmij v1.0.23
  Downloaded digest v0.11.3
  Downloaded quote v1.0.47
  Downloaded tempfile v3.27.0
  Downloaded sha2 v0.11.0
  Downloaded hybrid-array v0.4.15
  Downloaded once_cell v1.21.4
  Downloaded bitflags v2.13.2
  Downloaded serde_derive v1.0.229
  Downloaded unicode-ident v1.0.26
  Downloaded proc-macro2 v1.0.107
  Downloaded serde v1.0.229
  Downloaded serde_core v1.0.229
  Downloaded memchr v2.8.3
  Downloaded typenum v1.20.1
  Downloaded serde_json v1.0.151
  Downloaded syn v3.0.6
  Downloaded rustix v1.1.5
  Downloaded libc v0.2.189
  Downloaded linux-raw-sys v0.12.1
   Compiling proc-macro2 v1.0.107
   Compiling unicode-ident v1.0.26
   Compiling quote v1.0.47
   Compiling rustix v1.1.5
   Compiling bitflags v2.13.2
   Compiling linux-raw-sys v0.12.1
   Compiling libc v0.2.189
   Compiling serde_core v1.0.229
   Compiling typenum v1.20.1
   Compiling zmij v1.0.23
   Compiling cfg-if v1.0.5
   Compiling serde v1.0.229
   Compiling getrandom v0.4.3
   Compiling serde_json v1.0.151
   Compiling thiserror v2.0.20
   Compiling itoa v1.0.18
   Compiling memchr v2.8.3
   Compiling fastrand v2.5.0
   Compiling once_cell v1.21.4
   Compiling hybrid-array v0.4.15
   Compiling syn v3.0.6
   Compiling cpufeatures v0.3.1
   Compiling crypto-common v0.2.2
   Compiling block-buffer v0.12.1
   Compiling digest v0.11.3
   Compiling sha2 v0.11.0
   Compiling deadpan-native-process v0.1.0 (/src/native/deadpan-process)
   Compiling tempfile v3.27.0
   Compiling serde_derive v1.0.229
   Compiling thiserror-impl v2.0.20
   Compiling deadpan-core v0.1.0 (/src/crates/deadpan-core)
   Compiling deadpan-jobs v0.1.0 (/src/crates/deadpan-jobs)
    Finished `test` profile [unoptimized + debuginfo] target(s) in 9.46s
     Running unittests src/lib.rs (/tmp/deadpan-linux-target/debug/deps/deadpan_jobs-d376d4ec9d80108f)

running 5 tests
test artifact::tests::mutation_after_open_is_rejected_deterministically ... ok
test artifact::tests::contained_metadata_classifies_device_and_owner_changes ... ok
test artifact::tests::growth_after_open_stops_at_the_declared_length ... ok
test supervisor::tests::failed_reap_prevents_a_second_pid_wait ... ok
test artifact::tests::cancellation_and_deadline_abort_between_copy_chunks ... ok

test result: ok. 5 passed; 0 failed; 0 ignored; 0 measured; 0 filtered out; finished in 0.01s

     Running tests/artifact.rs (/tmp/deadpan-linux-target/debug/deps/artifact-2009cb2a3fa3fb1f)

running 9 tests
test controlled_snapshot_reports_typed_interruption_before_filesystem_access ... ok
test sha256_matches_the_standard_abc_known_answer ... ok
test final_and_intermediate_symlinks_are_rejected ... ok
test output_scope_is_component_aware_and_strict ... ok
test retained_workspace_descriptor_ignores_later_root_path_replacement ... ok
test directories_fifos_and_sockets_are_rejected_without_blocking ... ok
test hardlinks_inside_or_outside_the_workspace_are_rejected ... ok
test valid_artifact_is_frozen_and_later_source_changes_do_not_reach_snapshot ... ok
test hash_length_and_budget_failures_are_distinct ... ok

test result: ok. 9 passed; 0 failed; 0 ignored; 0 measured; 0 filtered out; finished in 0.00s

     Running tests/generation_plan.rs (/tmp/deadpan-linux-target/debug/deps/generation_plan-78ae916bcebc05b9)

running 10 tests
test deserialized_plan_can_be_checked_against_selected_capability ... ok
test legal_rounding_uses_distance_and_breaks_exact_ties_upward ... ok
test samples_are_lazy_exact_and_exclude_both_conditioning_endpoints ... ok
test fractional_rates_choose_nearest_legal_count_and_report_exact_timing ... ok
test formula_and_dimension_limits_reject_invalid_bounds ... ok
test rejects_unsupported_bridge_dimensions_and_out_of_capability_duration ... ok
test sampling_map_preserves_exact_plan_contract ... ok
test huge_requests_fail_boundedly_without_sample_allocation ... ok
test one_frame_maps_to_strict_native_midpoint ... ok
test serialization_is_strict_and_revalidates_derived_fields ... ok

test result: ok. 10 passed; 0 failed; 0 ignored; 0 measured; 0 filtered out; finished in 0.00s

     Running tests/lifecycle.rs (/tmp/deadpan-linux-target/debug/deps/lifecycle-443ef5c4b46a1fb6)

running 15 tests
test buffered_stage_and_progress_are_ignored_during_cancellation ... ok
test durable_checkpoint_rejects_impossible_state_payload_combinations ... ok
test host_can_finalize_killed_worker_or_record_process_failure ... ok
test host_failure_and_cancellation_remain_available_during_validation ... ok
test completion_during_cancellation_waits_for_host_reap_without_candidate ... ok
test completion_requires_explicit_host_validation_before_ready ... ok
test native_bridge_completion_requires_exact_bundle_validation ... ok
test progress_is_monotonic_within_the_announced_stage ... ok
test rejects_wrong_identity_regressions_and_post_terminal_messages ... ok
test context_hash_changes_stale_a_job_but_unrelated_revision_is_not_a_binding ... ok
test lifecycle_rejects_message_and_checkpoint_protocol_crossovers ... ok
test stale_or_detached_binding_never_silently_revives_or_authorizes_edit ... ok
test v2_late_completion_during_cancellation_is_discarded_until_reap ... ok
test worker_cancellation_acknowledgement_is_durable_but_not_reaped ... ok
test worker_messages_after_completion_cannot_bypass_host_validation ... ok

test result: ok. 15 passed; 0 failed; 0 ignored; 0 measured; 0 filtered out; finished in 0.00s

     Running tests/protocol.rs (/tmp/deadpan-linux-target/debug/deps/protocol-be1d7f3a5bfa23fb)

running 11 tests
test bridge_v2_round_trips_strict_plan_and_native_declaration ... ok
test progress_is_stage_local_exact_units ... ok
test rejects_malformed_unknown_and_wrong_protocol_payloads ... ok
test legacy_v1_wire_shape_is_unchanged ... ok
test native_manifest_rejects_duplicate_references_and_unknown_fields ... ok
test distinguishes_truncated_header_and_body ... ok
test rejects_oversized_length_before_body_allocation_or_read ... ok
test request_round_trip_preserves_exact_typed_contract ... ok
test rejects_protocol_operation_crossovers_and_plan_mismatch ... ok
test round_trips_fragmented_frames_and_clean_eof ... ok
test validates_paths_ids_hashes_dimensions_and_progress_during_deserialization ... ok

test result: ok. 11 passed; 0 failed; 0 ignored; 0 measured; 0 filtered out; finished in 0.00s

     Running tests/supervisor.rs (/tmp/deadpan-linux-target/debug/deps/supervisor-c31738bf2ade714f)

running 13 tests
test workspace_symlinks_relative_executables_and_unbounded_deadlines_are_rejected ... ok
test response_protocol_must_match_initial_request ... ok
test orphaned_descendant_cannot_keep_worker_pipes_open ... ok
test stderr_is_drained_but_retained_tail_is_bounded ... ok
test cooperative_cancel_preserves_identity_and_does_not_escalate ... ok
test late_poll_observes_exit_before_applying_a_timeout ... ok
test wrong_attempt_and_messages_after_completion_are_rejected ... ok
test dropping_a_flooding_worker_releases_pipe_backpressure ... ok
test private_environment_and_fragmented_messages_finish_before_exit ... ok
test unresponsive_worker_is_killed_after_grace_and_deadline ... ok
test successful_worker_cleans_up_many_forking_descendants_before_delivering_candidate ... ok
test escaped_descendant_cannot_hang_pipe_cleanup ... ok
test invalid_protocol_missing_completion_and_bad_exit_never_pass ... ok

test result: ok. 13 passed; 0 failed; 0 ignored; 0 measured; 0 filtered out; finished in 2.14s

     Running unittests examples/qualify_model_worker.rs (/tmp/deadpan-linux-target/debug/examples/qualify_model_worker-3d793374cf66f63a)

running 3 tests
test supported::tests::clean_exit_without_candidate_is_not_success ... ok
test supported::tests::reaping_finishes_cancel_when_completion_was_suppressed ... ok
test supported::tests::supervisor_faults_fail_and_keep_the_first_terminal_reason ... ok

test result: ok. 3 passed; 0 failed; 0 ignored; 0 measured; 0 filtered out; finished in 0.00s

     Running unittests src/lib.rs (/tmp/deadpan-linux-target/debug/deps/deadpan_native_process-d7f721b12975f0a4)

running 7 tests
test tests::signal_results_never_override_persistent_members_or_deadline ... ok
test tests::successful_signal_requires_membership_confirmation_and_can_need_retry ... ok
test tests::linux_group_signal_rejects_lost_reaping_ownership ... ok
test tests::unexpected_signal_errors_fail_without_retry ... ok
test tests::transient_darwin_signal_errors_require_subsequent_empty_group ... ok
test tests::lost_ownership_prevents_every_subsequent_signal ... ok
test tests::native_leader_fallback_checks_ownership_without_claiming_group_cleanup ... ok

test result: ok. 7 passed; 0 failed; 0 ignored; 0 measured; 0 filtered out; finished in 0.01s

     Running tests/linux_ownership.rs (/tmp/deadpan-linux-target/debug/deps/linux_ownership-89b0280acabe966d)

running 2 tests
test escaped_leader_helper ... ok
test escaped_owned_leader_requires_checked_fallback_before_reaping ...    Doc-tests deadpan_jobs
ok

test result: ok. 2 passed; 0 failed; 0 ignored; 0 measured; 0 filtered out; finished in 0.01s


running 0 tests

test result: ok. 0 passed; 0 failed; 0 ignored; 0 measured; 0 filtered out; finished in 0.00s

   Doc-tests deadpan_native_process

running 0 tests

test result: ok. 0 passed; 0 failed; 0 ignored; 0 measured; 0 filtered out; finished in 0.00s

