   Compiling deadpan-core v0.1.0 (/Users/michael/Code/deadpan/crates/deadpan-core)
   Compiling deadpan-media v0.1.0 (/Users/michael/Code/deadpan/crates/deadpan-media)
   Compiling deadpan-jobs v0.1.0 (/Users/michael/Code/deadpan/crates/deadpan-jobs)
   Compiling deadpan-plan v0.1.0 (/Users/michael/Code/deadpan/crates/deadpan-plan)
   Compiling deadpan-render v0.1.0 (/Users/michael/Code/deadpan/crates/deadpan-render)
   Compiling deadpan-audio v0.1.0 (/Users/michael/Code/deadpan/crates/deadpan-audio)
   Compiling deadpan-store v0.1.0 (/Users/michael/Code/deadpan/crates/deadpan-store)
   Compiling deadpan-models v0.1.0 (/Users/michael/Code/deadpan/crates/deadpan-models)
   Compiling deadpan-cli v0.1.0 (/Users/michael/Code/deadpan/crates/deadpan-cli)
   Compiling deadpan-playback v0.1.0 (/Users/michael/Code/deadpan/crates/deadpan-playback)
   Compiling deadpan-app v0.1.0 (/Users/michael/Code/deadpan/crates/deadpan-app)
error: recursion limit reached while expanding `$crate::json_internal!`
   --> crates/deadpan-app/src/preview/harness.rs:530:28
    |
530 |           let mut snapshot = json!({
    |  ____________________________^
531 | |             "pane":format!("{:?}",app.pane),"context":format!("{:?}",app.view),
532 | |             "selected_beat":app.selected_beat,"selected_source":app.selected_source,
533 | |             "selected_sound":app.selected_sound,"sound_cursor":app.sound_cursor,
...   |
554 | |             "footer_command_open":app.feedback.footer_command_open,
555 | |         });
    | |__________^
    |
    = help: consider increasing the recursion limit by adding a `#![recursion_limit = "256"]` attribute to your crate (`deadpan_app`)
    = note: this error originates in the macro `$crate::json_internal` which comes from the expansion of the macro `json` (in Nightly builds, run with -Z macro-backtrace for more info)

error: could not compile `deadpan-app` (bin "deadpan-app") due to 1 previous error
warning: build failed, waiting for other jobs to finish...
error: could not compile `deadpan-app` (bin "deadpan-app" test) due to 1 previous error
