   Compiling unicode-ident v1.0.26
    Checking bitflags v2.13.2
    Checking cfg-if v1.0.5
    Checking once_cell v1.21.4
    Checking itoa v1.0.18
    Checking memchr v2.8.3
    Checking fastrand v2.5.0
    Checking libc v0.2.189
    Checking serde_core v1.0.229
    Checking zmij v1.0.23
    Checking arrayvec v0.7.8
    Checking typenum v1.20.1
    Checking constant_time_eq v0.4.2
    Checking foldhash v0.2.0
   Compiling deadpan-source v0.1.0 (/Users/michael/Code/deadpan/native/deadpan-source)
    Checking libm v0.2.16
    Checking smallvec v1.16.1
    Checking objc2-encode v4.1.0
   Compiling proc-macro2 v1.0.107
   Compiling getrandom v0.3.4
    Checking libsqlite3-sys v0.38.2
    Checking objc2 v0.6.4
    Checking hashbrown v0.17.1
    Checking fallible-streaming-iterator v0.1.9
    Checking fallible-iterator v0.3.0
    Checking fnv v1.0.7
    Checking bit-vec v0.8.0
    Checking quick-error v1.2.3
    Checking blake3 v1.8.7
   Compiling deadpan-dsp v0.1.0 (/Users/michael/Code/deadpan/native/deadpan-dsp)
    Checking unarray v0.1.4
    Checking getrandom v0.4.3
    Checking errno v0.3.14
    Checking hybrid-array v0.4.15
    Checking num-traits v0.2.19
    Checking serde_json v1.0.151
    Checking cpufeatures v0.3.1
   Compiling quote v1.0.47
    Checking deadpan-fileclone v0.1.0 (/Users/michael/Code/deadpan/native/deadpan-fileclone)
    Checking rustix v1.1.5
    Checking wait-timeout v0.2.1
    Checking uuid v1.26.1
    Checking regex-syntax v0.8.11
    Checking log v0.4.34
    Checking bit-set v0.8.0
    Checking raw-window-handle v0.6.2
    Checking hashlink v0.12.2
    Checking scopeguard v1.2.0
    Checking block-buffer v0.12.1
    Checking crypto-common v0.2.2
    Checking block2 v0.6.2
    Checking equivalent v1.0.2
    Checking parking_lot_core v0.9.12
    Checking rustc-hash v1.1.0
   Compiling syn v3.0.6
   Compiling syn v2.0.119
    Checking rand_core v0.9.5
    Checking unicode-width v0.2.2
    Checking bit-vec v0.9.1
    Checking profiling v1.0.18
    Checking rusqlite v0.40.2
    Checking static_assertions v1.1.0
    Checking lock_api v0.4.14
    Checking indexmap v2.14.2
    Checking libloading v0.8.9
    Checking dispatch2 v0.3.1
    Checking digest v0.11.3
   Compiling deadpan-encode v0.1.0 (/Users/michael/Code/deadpan/native/deadpan-encode)
    Checking tempfile v3.27.0
    Checking deadpan-native-process v0.1.0 (/Users/michael/Code/deadpan/native/deadpan-process)
    Checking pollster v1.0.1
   Compiling serde_derive v1.0.229
   Compiling thiserror-impl v2.0.20
   Compiling zerocopy-derive v0.8.57
   Compiling bytemuck_derive v1.12.1
    Checking rand v0.9.5
    Checking rand_xorshift v0.4.0
    Checking bit-set v0.10.0
    Checking codespan-reporting v0.13.1
    Checking signal-hook-registry v1.4.8
    Checking rusty-fork v0.3.1
    Checking parking_lot v0.12.5
    Checking deadpan-filesystem v0.1.0 (/Users/michael/Code/deadpan/native/deadpan-filesystem)
    Checking sha2 v0.11.0
    Checking objc2-core-foundation v0.3.2
    Checking objc2-core-audio-types v0.3.2
    Checking objc-sys v0.3.5
    Checking simd-adler32 v0.3.10
    Checking accesskit v0.24.1
    Checking polycool v0.4.0
    Checking thiserror v2.0.20
    Checking bytemuck v1.25.2
    Checking serde v1.0.229
    Checking adler2 v2.0.1
    Checking euclid v0.22.14
    Checking zerocopy v0.8.57
    Checking core-foundation-sys v0.8.7
    Checking signal-hook v0.3.18
    Checking mach2 v0.6.0
    Checking dispatch v0.2.0
    Checking dasp_sample v0.11.0
    Checking objc2 v0.5.2
    Checking linebender_resource_handle v0.1.1
    Checking crc32fast v1.5.2
   Compiling foreign-types-macros v0.2.4
    Checking objc2-foundation v0.3.2
    Checking objc2-core-graphics v0.3.2
    Checking kurbo v0.13.1
    Checking naga-types v30.0.1
    Checking deadpan-core v0.1.0 (/Users/michael/Code/deadpan/crates/deadpan-core)
    Checking color v0.3.3
    Checking font-types v0.12.5
    Checking ppv-lite86 v0.2.21
    Checking half v2.7.1
    Checking core-foundation v0.9.4
    Checking guillotiere v0.7.0
    Checking miniz_oxide v0.9.1
    Checking hashbrown v0.16.1
    Checking rtrb v0.4.0
    Checking block2 v0.5.1
    Checking objc2-metal v0.3.2
    Checking objc2-app-kit v0.3.2
    Checking objc2-core-audio v0.3.2
    Checking bitflags v1.3.2
    Checking foreign-types-shared v0.3.1
    Checking wgpu-types v30.0.1
    Checking fearless_simd v0.4.1
    Checking peniko v0.6.1
    Checking read-fonts v0.41.0
    Checking rand_chacha v0.9.0
    Checking emath v0.36.2
    Checking naga v30.0.1
    Checking tracing-core v0.1.36
    Checking objc2-foundation v0.2.2
    Checking pin-project-lite v0.2.17
    Checking flate2 v1.1.10
    Checking zune-core v0.5.3
    Checking objc2-quartz-core v0.3.2
    Checking deadpan-media v0.1.0 (/Users/michael/Code/deadpan/crates/deadpan-media)
    Checking deadpan-plan v0.1.0 (/Users/michael/Code/deadpan/crates/deadpan-plan)
    Checking deadpan-jobs v0.1.0 (/Users/michael/Code/deadpan/crates/deadpan-jobs)
    Checking objc2-audio-toolbox v0.3.2
    Checking core-graphics-types v0.1.3
    Checking foreign-types v0.5.0
    Checking ahash v0.8.12
    Checking vello_common v0.1.0
    Checking proptest v1.11.0
    Checking harfrust v0.12.0
    Checking ecolor v0.36.2
    Checking skrifa v0.44.0
    Checking unicode-general-category v1.1.0
    Checking tracing v0.1.44
    Checking zune-jpeg v0.5.15
    Checking raw-window-metal v1.1.0
    Checking objc2-app-kit v0.2.2
    Checking wgpu-naga-bridge v30.0.1
error: using `chunks_exact_mut` with a constant chunk size
   --> crates/deadpan-media/src/audio_session.rs:218:63
    |
218 |                 for (value, bytes) in chunk.iter().zip(buffer.chunks_exact_mut(4)) {
    |                                                               ^^^^^^^^^^^^^^^^^^^
    |
help: consider using `as_chunks_mut::<4>()` instead
   --> crates/deadpan-media/src/audio_session.rs:218:63
    |
218 |                 for (value, bytes) in chunk.iter().zip(buffer.chunks_exact_mut(4)) {
    |                                                               ^^^^^^^^^^^^^^^^^^^
    = help: for further information visit https://rust-lang.github.io/rust-clippy/rust-1.98.0/index.html#chunks_exact_to_as_chunks
    = note: `-D clippy::chunks-exact-to-as-chunks` implied by `-D warnings`
    = help: to override `-D warnings` add `#[allow(clippy::chunks_exact_to_as_chunks)]`

error: using `chunks_exact` with a constant chunk size
   --> crates/deadpan-media/src/audio_session.rs:318:42
    |
318 |                         buffer[..length].chunks_exact(4).map(|bytes| {
    |                                          ^^^^^^^^^^^^^^^ help: consider using `as_chunks` instead: `as_chunks::<4>().0.iter()`
    |
    = help: for further information visit https://rust-lang.github.io/rust-clippy/rust-1.98.0/index.html#chunks_exact_to_as_chunks

error: could not compile `deadpan-media` (lib) due to 2 previous errors
warning: build failed, waiting for other jobs to finish...
