   Compiling deadpan-core v0.1.0 (/Users/michael/Code/deadpan/crates/deadpan-core)
error[E0425]: cannot find type `FrameRange` in this scope
   --> crates/deadpan-core/src/command.rs:133:16
    |
133 |         range: FrameRange,
    |                ^^^^^^^^^^ not found in this scope
    |
help: consider importing this struct through its public re-export
    |
  1 + use crate::FrameRange;
    |

error[E0425]: cannot find type `SplitIdentities` in this scope
   --> crates/deadpan-core/src/command.rs:134:21
    |
134 |         identities: SplitIdentities,
    |                     ^^^^^^^^^^^^^^^ not found in this scope
    |
help: consider importing this struct through its public re-export
    |
  1 + use crate::SplitIdentities;
    |

For more information about this error, try `rustc --explain E0425`.
error: could not compile `deadpan-core` (lib) due to 2 previous errors
