   Compiling serde_core v1.0.229
    Checking winnow v1.0.4
    Checking accesskit_consumer v0.35.0
    Checking toml_parser v1.1.3+spec-1.1.0
    Checking kittest v0.4.0
    Checking serde v1.0.229
    Checking serde_json v1.0.151
    Checking serde_spanned v1.1.1
    Checking toml_datetime v1.1.1+spec-1.1.0
    Checking toml v1.1.6+spec-1.1.0
    Checking deadpan-core v0.1.0 (/Users/michael/Code/deadpan/crates/deadpan-core)
    Checking egui_kittest v0.36.2
    Checking deadpan-media v0.1.0 (/Users/michael/Code/deadpan/crates/deadpan-media)
    Checking deadpan-plan v0.1.0 (/Users/michael/Code/deadpan/crates/deadpan-plan)
    Checking deadpan-jobs v0.1.0 (/Users/michael/Code/deadpan/crates/deadpan-jobs)
    Checking deadpan-render v0.1.0 (/Users/michael/Code/deadpan/crates/deadpan-render)
    Checking deadpan-store v0.1.0 (/Users/michael/Code/deadpan/crates/deadpan-store)
    Checking deadpan-audio v0.1.0 (/Users/michael/Code/deadpan/crates/deadpan-audio)
    Checking deadpan-cli v0.1.0 (/Users/michael/Code/deadpan/crates/deadpan-cli)
    Checking deadpan-playback v0.1.0 (/Users/michael/Code/deadpan/crates/deadpan-playback)
    Checking deadpan-app v0.1.0 (/Users/michael/Code/deadpan/crates/deadpan-app)
    Finished `dev` profile [unoptimized + debuginfo] target(s) in 3m 01s
