    Checking deadpan-jobs v0.1.0 (/Users/michael/Code/deadpan/crates/deadpan-jobs)
    Checking deadpan-filesystem v0.1.0 (/Users/michael/Code/deadpan/native/deadpan-filesystem)
    Checking deadpan-store v0.1.0 (/Users/michael/Code/deadpan/crates/deadpan-store)
    Checking deadpan-models v0.1.0 (/Users/michael/Code/deadpan/crates/deadpan-models)
error[E0277]: the trait bound `usize: ToSql` is not satisfied
   --> crates/deadpan-store/src/publication.rs:227:302
    |
227 | ...HERE publication_id=?1",params![id.as_str(),MAX_RECORD],|row|Ok((row.get(0)?,row.get(1)?,row.get(2)?))).optional()?;
    |                            ^^^^^^^^^^^^^^^^^^^^^^^^^^^^^^^ the trait `ToSql` is not implemented for `usize`
    |
    = help: the following other types implement trait `ToSql`:
              f32
              f64
              i16
              i32
              i64
              i8
              isize
              u16
            and 2 others
    = note: required for the cast from `&usize` to `&dyn ToSql`
    = note: this error originates in the macro `params` (in Nightly builds, run with -Z macro-backtrace for more info)

error[E0277]: the trait bound `usize: ToSql` is not satisfied
   --> crates/deadpan-store/src/publication.rs:248:405
    |
248 | ...HERE operation_id=?1",params![id.as_str(),MAX_OPERATION],|row|Ok((row.get(0)?,row.get(1)?,row.get(2)?,row.get(3)?,row.get(4)?)))...
    |                          ^^^^^^^^^^^^^^^^^^^^^^^^^^^^^^^^^^ the trait `ToSql` is not implemented for `usize`
    |
    = help: the following other types implement trait `ToSql`:
              f32
              f64
              i16
              i32
              i64
              i8
              isize
              u16
            and 2 others
    = note: required for the cast from `&usize` to `&dyn ToSql`
    = note: this error originates in the macro `params` (in Nightly builds, run with -Z macro-backtrace for more info)

error[E0277]: the trait bound `usize: ToSql` is not satisfied
   --> crates/deadpan-store/src/publication.rs:267:170
    |
267 | ...on.query_row(&format!("SELECT EXISTS(SELECT 1 FROM {table} WHERE typeof(body)!='text' OR length(CAST(body AS BLOB)) NOT BETWEEN 1 AND ?1)"),[bound],|r...
    |       --------- required by a bound introduced by this call                                                                                    ^^^^^^^ the trait `ToSql` is not implemented for `usize`
    |
    = help: the following other types implement trait `ToSql`:
              f32
              f64
              i16
              i32
              i64
              i8
              isize
              u16
            and 2 others
    = note: required for `[usize; 1]` to implement `Params`
note: required by a bound in `Connection::query_row`
   --> /Users/michael/.cargo/registry/src/index.crates.io-1949cf8c6b5b557f/rusqlite-0.40.2/src/lib.rs:684:12
    |
682 |     pub fn query_row<T, P, F>(&self, sql: &str, params: P, f: F) -> Result<T>
    |            --------- required by a bound in this associated function
683 |     where
684 |         P: Params,
    |            ^^^^^^ required by this bound in `Connection::query_row`

For more information about this error, try `rustc --explain E0277`.
error: could not compile `deadpan-store` (lib) due to 3 previous errors
