   Compiling deadpan-store v0.1.0 (/Users/michael/Code/deadpan/crates/deadpan-store)
    Finished `test` profile [unoptimized + debuginfo] target(s) in 21.58s
     Running tests/migration.rs (target/debug/deps/migration-1ec6c371835407ea)

running 124 tests
test composite_insert::every_legacy_insert_request_requires_its_pre_edit_physical_suffix ... ok
test composite_insert::schema23_snapshot_request_and_patch_fields_remain_closed ... ok
test earlier_occurrence_copy_history_gains_only_replayed_lineage ... ok
test corruption_is_rejected_without_promoting_any_migrated_rows ... ok
test audio_reanchors::modern_reanchor_intent_survives_durable_history_undo_redo_and_reopen ... ok
test audio_reanchors::actual_schema26_binary_retains_selected_audio_phase_terms_and_pending_redo ... ok
test audio_gap_bindings::actual_schema27_binary_retains_reanchors_phase_terms_and_pending_redo ... ok
test framing::frozen_v17_rejects_framing_in_commands_subtrees_occurrences_and_patches ... ok
test audio_gap_bindings::gap_bindings_survive_durable_commands_undo_redo_and_reopen ... ok
test composite_insert::valid_modern_composite_history_cannot_claim_schema27_through29 ... ok
test framing::actual_old_binary_schema23_fixture_replays_every_snapshot_and_pending_redo ... ok
test every_old_database_rejects_new_asset_hash_vocabulary_without_promotion ... ok
test framing::schema23_cannot_smuggle_new_node_fields_and_failed_migration_keeps_original ... ok
test framing::schema23_keeps_insert_time_history_and_redo_then_persists_framing ... ok
test gain::legacy_history_rejects_direct_and_occurrence_gain_commands ... ok
test gain::authored_gain_is_durable_reversible_and_revision_guarded_after_migration ... ok
test gap_branches::earlier_frozen_layout_adapter_rejects_explicit_gap_map ... ok
test gain::actual_schema38_history_preserves_hold_setters_isolation_receipts_and_pending_redo ... ok
test gap_branches::schema22_command_and_nested_subtree_grammar_stays_closed ... ok
test gap_branches::actual_schema28_binary_history_replays_through_pending_redo ... ok
test gap_branches::actual_schema28_gap_binding_survives_replay_and_pending_redo ... ok
test composite_insert::actual_schema29_history_retains_insert_time_gap_clocks_and_pending_redo ... ok
test audio_reanchors::schema26_rejects_reanchors_in_snapshots_and_both_nested_patch_directions ... ok
test every_old_schema_rejects_override_vocabulary_before_promotion ... ok
test hold_audio::schema31_rejects_direct_and_occurrence_setters_even_with_matching_modern_history ... ok
test hold_audio::actual_schema37_history_preserves_allowances_routes_branches_receipts_and_pending_redo ... ok
test hold_audio::schema31_compares_allowances_in_snapshots_and_both_patch_directions ... ok
test hold_audio::schema31_rejects_hold_policy_patches_forged_under_an_old_command ... ok
test interior_insert::schema24_admits_composite_seams_but_rejects_interior_physical_splits ... ok
test insert_time::atomic_insert_time_history_survives_reopen_undo_redo_and_rejected_requests ... ok
test insert_time::schema22_preserves_bindings_patches_and_redo_in_the_backed_up_migration ... ok
test legacy_database_rejects_preexisting_qualification_inventory_without_losing_it ... ok
test interior_insert::valid_modern_interior_history_cannot_claim_schema30 ... ok
test legacy_projection_cannot_hide_empty_override_entries_from_faulty_replay ... ok
test legacy_projection_cannot_hide_marks_added_by_a_faulty_replay ... ok
test every_legacy_snapshot_retains_its_exact_explicit_presentation_basis ... ok
test legacy_schema_cannot_smuggle_modern_original_records_through_migration ... ok
test migration_promotes_with_a_live_wal_reader_without_replacing_its_snapshot ... ok
test moment_splice::schema26_rejects_new_source_splice_without_promoting_valid_modern_history ... ok
test old_binary_history_migrates_with_stable_ids_and_pending_redo ... ok
test every_legacy_snapshot_defaults_audio_edges_without_retiming ... ok
test insert_time::schema22_rejects_new_commands_and_nested_binding_vocabulary_without_promotion ... ok
test picture_context::schema24_rejects_injected_null_context_without_touching_original_or_backup ... ok
test picture_context::actual_schema24_binary_fixture_preserves_every_snapshot_history_backup_and_redo ... ok
test publication::schema40_publication_vocabulary_collision_preserves_original ... ok
test publication::authentic_schema40_publication_upgrade_preserves_every_previous_cell ... ok
test every_legacy_database_retains_single_binding_marks_without_default_json_growth ... ok
test render_jobs::schema39_render_vocabulary_collision_fails_before_promotion ... ok
test old_schemas_reject_new_mark_vocabulary_without_changing_original ... ok
test gap_branches::schema28_rejects_gap_branch_fields_in_snapshot_patch_and_frozen_layout ... ok
test retime::retime_wrap_update_and_navigation_are_durable_atomic_edits ... ok
test render_jobs::authentic_schema39_gains_empty_render_tables_without_rewriting_any_old_cell ... ok
test schema_eight_retains_unqualified_bundle_json_and_pending_redo ... ok
test insert_time::all_older_database_grammars_reject_insert_time_before_replay ... ok
test schema_eight_rejects_modern_evidence_and_corruption_without_promotion ... ok
test gain::legacy_history_rejects_gain_presence_in_snapshots_and_both_patch_sides ... ok
test schema_eighteen_replays_partitions_marks_branches_and_pending_redo ... ok
test retime::schema27_rejects_new_retime_commands_even_with_matching_modern_history ... ok
test schema_eleven_preserves_independent_audio_chronology_and_all_operational_rows ... ok
test interior_insert::schema24_snapshot_request_and_patch_fields_remain_closed_without_promotion ... ok
test schema_eighteen_rejects_fragment_vocabulary_without_promotion ... ok
test schema_five_invalid_requests_and_table_collisions_never_promote ... ok
test schema_five_preserves_requests_clocks_history_and_pending_redo ... ok
test schema_four_migrates_core_vocabulary_and_preserves_authored_history ... ok
test schema_four_rejects_corruption_and_operational_table_collisions_before_promotion ... ok
test schema_nine_adds_empty_original_inventory_and_preserves_full_history ... ok
test schema_fifteen_preserves_presentation_chronology_and_all_operational_state ... ok
test schema_seven_preserves_legacy_core_history_and_selected_legacy_attempt ... ok
test schema_nineteen_replays_fragment_loss_branches_and_pending_redo ... ok
test schema_nineteen_rejects_unknown_fragment_fields_in_all_history_positions ... ok
test schema_fourteen_preserves_explicit_basis_and_qualified_source_branches ... ok
test schema_seventeen_preserves_single_original_floor_and_authored_crop_history ... ok
test schema_six_preserves_attempts_and_defers_recovery_until_writer_open ... ok
test schema_sixteen_rejects_premature_profile_vocabulary_without_touching_original ... ok
test schema_ten_preserves_source_audio_history_generated_receipts_and_originals ... ok
test schema_sixteen_retains_exact_core_eleven_history_and_stays_generic ... ok
test schema_six_corruption_preserves_original_history_jobs_and_backup ... ok
test schema_eleven_rejects_video_vocabulary_and_corruption_without_promotion ... ok
test schema_seventeen_rejects_new_purpose_everywhere_and_missing_profile_without_promotion ... ok
test schema_thirteen_preserves_exact_placements_without_inventing_qualification ... ok
test schema_fourteen_rejects_new_primary_fields_and_damaged_historical_receipts ... ok
test every_legacy_schema_rejects_presentation_vocabulary_without_promotion ... ok
test schema_three_mark_corruption_retains_original_and_backup ... ok
test interior_insert::actual_schema30_history_retains_composite_seams_gap_clocks_and_pending_redo ... ok
test schema_three_history_preserves_every_mark_and_pending_redo ... ok
test schema_two_duplicate_identities_are_rejected_before_promotion ... ok
test schema_twenty_one_rejects_changed_lineage_without_promotion ... ok
test schema_twenty_replays_lineage_from_copy_history_and_preserves_navigation ... ok
test schema_twenty_one_retains_exact_lineage_and_does_not_invent_audio_bindings ... ok
test sequence_insert::schema25_context_admits_root_seams_but_not_nested_sequence_interiors ... ok
test schema_twelve_preserves_stream_mappings_and_accepts_reversible_exact_placement ... ok
test schema_two_history_preserves_compact_identities_and_pending_redo ... ok
test sound_allowances::schema30_frozen_guard_retains_root_split_and_temporal_occurrence_rejections ... ok
test sound_allowances::schema30_projections_never_discard_modern_allowances ... ok
test sound_allowances::schema30_rejects_allowance_commands_in_abandoned_history ... ok
test schema_ten_rejects_new_audio_vocabulary_and_corruption_without_promotion ... ok
test sequence_insert::matching_modern_nested_history_cannot_claim_schema31 ... ok
test sound_allowances::actual_schema36_sound_history_preserves_routes_branches_receipts_and_pending_redo ... ok
test sound_routes::actual_schema35_sound_history_preserves_recipes_receipts_branches_and_redo ... ok
test every_legacy_database_rejects_split_ingress_without_promotion ... ok
test sound_routes::schema29_rejects_replace_sound_even_with_matching_patches ... ok
test sound_routes::schema29_rejects_new_sound_bearing_split_even_without_new_route_fields ... ok
test schema_twelve_rejects_placement_vocabulary_in_all_history_surfaces ... ok
test sound_routes::sound_ripple_history_is_atomic_durable_and_rechecks_unchanged_recipe_receipts ... ok
test moment_splice::schema26_snapshot_request_and_patch_fields_remain_closed_without_promotion ... ok
test sound_routes::schema29_rejects_route_fields_even_empty_or_null ... ok
test source_selection::actual_schema25_binary_preserves_captured_views_audio_history_and_pending_redo ... ok
test sound_allowances::schema30_rejects_allowance_fields_in_all_snapshot_and_patch_positions ... ok
test source_selection::schema25_rejects_new_mapping_variant_or_null_selection_without_touching_original ... ok
test schema_thirteen_rejects_registration_vocabulary_and_corrupt_placement_history ... ok
test writer_and_database_locks_prevent_migration_without_damage ... ok
test every_legacy_schema_rejects_audio_edge_vocabulary_without_promotion ... ok
test sounds::schema28_rejects_sound_commands_and_later_command_fields ... ok
test sequence_insert::schema25_snapshot_request_and_patch_fields_remain_closed_without_promotion ... ok
test retime::schema27_snapshot_request_and_patch_fields_remain_closed_without_promotion ... ok
test audio_gap_bindings::schema27_rejects_new_gap_intent_in_snapshots_and_both_patch_directions ... ok
test all_legacy_databases_reject_lineage_ingress_without_promotion ... ok
test all_legacy_databases_reject_audio_binding_ingress_without_promotion ... ok
test sounds::schema28_rejects_sound_state_even_empty_or_null_without_promotion ... ok
test corrupt_old_tables_and_oversized_rows_retain_backup_before_validation ... ok
test sequence_insert::actual_schema31_history_retains_root_interiors_gap_clocks_and_pending_redo ... ok
test moment_splice::actual_schema32_history_retains_nested_interiors_gap_clocks_and_pending_redo ... ok
test retime::actual_schema33_history_retains_source_splices_abandoned_edits_and_pending_redo ... ok
test sounds::actual_schema34_history_retains_retimes_abandoned_edits_and_pending_redo ... ok

test result: ok. 124 passed; 0 failed; 0 ignored; 0 measured; 0 filtered out; finished in 46.94s

     Running tests/render_jobs.rs (target/debug/deps/render_jobs-c794f1803d9c5e25)

running 18 tests
test invalid_immutable_binding_and_paging_are_rejected ... ok
test transition_counter_exhaustion_rolls_back_and_reserves_terminal_recovery ... ok
test stale_tokens_sequences_and_fresh_id_rules_fail_atomically ... ok
test captured_history_and_operational_writes_preserve_redo ... ok
test malformed_checkpoint_or_oversized_report_cannot_become_verified ... ok
test publication::bounds_reused_operation_and_tokens_fail_without_mutating_record ... ok
test cancelling_failure_retains_cancellation_request_and_candidate ... ok
test durable_checkpoint_survives_interruption_and_explicit_verification_retry ... ok
test targeted_json_bounds_reject_before_deserializing_the_row ... ok
test publication::definite_cancel_before_commit_cannot_be_adopted_as_published ... ok
test publication::stages_require_exact_live_sequence_and_matching_movie ... ok
test readonly_open_never_recovers_and_writer_preserves_cancel_intent ... ok
test publication::cancellation_revokes_permit_but_racing_movie_commit_remains_recordable ... ok
test targeted_operations_skip_unrelated_report_but_full_audit_rejects_it ... ok
test publication::reconciliation_preserves_positive_commit_through_unavailable_report_and_reopen ... ok
test checkpoint_requires_live_session_exact_transition_and_unchanged_objects ... ok
test missing_indexes_malformed_states_and_reports_block_recovery ... ok
test publication::readonly_preserves_active_phase_reopen_interrupts_without_touching_destination ... ok

test result: ok. 18 passed; 0 failed; 0 ignored; 0 measured; 0 filtered out; finished in 2.32s

