   Compiling deadpan-source v0.1.0 (/Users/michael/Code/deadpan/native/deadpan-source)
    Checking deadpan-native-process v0.1.0 (/Users/michael/Code/deadpan/native/deadpan-process)
   Compiling deadpan-dsp v0.1.0 (/Users/michael/Code/deadpan/native/deadpan-dsp)
    Checking deadpan-fileclone v0.1.0 (/Users/michael/Code/deadpan/native/deadpan-fileclone)
    Checking deadpan-core v0.1.0 (/Users/michael/Code/deadpan/crates/deadpan-core)
   Compiling deadpan-encode v0.1.0 (/Users/michael/Code/deadpan/native/deadpan-encode)
    Checking deadpan-filesystem v0.1.0 (/Users/michael/Code/deadpan/native/deadpan-filesystem)
    Checking deadpan-output v0.1.0 (/Users/michael/Code/deadpan/native/deadpan-output)
   Compiling deadpan-media-worker v0.1.0 (/Users/michael/Code/deadpan/native/deadpan-media-worker)
    Checking deadpan-plan v0.1.0 (/Users/michael/Code/deadpan/crates/deadpan-plan)
    Checking deadpan-jobs v0.1.0 (/Users/michael/Code/deadpan/crates/deadpan-jobs)
    Checking deadpan-render v0.1.0 (/Users/michael/Code/deadpan/crates/deadpan-render)
    Checking deadpan-media v0.1.0 (/Users/michael/Code/deadpan/crates/deadpan-media)
    Checking deadpan-store v0.1.0 (/Users/michael/Code/deadpan/crates/deadpan-store)
    Checking deadpan-audio v0.1.0 (/Users/michael/Code/deadpan/crates/deadpan-audio)
    Checking deadpan-models v0.1.0 (/Users/michael/Code/deadpan/crates/deadpan-models)
    Checking deadpan-cli v0.1.0 (/Users/michael/Code/deadpan/crates/deadpan-cli)
    Checking deadpan-playback v0.1.0 (/Users/michael/Code/deadpan/crates/deadpan-playback)
    Checking deadpan-app v0.1.0 (/Users/michael/Code/deadpan/crates/deadpan-app)
    Finished `dev` profile [unoptimized + debuginfo] target(s) in 8m 39s
