    Checking deadpan-core v0.1.0 (/Users/michael/Code/deadpan/crates/deadpan-core)
error: large size difference between variants
   --> crates/deadpan-core/src/document.rs:330:1
    |
330 | /   pub enum NodeKind {
331 | | /     Source {
332 | | |         source: SourceNode,
333 | | |     },
    | | |_____- the largest variant contains at least 432 bytes
...   |
340 | | /     Repeat {
341 | | |         child: NodeId,
342 | | |         iterations: IterationOrder,
343 | | |         gap: Option<HoldRecipe>,
344 | | |     },
    | | |_____- the second-largest variant contains at least 192 bytes
...   |
352 | |       },
353 | |   }
    | |___^ the entire enum is at least 432 bytes
    |
    = help: for further information visit https://rust-lang.github.io/rust-clippy/rust-1.97.0/index.html#large_enum_variant
    = note: `-D clippy::large-enum-variant` implied by `-D warnings`
    = help: to override `-D warnings` add `#[allow(clippy::large_enum_variant)]`
help: consider boxing the large fields or introducing indirection in some other way to reduce the total size of the enum
    |
332 -         source: SourceNode,
332 +         source: Box<SourceNode>,
    |

error: could not compile `deadpan-core` (lib) due to 1 previous error
warning: build failed, waiting for other jobs to finish...
error: could not compile `deadpan-core` (lib test) due to 1 previous error
