[in#0/f32le @ 0xc3ec18000] Estimating duration from bitrate, this may be inaccurate
[aist#0:0/pcm_f32le @ 0xc3f010180] Guessed Channel Layout: stereo
Input #0, f32le, from '/tmp/deadpan-metering-20260921-run3/high-10000.f32le':
  Duration: 00:00:10.00, bitrate: 3072 kb/s
  Stream #0:0: Audio: pcm_f32le, 48000 Hz, stereo, flt, 3072 kb/s
Stream mapping:
  Stream #0:0 -> #0:0 (pcm_f32le (native) -> pcm_s16le (native))
Press [q] to stop, [?] for help
Output #0, null, to 'pipe:':
  Metadata:
    encoder         : Lavf63.1.101
  Stream #0:0: Audio: pcm_s16le, 48000 Hz, stereo, s16, 1536 kb/s
    Metadata:
      encoder         : Lavc63.1.101 pcm_s16le
[Parsed_ebur128_0 @ 0xc3f0409c0] Summary:

  Integrated loudness:
    I:         -19.6 LUFS
    Threshold: -29.6 LUFS

  Loudness range:
    LRA:         0.0 LU
    Threshold: -39.6 LUFS
    LRA low:   -19.6 LUFS
    LRA high:  -19.6 LUFS

  True peak:
    Peak:      -22.2 dBFS
[out#0/null @ 0xc3f040180] video:0KiB audio:1875KiB subtitle:0KiB other streams:0KiB global headers:0KiB muxing overhead: unknown
size=N/A time=00:00:10.00 bitrate=N/A speed=95.4x elapsed=0:00:00.10    
