    Blocking waiting for file lock on build directory
   Compiling deadpan-core v0.1.0 (/Users/michael/Code/deadpan/crates/deadpan-core)
   Compiling deadpan-media v0.1.0 (/Users/michael/Code/deadpan/crates/deadpan-media)
   Compiling deadpan-plan v0.1.0 (/Users/michael/Code/deadpan/crates/deadpan-plan)
   Compiling deadpan-audio v0.1.0 (/Users/michael/Code/deadpan/crates/deadpan-audio)
    Finished `test` profile [unoptimized + debuginfo] target(s) in 4m 43s
     Running tests/gap_bindings.rs (target/debug/deps/gap_bindings-538a644e596b5214)

running 5 tests
test bound_silent_gap_with_zero_input_points_suppresses_nested_preserve_output ... ok
test gaps_survive_overridden_preceding_children_and_follow_stable_play_reordering ... ok
test interrupted_first_gap_and_later_full_gap_resume_distinct_ntsc_phases ... ok
test moved_gap_uses_current_duration_media_and_policy_without_recapturing_phase ... ok
test captured_one_play_gap_and_former_final_gap_are_born_on_the_definition_clock ... FAILED

failures:

---- captured_one_play_gap_and_former_final_gap_are_born_on_the_definition_clock stdout ----

thread 'captured_one_play_gap_and_former_final_gap_are_born_on_the_definition_clock' (44836087) panicked at crates/deadpan-audio/tests/gap_bindings.rs:394:13:
sample 0, channel 0: -0.75776315 != -0.6566521
note: run with `RUST_BACKTRACE=1` environment variable to display a backtrace


failures:
    captured_one_play_gap_and_former_final_gap_are_born_on_the_definition_clock

test result: FAILED. 4 passed; 1 failed; 0 ignored; 0 measured; 0 filtered out; finished in 3.09s

error: test failed, to rerun pass `-p deadpan-audio --test gap_bindings`
