   Compiling rustix v1.1.5
   Compiling uuid v1.26.1
   Compiling deadpan-native-process v0.1.0 (/Users/michael/Code/deadpan/native/deadpan-process)
   Compiling tempfile v3.27.0
   Compiling deadpan-encode v0.1.0 (/Users/michael/Code/deadpan/native/deadpan-encode)
   Compiling deadpan-media v0.1.0 (/Users/michael/Code/deadpan/crates/deadpan-media)
   Compiling deadpan-jobs v0.1.0 (/Users/michael/Code/deadpan/crates/deadpan-jobs)
   Compiling deadpan-audio v0.1.0 (/Users/michael/Code/deadpan/crates/deadpan-audio)
   Compiling deadpan-store v0.1.0 (/Users/michael/Code/deadpan/crates/deadpan-store)
   Compiling deadpan-models v0.1.0 (/Users/michael/Code/deadpan/crates/deadpan-models)
   Compiling deadpan-cli v0.1.0 (/Users/michael/Code/deadpan/crates/deadpan-cli)
error[E0583]: file not found for module `live`
  --> crates/deadpan-cli/src/render/cli.rs:22:1
   |
22 | mod live;
   | ^^^^^^^^^
   |
   = help: to create the module `live`, create file "crates/deadpan-cli/src/render/cli/live.rs" or "crates/deadpan-cli/src/render/cli/live/mod.rs"
   = note: if there is a `mod live` elsewhere in the crate already, import it with `use crate::...` instead

For more information about this error, try `rustc --explain E0583`.
error: could not compile `deadpan-cli` (lib) due to 1 previous error
warning: build failed, waiting for other jobs to finish...
error: could not compile `deadpan-cli` (lib test) due to 1 previous error
