   Compiling deadpan-media v0.1.0 (/Users/michael/Code/deadpan/crates/deadpan-media)
   Compiling deadpan-jobs v0.1.0 (/Users/michael/Code/deadpan/crates/deadpan-jobs)
   Compiling deadpan-audio v0.1.0 (/Users/michael/Code/deadpan/crates/deadpan-audio)
   Compiling deadpan-models v0.1.0 (/Users/michael/Code/deadpan/crates/deadpan-models)
   Compiling deadpan-store v0.1.0 (/Users/michael/Code/deadpan/crates/deadpan-store)
   Compiling deadpan-cli v0.1.0 (/Users/michael/Code/deadpan/crates/deadpan-cli)
    Finished `test` profile [unoptimized + debuginfo] target(s) in 59.03s
     Running tests/live_project.rs (target/debug/deps/live_project-8c9cadbafdf426e3)

running 9 tests
test fieldless_variants_keep_their_wire_shape_and_reject_every_extra_field ... ok
test live_render_envelope_preserves_public_render_schema_and_size_checks ... ok
test request_schema_and_every_command_envelope_reject_unknown_fields ... ok
test invalid_identity_revision_and_target_preserve_the_document_and_journal ... ok
test migration_of_a_live_current_schema_preserves_the_writer_and_history ... ok
test a_remote_commit_survives_refresh_failure_with_its_exact_revision_receipt ... ok
test shared_executor_matches_direct_store_preview_commit_undo_and_redo ... ok
test remote_dispatch_uses_the_same_commit_history_and_error_receipts ... ok
test closed_dispatch_matches_shared_execution_and_preview_keeps_writer_lock ... ok

test result: ok. 9 passed; 0 failed; 0 ignored; 0 measured; 0 filtered out; finished in 0.46s

     Running tests/project_commands.rs (target/debug/deps/project_commands-61386cf53a739deb)

running 17 tests
test doctor_reports_hold_audio_document_and_migration_schemas ... ok
test failed_migration_returns_retained_backup_and_preserves_original ... ok
test writer_lock_is_enforced_between_processes_but_readers_and_dry_run_work ... ok
test malformed_or_future_protocol_is_rejected_before_mutation ... ok
test headless_migration_and_plan_inspection_are_explicit_and_read_only ... ok
test current_generation_requires_host_reconciliation_but_allows_cli_preview ... ok
test selection_resolution_is_revision_checked_exact_and_read_only ... ok
test history_dry_runs_work_with_a_writer_and_preserve_the_redo_path ... ok
test headless_edit_dry_run_conflict_and_durable_history ... ok
test dry_run_and_commit_preserve_actionable_domain_errors ... ok
test headless_split_preview_commit_and_history_share_one_exact_command ... ok
test headless_captured_view_is_inspectable_reversible_and_validated_before_commit ... ok
test nested_occurrence_command_is_atomic_and_uses_the_same_headless_plan ... ok
test sparse_override_commands_and_inspection_share_revision_and_dry_run_guards ... ok
test persistent_mark_queries_and_loss_states_share_the_headless_command_path ... ok
test nested_pause::nested_pause_dry_run_commit_and_durable_history_share_one_transaction ... ok
test independent_stream_mappings_use_headless_commands_and_durable_undo ... ok

test result: ok. 17 passed; 0 failed; 0 ignored; 0 measured; 0 filtered out; finished in 1.29s

     Running tests/render.rs (target/debug/deps/render-47dbd764ced1e471)

running 5 tests
test public_render_help_and_strict_automatic_options_are_exposed ... ok
test invalid_request_schema_is_rejected_before_opening_any_project ... ok
test public_render_rejects_an_open_writer_without_creating_an_attempt ... ok
test empty_and_stale_public_starts_fail_before_worker_admission ... ok
test render_status_is_read_only_during_another_writer_and_pages_without_losing_jobs ... ok

test result: ok. 5 passed; 0 failed; 0 ignored; 0 measured; 0 filtered out; finished in 0.16s

     Running tests/source_registration.rs (target/debug/deps/source_registration-6398e1e001a28924)

running 8 tests
test protocol_is_required_and_rejected_before_opening_the_project ... ok
test stale_revision_is_checked_before_unavailable_original_bytes ... ok
test stream_selection_is_required_and_failed_audio_never_becomes_video_only ... ok
test explicit_geometry_cli_previews_then_changes_only_canvas_and_keeps_version_guards ... ok
test offset_av_and_audio_only_register_exact_measured_placements ... ok
test cfr_registration_previews_beside_writer_commits_once_and_preserves_undo_receipt ... ok
test automatic_creation_adopts_first_inserted_picture_and_secondary_preserves_the_clock ... ok
test pending_generation_allows_preview_but_requires_real_relevance_on_commit ... ok

test result: ok. 8 passed; 0 failed; 0 ignored; 0 measured; 0 filtered out; finished in 0.92s

