   Compiling rustix v1.1.5
   Compiling uuid v1.26.1
   Compiling accesskit v0.24.1
   Compiling accesskit_consumer v0.38.0
   Compiling egui v0.36.2
   Compiling accesskit_consumer v0.35.0
   Compiling kittest v0.4.0
   Compiling accesskit_macos v0.26.3
   Compiling accesskit_winit v0.32.2
   Compiling deadpan-native-process v0.1.0 (/Users/michael/Code/deadpan/native/deadpan-process)
   Compiling tempfile v3.27.0
   Compiling deadpan-encode v0.1.0 (/Users/michael/Code/deadpan/native/deadpan-encode)
   Compiling deadpan-media v0.1.0 (/Users/michael/Code/deadpan/crates/deadpan-media)
   Compiling deadpan-jobs v0.1.0 (/Users/michael/Code/deadpan/crates/deadpan-jobs)
   Compiling deadpan-audio v0.1.0 (/Users/michael/Code/deadpan/crates/deadpan-audio)
   Compiling egui-wgpu v0.36.2
   Compiling egui-winit v0.36.2
   Compiling deadpan-store v0.1.0 (/Users/michael/Code/deadpan/crates/deadpan-store)
   Compiling deadpan-models v0.1.0 (/Users/michael/Code/deadpan/crates/deadpan-models)
   Compiling eframe v0.36.2
   Compiling egui_kittest v0.36.2
   Compiling deadpan-playback v0.1.0 (/Users/michael/Code/deadpan/crates/deadpan-playback)
   Compiling deadpan-cli v0.1.0 (/Users/michael/Code/deadpan/crates/deadpan-cli)
   Compiling deadpan-app v0.1.0 (/Users/michael/Code/deadpan/crates/deadpan-app)
    Finished `release` profile [optimized] target(s) in 2m 15s
