    Checking deadpan-audio v0.1.0 (/Users/michael/Code/deadpan/crates/deadpan-audio)
    Checking deadpan-core v0.1.0 (/Users/michael/Code/deadpan/crates/deadpan-core)
    Checking deadpan-plan v0.1.0 (/Users/michael/Code/deadpan/crates/deadpan-plan)
    Checking deadpan-cli v0.1.0 (/Users/michael/Code/deadpan/crates/deadpan-cli)
    Checking deadpan-store v0.1.0 (/Users/michael/Code/deadpan/crates/deadpan-store)
    Checking eframe v0.36.2
    Checking deadpan-media-worker v0.1.0 (/Users/michael/Code/deadpan/native/deadpan-media-worker)
    Checking deadpan-app v0.1.0 (/Users/michael/Code/deadpan/crates/deadpan-app)
error: called `expect` on `committed_revision` after checking its variant with `is_some`
   --> crates/deadpan-app/src/project/service/headless.rs:208:17
    |
188 |         if committed_revision.is_some() {
    |         ------------------------------- help: try: `if let Some(<item>) = &committed_revision`
...
208 |                 committed_revision.as_ref().expect("receipt checked")
    |                 ^^^^^^^^^^^^^^^^^^^^^^^^^^^^^^^^^^^^^^^^^^^^^^^^^^^^^
    |
    = help: for further information visit https://rust-lang.github.io/rust-clippy/rust-1.97.0/index.html#unnecessary_unwrap
    = note: `-D clippy::unnecessary-unwrap` implied by `-D warnings`
    = help: to override `-D warnings` add `#[allow(clippy::unnecessary_unwrap)]`

error: could not compile `deadpan-app` (bin "deadpan-app") due to 1 previous error
warning: build failed, waiting for other jobs to finish...
error: could not compile `deadpan-app` (bin "deadpan-app" test) due to 1 previous error
