{
  "elapsed_seconds": 0.563367625,
  "native": {
    "object": {
      "byte_length": 2644695,
      "content": {
        "algorithm": "blake3",
        "digest": "0272941f75fbadaa43c4c313ec2a733dea120128b11ac2dec0eb16beb80d4479"
      }
    },
    "report": {
      "discarded_audio_streams": 0,
      "ffv1_version": 3,
      "first_output_pts": 0,
      "input_rgb_sha256": "13f7569129756a136637d33c37d7dac0d99be3f5fa65e414c700eb32724dbd65",
      "input_time_base_den": 24,
      "input_time_base_num": 1,
      "last_output_duration": 41,
      "last_output_pts": 667,
      "output_bytes": 2644695,
      "output_rgb_sha256": "13f7569129756a136637d33c37d7dac0d99be3f5fa65e414c700eb32724dbd65",
      "output_time_base_den": 1000,
      "output_time_base_num": 1,
      "protocol": 2,
      "slice_crc": true,
      "video": {
        "frames": 17,
        "height": 320,
        "rate_den": 1,
        "rate_num": 24,
        "width": 768
      }
    }
  },
  "sampled": {
    "object": {
      "byte_length": 1315646,
      "content": {
        "algorithm": "blake3",
        "digest": "aa00a83acbc3b1ca5a6496d3c29014270eb9a5c194d6655592cf5b3dd05f7a38"
      }
    },
    "report": {
      "discarded_audio_streams": 0,
      "ffv1_version": 3,
      "first_output_pts": 0,
      "input_rgb_sha256": "13f7569129756a136637d33c37d7dac0d99be3f5fa65e414c700eb32724dbd65",
      "input_time_base_den": 24,
      "input_time_base_num": 1,
      "last_output_duration": 33,
      "last_output_pts": 267,
      "output_bytes": 1315646,
      "output_rgb_sha256": "df0f10bde1af42d4308723de1959d83518ac65cbad9a41b8c1961c3943313dba",
      "output_time_base_den": 1000,
      "output_time_base_num": 1,
      "protocol": 2,
      "slice_crc": true,
      "video": {
        "frames": 9,
        "height": 320,
        "rate_den": 1001,
        "rate_num": 30000,
        "width": 768
      }
    }
  },
  "sampling": {
    "context_frame_count": 9,
    "direction": "from_right",
    "generated_frame_count": 8,
    "interpolation": "encoded_srgb_rgb8_linear_half_up",
    "native_rate": {
      "denominator": 1,
      "numerator": 24
    },
    "output_frame_count": 9,
    "policy": "frame_centers_clamped",
    "project_rate": {
      "denominator": 1001,
      "numerator": 30000
    },
    "schema_version": 1
  },
  "scope": "decoded native and generated-only sampled media; no quality/provenance admission, Ready state or acceptance"
}
