{
  "accepted": false,
  "cancellation_sent": false,
  "clean_exit": true,
  "discarded_log_bytes": 0,
  "elapsed_seconds": 148.627505625,
  "extension_bundle": {
    "native": {
      "byte_length": 2832361,
      "reference": "outputs/native.mp4",
      "sha256": "e97ba3fe87bf4cce386b9e141cce1eb079663235d5edae3f222bcaa4bc1e446b"
    },
    "provenance": {
      "byte_length": 51767,
      "reference": "outputs/provenance.json",
      "sha256": "cc7a23c5da417a0cb14ddd9318742ad24ac474392151fbcb3a37231db39ab6a8"
    },
    "provider": {
      "pack_id": "ltx-2.3-q4-extension-development",
      "pack_version": "1",
      "runtime_id": "ltx-mlx",
      "runtime_version": "0.15.8+deadpan-extension-dev1",
      "seed": 42107
    },
    "video": {
      "frame_rate": {
        "denominator": 1,
        "numerator": 24
      },
      "frames": 17,
      "height": 320,
      "width": 768
    }
  },
  "failure": null,
  "faults": [],
  "hash_verified_extension_bundle": true,
  "media_validated": false,
  "state": "Validating"
}
