   Compiling deadpan-store v0.1.0 (/Users/michael/Code/deadpan/crates/deadpan-store)
   Compiling deadpan-cli v0.1.0 (/Users/michael/Code/deadpan/crates/deadpan-cli)
   Compiling deadpan-playback v0.1.0 (/Users/michael/Code/deadpan/crates/deadpan-playback)
   Compiling deadpan-app v0.1.0 (/Users/michael/Code/deadpan/crates/deadpan-app)
error[E0277]: the trait bound `std::sync::Arc<CapturedEditSlice>: serde::Serialize` is not satisfied
   --> crates/deadpan-app/src/project/tests/edited_slice.rs:442:41
    |
442 |     let mut wire = serde_json::to_value(forged.slice()).unwrap();
    |                    -------------------- ^^^^^^^^^^^^^^ the trait `serde_core::ser::Serialize` is not implemented for `std::sync::Arc<CapturedEditSlice>`
    |                    |
    |                    required by a bound introduced by this call
    |
    = note: for local types consider adding `#[derive(serde::Serialize)]` to your `std::sync::Arc<CapturedEditSlice>` type
    = note: for types from other crates check whether the crate offers a `serde` feature flag
    = help: the following other types implement trait `serde_core::ser::Serialize`:
              &'a T
              &'a mut T
              ()
              (T,)
              (T0, T1)
              (T0, T1, T2)
              (T0, T1, T2, T3)
              (T0, T1, T2, T3, T4)
            and 623 others
    = note: required for `&std::sync::Arc<CapturedEditSlice>` to implement `serde_core::ser::Serialize`
note: required by a bound in `to_value`
   --> /Users/michael/.cargo/registry/src/index.crates.io-1949cf8c6b5b557f/serde_json-1.0.151/src/value/mod.rs:997:8
    |
995 | pub fn to_value<T>(value: T) -> Result<Value, Error>
    |        -------- required by a bound in this function
996 | where
997 |     T: Serialize,
    |        ^^^^^^^^^ required by this bound in `to_value`

error[E0599]: no method named `clone` found for struct `deadpan_playback::Snapshot` in the current scope
   --> crates/deadpan-app/src/worker/edited_slice_tests.rs:435:35
    |
435 |     let mut changed = (*snapshot).clone();
    |                                   ^^^^^ method not found in `deadpan_playback::Snapshot`

error[E0507]: cannot move out of an `Arc`
   --> crates/deadpan-app/src/project/tests/edited_slice.rs:669:22
    |
669 |     request.parent = exact.node;
    |                      ^^^^^^^^^^ move occurs because value has type `deadpan_core::NodeId`, which does not implement the `Copy` trait
    |
help: consider cloning the value if the performance cost is acceptable
    |
669 |     request.parent = exact.node.clone();
    |                                ++++++++

Some errors have detailed explanations: E0277, E0507, E0599.
For more information about an error, try `rustc --explain E0277`.
error: could not compile `deadpan-app` (bin "deadpan-app" test) due to 3 previous errors
warning: build failed, waiting for other jobs to finish...
