   Compiling deadpan-core v0.1.0 (/Users/michael/Code/deadpan/crates/deadpan-core)
    Finished `test` profile [unoptimized + debuginfo] target(s) in 15.97s
     Running tests/insert_time.rs (target/debug/deps/insert_time-c54e507fd278fef7)

running 44 tests
test nested_sequence::preflight_finds_live_sequence_owner_and_exact_split_identity_count ... ok
test duration_overflow_and_nonfallback_provider_are_rejected_before_capture ... ok
test first_pause_locks_an_automatic_empty_project_before_final_validation ... ok
test nested_sequence::nested_insertion_failures_do_not_publish_intermediate_copies_or_clocks ... ok
test source_replace::replacement_admission_and_identity_failures_are_atomic ... ok
test billion_play_seam_insertion_keeps_one_step_per_owned_recipe ... ok
test interior::interior_identity_and_timing_exhaustion_leave_the_input_unchanged ... ok
test existing_split_seam_reanchors_without_manufacturing_another_split ... ok
test insertion_after_compact_steps_appends_after_them_and_round_trips_atomically ... ok
test composite_seam_moves_root_marks_once_and_retains_occurrence_and_source_clocks ... ok
test fully_bound_input_keeps_a_phase_only_clock_until_terms_exist_and_prunes_unused_end_clock ... ok
test source_replace::replacement_rejects_repeat_and_retime_ancestors_without_descending ... ok
test interior::interior_cut_before_billion_play_suffix_stays_compact_and_reversible ... ok
test source_splice::empty_project_splice_locks_time_and_has_no_placeholder_or_retained_clock ... ok
test nested_sequence::nested_seam_keeps_empty_children_and_boundary_marks_in_their_own_clocks ... ok
test repeated_interior_insertion_composes_current_phase_on_one_immutable_lattice ... ok
test source_replace::whole_replacement_preserves_endpoint_empty_groups_and_removes_interior_groups ... ok
test ordinary_hold_interior_and_its_partition_can_be_inserted_into_again ... ok
test source_splice::source_splice_rejects_duration_overflow_before_capturing_clocks ... ok
test source_replace::replacement_keeps_pinned_marks_valid_against_final_extent ... ok
test source_splice_interior::interior_splice_never_descends_a_repeat_or_authored_retime ... ok
test source_splice::malformed_splice_is_atomic_for_typed_and_closed_json_callers ... ok
test source_replace::nested_replacement_removes_whole_composites_and_reanchors_outer_suffix_once ... ok
test interior::source_and_hold_interiors_keep_pre_split_lattices_and_distinct_current_placements ... ok
test source_splice::repeat_or_retime_ancestry_never_silently_changes_scope ... ok
test source_splice::nested_source_splice_transports_marks_and_each_later_owner_once ... ok
test every_shifted_fragment_gets_its_own_old_entry_and_existing_lattice_survives ... ok
test sequence_interiors_and_root_composite_seams_preserve_their_owners ... ok
test zero_bounds_stale_revision_and_identity_errors_leave_input_unchanged ... ok
test source_splice_interior::interior_splice_rejects_bad_targets_identity_pools_and_stale_requests_atomically ... ok
test split_and_insertion_compose_mark_bias_and_keep_sequence_pins ... ok
test source_replace::same_child_replacement_splits_twice_and_undoes_once ... ok
test source_replace::replacement_retains_source_framing_and_treated_fragment_clock_ownership ... ok
test source_splice_interior::interior_splice_preserves_live_framing_and_transports_boundary_and_local_marks_once ... ok
test start_interior_end_and_empty_project_insert_one_reversible_pause ... ok
test interior::interior_split_and_pause_shift_each_mark_once_without_losing_fragment_identity ... ok
test source_replace::second_replacement_refines_existing_fragments_with_exact_identity_budget ... ok
test source_splice_interior::interior_source_and_hold_splices_keep_explicit_group_and_both_pre_split_clocks ... ok
test nested_sequence::nested_pause_keeps_group_ownership_and_reanchors_every_ancestor_suffix_once ... ok
test source_splice_interior::transparent_source_and_hold_fragments_refine_without_recapturing_their_lattice ... ok
test source_splice::explicit_slot_retains_nested_edges_and_zero_duration_child_order ... ok
test aggregate_identity_and_composed_phase_limits_fail_before_a_transaction ... ok
test source_splice_interior::interior_splice_reserves_the_inserted_source_in_addition_to_split_nodes ... ok
test source_replace::replacement_checks_combined_temporary_node_budget_before_any_split ... ok

test result: ok. 44 passed; 0 failed; 0 ignored; 0 measured; 0 filtered out; finished in 5.78s

     Running tests/node_gain.rs (target/debug/deps/node_gain-646c5e20cefc7a39)

running 12 tests
test legacy::frozen_sound_context_guards_reject_interior_splices_without_sounds ... ok
test explicit_unity_owners_count_toward_sixteen_active_layers ... ok
test treatment_is_authored_intent_with_guarded_reversible_node_patches ... ok
test legacy::schema_32_retains_hold_audio_setters_and_historical_contextual_admission ... ok
test duration_changes_and_internal_insertions_retain_fixed_keys_and_hidden_suffix ... ok
test copies_and_isolated_repeat_occurrences_keep_independent_gain_intent ... ok
test postmapping_gain_preserves_raw_lineage_and_preserve_sample_bindings ... ok
test legacy::every_frozen_document_patch_and_command_rejects_new_vocabulary ... ok
test repeated_pause_insertion_preserves_treated_partition_origins ... ok
test split_and_refinement_keep_exact_full_owner_envelope_clocks ... ok
test aggregate_gain_admission_bounds_documents_subtrees_and_both_patch_sides ... ok
test replacement_and_isolation_bound_transient_gain_without_rejecting_valid_final_inventory ... ok

test result: ok. 12 passed; 0 failed; 0 ignored; 0 measured; 0 filtered out; finished in 3.05s

     Running tests/sound_allowances.rs (target/debug/deps/sound_allowances-733f7e83d07c64be)

running 12 tests
test invalid_scope_and_gap_addresses_fail_without_changing_history ... ok
test allowance_is_reversible_guarded_and_independent_of_recipe_parameters ... ok
test replacement_splits_allowances_twice_then_prunes_only_the_removed_middle ... FAILED
test audio_setter_retires_only_its_hold_permissions_and_undo_restores_them ... ok
test splitting_a_repeat_remaps_its_gap_owner_and_all_enclosing_play_identities ... ok
test nested_occurrence_isolation_moves_selected_addresses_and_preserves_other_plays ... ok
test splice_retains_policy_and_deleting_the_issuer_prunes_it_without_removing_surviving_sound ... ok
test occurrence_audio_setter_retires_only_the_isolated_hold_permission ... ok
test split_and_internal_insertion_split_copy_only_existing_hold_issuers_once ... ok
test interior_source_splice_copies_hold_allowances_once_and_ripples_placed_sound_once ... ok
test wire_is_closed_canonical_and_bounded_before_document_traversal ... ok
test document_aggregate_limit_is_shared_by_individually_valid_event_sets ... ok

failures:

---- replacement_splits_allowances_twice_then_prunes_only_the_removed_middle stdout ----

thread 'replacement_splits_allowances_twice_then_prunes_only_the_removed_middle' (58586756) panicked at crates/deadpan-core/tests/sound_allowances.rs:34:49:
called `Result::unwrap()` on an `Err` value: EditError { code: SourceRangeInvalid, message: "source replacement has no media; use a Hold for blank time", current_revision: None }
note: run with `RUST_BACKTRACE=1` environment variable to display a backtrace


failures:
    replacement_splits_allowances_twice_then_prunes_only_the_removed_middle

test result: FAILED. 11 passed; 1 failed; 0 ignored; 0 measured; 0 filtered out; finished in 0.15s

error: test failed, to rerun pass `-p deadpan-core --test sound_allowances`
