   Compiling deadpan-jobs v0.1.0 (/Users/michael/Code/deadpan/crates/deadpan-jobs)
   Compiling deadpan-store v0.1.0 (/Users/michael/Code/deadpan/crates/deadpan-store)
    Finished `test` profile [unoptimized + debuginfo] target(s) in 34.30s
     Running tests/migration.rs (target/debug/deps/migration-07825eca01bad203)

running 131 tests
test composite_insert::every_legacy_insert_request_requires_its_pre_edit_physical_suffix ... ok
test automatic_render::schema41_refusal_preserves_nested_publication_intent ... ok
test automatic_render::authentic_schema41_refusal_preserves_every_cell_with_wal_reader ... ok
test composite_insert::schema23_snapshot_request_and_patch_fields_remain_closed ... ok
test automatic_render::schema40_and41_refuse_automatic_intent_before_parsing_it ... ok
test development_break::schemas39_through42_fail_before_reading_document_or_acquiring_writer ... ok
test development_break::current_schema43_migration_is_read_only_and_needs_no_backup_or_writer ... ok
test earlier_occurrence_copy_history_gains_only_replayed_lineage ... ok
test automatic_render::schema41_rejects_oversized_and_new_null_evidence_without_rewriting_cells ... ok
test corruption_is_rejected_without_promoting_any_migrated_rows ... ok
test automatic_render::old_databases_reject_even_empty_decision_table_collisions ... ok
test audio_reanchors::modern_reanchor_intent_survives_durable_history_undo_redo_and_reopen ... ok
test audio_reanchors::actual_schema26_binary_retains_selected_audio_phase_terms_and_pending_redo ... ok
test composite_insert::valid_modern_composite_history_cannot_claim_schema27_through29 ... ok
test framing::frozen_v17_rejects_framing_in_commands_subtrees_occurrences_and_patches ... ok
test audio_gap_bindings::actual_schema27_binary_retains_reanchors_phase_terms_and_pending_redo ... ok
test audio_gap_bindings::gap_bindings_survive_durable_commands_undo_redo_and_reopen ... ok
test framing::actual_old_binary_schema23_fixture_replays_every_snapshot_and_pending_redo ... ok
test framing::schema23_cannot_smuggle_new_node_fields_and_failed_migration_keeps_original ... ok
test every_old_database_rejects_new_asset_hash_vocabulary_without_promotion ... ok
test framing::schema23_keeps_insert_time_history_and_redo_then_persists_framing ... ok
test gain::legacy_history_rejects_direct_and_occurrence_gain_commands ... ok
test gain::authored_gain_is_durable_reversible_and_revision_guarded_after_migration ... ok
test gap_branches::earlier_frozen_layout_adapter_rejects_explicit_gap_map ... ok
test gain::actual_schema38_history_preserves_hold_setters_isolation_receipts_and_pending_redo ... ok
test gap_branches::schema22_command_and_nested_subtree_grammar_stays_closed ... ok
test gap_branches::actual_schema28_binary_history_replays_through_pending_redo ... ok
test gap_branches::actual_schema28_gap_binding_survives_replay_and_pending_redo ... ok
test audio_reanchors::schema26_rejects_reanchors_in_snapshots_and_both_nested_patch_directions ... ok
test hold_audio::schema31_compares_allowances_in_snapshots_and_both_patch_directions ... ok
test composite_insert::actual_schema29_history_retains_insert_time_gap_clocks_and_pending_redo ... ok
test hold_audio::actual_schema37_history_preserves_allowances_routes_branches_receipts_and_pending_redo ... ok
test every_old_schema_rejects_override_vocabulary_before_promotion ... ok
test hold_audio::schema31_rejects_direct_and_occurrence_setters_even_with_matching_modern_history ... ok
test insert_time::atomic_insert_time_history_survives_reopen_undo_redo_and_rejected_requests ... ok
test interior_insert::schema24_admits_composite_seams_but_rejects_interior_physical_splits ... ok
test hold_audio::schema31_rejects_hold_policy_patches_forged_under_an_old_command ... ok
test insert_time::schema22_preserves_bindings_patches_and_redo_in_the_backed_up_migration ... ok
test interior_insert::valid_modern_interior_history_cannot_claim_schema30 ... ok
test legacy_database_rejects_preexisting_qualification_inventory_without_losing_it ... ok
test legacy_projection_cannot_hide_marks_added_by_a_faulty_replay ... ok
test legacy_projection_cannot_hide_empty_override_entries_from_faulty_replay ... ok
test legacy_schema_cannot_smuggle_modern_original_records_through_migration ... ok
test migration_promotes_with_a_live_wal_reader_without_replacing_its_snapshot ... ok
test every_legacy_snapshot_retains_its_exact_explicit_presentation_basis ... ok
test moment_splice::schema26_rejects_new_source_splice_without_promoting_valid_modern_history ... ok
test old_binary_history_migrates_with_stable_ids_and_pending_redo ... ok
test insert_time::schema22_rejects_new_commands_and_nested_binding_vocabulary_without_promotion ... ok
test every_legacy_snapshot_defaults_audio_edges_without_retiming ... ok
test picture_context::actual_schema24_binary_fixture_preserves_every_snapshot_history_backup_and_redo ... ok
test picture_context::schema24_rejects_injected_null_context_without_touching_original_or_backup ... ok
test publication::authentic_schema40_is_refused_without_rewriting_cells_or_creating_backups ... ok
test publication::schema40_refusal_does_not_inspect_or_modify_publication_vocabulary ... ok
test render_jobs::schema39_refusal_does_not_inspect_or_modify_render_vocabulary ... ok
test gap_branches::schema28_rejects_gap_branch_fields_in_snapshot_patch_and_frozen_layout ... ok
test render_jobs::authentic_schema39_is_refused_without_rewriting_cells_or_creating_backups ... ok
test every_legacy_database_retains_single_binding_marks_without_default_json_growth ... ok
test old_schemas_reject_new_mark_vocabulary_without_changing_original ... ok
test retime::retime_wrap_update_and_navigation_are_durable_atomic_edits ... ok
test insert_time::all_older_database_grammars_reject_insert_time_before_replay ... ok
test schema_eight_retains_unqualified_bundle_json_and_pending_redo ... ok
test schema_eight_rejects_modern_evidence_and_corruption_without_promotion ... ok
test schema_eighteen_replays_partitions_marks_branches_and_pending_redo ... ok
test gain::legacy_history_rejects_gain_presence_in_snapshots_and_both_patch_sides ... ok
test retime::schema27_rejects_new_retime_commands_even_with_matching_modern_history ... ok
test schema_eleven_preserves_independent_audio_chronology_and_all_operational_rows ... ok
test schema_eighteen_rejects_fragment_vocabulary_without_promotion ... ok
test interior_insert::schema24_snapshot_request_and_patch_fields_remain_closed_without_promotion ... ok
test schema_five_preserves_requests_clocks_history_and_pending_redo ... ok
test schema_five_invalid_requests_and_table_collisions_never_promote ... ok
test schema_four_migrates_core_vocabulary_and_preserves_authored_history ... ok
test schema_four_rejects_corruption_and_operational_table_collisions_before_promotion ... ok
test schema_nine_adds_empty_original_inventory_and_preserves_full_history ... ok
test schema_fifteen_preserves_presentation_chronology_and_all_operational_state ... ok
test schema_nineteen_replays_fragment_loss_branches_and_pending_redo ... ok
test schema_seven_preserves_legacy_core_history_and_selected_legacy_attempt ... ok
test schema_nineteen_rejects_unknown_fragment_fields_in_all_history_positions ... ok
test schema_fourteen_preserves_explicit_basis_and_qualified_source_branches ... ok
test schema_seventeen_preserves_single_original_floor_and_authored_crop_history ... ok
test schema_six_preserves_attempts_and_defers_recovery_until_writer_open ... ok
test schema_sixteen_rejects_premature_profile_vocabulary_without_touching_original ... ok
test schema_sixteen_retains_exact_core_eleven_history_and_stays_generic ... ok
test schema_ten_preserves_source_audio_history_generated_receipts_and_originals ... ok
test schema_six_corruption_preserves_original_history_jobs_and_backup ... ok
test schema_eleven_rejects_video_vocabulary_and_corruption_without_promotion ... ok
test schema_thirteen_preserves_exact_placements_without_inventing_qualification ... ok
test interior_insert::actual_schema30_history_retains_composite_seams_gap_clocks_and_pending_redo ... ok
test schema_seventeen_rejects_new_purpose_everywhere_and_missing_profile_without_promotion ... ok
test schema_fourteen_rejects_new_primary_fields_and_damaged_historical_receipts ... ok
test every_legacy_schema_rejects_presentation_vocabulary_without_promotion ... ok
test schema_three_history_preserves_every_mark_and_pending_redo ... ok
test schema_three_mark_corruption_retains_original_and_backup ... ok
test schema_twenty_one_rejects_changed_lineage_without_promotion ... ok
test schema_two_duplicate_identities_are_rejected_before_promotion ... ok
test schema_twenty_one_retains_exact_lineage_and_does_not_invent_audio_bindings ... ok
test schema_twenty_replays_lineage_from_copy_history_and_preserves_navigation ... ok
test sequence_insert::schema25_context_admits_root_seams_but_not_nested_sequence_interiors ... ok
test schema_twelve_preserves_stream_mappings_and_accepts_reversible_exact_placement ... ok
test schema_two_history_preserves_compact_identities_and_pending_redo ... ok
test sound_allowances::schema30_frozen_guard_retains_root_split_and_temporal_occurrence_rejections ... ok
test sound_allowances::schema30_projections_never_discard_modern_allowances ... ok
test schema_ten_rejects_new_audio_vocabulary_and_corruption_without_promotion ... ok
test sound_allowances::schema30_rejects_allowance_commands_in_abandoned_history ... ok
test sequence_insert::matching_modern_nested_history_cannot_claim_schema31 ... ok
test sound_allowances::actual_schema36_sound_history_preserves_routes_branches_receipts_and_pending_redo ... ok
test every_legacy_database_rejects_split_ingress_without_promotion ... ok
test sound_routes::actual_schema35_sound_history_preserves_recipes_receipts_branches_and_redo ... ok
test sound_routes::schema29_rejects_replace_sound_even_with_matching_patches ... ok
test sound_routes::schema29_rejects_new_sound_bearing_split_even_without_new_route_fields ... ok
test schema_twelve_rejects_placement_vocabulary_in_all_history_surfaces ... ok
test sound_routes::sound_ripple_history_is_atomic_durable_and_rechecks_unchanged_recipe_receipts ... ok
test moment_splice::schema26_snapshot_request_and_patch_fields_remain_closed_without_promotion ... ok
test sound_routes::schema29_rejects_route_fields_even_empty_or_null ... ok
test source_selection::schema25_rejects_new_mapping_variant_or_null_selection_without_touching_original ... ok
test sound_allowances::schema30_rejects_allowance_fields_in_all_snapshot_and_patch_positions ... ok
test source_selection::actual_schema25_binary_preserves_captured_views_audio_history_and_pending_redo ... ok
test schema_thirteen_rejects_registration_vocabulary_and_corrupt_placement_history ... ok
test writer_and_database_locks_prevent_migration_without_damage ... ok
test sounds::schema28_rejects_sound_commands_and_later_command_fields ... ok
test every_legacy_schema_rejects_audio_edge_vocabulary_without_promotion ... ok
test sequence_insert::schema25_snapshot_request_and_patch_fields_remain_closed_without_promotion ... ok
test retime::schema27_snapshot_request_and_patch_fields_remain_closed_without_promotion ... ok
test audio_gap_bindings::schema27_rejects_new_gap_intent_in_snapshots_and_both_patch_directions ... ok
test all_legacy_databases_reject_lineage_ingress_without_promotion ... ok
test all_legacy_databases_reject_audio_binding_ingress_without_promotion ... ok
test corrupt_old_tables_and_oversized_rows_retain_backup_before_validation ... ok
test sounds::schema28_rejects_sound_state_even_empty_or_null_without_promotion ... ok
test sequence_insert::actual_schema31_history_retains_root_interiors_gap_clocks_and_pending_redo ... ok
test moment_splice::actual_schema32_history_retains_nested_interiors_gap_clocks_and_pending_redo ... ok
test retime::actual_schema33_history_retains_source_splices_abandoned_edits_and_pending_redo ... ok
test sounds::actual_schema34_history_retains_retimes_abandoned_edits_and_pending_redo ... ok

test result: ok. 131 passed; 0 failed; 0 ignored; 0 measured; 0 filtered out; finished in 47.36s

     Running tests/prepared_source_registration.rs (target/debug/deps/prepared_source_registration-eec01583c48349ce)

running 22 tests
test changed_managed_original_invalidates_prepared_token_without_history_changes ... ok
test preparation_can_run_on_worker_while_writer_edits_and_does_not_author_state ... ok
test cancelled_prepared_insertion_leaves_no_receipt_or_edit_and_allows_retry ... ok
test prepared_duplicate_reuses_receipt_but_corrupted_existing_payload_is_rejected ... ok
test moment::failed_paste_transaction_keeps_revision_history_and_receipt_unchanged ... ok
test moment::paste_reconciles_complete_generation_relevance_in_its_single_transaction ... ok
test moment::paste_rechecks_original_and_live_writer_session ... ok
test moment::replacement::stale_invalid_and_failed_replacement_never_saves_splits_or_removal ... ok
test prepared_insertion_rolls_back_on_history_failure_and_retries_same_token ... ok
test moment::interior::interior_rejection_and_cursor_failure_never_publish_a_preliminary_split ... ok
test prepared_insertion_reconciles_generation_atomically_and_retries_after_cursor_failure ... ok
test moment::paste_uses_exact_measured_selection_and_one_durable_undo_entry ... ok
test moment::interior::interior_preview_and_commit_share_one_exact_transaction_and_durable_undo ... ok
test moment::replacement::replacement_admits_measured_source_and_persists_one_exact_undo_redo ... ok
test prepared_commit_rejects_read_only_wrong_project_and_reopened_sessions ... ok
test moment::paste_rejects_stale_wrong_asset_and_invalid_selection_without_writes ... ok
test linked_relocation_requires_fresh_inventory_proof_even_when_old_path_is_unchanged ... ok
test preview_is_read_only_and_prepared_token_is_bound_to_issuing_writer ... ok
test stale_target_is_rejected_then_same_token_registers_against_current_revision ... ok
test moment::paste_requires_existing_unchanged_receipt_and_never_repairs_evidence ... ok
test prepared_primary_uses_current_timing_after_automatic_basis_becomes_explicit ... ok
test prepared_token_rejects_delete_same_bytes_and_in_place_rewrite ... ok

test result: ok. 22 passed; 0 failed; 0 ignored; 0 measured; 0 filtered out; finished in 1.38s

