    Finished `dev` profile [unoptimized + debuginfo] target(s) in 0.06s
     Running `target/debug/xtask replays --scenario backups --output /private/tmp/deadpan-readonly-20261008/replays-1 --jobs 1`
   Compiling ring v0.17.14
   Compiling rustls v0.23.45
   Compiling rustls-webpki v0.103.15
   Compiling rustls-platform-verifier v0.7.1
   Compiling ureq v3.4.2
   Compiling deadpan-models v0.1.0 (/Users/michael/Code/deadpan/crates/deadpan-models)
   Compiling deadpan-cli v0.1.0 (/Users/michael/Code/deadpan/crates/deadpan-cli)
   Compiling deadpan-app v0.1.0 (/Users/michael/Code/deadpan/crates/deadpan-app)
warning: linker stderr: ld: __eh_frame section too large (max 16MB) to encode dwarf unwind offsets in compact unwind table, performance of exception handling might be affected
  |
  = note: `#[warn(linker_messages)]` on by default

warning: `deadpan-app` (bin "deadpan-app") generated 1 warning
    Finished `dev` profile [unoptimized + debuginfo] target(s) in 12.52s
replays: built and copied /private/tmp/deadpan-readonly-20261008/replays-1/bin/deadpan-app in 13.9 s (sha256 3c563029fd75a756bd5d75de4528582f8db3cbd5a738367f4aa766aa3430cb32)
replays: backups                FAIL    98.3 s

scenario                     seconds  checks  layout-retry warnings
backups                FAIL     98.3      34  11 frame(s) settled their layout only on a second retry; egui discard warning: 4 run(s) of 3+ consecutive retrying frames, each frame with its own cause

backups failed (report: /private/tmp/deadpan-readonly-20261008/replays-1/backups/report.html):
  Expected one visible enabled control "Apply Slip  Enter", found 0. Available: [{"disabled":false,"focused":false,"hidden":false,"label":null,"rect":null,"role":"GenericContainer","value":null},{"disabled":false,"focused":false,"hidden":fals…

0 passed, 1 failed, 0 skipped; 34 checks; build 13.9 s, replays 98.5 s wall (98.3 s summed, 1 job(s))
Reports: /private/tmp/deadpan-readonly-20261008/replays-1
xtask: 1 replay scenario(s) failed
