   Compiling proc-macro2 v1.0.107
   Compiling libc v0.2.189
   Compiling unicode-ident v1.0.26
   Compiling quote v1.0.47
   Compiling find-msvc-tools v0.1.13
   Compiling shlex v2.0.1
   Compiling serde_core v1.0.229
   Compiling typenum v1.20.1
   Compiling zmij v1.0.23
   Compiling rustix v1.1.5
   Compiling cfg-if v1.0.5
   Compiling getrandom v0.4.3
   Compiling serde_json v1.0.151
   Compiling serde v1.0.229
   Compiling bitflags v2.13.2
   Compiling itoa v1.0.18
   Compiling memchr v2.8.3
   Compiling thiserror v2.0.20
   Compiling arrayvec v0.7.8
   Compiling fastrand v2.5.0
   Compiling cc v1.4.7
   Compiling once_cell v1.21.4
   Compiling constant_time_eq v0.4.2
   Compiling hybrid-array v0.4.15
   Compiling syn v3.0.6
   Compiling errno v0.3.14
   Compiling cpufeatures v0.3.1
   Compiling blake3 v1.8.7
   Compiling deadpan-media-worker v0.1.0 (/Users/michael/Code/deadpan/native/deadpan-media-worker)
   Compiling crypto-common v0.2.2
   Compiling block-buffer v0.12.1
   Compiling digest v0.11.3
   Compiling sha2 v0.11.0
   Compiling tempfile v3.27.0
   Compiling deadpan-native-process v0.1.0 (/Users/michael/Code/deadpan/native/deadpan-process)
   Compiling serde_derive v1.0.229
   Compiling thiserror-impl v2.0.20
   Compiling deadpan-core v0.1.0 (/Users/michael/Code/deadpan/crates/deadpan-core)
   Compiling deadpan-media v0.1.0 (/Users/michael/Code/deadpan/crates/deadpan-media)
    Finished `test` profile [unoptimized + debuginfo] target(s) in 24.51s
     Running unittests src/main.rs (/private/tmp/deadpan-bridge-sanitized-20260921/target/aarch64-apple-darwin/debug/deps/deadpan_media_worker-9b3fc675c593b254)

running 3 tests
test tests::c_string_conversion_is_bounded_and_lossy ... ok
test tests::native_boundary_rejects_inconsistent_bridge_configuration ... ok
test tests::argument_parser_rejects_extra_oversized_and_non_utf8_requests ... ok

test result: ok. 3 passed; 0 failed; 0 ignored; 0 measured; 0 filtered out; finished in 0.00s

     Running tests/bridge_real_media.rs (/private/tmp/deadpan-bridge-sanitized-20260921/target/aarch64-apple-darwin/debug/deps/bridge_real_media-dfe7dad409c3cb20)

running 3 tests
test bridge_contract_rejects_bad_native_map_rate_and_scratch_before_worker ... ok
test canonicalize_bridge_checks_halfway_rounding_and_audio_discard ... ok
test canonicalize_bridge_retains_native_and_independently_checks_up_and_down_sampling ... FAILED

failures:

---- canonicalize_bridge_retains_native_and_independently_checks_up_and_down_sampling stdout ----

thread 'canonicalize_bridge_retains_native_and_independently_checks_up_and_down_sampling' (36498897) panicked at native/deadpan-media-worker/tests/bridge_real_media.rs:226:9:
assertion failed: request.output_video().unwrap().scratch_bytes().unwrap() >= native_scratch
note: run with `RUST_BACKTRACE=1` environment variable to display a backtrace


failures:
    canonicalize_bridge_retains_native_and_independently_checks_up_and_down_sampling

test result: FAILED. 2 passed; 1 failed; 0 ignored; 0 measured; 0 filtered out; finished in 0.47s

error: test failed, to rerun pass `-p deadpan-media-worker --test bridge_real_media`
