   Compiling deadpan-core v0.1.0 (/Users/michael/Code/deadpan/crates/deadpan-core)
   Compiling deadpan-plan v0.1.0 (/Users/michael/Code/deadpan/crates/deadpan-plan)
    Finished `test` profile [unoptimized + debuginfo] target(s) in 54.82s
     Running unittests src/lib.rs (target/debug/deps/deadpan_plan-03ce63680c147dbe)

running 8 tests
test audio_envelope::tests::signed_anchors_and_repeated_resume_preserve_progress_without_accumulated_rounding ... ok
test audio_sampling::tests::root_rounding_and_prepared_point_grids_have_explicit_different_endpoints ... ok
test audio_sampling::tests::resume_composes_current_ntsc_phase_without_rescaling_the_suffix ... ok
test audio_sampling::tests::map_keeps_out_of_crop_anchors_and_checks_signed_arithmetic ... ok
test audio_envelope::tests::invalid_lengths_and_unrepresentable_progress_fail_without_clamping ... ok
test audio_envelope::tests::ntsc_resume_retains_the_old_domain_instead_of_the_longer_allocation ... ok
test plan::audio_point_domain::tests::signed_ntsc_point_labels_rebase_without_changing_selected_origin ... ok
test plan::audio_point_domain::tests::point_empty_support_keeps_exact_policy_extent_and_can_gain_output_points ... ok

test result: ok. 8 passed; 0 failed; 0 ignored; 0 measured; 0 filtered out; finished in 0.01s

     Running tests/audio_definition.rs (target/debug/deps/audio_definition-1b723a1359760484)

running 18 tests
test selector_scope_distinguishes_node_definition_from_repeat_default_definition ... ok
test repeat_gap::billion_play_gap_definition_has_constant_work_and_occurrences_keep_their_identity ... ok
test placement_support_never_moves_a_noncoincident_hard_edge_into_the_crop ... ok
test repeat_gap::gap_signed_root_and_point_clocks_keep_exact_support_and_phase ... ok
test nested_billion_repeat_queries_stay_compact_and_use_only_definition_relative_plays ... ok
test root_placed_preserve_keeps_full_nested_history_and_definition_scope ... ok
test invalid_selectors_and_signal_requests_fail_without_guessing_an_occurrence ... ok
test owned_source_uses_absolute_signed_root_phase_without_selecting_root_siblings ... ok
test repeat_gap::gap_positive_support_can_own_no_point_and_gain_points_under_explicit_placement ... ok
test owned_source_support_limits_filter_and_envelope_without_rebasing_its_clock ... ok
test definition_output_uses_local_zero_and_point_ceil_at_ntsc ... ok
test root_placement_is_closed_checked_and_rejects_nonphysical_definition_roots ... ok
test nested_preserve_signals_retain_scope_and_cannot_alias_project_stage_descriptors ... ok
test repeat_gap::gap_definition_requires_a_positive_configured_repeat_gap ... ok
test repeat_gap::one_play_gap_definition_exists_without_a_rendered_gap_or_child_audio ... ok
test repeat_gap::gap_definition_stays_available_when_every_play_uses_an_override ... ok
test all_overridden_repeat_selects_its_authored_default_without_a_fabricated_play ... ok
test repeat_gap::gap_policies_follow_current_recipe_and_exact_gap_edges_without_node_edges ... ok

test result: ok. 18 passed; 0 failed; 0 ignored; 0 measured; 0 filtered out; finished in 0.01s

     Running tests/audio_domain.rs (target/debug/deps/audio_domain-d9d53f0b0aacf751)

running 8 tests
test domain_queries_reject_outside_support_and_enforce_work_and_span_limits ... ok
test cropped_nested_gap_keeps_its_outer_play_and_its_own_original_zero ... ok
test preserve_retains_input_history_and_flattened_policies_from_its_own_subtree ... ok
test billion_play_sparse_domains_and_gaps_keep_complete_occurrence_identity ... ok
test hidden_source_context_cannot_select_the_visible_root_sibling ... ok
test ordinary_crop_and_source_placement_constrain_hidden_filter_support ... ok
test room_tone_keeps_intrinsic_duration_and_origin_through_transparent_retimes ... ok
test negative_and_ntsc_domains_keep_the_absolute_root_phase ... ok

test result: ok. 8 passed; 0 failed; 0 ignored; 0 measured; 0 filtered out; finished in 0.01s

