{
  "schema_version": 10,
  "project_id": "f3bdfa0b-5faf-461b-a08b-690d62cf8186",
  "revision_id": "room-tone-inserted",
  "presentation_basis": {
    "width": 320,
    "height": 180,
    "frame_rate": {
      "numerator": 30000,
      "denominator": 1001
    },
    "color_policy": "sdr_rec709"
  },
  "basis_state": {
    "rate_origin": "explicit",
    "geometry_origin": "explicit",
    "primary": null
  },
  "root": "cf9be769-e4eb-4a71-865a-8925040317db",
  "nodes": {
    "cf9be769-e4eb-4a71-865a-8925040317db": {
      "label": "Sequence",
      "kind": {
        "type": "sequence",
        "children": [
          "inserted-time",
          "fixture-source"
        ]
      }
    },
    "fixture-source": {
      "label": "Source",
      "kind": {
        "type": "source",
        "source": {
          "duration": 120,
          "video": {
            "type": "blank"
          },
          "video_mapping": {
            "type": "fit_beat"
          },
          "audio": {
            "asset": "fixture-audio",
            "span": {
              "start": {
                "ticks": 0,
                "time_base": {
                  "numerator": 1,
                  "denominator": 48000
                }
              },
              "end": {
                "ticks": 192192,
                "time_base": {
                  "numerator": 1,
                  "denominator": 48000
                }
              }
            }
          },
          "audio_mapping": {
            "type": "placement",
            "start": {
              "numerator": "0",
              "denominator": "1"
            },
            "frames": {
              "numerator": "120",
              "denominator": "1"
            }
          },
          "link": "independent",
          "audio_offset": 0
        }
      }
    },
    "inserted-time": {
      "label": "Room tone then silence",
      "kind": {
        "type": "sequence",
        "children": [
          "room-tone",
          "silent-hold"
        ]
      }
    },
    "room-tone": {
      "label": "Explicit synthetic room-tone selection",
      "kind": {
        "type": "hold",
        "recipe": {
          "duration": 3,
          "video": {
            "type": "background"
          },
          "audio": {
            "type": "room_tone",
            "source": {
              "asset": "fixture-audio",
              "span": {
                "start": {
                  "ticks": 0,
                  "time_base": {
                    "numerator": 1,
                    "denominator": 48000
                  }
                },
                "end": {
                  "ticks": 256,
                  "time_base": {
                    "numerator": 1,
                    "denominator": 48000
                  }
                }
              }
            }
          }
        }
      }
    },
    "silent-hold": {
      "label": "One silent frame",
      "kind": {
        "type": "hold",
        "recipe": {
          "duration": 1,
          "video": {
            "type": "background"
          },
          "audio": {
            "type": "silence"
          }
        }
      }
    }
  },
  "assets": {
    "fixture-audio": {
      "label": "Own synthetic AAC fixture",
      "content_hash": "blake3:16614ec12d06396d3c0f0e7b91cc902c6dc30ad89c28d74b805cf64dc60d8aa1",
      "video": null,
      "audio": {
        "start": {
          "ticks": 0,
          "time_base": {
            "numerator": 1,
            "denominator": 48000
          }
        },
        "end": {
          "ticks": 192192,
          "time_base": {
            "numerator": 1,
            "denominator": 48000
          }
        }
      },
      "still_image": false,
      "frame_count": null,
      "source_qualification": "e9a6894438eac3e069888a424dfc42dfbe42adc877f6ab6ad7501c8d134c114d"
    }
  },
  "marks": {},
  "overrides": {}
}
