{
  "basis_state": {
    "geometry_origin": "explicit",
    "primary": null,
    "rate_origin": "explicit"
  },
  "duration_frames": 0,
  "mark_count": 0,
  "node_count": 1,
  "presentation_basis": {
    "color_policy": "sdr_rec709",
    "frame_rate": {
      "denominator": 1001,
      "numerator": 30000
    },
    "height": 180,
    "width": 320
  },
  "project_id": "f3bdfa0b-5faf-461b-a08b-690d62cf8186",
  "protocol": 1,
  "revision_id": "2fcdbf72-0ed2-4f0c-93b5-a6c65a5c610c",
  "root": "cf9be769-e4eb-4a71-865a-8925040317db",
  "valid": true
}
