{
  "audio": {
    "project_id": "f3bdfa0b-5faf-461b-a08b-690d62cf8186",
    "revision_id": "source-import",
    "samples": [
      [
        -0.0022047795355319977,
        -0.002100710989907384
      ],
      [
        0.012739100493490696,
        0.005808090325444937
      ],
      [
        -0.012407897971570492,
        -0.004908549599349499
      ],
      [
        0.003956041764467955,
        0.0063086505979299545
      ],
      [
        -0.0042864736169576645,
        -0.004856527782976627
      ],
      [
        0.007552706636488438,
        -0.002372261369600892
      ],
      [
        -0.00259540812112391,
        0.00599359767511487
      ],
      [
        -0.004527085926383734,
        -0.0069906581193208694
      ],
      [
        0.008093896321952343,
        0.007052960805594921
      ],
      [
        -0.0063739861361682415,
        -0.011539408005774021
      ],
      [
        0.0037520944606512785,
        0.010986240580677986
      ],
      [
        -0.007289312779903412,
        0.00085212237900123
      ],
      [
        0.009536691009998322,
        -0.008162892423570156
      ],
      [
        -0.00511937728151679,
        -0.0029231540393084288
      ],
      [
        -0.010760578326880932,
        0.014575921930372715
      ],
      [
        0.02180689014494419,
        -0.0034860363230109215
      ],
      [
        -0.019250106066465378,
        -0.01366334967315197
      ],
      [
        0.003909626044332981,
        0.01736331917345524
      ],
      [
        0.011607455089688301,
        -0.012870620004832745
      ],
      [
        -0.013279305770993233,
        0.002332695061340928
      ],
      [
        0.002789883641526103,
        0.008156338706612587
      ],
      [
        0.0034000982996076345,
        -0.012670082040131092
      ],
      [
        0.001601113472133875,
        0.00048085831804201007
      ],
      [
        -0.01321282796561718,
        0.013048305176198483
      ],
      [
        0.01451428048312664,
        -0.01047804020345211
      ],
      [
        -0.004411565139889717,
        0.0020082974806427956
      ],
      [
        -0.006166566163301468,
        -0.004617308732122183
      ],
      [
        0.010979605838656425,
        0.0026630088686943054
      ],
      [
        -0.008467298001050949,
        0.011595677584409714
      ],
      [
        0.006453421898186207,
        -0.020966684445738792
      ],
      [
        -0.0086402278393507,
        0.01009291224181652
      ],
      [
        0.011773998849093914,
        0.004881582222878933
      ],
      [
        -0.014930919744074345,
        -0.008203854784369469
      ],
      [
        0.005108844023197889,
        0.0017039160011336207
      ],
      [
        0.012430994771420956,
        0.010238389484584332
      ],
      [
        -0.026345200836658478,
        -0.017688317224383354
      ],
      [
        0.031015250831842422,
        0.005861386191099882
      ],
      [
        -0.016786353662610054,
        0.007534762378782034
      ],
      [
        -0.0029404964298009872,
        -0.012237558141350746
      ],
      [
        0.01460298988968134,
        0.0044224560260772705
      ],
      [
        -0.014287359081208706,
        -0.004125460982322693
      ],
      [
        0.004255159758031368,
        0.00977598037570715
      ],
      [
        0.0008550859638489783,
        -0.014548113569617271
      ],
      [
        0.001970755634829402,
        0.005017475225031376
      ],
      [
        -0.003825016552582383,
        0.001788327586837113
      ],
      [
        0.00596422515809536,
        -0.007990938611328602
      ],
      [
        -0.004411434289067984,
        -0.003489656839519739
      ],
      [
        0.0054130940698087215,
        0.01048695482313633
      ],
      [
        -0.008685922250151634,
        0.0011957858223468065
      ],
      [
        0.006361447274684906,
        -0.02015143260359764
      ],
      [
        -0.003348155878484249,
        0.016931382939219475
      ],
      [
        -0.003573118941858411,
        0.0007452017744071782
      ],
      [
        0.006283455993980169,
        -0.013390428386628628
      ],
      [
        -0.007831095717847347,
        0.009169616736471653
      ],
      [
        0.01572323963046074,
        0.001305777463130653
      ],
      [
        -0.026393309235572815,
        -0.019753163680434227
      ],
      [
        0.026545671746134758,
        0.025629932060837746
      ],
      [
        -0.006949623115360737,
        -0.006747810635715723
      ],
      [
        -0.015497389249503613,
        -0.011957843787968159
      ],
      [
        0.024303440004587173,
        -0.0023324782960116863
      ],
      [
        -0.01644671894609928,
        0.016612622886896133
      ],
      [
        0.0013654715148732066,
        0.004407216794788837
      ],
      [
        -0.0018575850408524275,
        -0.030888669192790985
      ],
      [
        0.01625247113406658,
        0.022139690816402435
      ],
      [
        -0.01997339352965355,
        -0.014788529835641384
      ],
      [
        -0.0028540208004415035,
        0.019441690295934677
      ],
      [
        0.022548049688339233,
        -0.006661083549261093
      ],
      [
        -0.01584351435303688,
        -0.012177488766610622
      ],
      [
        -0.015730414539575577,
        -0.004812547005712986
      ],
      [
        0.035403165966272354,
        0.022165313363075256
      ],
      [
        -0.01659565418958664,
        -0.0032974565401673317
      ],
      [
        -0.021090200170874596,
        -0.024712491780519485
      ],
      [
        0.03845934569835663,
        0.023489972576498985
      ],
      [
        -0.023325787857174873,
        -0.03277246654033661
      ],
      [
        -0.0003495878481771797,
        0.05106387659907341
      ],
      [
        -0.0010785515187308192,
        -0.029816297814249992
      ],
      [
        0.01969182677567005,
        -0.017472000792622566
      ],
      [
        -0.025314724072813988,
        0.013441276736557484
      ],
      [
        -0.0018851648783311248,
        0.020170064643025398
      ],
      [
        0.030037658289074898,
        -0.003966856747865677
      ],
      [
        -0.030022770166397095,
        -0.0463620126247406
      ],
      [
        0.006305844523012638,
        0.05234115943312645
      ],
      [
        0.007291580084711313,
        -0.03076077066361904
      ],
      [
        0.007869280874729156,
        0.014443113468587399
      ],
      [
        -0.02988254465162754,
        0.012594562955200672
      ],
      [
        0.01938234455883503,
        -0.03524205833673477
      ],
      [
        0.01128394901752472,
        -0.00912543386220932
      ],
      [
        -0.019740957766771317,
        0.06807234138250351
      ],
      [
        -0.010041100904345512,
        -0.04501268267631531
      ],
      [
        0.041025351732969284,
        -0.023713942617177963
      ],
      [
        -0.026831714436411858,
        0.023703766986727715
      ],
      [
        -0.025143619626760483,
        0.001742757624015212
      ],
      [
        0.05679723620414734,
        0.03616269677877426
      ],
      [
        -0.03994814679026604,
        -0.08828531950712204
      ],
      [
        0.011506297625601292,
        0.08372365683317184
      ],
      [
        -0.030270090326666832,
        -0.05892493203282356
      ],
      [
        0.08567196130752563,
        0.03797212615609169
      ],
      [
        -0.1022321879863739,
        -0.020502794533967972
      ],
      [
        0.010946464724838734,
        0.05708726495504379
      ],
      [
        0.14047881960868835,
        -0.18504633009433746
      ],
      [
        0.5068195462226868,
        -0.367975652217865
      ],
      [
        0.16283732652664185,
        -0.20120501518249512
      ],
      [
        -0.005931357853114605,
        0.06476376205682755
      ],
      [
        -0.11445305496454239,
        -0.022301586344838142
      ],
      [
        0.12163946777582169,
        0.04850596562027931
      ],
      [
        -0.05348284915089607,
        -0.06859644502401352
      ],
      [
        -0.004703721031546593,
        0.08075105398893356
      ],
      [
        0.005276354029774666,
        -0.08575040102005005
      ],
      [
        0.017381493002176285,
        0.04552818089723587
      ],
      [
        -0.02151738852262497,
        0.0029868849087506533
      ],
      [
        0.0064826044254004955,
        0.006601639091968536
      ],
      [
        -0.002160635543987155,
        -0.011900967918336391
      ],
      [
        0.01481243222951889,
        -0.053479380905628204
      ],
      [
        -0.019556831568479538,
        0.08287732303142548
      ],
      [
        -0.007214691489934921,
        -0.016019307076931
      ],
      [
        0.04211051017045975,
        -0.0478581003844738
      ],
      [
        -0.05129481479525566,
        0.02945505827665329
      ],
      [
        0.026432758197188377,
        0.01116518396884203
      ],
      [
        0.004168117418885231,
        -0.02074749767780304
      ],
      [
        -0.013835213147103786,
        0.036187201738357544
      ],
      [
        -0.0038251797668635845,
        -0.04581931233406067
      ],
      [
        0.01545198354870081,
        0.004829860758036375
      ],
      [
        0.00207774736918509,
        0.020939916372299194
      ],
      [
        -0.018983323127031326,
        0.009419041685760021
      ],
      [
        0.01811547763645649,
        -0.022465910762548447
      ],
      [
        -0.0038796281442046165,
        -0.02394268848001957
      ],
      [
        -0.009744522161781788,
        0.051437683403491974
      ],
      [
        0.004089261405169964,
        -0.02262618951499462
      ],
      [
        0.010626128874719143,
        0.0020155408419668674
      ],
      [
        -0.017058828845620155,
        -0.017164185643196106
      ],
      [
        0.015874294564127922,
        0.0041197314858436584
      ],
      [
        -0.009226649068295956,
        0.01641217991709709
      ],
      [
        0.0039327205158770084,
        0.0006995543953962624
      ],
      [
        0.0006175616290420294,
        -0.023001333698630333
      ],
      [
        -0.012571501545608044,
        0.0015886067412793636
      ],
      [
        0.021613694727420807,
        0.015020515769720078
      ],
      [
        -0.01876966655254364,
        -0.007083674892783165
      ],
      [
        0.00619649700820446,
        0.014558112248778343
      ],
      [
        0.0006422892329283059,
        -0.0384778268635273
      ],
      [
        -0.0013843716587871313,
        0.025306278839707375
      ],
      [
        -0.004703737795352936,
        0.010477820411324501
      ],
      [
        0.002668417524546385,
        -0.011690733022987843
      ],
      [
        0.007888841442763805,
        -0.008935129269957542
      ],
      [
        -0.016024207696318626,
        -0.003484398126602173
      ],
      [
        0.01079960260540247,
        0.01897064782679081
      ],
      [
        0.0029519321396946907,
        -0.011662901379168034
      ],
      [
        -0.01479235291481018,
        -0.0005195428966544569
      ],
      [
        0.011092061176896095,
        -0.004443805664777756
      ],
      [
        0.0038285991176962852,
        -0.0014727909583598375
      ],
      [
        -0.01286517083644867,
        0.006716392934322357
      ],
      [
        0.013137130066752434,
        0.007816225290298462
      ],
      [
        -0.004057117737829685,
        -0.026376944035291672
      ],
      [
        -0.006061691790819168,
        0.012577435933053493
      ],
      [
        0.00738469697535038,
        0.010674621909856796
      ],
      [
        -0.004343104548752308,
        -0.0069829123094677925
      ],
      [
        -0.00044908042764291167,
        -0.006111741531640291
      ],
      [
        0.010785989463329315,
        -0.0061051612719893456
      ],
      [
        -0.010963666252791882,
        0.012936393730342388
      ],
      [
        0.00705152889713645,
        -0.013178788125514984
      ],
      [
        0.0017352199647575617,
        0.011978237889707088
      ],
      [
        -0.00736812362447381,
        -0.012768815271556377
      ],
      [
        0.012293077073991299,
        -0.001042454969137907
      ],
      [
        -0.017748279497027397,
        0.00980041641741991
      ],
      [
        0.01639726385474205,
        -0.0029658309649676085
      ],
      [
        -0.011286560446023941,
        -0.0005773350712843239
      ],
      [
        0.001523494371213019,
        -0.010273264721035957
      ],
      [
        0.01379365473985672,
        0.0073729525320231915
      ],
      [
        -0.016473084688186646,
        -0.0021773988846689463
      ],
      [
        0.008396071381866932,
        -0.0010538698406890035
      ],
      [
        -0.0020398024935275316,
        -0.0008721867925487459
      ],
      [
        0.0017754888394847512,
        0.0006480879383161664
      ],
      [
        -0.009088510647416115,
        -0.006309274584054947
      ],
      [
        0.016109604388475418,
        0.006618007086217403
      ],
      [
        -0.01105557195842266,
        -0.0019196720095351338
      ],
      [
        -0.0025322679430246353,
        -0.008240883238613605
      ],
      [
        0.009430338628590107,
        0.009028903208673
      ],
      [
        -0.006960264407098293,
        -0.009494656696915627
      ],
      [
        0.00463249022141099,
        0.0061564682982862
      ],
      [
        -0.008770701475441456,
        0.0035063608083873987
      ],
      [
        0.01165046263486147,
        -0.015086883679032326
      ],
      [
        -0.01281917467713356,
        0.013617169111967087
      ],
      [
        0.006330791395157576,
        -0.005337733309715986
      ],
      [
        0.001418483559973538,
        -0.0017568250186741352
      ],
      [
        -0.0020533381029963493,
        0.00425970321521163
      ],
      [
        0.0015321975806728005,
        -0.016954269260168076
      ],
      [
        -0.0019165786216035485,
        0.01913914829492569
      ],
      [
        0.009794839657843113,
        -0.014272385276854038
      ],
      [
        -0.012398406863212585,
        0.0032109180465340614
      ],
      [
        0.01190702710300684,
        0.002033689757809043
      ],
      [
        -0.005404415540397167,
        -0.017238350585103035
      ],
      [
        0.0012995022116228938,
        0.02302945964038372
      ],
      [
        -0.0022003829944878817,
        -0.007666125427931547
      ],
      [
        0.00013005327491555363,
        -0.010055998340249062
      ],
      [
        0.011611327528953552,
        0.0012086358619853854
      ],
      [
        -0.013932470232248306,
        0.004893620032817125
      ],
      [
        0.008331289514899254,
        -0.005964375101029873
      ],
      [
        0.0039230273105204105,
        0.010480118915438652
      ],
      [
        -0.006796468514949083,
        -0.01662847399711609
      ],
      [
        0.0004770504601765424,
        0.0014529384206980467
      ],
      [
        0.010904708877205849,
        0.017868677154183388
      ],
      [
        -0.011017419397830963,
        -0.02264968678355217
      ],
      [
        0.00007277011900441721,
        0.017198344692587852
      ],
      [
        0.017044557258486748,
        -0.019390685483813286
      ],
      [
        -0.018025841563940048,
        0.008927742019295692
      ],
      [
        0.00893415417522192,
        0.010472693480551243
      ],
      [
        0.004609188064932823,
        -0.02052207849919796
      ],
      [
        -0.009251119568943977,
        0.011503507383167744
      ],
      [
        0.010531649924814701,
        -0.007472377270460129
      ],
      [
        -0.007893628440797329,
        0.00696789612993598
      ],
      [
        0.009419272653758526,
        -0.00029586273012682796
      ],
      [
        -0.006506363395601511,
        -0.0084404731169343
      ],
      [
        -0.002062775194644928,
        0.00048068040632642806
      ],
      [
        0.015632810071110725,
        0.005426844581961632
      ],
      [
        -0.023806683719158173,
        0.0009206889662891626
      ],
      [
        0.020372558385133743,
        -0.005984898656606674
      ],
      [
        -0.006817759480327368,
        0.002750211860984564
      ],
      [
        -0.012244246900081635,
        -0.0015676721232011914
      ],
      [
        0.03043699823319912,
        0.0028822950553148985
      ],
      [
        -0.02936617285013199,
        -0.0013147637946531177
      ],
      [
        0.011887909844517708,
        -0.004652330651879311
      ],
      [
        0.010828210040926933,
        0.0026900554075837135
      ],
      [
        -0.02584901452064514,
        0.0003935683344025165
      ],
      [
        0.022068915888667107,
        0.009084454737603664
      ],
      [
        -0.0051400247029960155,
        -0.013402862474322319
      ],
      [
        -0.005437574815005064,
        -0.003496772376820445
      ],
      [
        0.008243177086114883,
        0.01604204811155796
      ],
      [
        -0.006156097631901503,
        -0.011387606151401997
      ],
      [
        0.00819095317274332,
        0.0049820258282125
      ],
      [
        -0.012753067538142204,
        -0.0052440837025642395
      ],
      [
        0.011630804277956486,
        0.0024914820678532124
      ],
      [
        0.00492094224318862,
        -0.0010853088460862637
      ],
      [
        -0.018981460481882095,
        0.00045057779061608016
      ],
      [
        0.02076481282711029,
        0.0040718200616538525
      ],
      [
        -0.003980239853262901,
        -0.016519686207175255
      ],
      [
        -0.013378849253058434,
        0.01814231462776661
      ],
      [
        0.01672031544148922,
        -0.0039967442862689495
      ],
      [
        -0.0003088399244006723,
        -0.005965624004602432
      ],
      [
        -0.015449052676558495,
        -0.0019241425907239318
      ],
      [
        0.019722986966371536,
        0.002876945538446307
      ],
      [
        -0.0028420593589544296,
        0.002315852791070938
      ],
      [
        -0.012775368057191372,
        -0.008538109250366688
      ],
      [
        0.01863115094602108,
        0.0076938471756875515
      ],
      [
        -0.011255268938839436,
        -0.006472497712820768
      ],
      [
        -0.0004663376894313842,
        0.005223079118877649
      ],
      [
        0.007275077514350414,
        -0.0002729992847889662
      ],
      [
        -0.007582665421068668,
        0.0005242584156803787
      ],
      [
        0.004832977429032326,
        -0.004781866446137428
      ],
      [
        -0.001403852947987616,
        -0.000869489973410964
      ],
      [
        -0.0031208537984639406,
        0.012818227522075176
      ],
      [
        0.008555646054446697,
        -0.011170908808708191
      ],
      [
        -0.010451780632138252,
        -0.0008711079135537148
      ],
      [
        0.004715675488114357,
        0.00614774227142334
      ],
      [
        0.006897712126374245,
        -0.0005337489419616759
      ],
      [
        -0.01724701002240181,
        -0.0024787806905806065
      ],
      [
        0.0163712240755558,
        0.002419003751128912
      ],
      [
        -0.00635182112455368,
        0.00012290295853745192
      ]
    ],
    "schema_version": 1,
    "stage": "source_pcm_before_effects",
    "start": 0
  },
  "protocol": 1
}
