{
  "audio": {
    "project_id": "f3bdfa0b-5faf-461b-a08b-690d62cf8186",
    "revision_id": "room-tone-inserted",
    "samples": [
      [
        -0.0059752389788627625,
        -0.0034367956686764956
      ],
      [
        0.011562719941139221,
        0.0044893971644341946
      ],
      [
        -0.0035786256194114685,
        -0.000925860193092376
      ],
      [
        -0.005109191406518221,
        0.00010639306856319308
      ],
      [
        0.002258667489513755,
        0.003997628577053547
      ],
      [
        -0.001092935330234468,
        -0.009986628778278828
      ],
      [
        0.007722895592451096,
        0.009180554188787937
      ],
      [
        -0.011225861497223377,
        -0.0066494024358689785
      ],
      [
        0.008787356317043304,
        0.004688367713242769
      ],
      [
        -0.0032256694976240396,
        -0.005362772848457098
      ],
      [
        0.0003204789536539465,
        -0.0007186065777204931
      ],
      [
        -0.002393892500549555,
        0.011158912442624569
      ],
      [
        -0.0004209958715364337,
        -0.009298942051827908
      ],
      [
        0.008909731172025204,
        -0.004601041320711374
      ],
      [
        -0.019885053858160973,
        0.006243615411221981
      ],
      [
        0.016855338588356972,
        0.011549457907676697
      ],
      [
        -0.0018268715357407928,
        -0.020409835502505302
      ],
      [
        -0.014826486818492413,
        0.01122319232672453
      ],
      [
        0.019733447581529617,
        0.0005081082344986498
      ],
      [
        -0.009333187714219093,
        -0.010526860132813454
      ],
      [
        -0.0034014007542282343,
        0.013278109021484852
      ],
      [
        0.003609471255913377,
        -0.007020606193691492
      ],
      [
        0.004899550694972277,
        -0.008495374582707882
      ],
      [
        -0.01058906503021717,
        0.012932018376886845
      ],
      [
        0.002042878419160843,
        -0.0011464857961982489
      ],
      [
        0.010839045979082584,
        -0.0072825937531888485
      ],
      [
        -0.015675600618124008,
        0.003928836435079575
      ],
      [
        0.012149929068982601,
        -0.008523830212652683
      ],
      [
        -0.004827653989195824,
        0.01813419908285141
      ],
      [
        0.002151965396478772,
        -0.01391637697815895
      ],
      [
        -0.0031598543282598257,
        -0.004648550413548946
      ],
      [
        0.002229029778391123,
        0.013463985174894333
      ],
      [
        0.0018493297975510359,
        -0.006538239773362875
      ],
      [
        -0.015825625509023666,
        -0.004098173230886459
      ],
      [
        0.026389745995402336,
        0.01081112027168274
      ],
      [
        -0.024452604353427887,
        -0.006277951877564192
      ],
      [
        0.011366735212504864,
        -0.011383467353880405
      ],
      [
        0.011519060470163822,
        0.01829175278544426
      ],
      [
        -0.02479284442961216,
        -0.012989655137062073
      ],
      [
        0.022365257143974304,
        0.002263455418869853
      ],
      [
        -0.010655463673174381,
        -0.004206106998026371
      ],
      [
        -0.0012421058490872383,
        0.007849650457501411
      ],
      [
        0.0015697394264861941,
        -0.005550293251872063
      ],
      [
        0.003760446095839143,
        -0.006847251206636429
      ],
      [
        -0.004667563363909721,
        0.009196818806231022
      ],
      [
        0.004657898098230362,
        -0.007838805206120014
      ],
      [
        -0.0017355711897835135,
        -0.004970540292561054
      ],
      [
        0.0021169448737055063,
        0.0030061667785048485
      ],
      [
        -0.0021785099525004625,
        0.012446034699678421
      ],
      [
        -0.0034968461841344833,
        -0.019741514697670937
      ],
      [
        0.007588076405227184,
        0.002656522672623396
      ],
      [
        -0.012503352016210556,
        0.0140180429443717
      ],
      [
        0.011544360779225826,
        -0.013643606565892696
      ],
      [
        -0.011136054992675781,
        -0.0013119194190949202
      ],
      [
        0.014842906966805458,
        0.013014351017773151
      ],
      [
        -0.014216572046279907,
        -0.021127983927726746
      ],
      [
        0.0005116095417179167,
        0.010023441165685654
      ],
      [
        0.021858546882867813,
        0.01353398710489273
      ],
      [
        -0.03067988157272339,
        -0.018749205395579338
      ],
      [
        0.020359015092253685,
        -0.002729740459471941
      ],
      [
        -0.0016435994766652584,
        0.004673430230468512
      ],
      [
        -0.010131964460015297,
        0.021695638075470924
      ],
      [
        0.002566267503425479,
        -0.029856862500309944
      ],
      [
        0.0070755360648036,
        0.004576441366225481
      ],
      [
        0.00239763455465436,
        0.004447443410754204
      ],
      [
        -0.02553563378751278,
        -0.0035937160719186068
      ],
      [
        0.02666201815009117,
        0.01844874396920204
      ],
      [
        -0.002956090262159705,
        -0.024497350677847862
      ],
      [
        -0.022335000336170197,
        0.0008114409865811467
      ],
      [
        0.015670260414481163,
        0.0015951875830069184
      ],
      [
        0.01975804753601551,
        0.026723366230726242
      ],
      [
        -0.04407235234975815,
        -0.040287166833877563
      ],
      [
        0.031647928059101105,
        0.022871632128953934
      ],
      [
        0.0007389760576188564,
        -0.02153955027461052
      ],
      [
        -0.018256880342960358,
        0.016754625365138054
      ],
      [
        0.00642511248588562,
        0.022676223888993263
      ],
      [
        0.005385762080550194,
        -0.05305410176515579
      ],
      [
        0.007497143466025591,
        0.02463311329483986
      ],
      [
        -0.03879829868674278,
        -0.0014905279967933893
      ],
      [
        0.047133270651102066,
        0.03565467149019241
      ],
      [
        -0.02528047002851963,
        -0.06628092378377914
      ],
      [
        0.0003696275525726378,
        0.036922745406627655
      ],
      [
        -0.0021840534172952175,
        -0.0022975250612944365
      ],
      [
        0.023976661264896393,
        -0.010603697970509529
      ],
      [
        -0.03106723167002201,
        0.022463366389274597
      ],
      [
        0.0053841592743992805,
        -0.01338793896138668
      ],
      [
        0.016144122928380966,
        -0.04136011376976967
      ],
      [
        -0.0026033795438706875,
        0.05753735452890396
      ],
      [
        -0.028776446357369423,
        0.008382118307054043
      ],
      [
        0.03065507672727108,
        -0.06223657727241516
      ],
      [
        0.012121855281293392,
        0.03166663274168968
      ],
      [
        -0.0563647523522377,
        -0.013438510708510876
      ],
      [
        0.052404895424842834,
        0.05623278394341469
      ],
      [
        -0.01476976927369833,
        -0.07160714268684387
      ],
      [
        0.00004407068627187982,
        0.0269260723143816
      ],
      [
        -0.034281592816114426,
        0.008365743793547153
      ],
      [
        0.06539514660835266,
        -0.020685767754912376
      ],
      [
        -0.03268199786543846,
        0.018895531073212624
      ],
      [
        -0.0523456372320652,
        0.018259912729263306
      ],
      [
        0.056696657091379166,
        -0.039773035794496536
      ],
      [
        0.4015701115131378,
        -0.3435503840446472
      ],
      [
        0.3537951707839966,
        -0.30737730860710144
      ],
      [
        0.02073095180094242,
        -0.000412993278587237
      ],
      [
        -0.08962547034025192,
        0.01248734537512064
      ],
      [
        0.020823733881115913,
        0.027675341814756393
      ],
      [
        0.06141257658600807,
        -0.0320906788110733
      ],
      [
        -0.07858540862798691,
        0.021442430093884468
      ],
      [
        0.03882317617535591,
        0.00001624992728466168
      ],
      [
        -0.007960421033203602,
        -0.048328738659620285
      ],
      [
        0.010611982084810734,
        0.06877674162387848
      ],
      [
        -0.022366667166352272,
        -0.0358370840549469
      ],
      [
        0.015548528172075748,
        0.035031165927648544
      ],
      [
        -0.0022111504804342985,
        -0.07724984735250473
      ],
      [
        0.008319688029587269,
        0.045217640697956085
      ],
      [
        -0.034629639238119125,
        0.04298197850584984
      ],
      [
        0.043666254729032516,
        -0.06346534192562103
      ],
      [
        -0.018549786880612373,
        0.005759320221841335
      ],
      [
        -0.02133038267493248,
        0.029243867844343185
      ],
      [
        0.040161967277526855,
        -0.01960272341966629
      ],
      [
        -0.02939036302268505,
        0.017351893708109856
      ],
      [
        0.006659833248704672,
        -0.0021344791166484356
      ],
      [
        -0.006977148354053497,
        -0.04223138466477394
      ],
      [
        0.028429800644516945,
        0.04142791032791138
      ],
      [
        -0.03185086324810982,
        -0.003410081611946225
      ],
      [
        0.0163720715790987,
        0.011112937703728676
      ],
      [
        0.0003827920590993017,
        -0.05435783788561821
      ],
      [
        -0.004300741478800774,
        0.045440174639225006
      ],
      [
        -0.009488838724792004,
        0.0020751983392983675
      ],
      [
        0.019375940784811974,
        -0.012227167375385761
      ],
      [
        -0.014172637835144997,
        -0.004352499730885029
      ],
      [
        0.003761653322726488,
        -0.013400034047663212
      ],
      [
        0.006563118658959866,
        0.02072470635175705
      ],
      [
        -0.011641602963209152,
        0.004498486872762442
      ],
      [
        0.015307308174669743,
        -0.010586869902908802
      ],
      [
        -0.02190292254090309,
        -0.020697230473160744
      ],
      [
        0.019228843972086906,
        0.02600906416773796
      ],
      [
        -0.006401372142136097,
        -0.011919709853827953
      ],
      [
        -0.006398401223123074,
        0.018862230703234673
      ],
      [
        0.00685000978410244,
        -0.0258022528141737
      ],
      [
        -0.0024682062212377787,
        -0.005231726448982954
      ],
      [
        -0.002690949710085988,
        0.030529364943504333
      ],
      [
        -0.0029301925096660852,
        -0.012225249782204628
      ],
      [
        0.010454355739057064,
        -0.0060213184915483
      ],
      [
        -0.008479204028844833,
        -0.012262438423931599
      ],
      [
        -0.004532486665993929,
        0.016841154545545578
      ],
      [
        0.015580818057060242,
        0.00002792889608826954
      ],
      [
        -0.01539753470569849,
        -0.008479240350425243
      ],
      [
        0.0009981323964893818,
        0.0002235948632005602
      ],
      [
        0.012735296040773392,
        -0.005042992997914553
      ],
      [
        -0.012018300592899323,
        0.0029355711303651333
      ],
      [
        0.0033297098707407713,
        0.012622417882084846
      ],
      [
        0.007703562267124653,
        -0.015835972502827644
      ],
      [
        -0.011548487469553947,
        -0.009674394503235817
      ],
      [
        0.005199669394642115,
        0.02317935600876808
      ],
      [
        0.0015145961660891771,
        -0.007402522023767233
      ],
      [
        -0.006376986857503653,
        -0.0019484118092805147
      ],
      [
        0.01085616648197174,
        -0.01285558007657528
      ],
      [
        -0.003035197965800762,
        0.012079976499080658
      ],
      [
        -0.004649525508284569,
        -0.005607482045888901
      ],
      [
        0.011898149736225605,
        0.00046909719821996987
      ],
      [
        -0.01238221675157547,
        0.0032857810147106647
      ],
      [
        0.011409769766032696,
        -0.01600227877497673
      ],
      [
        -0.008952903561294079,
        0.014996500685811043
      ],
      [
        0.00006762441626051441,
        -0.003357058623805642
      ],
      [
        0.008813468739390373,
        0.002804305637255311
      ],
      [
        -0.017445934936404228,
        -0.010929900221526623
      ],
      [
        0.02319447137415409,
        0.0021084328182041645
      ],
      [
        -0.01339735183864832,
        0.0028585162945091724
      ],
      [
        0.0009282118990086019,
        -0.0030040284618735313
      ],
      [
        0.0023372971918433905,
        -0.0005276568699628115
      ],
      [
        0.0011901042889803648,
        0.000550038181245327
      ],
      [
        -0.0069970241747796535,
        -0.003898719558492303
      ],
      [
        0.005814294796437025,
        -0.0005242402548901737
      ],
      [
        0.006225785240530968,
        0.006935280282050371
      ],
      [
        -0.017059722915291786,
        -0.012295274063944817
      ],
      [
        0.01509411446750164,
        0.006231405772268772
      ],
      [
        -0.007296549156308174,
        -0.0021170557010918856
      ],
      [
        0.004812598694115877,
        -0.004402189515531063
      ],
      [
        -0.007668839301913977,
        0.01206128764897585
      ],
      [
        0.006058062426745892,
        -0.01393837109208107
      ],
      [
        -0.0018418129766359925,
        0.002427017083391547
      ],
      [
        -0.006863114889711142,
        0.008205248042941093
      ],
      [
        0.010931390337646008,
        -0.012071311473846436
      ],
      [
        -0.007409201469272375,
        0.011423789896070957
      ],
      [
        0.005827785935252905,
        -0.01672341488301754
      ],
      [
        -0.006629325915127993,
        0.007533365394920111
      ],
      [
        0.011376835405826569,
        0.0039797029457986355
      ],
      [
        -0.007442328613251448,
        -0.014379044994711876
      ],
      [
        0.001758812228217721,
        0.01564723066985607
      ],
      [
        0.00581992557272315,
        -0.02171741984784603
      ],
      [
        -0.007229640148580074,
        0.012303592637181282
      ],
      [
        0.005309576168656349,
        0.008435417897999287
      ],
      [
        -0.008164994418621063,
        -0.015135327354073524
      ],
      [
        0.014665967784821987,
        -0.0020890531595796347
      ],
      [
        -0.007464043330401182,
        0.00539829395711422
      ],
      [
        -0.00281145959161222,
        -0.0030971718952059746
      ],
      [
        0.010883699171245098,
        0.0035253670066595078
      ],
      [
        -0.005415817257016897,
        -0.0003340567636769265
      ],
      [
        -0.0038541799876838923,
        -0.018794702365994453
      ],
      [
        0.008945276029407978,
        0.026830872520804405
      ],
      [
        0.000236504667554982,
        -0.016351308673620224
      ],
      [
        -0.012922489084303379,
        0.0031922587659209967
      ],
      [
        0.019612479954957962,
        0.0003707840805873275
      ],
      [
        -0.006945713888853788,
        -0.014787075109779835
      ],
      [
        -0.0072143785655498505,
        0.02601860836148262
      ],
      [
        0.0157812237739563,
        -0.020082317292690277
      ],
      [
        -0.011808764189481735,
        0.00270026340149343
      ],
      [
        0.006792976520955563,
        0.0010823664488270879
      ],
      [
        -0.0009791313204914331,
        -0.0022143556270748377
      ],
      [
        -0.00027942899032495916,
        0.007996762171387672
      ],
      [
        0.006572824902832508,
        -0.009617811068892479
      ],
      [
        -0.014403540641069412,
        -0.0021850159391760826
      ],
      [
        0.019584819674491882,
        0.003237164346501231
      ],
      [
        -0.01365293376147747,
        0.005213194526731968
      ],
      [
        -0.0015292750904336572,
        -0.005978202912956476
      ],
      [
        0.01783481426537037,
        2.839054104697425e-6
      ],
      [
        -0.028217405080795288,
        0.0006913705146871507
      ],
      [
        0.027104627341032028,
        -0.00004092477684025653
      ],
      [
        -0.006742451339960098,
        0.0027325432747602463
      ],
      [
        -0.016565807163715363,
        -0.006116156000643969
      ],
      [
        0.02913637086749077,
        0.0012447567423805594
      ],
      [
        -0.024592621251940727,
        0.0002433487243251875
      ],
      [
        0.005019483156502247,
        0.006777137517929077
      ],
      [
        0.013336553238332272,
        -0.0014922254486009479
      ],
      [
        -0.015512797050178051,
        -0.016336604952812195
      ],
      [
        0.010370382107794285,
        0.016912925988435745
      ],
      [
        -0.004808226600289345,
        -0.0032033505849540234
      ],
      [
        0.00488385371863842,
        -0.0033784331753849983
      ],
      [
        -0.0040324777364730835,
        0.002325749956071377
      ],
      [
        -0.004115123301744461,
        -0.005152340978384018
      ],
      [
        0.018947511911392212,
        0.005795796401798725
      ],
      [
        -0.019688446074724197,
        -0.0065980092622339725
      ],
      [
        0.006745523773133755,
        0.010513254441320896
      ],
      [
        0.013269806280732155,
        -0.015330084599554539
      ],
      [
        -0.018989907577633858,
        0.005353519227355719
      ],
      [
        0.007244396023452282,
        0.010664252564311028
      ],
      [
        0.012449032627046108,
        -0.012013169936835766
      ],
      [
        -0.01691163331270218,
        0.000535378057975322
      ],
      [
        0.006068956572562456,
        -0.002931431867182255
      ],
      [
        0.014901106245815754,
        0.008243012242019176
      ],
      [
        -0.020258275792002678,
        -0.009697913192212582
      ],
      [
        0.012298991903662682,
        0.004125239327549934
      ],
      [
        0.002588727045804262,
        -0.0009567911038175225
      ],
      [
        -0.011766510084271431,
        -0.001463849563151598
      ],
      [
        0.01092702616006136,
        0.005136133637279272
      ],
      [
        -0.004899746272712946,
        -0.002707931911572814
      ],
      [
        -0.0005801398656331003,
        0.0006503202021121979
      ],
      [
        0.004034195560961962,
        -0.008053249679505825
      ],
      [
        -0.0063847932033240795,
        0.012951262295246124
      ],
      [
        0.006743906997144222,
        -0.0022754191886633635
      ],
      [
        -0.001912322361022234,
        -0.008988350629806519
      ],
      [
        -0.007486849557608366,
        0.006863015703856945
      ],
      [
        0.015307892113924026,
        0.001690300996415317
      ],
      [
        -0.014773129485547543,
        -0.0023229585494846106
      ],
      [
        0.003181742737069726,
        -0.00004799259113497101
      ],
      [
        0.009814300574362278,
        0.0028795339167118073
      ]
    ],
    "schema_version": 1,
    "stage": "time_mapped_pcm_before_effects",
    "start": 6406,
    "suppressed": []
  },
  "protocol": 1
}
