{
  "audio": {
    "project_id": "f3bdfa0b-5faf-461b-a08b-690d62cf8186",
    "revision_id": "room-tone-inserted",
    "samples": [
      [
        0.011092061176896095,
        -0.004443805664777756
      ],
      [
        0.0038285991176962852,
        -0.0014727909583598375
      ],
      [
        -0.01286517083644867,
        0.006716392934322357
      ],
      [
        0.013137130066752434,
        0.007816225290298462
      ],
      [
        -0.004057117737829685,
        -0.026376944035291672
      ],
      [
        -0.006061691790819168,
        0.012577435933053493
      ],
      [
        0.00738469697535038,
        0.010674621909856796
      ],
      [
        -0.004343104548752308,
        -0.0069829123094677925
      ],
      [
        -0.00044908042764291167,
        -0.006111741531640291
      ],
      [
        0.010785989463329315,
        -0.0061051612719893456
      ],
      [
        -0.010963666252791882,
        0.012936393730342388
      ],
      [
        0.00705152889713645,
        -0.013178788125514984
      ],
      [
        0.0017352199647575617,
        0.011978237889707088
      ],
      [
        -0.00736812362447381,
        -0.012768815271556377
      ],
      [
        0.012297723442316055,
        -0.0009710951126180589
      ],
      [
        -0.017637021839618683,
        0.009493979625403881
      ],
      [
        0.016008475795388222,
        -0.0026760033797472715
      ],
      [
        -0.01099488977342844,
        -0.0007556347409263253
      ],
      [
        0.0018375158542767167,
        -0.00986175425350666
      ],
      [
        0.012769338674843311,
        0.0072867427952587605
      ],
      [
        -0.015602022409439087,
        -0.0025283657014369965
      ],
      [
        0.008370890282094479,
        -0.00037830061046406627
      ],
      [
        -0.0024461322464048862,
        -0.001872238819487393
      ],
      [
        0.0019813852850347757,
        0.0017249787924811244
      ],
      [
        -0.008882352150976658,
        -0.0054886979050934315
      ],
      [
        0.015287989750504494,
        0.004770394414663315
      ],
      [
        -0.010251712054014206,
        -0.002055560238659382
      ],
      [
        -0.0037322298157960176,
        -0.004913432523608208
      ],
      [
        0.011364175006747246,
        0.007073443848639727
      ],
      [
        -0.00900857150554657,
        -0.010189439170062542
      ],
      [
        0.004504483193159103,
        0.008141014724969864
      ],
      [
        -0.004949796944856644,
        0.0004356768913567066
      ],
      [
        0.00671644601970911,
        -0.011639258824288845
      ],
      [
        -0.009567287750542164,
        0.01247949618846178
      ],
      [
        0.005689702462404966,
        -0.0069416845217347145
      ],
      [
        0.001460336265154183,
        -0.0012440226273611188
      ],
      [
        -0.0047269659116864204,
        0.006365305744111538
      ],
      [
        0.004777718335390091,
        -0.015335211530327797
      ],
      [
        -0.0025663147680461407,
        0.014677989296615124
      ],
      [
        0.00547195877879858,
        -0.011657468974590302
      ],
      [
        -0.005823340732604265,
        0.0030568186193704605
      ],
      [
        0.00596451573073864,
        0.004822602961212397
      ],
      [
        -0.001822360442019999,
        -0.018364617601037025
      ],
      [
        -0.0018066634656861424,
        0.018986787647008896
      ],
      [
        0.0023121777921915054,
        -0.0036142615135759115
      ],
      [
        -0.004890270996838808,
        -0.009438617154955864
      ],
      [
        0.009376098401844501,
        0.0013788883807137609
      ],
      [
        -0.0045954096131026745,
        0.006786559242755175
      ],
      [
        -0.004311181139200926,
        -0.010238729417324066
      ],
      [
        0.014082611538469791,
        0.00874809455126524
      ],
      [
        -0.010646737180650234,
        -0.007315559778362513
      ],
      [
        -0.0008757284958846867,
        -0.003966216463595629
      ],
      [
        0.012407135218381882,
        0.012406149879097939
      ],
      [
        -0.012379894033074379,
        -0.01493125967681408
      ],
      [
        0.0018589990213513374,
        0.014028376899659634
      ],
      [
        0.009961663745343685,
        -0.017272060737013817
      ],
      [
        -0.009069032035768032,
        0.007176268380135298
      ],
      [
        0.0030862009152770042,
        0.006492359098047018
      ],
      [
        0.005244361702352762,
        -0.014648106880486012
      ],
      [
        -0.006932103540748358,
        0.004319282714277506
      ],
      [
        0.008025689981877804,
        0.0013202123809605837
      ],
      [
        -0.008289774879813194,
        0.004081841092556715
      ],
      [
        0.007858507335186005,
        -0.010430476628243923
      ],
      [
        -0.004861463792622089,
        0.004774035420268774
      ],
      [
        -0.0028651452157646418,
        0.0006212074076756835
      ],
      [
        0.010568576864898205,
        -0.004765844903886318
      ],
      [
        -0.014986827969551086,
        0.0054747844114899635
      ],
      [
        0.017757317051291466,
        -0.001883893390186131
      ],
      [
        -0.018032917752861977,
        -0.01014234684407711
      ],
      [
        0.010383205488324165,
        0.014297597110271454
      ],
      [
        0.008238691836595535,
        -0.0028355801478028297
      ],
      [
        -0.020987115800380707,
        -0.007744958158582449
      ],
      [
        0.019518287852406502,
        -0.003226588014513254
      ],
      [
        -0.006218620575964451,
        0.011391660198569298
      ],
      [
        -0.008556476794183254,
        0.0029439073987305164
      ],
      [
        0.006616384256631136,
        -0.016731521114706993
      ],
      [
        0.008898800238966942,
        0.009921938180923462
      ],
      [
        -0.01512812077999115,
        -0.011024611070752144
      ],
      [
        0.000729449326172471,
        0.018343890085816383
      ],
      [
        0.013578003272414207,
        -0.008138122037053108
      ],
      [
        -0.008583102375268936,
        -0.006993885617703199
      ],
      [
        -0.014862021431326866,
        -0.004938411992043257
      ],
      [
        0.02871719002723694,
        0.016632048413157463
      ],
      [
        -0.010768243111670017,
        -0.0026983332354575396
      ],
      [
        -0.020541049540042877,
        -0.01815960928797722
      ],
      [
        0.034035712480545044,
        0.01863543502986431
      ],
      [
        -0.018690917640924454,
        -0.028878571465611458
      ],
      [
        -0.0033354603219777346,
        0.04351935163140297
      ],
      [
        0.002814950654283166,
        -0.024168269708752632
      ],
      [
        0.015525021590292454,
        -0.015074838884174824
      ],
      [
        -0.023362142965197563,
        0.010400203987956047
      ],
      [
        0.0021663636434823275,
        0.016927605494856834
      ],
      [
        0.024215208366513252,
        -0.002854293677955866
      ],
      [
        -0.027148203924298286,
        -0.04005802795290947
      ],
      [
        0.008231673389673233,
        0.04536501690745354
      ],
      [
        0.004586831200867891,
        -0.027218731120228767
      ],
      [
        0.006740499287843704,
        0.013194567523896694
      ],
      [
        -0.02523784153163433,
        0.010986117646098137
      ],
      [
        0.016292603686451912,
        -0.031143834814429283
      ],
      [
        0.010611972771584988,
        -0.008672978729009628
      ],
      [
        -0.018021853640675545,
        0.061609044671058655
      ],
      [
        -0.009464413858950138,
        -0.04019343852996826
      ],
      [
        0.038657769560813904,
        -0.02279934659600258
      ],
      [
        -0.025807969272136688,
        0.022167837247252464
      ],
      [
        -0.023588448762893677,
        0.001972183817997575
      ],
      [
        0.05471808835864067,
        0.03463367745280266
      ],
      [
        -0.039238736033439636,
        -0.08560386300086975
      ],
      [
        0.01160765066742897,
        0.0820298120379448
      ],
      [
        -0.03002094104886055,
        -0.058309849351644516
      ],
      [
        0.08567196130752563,
        0.03797212615609169
      ],
      [
        -0.1022321879863739,
        -0.020502794533967972
      ],
      [
        0.010946464724838734,
        0.05708726495504379
      ],
      [
        0.14047881960868835,
        -0.18504633009433746
      ],
      [
        0.5068195462226868,
        -0.367975652217865
      ],
      [
        0.16283732652664185,
        -0.20120501518249512
      ],
      [
        -0.005931357853114605,
        0.06476376205682755
      ],
      [
        -0.11445305496454239,
        -0.022301586344838142
      ],
      [
        0.12163946777582169,
        0.04850596562027931
      ],
      [
        -0.05348284915089607,
        -0.06859644502401352
      ],
      [
        -0.004703721031546593,
        0.08075105398893356
      ],
      [
        0.005276354029774666,
        -0.08575040102005005
      ],
      [
        0.017381493002176285,
        0.04552818089723587
      ],
      [
        -0.02151738852262497,
        0.0029868849087506533
      ],
      [
        0.0064826044254004955,
        0.006601639091968536
      ],
      [
        -0.002160635543987155,
        -0.011900967918336391
      ],
      [
        0.01481243222951889,
        -0.053479380905628204
      ],
      [
        -0.019556831568479538,
        0.08287732303142548
      ],
      [
        -0.007214691489934921,
        -0.016019307076931
      ],
      [
        0.04211051017045975,
        -0.0478581003844738
      ],
      [
        -0.05129481479525566,
        0.02945505827665329
      ],
      [
        0.026432758197188377,
        0.01116518396884203
      ],
      [
        0.004168117418885231,
        -0.02074749767780304
      ],
      [
        -0.013835213147103786,
        0.036187201738357544
      ],
      [
        -0.0038251797668635845,
        -0.04581931233406067
      ],
      [
        0.01545198354870081,
        0.004829860758036375
      ],
      [
        0.00207774736918509,
        0.020939916372299194
      ],
      [
        -0.018983323127031326,
        0.009419041685760021
      ],
      [
        0.01811547763645649,
        -0.022465910762548447
      ],
      [
        -0.0038796281442046165,
        -0.02394268848001957
      ],
      [
        -0.009744522161781788,
        0.051437683403491974
      ],
      [
        0.004089261405169964,
        -0.02262618951499462
      ],
      [
        0.010626128874719143,
        0.0020155408419668674
      ],
      [
        -0.017058828845620155,
        -0.017164185643196106
      ],
      [
        0.015874294564127922,
        0.0041197314858436584
      ],
      [
        -0.009226649068295956,
        0.01641217991709709
      ],
      [
        0.0039327205158770084,
        0.0006995543953962624
      ],
      [
        0.0006175616290420294,
        -0.023001333698630333
      ],
      [
        -0.012571501545608044,
        0.0015886067412793636
      ],
      [
        0.021613694727420807,
        0.015020515769720078
      ],
      [
        -0.01876966655254364,
        -0.007083674892783165
      ],
      [
        0.00619649700820446,
        0.014558112248778343
      ],
      [
        0.0006422892329283059,
        -0.0384778268635273
      ],
      [
        -0.0013843716587871313,
        0.025306278839707375
      ],
      [
        -0.004703737795352936,
        0.010477820411324501
      ],
      [
        0.002668417524546385,
        -0.011690733022987843
      ],
      [
        0.007888841442763805,
        -0.008935129269957542
      ],
      [
        -0.016024207696318626,
        -0.003484398126602173
      ],
      [
        0.01079960260540247,
        0.01897064782679081
      ],
      [
        0.0029519321396946907,
        -0.011662901379168034
      ],
      [
        -0.01479235291481018,
        -0.0005195428966544569
      ],
      [
        0.011092061176896095,
        -0.004443805664777756
      ],
      [
        0.0038285991176962852,
        -0.0014727909583598375
      ],
      [
        -0.01286517083644867,
        0.006716392934322357
      ],
      [
        0.013137130066752434,
        0.007816225290298462
      ],
      [
        -0.004057117737829685,
        -0.026376944035291672
      ],
      [
        -0.006061691790819168,
        0.012577435933053493
      ],
      [
        0.00738469697535038,
        0.010674621909856796
      ],
      [
        -0.004343104548752308,
        -0.0069829123094677925
      ],
      [
        -0.00044908042764291167,
        -0.006111741531640291
      ],
      [
        0.010785989463329315,
        -0.0061051612719893456
      ],
      [
        -0.010963666252791882,
        0.012936393730342388
      ],
      [
        0.00705152889713645,
        -0.013178788125514984
      ],
      [
        0.0017352199647575617,
        0.011978237889707088
      ],
      [
        -0.00736812362447381,
        -0.012768815271556377
      ],
      [
        0.012297723442316055,
        -0.0009710951126180589
      ],
      [
        -0.017637021839618683,
        0.009493979625403881
      ],
      [
        0.016008475795388222,
        -0.0026760033797472715
      ],
      [
        -0.01099488977342844,
        -0.0007556347409263253
      ],
      [
        0.0018375158542767167,
        -0.00986175425350666
      ],
      [
        0.012769338674843311,
        0.0072867427952587605
      ],
      [
        -0.015602022409439087,
        -0.0025283657014369965
      ],
      [
        0.008370890282094479,
        -0.00037830061046406627
      ],
      [
        -0.0024461322464048862,
        -0.001872238819487393
      ],
      [
        0.0019813852850347757,
        0.0017249787924811244
      ],
      [
        -0.008882352150976658,
        -0.0054886979050934315
      ],
      [
        0.015287989750504494,
        0.004770394414663315
      ],
      [
        -0.010251712054014206,
        -0.002055560238659382
      ],
      [
        -0.0037322298157960176,
        -0.004913432523608208
      ],
      [
        0.011364175006747246,
        0.007073443848639727
      ],
      [
        -0.00900857150554657,
        -0.010189439170062542
      ],
      [
        0.004504483193159103,
        0.008141014724969864
      ],
      [
        -0.004949796944856644,
        0.0004356768913567066
      ],
      [
        0.00671644601970911,
        -0.011639258824288845
      ],
      [
        -0.009567287750542164,
        0.01247949618846178
      ],
      [
        0.005689702462404966,
        -0.0069416845217347145
      ],
      [
        0.001460336265154183,
        -0.0012440226273611188
      ],
      [
        -0.0047269659116864204,
        0.006365305744111538
      ],
      [
        0.004777718335390091,
        -0.015335211530327797
      ],
      [
        -0.0025663147680461407,
        0.014677989296615124
      ],
      [
        0.00547195877879858,
        -0.011657468974590302
      ],
      [
        -0.005823340732604265,
        0.0030568186193704605
      ],
      [
        0.00596451573073864,
        0.004822602961212397
      ],
      [
        -0.001822360442019999,
        -0.018364617601037025
      ],
      [
        -0.0018066634656861424,
        0.018986787647008896
      ],
      [
        0.0023121777921915054,
        -0.0036142615135759115
      ],
      [
        -0.004890270996838808,
        -0.009438617154955864
      ],
      [
        0.009376098401844501,
        0.0013788883807137609
      ],
      [
        -0.0045954096131026745,
        0.006786559242755175
      ],
      [
        -0.004311181139200926,
        -0.010238729417324066
      ],
      [
        0.014082611538469791,
        0.00874809455126524
      ],
      [
        -0.010646737180650234,
        -0.007315559778362513
      ],
      [
        -0.0008757284958846867,
        -0.003966216463595629
      ],
      [
        0.012407135218381882,
        0.012406149879097939
      ],
      [
        -0.012379894033074379,
        -0.01493125967681408
      ],
      [
        0.0018589990213513374,
        0.014028376899659634
      ],
      [
        0.009961663745343685,
        -0.017272060737013817
      ],
      [
        -0.009069032035768032,
        0.007176268380135298
      ],
      [
        0.0030862009152770042,
        0.006492359098047018
      ],
      [
        0.005244361702352762,
        -0.014648106880486012
      ]
    ],
    "schema_version": 1,
    "stage": "time_mapped_pcm_before_effects",
    "start": 147,
    "suppressed": []
  },
  "protocol": 1
}
