{
  "audio": {
    "project_id": "f3bdfa0b-5faf-461b-a08b-690d62cf8186",
    "revision_id": "room-tone-inserted",
    "samples": [
      [
        0.010626128874719143,
        0.0020155408419668674
      ],
      [
        -0.017058828845620155,
        -0.017164185643196106
      ],
      [
        0.015874294564127922,
        0.0041197314858436584
      ],
      [
        -0.009226649068295956,
        0.01641217991709709
      ],
      [
        0.0039327205158770084,
        0.0006995543953962624
      ],
      [
        0.0006175616290420294,
        -0.023001333698630333
      ],
      [
        -0.012571501545608044,
        0.0015886067412793636
      ],
      [
        0.021613694727420807,
        0.015020515769720078
      ],
      [
        -0.01876966655254364,
        -0.007083674892783165
      ],
      [
        0.00619649700820446,
        0.014558112248778343
      ],
      [
        0.0006422892329283059,
        -0.0384778268635273
      ],
      [
        -0.0013843716587871313,
        0.025306278839707375
      ],
      [
        -0.004703737795352936,
        0.010477820411324501
      ],
      [
        0.002668417524546385,
        -0.011690733022987843
      ],
      [
        0.007888841442763805,
        -0.008935129269957542
      ],
      [
        -0.016024207696318626,
        -0.003484398126602173
      ],
      [
        0.01079960260540247,
        0.01897064782679081
      ]
    ],
    "schema_version": 1,
    "stage": "time_mapped_pcm_before_effects",
    "start": 3648,
    "suppressed": []
  },
  "protocol": 1
}
