{
  "audio": {
    "project_id": "f3bdfa0b-5faf-461b-a08b-690d62cf8186",
    "revision_id": "room-tone-inserted",
    "samples": [
      [
        0.0019813852850347757,
        0.0017249787924811244
      ],
      [
        -0.008882352150976658,
        -0.0054886979050934315
      ],
      [
        0.015287989750504494,
        0.004770394414663315
      ],
      [
        -0.010251712054014206,
        -0.002055560238659382
      ],
      [
        -0.0037322298157960176,
        -0.004913432523608208
      ],
      [
        0.011364175006747246,
        0.007073443848639727
      ],
      [
        -0.00900857150554657,
        -0.010189439170062542
      ],
      [
        0.004504483193159103,
        0.008141014724969864
      ],
      [
        -0.004949796944856644,
        0.0004356768913567066
      ],
      [
        0.00671644601970911,
        -0.011639258824288845
      ],
      [
        -0.009567287750542164,
        0.01247949618846178
      ],
      [
        0.005689702462404966,
        -0.0069416845217347145
      ],
      [
        0.001460336265154183,
        -0.0012440226273611188
      ],
      [
        -0.0047269659116864204,
        0.006365305744111538
      ],
      [
        0.004777718335390091,
        -0.015335211530327797
      ],
      [
        -0.0025663147680461407,
        0.014677989296615124
      ],
      [
        0.00547195877879858,
        -0.011657468974590302
      ]
    ],
    "schema_version": 1,
    "stage": "time_mapped_pcm_before_effects",
    "start": 330,
    "suppressed": []
  },
  "protocol": 1
}
