{
  "audio": {
    "project_id": "f3bdfa0b-5faf-461b-a08b-690d62cf8186",
    "revision_id": "room-tone-inserted",
    "samples": [
      [
        -0.006061691790819168,
        0.012577435933053493
      ],
      [
        0.00738469697535038,
        0.010674621909856796
      ],
      [
        -0.004343104548752308,
        -0.0069829123094677925
      ],
      [
        -0.00044908042764291167,
        -0.006111741531640291
      ],
      [
        0.010785989463329315,
        -0.0061051612719893456
      ],
      [
        -0.010963666252791882,
        0.012936393730342388
      ],
      [
        0.00705152889713645,
        -0.013178788125514984
      ],
      [
        0.0017352199647575617,
        0.011978237889707088
      ],
      [
        -0.00736812362447381,
        -0.012768815271556377
      ],
      [
        0.012297723442316055,
        -0.0009710951126180589
      ],
      [
        -0.017637021839618683,
        0.009493979625403881
      ],
      [
        0.016008475795388222,
        -0.0026760033797472715
      ],
      [
        -0.01099488977342844,
        -0.0007556347409263253
      ],
      [
        0.0,
        0.0
      ],
      [
        0.0,
        0.0
      ],
      [
        0.0,
        0.0
      ],
      [
        0.0,
        0.0
      ],
      [
        0.0,
        0.0
      ],
      [
        0.0,
        0.0
      ],
      [
        0.0,
        0.0
      ],
      [
        0.0,
        0.0
      ],
      [
        0.0,
        0.0
      ],
      [
        0.0,
        0.0
      ],
      [
        0.0,
        0.0
      ],
      [
        0.0,
        0.0
      ],
      [
        0.0,
        0.0
      ],
      [
        0.0,
        0.0
      ],
      [
        0.0,
        0.0
      ],
      [
        0.0,
        0.0
      ],
      [
        0.0,
        0.0
      ],
      [
        0.0,
        0.0
      ],
      [
        0.0,
        0.0
      ],
      [
        0.0,
        0.0
      ],
      [
        0.0,
        0.0
      ],
      [
        0.0,
        0.0
      ],
      [
        0.0,
        0.0
      ],
      [
        0.0,
        0.0
      ],
      [
        0.0,
        0.0
      ],
      [
        0.0,
        0.0
      ]
    ],
    "schema_version": 1,
    "stage": "time_mapped_pcm_before_effects",
    "start": 4792,
    "suppressed": [
      {
        "end": 4831,
        "start": 4805
      }
    ]
  },
  "protocol": 1
}
