{
  "audio": {
    "project_id": "f3bdfa0b-5faf-461b-a08b-690d62cf8186",
    "revision_id": "room-tone-inserted",
    "samples": [
      [
        -0.01479235291481018,
        -0.0005195428966544569
      ],
      [
        0.011092061176896095,
        -0.004443805664777756
      ],
      [
        0.0038285991176962852,
        -0.0014727909583598375
      ],
      [
        -0.01286517083644867,
        0.006716392934322357
      ],
      [
        0.013137130066752434,
        0.007816225290298462
      ],
      [
        -0.004057117737829685,
        -0.026376944035291672
      ],
      [
        -0.006061691790819168,
        0.012577435933053493
      ],
      [
        0.00738469697535038,
        0.010674621909856796
      ],
      [
        -0.004343104548752308,
        -0.0069829123094677925
      ],
      [
        -0.00044908042764291167,
        -0.006111741531640291
      ],
      [
        0.010785989463329315,
        -0.0061051612719893456
      ],
      [
        -0.010963666252791882,
        0.012936393730342388
      ],
      [
        0.00705152889713645,
        -0.013178788125514984
      ],
      [
        0.0017352199647575617,
        0.011978237889707088
      ],
      [
        -0.00736812362447381,
        -0.012768815271556377
      ],
      [
        0.012297723442316055,
        -0.0009710951126180589
      ],
      [
        -0.017637021839618683,
        0.009493979625403881
      ]
    ],
    "schema_version": 1,
    "stage": "time_mapped_pcm_before_effects",
    "start": 2226,
    "suppressed": []
  },
  "protocol": 1
}
