{
  "audio": {
    "project_id": "f3bdfa0b-5faf-461b-a08b-690d62cf8186",
    "revision_id": "room-tone-inserted",
    "samples": [
      [
        0.012739100493490696,
        0.005808090325444937
      ],
      [
        -0.012407897971570492,
        -0.004908549599349499
      ],
      [
        0.003956041764467955,
        0.0063086505979299545
      ],
      [
        -0.0042864736169576645,
        -0.004856527782976627
      ],
      [
        0.007552706636488438,
        -0.002372261369600892
      ],
      [
        -0.00259540812112391,
        0.00599359767511487
      ],
      [
        -0.004527085926383734,
        -0.0069906581193208694
      ],
      [
        0.008093896321952343,
        0.007052960805594921
      ],
      [
        -0.0063739861361682415,
        -0.011539408005774021
      ],
      [
        0.0037520944606512785,
        0.010986240580677986
      ],
      [
        -0.007289312779903412,
        0.00085212237900123
      ],
      [
        0.009536691009998322,
        -0.008162892423570156
      ],
      [
        -0.00511937728151679,
        -0.0029231540393084288
      ],
      [
        -0.010760578326880932,
        0.014575921930372715
      ],
      [
        0.02180689014494419,
        -0.0034860363230109215
      ],
      [
        -0.019250106066465378,
        -0.01366334967315197
      ],
      [
        0.003909626044332981,
        0.01736331917345524
      ],
      [
        0.011607455089688301,
        -0.012870620004832745
      ],
      [
        -0.013279305770993233,
        0.002332695061340928
      ],
      [
        0.002789883641526103,
        0.008156338706612587
      ],
      [
        0.0034000982996076345,
        -0.012670082040131092
      ],
      [
        0.001601113472133875,
        0.00048085831804201007
      ],
      [
        -0.01321282796561718,
        0.013048305176198483
      ],
      [
        0.01451428048312664,
        -0.01047804020345211
      ],
      [
        -0.004411565139889717,
        0.0020082974806427956
      ],
      [
        -0.006166566163301468,
        -0.004617308732122183
      ],
      [
        0.010979605838656425,
        0.0026630088686943054
      ],
      [
        -0.008467298001050949,
        0.011595677584409714
      ],
      [
        0.006453421898186207,
        -0.020966684445738792
      ],
      [
        -0.0086402278393507,
        0.01009291224181652
      ],
      [
        0.011773998849093914,
        0.004881582222878933
      ],
      [
        -0.014930919744074345,
        -0.008203854784369469
      ],
      [
        0.005108844023197889,
        0.0017039160011336207
      ],
      [
        0.012430994771420956,
        0.010238389484584332
      ],
      [
        -0.026345200836658478,
        -0.017688317224383354
      ],
      [
        0.031015250831842422,
        0.005861386191099882
      ],
      [
        -0.016786353662610054,
        0.007534762378782034
      ],
      [
        -0.0029404964298009872,
        -0.012237558141350746
      ],
      [
        0.01460298988968134,
        0.0044224560260772705
      ],
      [
        -0.014287359081208706,
        -0.004125460982322693
      ],
      [
        0.004255159758031368,
        0.00977598037570715
      ],
      [
        0.0008550859638489783,
        -0.014548113569617271
      ],
      [
        0.001970755634829402,
        0.005017475225031376
      ],
      [
        -0.003825016552582383,
        0.001788327586837113
      ],
      [
        0.00596422515809536,
        -0.007990938611328602
      ],
      [
        -0.004411434289067984,
        -0.003489656839519739
      ],
      [
        0.0054130940698087215,
        0.01048695482313633
      ],
      [
        -0.008685922250151634,
        0.0011957858223468065
      ],
      [
        0.006361447274684906,
        -0.02015143260359764
      ],
      [
        -0.003348155878484249,
        0.016931382939219475
      ],
      [
        -0.003573118941858411,
        0.0007452017744071782
      ],
      [
        0.006283455993980169,
        -0.013390428386628628
      ],
      [
        -0.007831095717847347,
        0.009169616736471653
      ],
      [
        0.01572323963046074,
        0.001305777463130653
      ],
      [
        -0.026393309235572815,
        -0.019753163680434227
      ],
      [
        0.026545671746134758,
        0.025629932060837746
      ],
      [
        -0.006949623115360737,
        -0.006747810635715723
      ],
      [
        -0.015497389249503613,
        -0.011957843787968159
      ],
      [
        0.024303440004587173,
        -0.0023324782960116863
      ],
      [
        -0.01644671894609928,
        0.016612622886896133
      ],
      [
        0.0013654715148732066,
        0.004407216794788837
      ],
      [
        -0.0018575850408524275,
        -0.030888669192790985
      ],
      [
        0.01625247113406658,
        0.022139690816402435
      ],
      [
        -0.01997339352965355,
        -0.014788529835641384
      ],
      [
        -0.0028540208004415035,
        0.019441690295934677
      ],
      [
        0.022548049688339233,
        -0.006661083549261093
      ],
      [
        -0.01584351435303688,
        -0.012177488766610622
      ],
      [
        -0.015730414539575577,
        -0.004812547005712986
      ],
      [
        0.035403165966272354,
        0.022165313363075256
      ],
      [
        -0.01659565418958664,
        -0.0032974565401673317
      ],
      [
        -0.021090200170874596,
        -0.024712491780519485
      ],
      [
        0.03845934569835663,
        0.023489972576498985
      ],
      [
        -0.023325787857174873,
        -0.03277246654033661
      ]
    ],
    "schema_version": 1,
    "stage": "time_mapped_pcm_before_effects",
    "start": 1,
    "suppressed": []
  },
  "protocol": 1
}
