{
  "audio": {
    "project_id": "f3bdfa0b-5faf-461b-a08b-690d62cf8186",
    "revision_id": "room-tone-inserted",
    "samples": [
      [
        -0.01286517083644867,
        0.006716392934322357
      ],
      [
        0.013137130066752434,
        0.007816225290298462
      ],
      [
        -0.004057117737829685,
        -0.026376944035291672
      ],
      [
        -0.006061691790819168,
        0.012577435933053493
      ],
      [
        0.00738469697535038,
        0.010674621909856796
      ],
      [
        -0.004343104548752308,
        -0.0069829123094677925
      ],
      [
        -0.00044908042764291167,
        -0.006111741531640291
      ],
      [
        0.010785989463329315,
        -0.0061051612719893456
      ],
      [
        -0.010963666252791882,
        0.012936393730342388
      ],
      [
        0.00705152889713645,
        -0.013178788125514984
      ],
      [
        0.0017352199647575617,
        0.011978237889707088
      ],
      [
        -0.00736812362447381,
        -0.012768815271556377
      ],
      [
        0.012297723442316055,
        -0.0009710951126180589
      ],
      [
        -0.017637021839618683,
        0.009493979625403881
      ],
      [
        0.016008475795388222,
        -0.0026760033797472715
      ],
      [
        -0.01099488977342844,
        -0.0007556347409263253
      ],
      [
        0.0018375158542767167,
        -0.00986175425350666
      ],
      [
        0.012769338674843311,
        0.0072867427952587605
      ],
      [
        -0.015602022409439087,
        -0.0025283657014369965
      ],
      [
        0.008370890282094479,
        -0.00037830061046406627
      ],
      [
        -0.0024461322464048862,
        -0.001872238819487393
      ],
      [
        0.0019813852850347757,
        0.0017249787924811244
      ],
      [
        -0.008882352150976658,
        -0.0054886979050934315
      ],
      [
        0.015287989750504494,
        0.004770394414663315
      ],
      [
        -0.010251712054014206,
        -0.002055560238659382
      ],
      [
        -0.0037322298157960176,
        -0.004913432523608208
      ],
      [
        0.011364175006747246,
        0.007073443848639727
      ],
      [
        -0.00900857150554657,
        -0.010189439170062542
      ],
      [
        0.004504483193159103,
        0.008141014724969864
      ],
      [
        -0.004949796944856644,
        0.0004356768913567066
      ],
      [
        0.00671644601970911,
        -0.011639258824288845
      ],
      [
        -0.009567287750542164,
        0.01247949618846178
      ],
      [
        0.005689702462404966,
        -0.0069416845217347145
      ],
      [
        0.001460336265154183,
        -0.0012440226273611188
      ],
      [
        -0.0047269659116864204,
        0.006365305744111538
      ],
      [
        0.004777718335390091,
        -0.015335211530327797
      ],
      [
        -0.0025663147680461407,
        0.014677989296615124
      ],
      [
        0.00547195877879858,
        -0.011657468974590302
      ],
      [
        -0.005823340732604265,
        0.0030568186193704605
      ],
      [
        0.00596451573073864,
        0.004822602961212397
      ],
      [
        -0.001822360442019999,
        -0.018364617601037025
      ],
      [
        -0.0018066634656861424,
        0.018986787647008896
      ],
      [
        0.0023121777921915054,
        -0.0036142615135759115
      ],
      [
        -0.004890270996838808,
        -0.009438617154955864
      ],
      [
        0.009376098401844501,
        0.0013788883807137609
      ],
      [
        -0.0045954096131026745,
        0.006786559242755175
      ],
      [
        -0.004311181139200926,
        -0.010238729417324066
      ],
      [
        0.014082611538469791,
        0.00874809455126524
      ],
      [
        -0.010646737180650234,
        -0.007315559778362513
      ],
      [
        -0.0008757284958846867,
        -0.003966216463595629
      ],
      [
        0.012407135218381882,
        0.012406149879097939
      ],
      [
        -0.012379894033074379,
        -0.01493125967681408
      ],
      [
        0.0018589990213513374,
        0.014028376899659634
      ],
      [
        0.009961663745343685,
        -0.017272060737013817
      ],
      [
        -0.009069032035768032,
        0.007176268380135298
      ],
      [
        0.0030862009152770042,
        0.006492359098047018
      ],
      [
        0.005244361702352762,
        -0.014648106880486012
      ],
      [
        -0.006932103540748358,
        0.004319282714277506
      ],
      [
        0.008025689981877804,
        0.0013202123809605837
      ],
      [
        -0.008289774879813194,
        0.004081841092556715
      ],
      [
        0.007858507335186005,
        -0.010430476628243923
      ],
      [
        -0.004861463792622089,
        0.004774035420268774
      ],
      [
        -0.0028651452157646418,
        0.0006212074076756835
      ],
      [
        0.010568576864898205,
        -0.004765844903886318
      ],
      [
        -0.014986827969551086,
        0.0054747844114899635
      ],
      [
        0.017757317051291466,
        -0.001883893390186131
      ],
      [
        -0.018032917752861977,
        -0.01014234684407711
      ],
      [
        0.010383205488324165,
        0.014297597110271454
      ],
      [
        0.008238691836595535,
        -0.0028355801478028297
      ],
      [
        -0.020987115800380707,
        -0.007744958158582449
      ],
      [
        0.019518287852406502,
        -0.003226588014513254
      ],
      [
        -0.006218620575964451,
        0.011391660198569298
      ],
      [
        -0.008556476794183254,
        0.0029439073987305164
      ]
    ],
    "schema_version": 1,
    "stage": "time_mapped_pcm_before_effects",
    "start": 949,
    "suppressed": []
  },
  "protocol": 1
}
