{
  "audio": {
    "project_id": "f3bdfa0b-5faf-461b-a08b-690d62cf8186",
    "revision_id": "room-tone-inserted",
    "samples": [
      [
        -0.0038796281442046165,
        -0.02394268848001957
      ],
      [
        -0.009744522161781788,
        0.051437683403491974
      ],
      [
        0.004089261405169964,
        -0.02262618951499462
      ],
      [
        0.010626128874719143,
        0.0020155408419668674
      ],
      [
        -0.017058828845620155,
        -0.017164185643196106
      ],
      [
        0.015874294564127922,
        0.0041197314858436584
      ],
      [
        -0.009226649068295956,
        0.01641217991709709
      ],
      [
        0.0039327205158770084,
        0.0006995543953962624
      ],
      [
        0.0006175616290420294,
        -0.023001333698630333
      ],
      [
        -0.012571501545608044,
        0.0015886067412793636
      ],
      [
        0.021613694727420807,
        0.015020515769720078
      ],
      [
        -0.01876966655254364,
        -0.007083674892783165
      ],
      [
        0.00619649700820446,
        0.014558112248778343
      ],
      [
        0.0006422892329283059,
        -0.0384778268635273
      ],
      [
        -0.0013843716587871313,
        0.025306278839707375
      ],
      [
        -0.004703737795352936,
        0.010477820411324501
      ],
      [
        0.002668417524546385,
        -0.011690733022987843
      ],
      [
        0.007888841442763805,
        -0.008935129269957542
      ],
      [
        -0.016024207696318626,
        -0.003484398126602173
      ],
      [
        0.01079960260540247,
        0.01897064782679081
      ],
      [
        0.0029519321396946907,
        -0.011662901379168034
      ],
      [
        -0.01479235291481018,
        -0.0005195428966544569
      ],
      [
        0.011092061176896095,
        -0.004443805664777756
      ],
      [
        0.0038285991176962852,
        -0.0014727909583598375
      ],
      [
        -0.01286517083644867,
        0.006716392934322357
      ],
      [
        0.013137130066752434,
        0.007816225290298462
      ],
      [
        -0.004057117737829685,
        -0.026376944035291672
      ],
      [
        -0.006061691790819168,
        0.012577435933053493
      ],
      [
        0.00738469697535038,
        0.010674621909856796
      ],
      [
        -0.004343104548752308,
        -0.0069829123094677925
      ],
      [
        -0.00044908042764291167,
        -0.006111741531640291
      ],
      [
        0.010785989463329315,
        -0.0061051612719893456
      ],
      [
        -0.010963666252791882,
        0.012936393730342388
      ],
      [
        0.00705152889713645,
        -0.013178788125514984
      ],
      [
        0.0017352199647575617,
        0.011978237889707088
      ],
      [
        -0.00736812362447381,
        -0.012768815271556377
      ],
      [
        0.012297723442316055,
        -0.0009710951126180589
      ],
      [
        -0.017637021839618683,
        0.009493979625403881
      ],
      [
        0.016008475795388222,
        -0.0026760033797472715
      ],
      [
        -0.01099488977342844,
        -0.0007556347409263253
      ],
      [
        0.0018375158542767167,
        -0.00986175425350666
      ],
      [
        0.012769338674843311,
        0.0072867427952587605
      ],
      [
        -0.015602022409439087,
        -0.0025283657014369965
      ],
      [
        0.008370890282094479,
        -0.00037830061046406627
      ],
      [
        -0.0024461322464048862,
        -0.001872238819487393
      ],
      [
        0.0019813852850347757,
        0.0017249787924811244
      ],
      [
        -0.008882352150976658,
        -0.0054886979050934315
      ],
      [
        0.015287989750504494,
        0.004770394414663315
      ],
      [
        -0.010251712054014206,
        -0.002055560238659382
      ],
      [
        -0.0037322298157960176,
        -0.004913432523608208
      ],
      [
        0.011364175006747246,
        0.007073443848639727
      ],
      [
        -0.00900857150554657,
        -0.010189439170062542
      ],
      [
        0.004504483193159103,
        0.008141014724969864
      ],
      [
        -0.004949796944856644,
        0.0004356768913567066
      ],
      [
        0.00671644601970911,
        -0.011639258824288845
      ],
      [
        -0.009567287750542164,
        0.01247949618846178
      ],
      [
        0.005689702462404966,
        -0.0069416845217347145
      ],
      [
        0.001460336265154183,
        -0.0012440226273611188
      ],
      [
        -0.0047269659116864204,
        0.006365305744111538
      ],
      [
        0.004777718335390091,
        -0.015335211530327797
      ],
      [
        -0.0025663147680461407,
        0.014677989296615124
      ],
      [
        0.00547195877879858,
        -0.011657468974590302
      ],
      [
        -0.005823340732604265,
        0.0030568186193704605
      ],
      [
        0.00596451573073864,
        0.004822602961212397
      ],
      [
        -0.001822360442019999,
        -0.018364617601037025
      ],
      [
        -0.0018066634656861424,
        0.018986787647008896
      ],
      [
        0.0023121777921915054,
        -0.0036142615135759115
      ],
      [
        -0.004890270996838808,
        -0.009438617154955864
      ],
      [
        0.009376098401844501,
        0.0013788883807137609
      ],
      [
        -0.0045954096131026745,
        0.006786559242755175
      ],
      [
        -0.004311181139200926,
        -0.010238729417324066
      ],
      [
        0.014082611538469791,
        0.00874809455126524
      ],
      [
        -0.010646737180650234,
        -0.007315559778362513
      ]
    ],
    "schema_version": 1,
    "stage": "time_mapped_pcm_before_effects",
    "start": 2845,
    "suppressed": []
  },
  "protocol": 1
}
