{
  "audio": {
    "project_id": "f3bdfa0b-5faf-461b-a08b-690d62cf8186",
    "revision_id": "room-tone-inserted",
    "samples": [
      [
        -0.01099488977342844,
        -0.0007556347409263253
      ],
      [
        0.0018375158542767167,
        -0.00986175425350666
      ],
      [
        0.012769338674843311,
        0.0072867427952587605
      ],
      [
        -0.015602022409439087,
        -0.0025283657014369965
      ],
      [
        0.008370890282094479,
        -0.00037830061046406627
      ],
      [
        -0.0024461322464048862,
        -0.001872238819487393
      ],
      [
        0.0019813852850347757,
        0.0017249787924811244
      ],
      [
        -0.008882352150976658,
        -0.0054886979050934315
      ],
      [
        0.015287989750504494,
        0.004770394414663315
      ],
      [
        -0.010251712054014206,
        -0.002055560238659382
      ],
      [
        -0.0037322298157960176,
        -0.004913432523608208
      ],
      [
        0.011364175006747246,
        0.007073443848639727
      ],
      [
        -0.00900857150554657,
        -0.010189439170062542
      ],
      [
        0.004504483193159103,
        0.008141014724969864
      ],
      [
        -0.004949796944856644,
        0.0004356768913567066
      ],
      [
        0.00671644601970911,
        -0.011639258824288845
      ],
      [
        -0.009567287750542164,
        0.01247949618846178
      ]
    ],
    "schema_version": 1,
    "stage": "time_mapped_pcm_before_effects",
    "start": 804,
    "suppressed": []
  },
  "protocol": 1
}
