{
  "audio": {
    "project_id": "f3bdfa0b-5faf-461b-a08b-690d62cf8186",
    "revision_id": "room-tone-inserted",
    "samples": [
      [
        0.00207774736918509,
        0.020939916372299194
      ],
      [
        -0.018983323127031326,
        0.009419041685760021
      ],
      [
        0.01811547763645649,
        -0.022465910762548447
      ],
      [
        -0.0038796281442046165,
        -0.02394268848001957
      ],
      [
        -0.009744522161781788,
        0.051437683403491974
      ],
      [
        0.004089261405169964,
        -0.02262618951499462
      ],
      [
        0.010626128874719143,
        0.0020155408419668674
      ],
      [
        -0.017058828845620155,
        -0.017164185643196106
      ],
      [
        0.015874294564127922,
        0.0041197314858436584
      ],
      [
        -0.009226649068295956,
        0.01641217991709709
      ],
      [
        0.0039327205158770084,
        0.0006995543953962624
      ],
      [
        0.0006175616290420294,
        -0.023001333698630333
      ],
      [
        -0.012571501545608044,
        0.0015886067412793636
      ],
      [
        0.021613694727420807,
        0.015020515769720078
      ],
      [
        -0.01876966655254364,
        -0.007083674892783165
      ],
      [
        0.00619649700820446,
        0.014558112248778343
      ],
      [
        0.0006422892329283059,
        -0.0384778268635273
      ]
    ],
    "schema_version": 1,
    "stage": "time_mapped_pcm_before_effects",
    "start": 4122,
    "suppressed": []
  },
  "protocol": 1
}
