{
  "audio": {
    "project_id": "f3bdfa0b-5faf-461b-a08b-690d62cf8186",
    "revision_id": "room-tone-inserted",
    "samples": [
      [
        -0.05129481479525566,
        0.02945505827665329
      ],
      [
        0.026432758197188377,
        0.01116518396884203
      ],
      [
        0.004168117418885231,
        -0.02074749767780304
      ],
      [
        -0.013835213147103786,
        0.036187201738357544
      ],
      [
        -0.0038251797668635845,
        -0.04581931233406067
      ],
      [
        0.01545198354870081,
        0.004829860758036375
      ],
      [
        0.00207774736918509,
        0.020939916372299194
      ],
      [
        -0.018983323127031326,
        0.009419041685760021
      ],
      [
        0.01811547763645649,
        -0.022465910762548447
      ],
      [
        -0.0038796281442046165,
        -0.02394268848001957
      ],
      [
        -0.009744522161781788,
        0.051437683403491974
      ],
      [
        0.004089261405169964,
        -0.02262618951499462
      ],
      [
        0.010626128874719143,
        0.0020155408419668674
      ],
      [
        -0.017058828845620155,
        -0.017164185643196106
      ],
      [
        0.015874294564127922,
        0.0041197314858436584
      ],
      [
        -0.009226649068295956,
        0.01641217991709709
      ],
      [
        0.0039327205158770084,
        0.0006995543953962624
      ]
    ],
    "schema_version": 1,
    "stage": "time_mapped_pcm_before_effects",
    "start": 4596,
    "suppressed": []
  },
  "protocol": 1
}
