{
  "audio": {
    "project_id": "f3bdfa0b-5faf-461b-a08b-690d62cf8186",
    "revision_id": "room-tone-inserted",
    "samples": [
      [
        0.0,
        0.0
      ],
      [
        0.0,
        0.0
      ],
      [
        0.0,
        0.0
      ],
      [
        0.0,
        0.0
      ],
      [
        0.0,
        0.0
      ],
      [
        0.0,
        0.0
      ],
      [
        0.0,
        0.0
      ],
      [
        -0.0059752389788627625,
        -0.0034367956686764956
      ],
      [
        0.011562719941139221,
        0.0044893971644341946
      ],
      [
        -0.0035786256194114685,
        -0.000925860193092376
      ],
      [
        -0.005109191406518221,
        0.00010639306856319308
      ],
      [
        0.002258667489513755,
        0.003997628577053547
      ],
      [
        -0.001092935330234468,
        -0.009986628778278828
      ],
      [
        0.007722895592451096,
        0.009180554188787937
      ],
      [
        -0.011225861497223377,
        -0.0066494024358689785
      ],
      [
        0.008787356317043304,
        0.004688367713242769
      ],
      [
        -0.0032256694976240396,
        -0.005362772848457098
      ],
      [
        0.0003204789536539465,
        -0.0007186065777204931
      ],
      [
        -0.002393892500549555,
        0.011158912442624569
      ],
      [
        -0.0004209958715364337,
        -0.009298942051827908
      ],
      [
        0.008909731172025204,
        -0.004601041320711374
      ],
      [
        -0.019885053858160973,
        0.006243615411221981
      ],
      [
        0.016855338588356972,
        0.011549457907676697
      ],
      [
        -0.0018268715357407928,
        -0.020409835502505302
      ],
      [
        -0.014826486818492413,
        0.01122319232672453
      ],
      [
        0.019733447581529617,
        0.0005081082344986498
      ],
      [
        -0.009333187714219093,
        -0.010526860132813454
      ],
      [
        -0.0034014007542282343,
        0.013278109021484852
      ],
      [
        0.003609471255913377,
        -0.007020606193691492
      ],
      [
        0.004899550694972277,
        -0.008495374582707882
      ],
      [
        -0.01058906503021717,
        0.012932018376886845
      ]
    ],
    "schema_version": 1,
    "stage": "time_mapped_pcm_before_effects",
    "start": 6399,
    "suppressed": [
      {
        "end": 6406,
        "start": 6399
      }
    ]
  },
  "protocol": 1
}
