   Compiling deadpan-core v0.1.0 (/Users/michael/Code/deadpan/crates/deadpan-core)
    Finished `test` profile [unoptimized + debuginfo] target(s) in 7.08s
     Running tests/sound_allowances.rs (target/debug/deps/sound_allowances-733f7e83d07c64be)

running 8 tests
test invalid_scope_and_gap_addresses_fail_without_changing_history ... ok
test allowance_is_reversible_guarded_and_independent_of_recipe_parameters ... ok
test splitting_a_repeat_remaps_its_gap_owner_and_all_enclosing_play_identities ... ok
test splice_retains_policy_and_deleting_the_issuer_prunes_it_without_removing_surviving_sound ... ok
test nested_occurrence_isolation_moves_selected_addresses_and_preserves_other_plays ... ok
test split_and_internal_insertion_split_copy_only_existing_hold_issuers_once ... ok
test wire_is_closed_canonical_and_bounded_before_document_traversal ... ok
test document_aggregate_limit_is_shared_by_individually_valid_event_sets ... ok

test result: ok. 8 passed; 0 failed; 0 ignored; 0 measured; 0 filtered out; finished in 0.15s

     Running tests/sound_events.rs (target/debug/deps/sound_events-e5734d8946696035)

running 7 tests
test exact_terminal_boundary_fits_but_one_sample_of_overflow_does_not ... ok
test selection_and_sample_offset_preserve_the_complete_source_phase ... ok
test upsert_and_delete_are_guarded_reversible_nonstructural_edits ... ok
test temporal_and_occurrence_edits_fail_before_transforming_retained_context ... ok
test invalid_source_rate_owner_extent_and_gain_are_rejected_atomically ... ok
test frozen_command_vocabularies_reject_sound_authoring ... ok
test bounded_live_inventory_allows_replacement_and_rejects_unknown_wire_fields ... ok

test result: ok. 7 passed; 0 failed; 0 ignored; 0 measured; 0 filtered out; finished in 0.13s

     Running tests/sound_routing.rs (target/debug/deps/sound_routing-477310b2d537a94e)

running 9 tests
test translated_support_clips_before_narrowing_extreme_sample_labels ... ok
test delete_onset_keeps_recipe_suffix_and_whole_deletion_removes_bus ... ok
test initially_sampleless_selection_keeps_intent_until_logically_deleted ... ok
test splice_and_nonroot_split_preserve_routing_while_root_split_stays_closed ... ok
test deep_history_and_large_repeat_queries_use_bounded_iterative_work ... ok
test parameters_preserve_history_replacement_is_explicit_and_route_patches_are_guarded ... ok
test routed_wire_admission_checks_clocks_ownership_capacity_and_frozen_context ... ok
test deletion_keeps_a_physical_sample_outside_its_transported_exact_selection ... ok
test nested_pause_captures_once_and_more_than_twenty_one_edits_keep_the_recipe ... ok

test result: ok. 9 passed; 0 failed; 0 ignored; 0 measured; 0 filtered out; finished in 1.48s

