   Compiling libc v0.2.189
   Compiling proc-macro2 v1.0.107
   Compiling quote v1.0.47
   Compiling unicode-ident v1.0.26
    Checking bitflags v2.13.2
    Checking cfg-if v1.0.5
    Checking once_cell v1.21.4
   Compiling getrandom v0.4.3
   Compiling serde_core v1.0.229
   Compiling zmij v1.0.23
   Compiling rustix v1.1.5
   Compiling serde_json v1.0.151
    Checking itoa v1.0.18
    Checking memchr v2.8.3
   Compiling serde v1.0.229
   Compiling thiserror v2.0.20
    Checking fastrand v2.5.0
    Checking arrayvec v0.7.8
   Compiling shlex v2.0.1
   Compiling find-msvc-tools v0.1.13
    Checking typenum v1.20.1
    Checking constant_time_eq v0.4.2
   Compiling autocfg v1.5.1
   Compiling libm v0.2.16
   Compiling zerocopy v0.8.57
    Checking foldhash v0.2.0
    Checking smallvec v1.16.1
   Compiling cc v1.4.7
   Compiling getrandom v0.3.4
    Checking objc2-encode v4.1.0
    Checking quick-error v1.2.3
    Checking fnv v1.0.7
   Compiling pkg-config v0.3.34
   Compiling vcpkg v0.2.15
    Checking hashbrown v0.17.1
    Checking bit-vec v0.8.0
    Checking unarray v0.1.4
    Checking regex-syntax v0.8.11
    Checking fallible-iterator v0.3.0
    Checking fallible-streaming-iterator v0.1.9
   Compiling objc2 v0.6.4
   Compiling cfg_aliases v0.2.2
    Checking log v0.4.34
    Checking bit-set v0.8.0
   Compiling parking_lot_core v0.9.12
    Checking raw-window-handle v0.6.2
   Compiling num-traits v0.2.19
    Checking equivalent v1.0.2
    Checking scopeguard v1.2.0
    Checking rustc-hash v1.1.0
    Checking lock_api v0.4.14
   Compiling naga v30.0.1
   Compiling objc-sys v0.3.5
    Checking bit-vec v0.9.1
    Checking profiling v1.0.18
    Checking unicode-width v0.2.2
    Checking static_assertions v1.1.0
   Compiling wgpu-hal v30.0.1
    Checking simd-adler32 v0.3.10
    Checking polycool v0.4.0
    Checking objc2 v0.5.2
    Checking bit-set v0.10.0
    Checking libloading v0.8.9
    Checking adler2 v2.0.1
   Compiling cpal v0.18.2
   Compiling crc32fast v1.5.2
    Checking codespan-reporting v0.13.1
   Compiling wgpu-core v30.0.1
    Checking dasp_sample v0.11.0
    Checking dispatch v0.2.0
    Checking linebender_resource_handle v0.1.1
    Checking mach2 v0.6.0
    Checking kurbo v0.13.1
   Compiling litrs v1.0.0
   Compiling version_check v0.9.5
    Checking core-foundation-sys v0.8.7
    Checking miniz_oxide v0.9.1
    Checking hashlink v0.12.2
   Compiling syn v3.0.6
    Checking errno v0.3.14
    Checking cpufeatures v0.3.1
   Compiling syn v2.0.119
    Checking uuid v1.26.1
    Checking wait-timeout v0.2.1
    Checking deadpan-fileclone v0.1.0 (/Users/michael/Code/deadpan/native/deadpan-fileclone)
    Checking rand_core v0.9.5
    Checking hybrid-array v0.4.15
    Checking rand v0.9.5
    Checking rand_xorshift v0.4.0
    Checking indexmap v2.14.2
    Checking parking_lot v0.12.5
    Checking accesskit v0.24.1
   Compiling document-features v0.2.12
   Compiling ahash v0.8.12
    Checking core-foundation v0.9.4
   Compiling wgpu v30.0.1
    Checking hashbrown v0.16.1
    Checking bitflags v1.3.2
    Checking foreign-types-shared v0.3.1
   Compiling unicode-general-category v1.1.0
    Checking rtrb v0.4.0
    Checking block2 v0.5.1
    Checking fearless_simd v0.4.1
   Compiling blake3 v1.8.7
   Compiling deadpan-source v0.1.0 (/Users/michael/Code/deadpan/native/deadpan-source)
   Compiling libsqlite3-sys v0.38.2
   Compiling deadpan-dsp v0.1.0 (/Users/michael/Code/deadpan/native/deadpan-dsp)
    Checking core-graphics-types v0.1.3
    Checking flate2 v1.1.10
    Checking block2 v0.6.2
    Checking objc2-core-audio-types v0.3.2
    Checking block-buffer v0.12.1
    Checking crypto-common v0.2.2
    Checking objc2-foundation v0.2.2
    Checking dispatch2 v0.3.1
    Checking euclid v0.22.14
   Compiling winit v0.30.13
    Checking pin-project-lite v0.2.17
    Checking zune-core v0.5.3
    Checking tracing-core v0.1.36
    Checking miniz_oxide v0.8.9
    Checking fdeflate v0.3.7
    Checking pxfm v0.1.30
    Checking zune-jpeg v0.5.15
    Checking objc2-core-foundation v0.3.2
    Checking fax v0.2.7
    Checking tracing v0.1.44
    Checking tempfile v3.27.0
    Checking deadpan-native-process v0.1.0 (/Users/michael/Code/deadpan/native/deadpan-process)
    Checking either v1.18.0
    Checking epaint_default_fonts v0.36.2
    Checking nohash-hasher v0.2.0
    Checking cursor-icon v1.2.0
    Checking weezl v0.1.12
    Checking unicode-segmentation v1.13.3
    Checking guillotiere v0.7.0
    Checking rusty-fork v0.3.1
    Checking digest v0.11.3
    Checking dpi v0.1.2
    Checking sha2 v0.11.0
    Checking quick-error v2.0.1
    Checking smol_str v0.2.2
    Checking self_cell v1.3.0
    Checking itertools v0.15.0
    Checking png v0.18.1
    Checking accesskit_consumer v0.38.0
    Checking byteorder-lite v0.1.0
    Checking pollster v1.0.1
    Checking rustc-hash v2.1.3
    Checking web-time v1.1.0
    Checking type-map v0.5.1
   Compiling deadpan-media-worker v0.1.0 (/Users/michael/Code/deadpan/native/deadpan-media-worker)
    Checking winnow v1.0.4
    Checking serde_spanned v1.1.1
    Checking toml_datetime v1.1.1+spec-1.1.0
    Checking accesskit_consumer v0.35.0
   Compiling rfd v0.17.2
    Checking toml_parser v1.1.3+spec-1.1.0
    Checking kittest v0.4.0
    Checking toml v1.1.6+spec-1.1.0
   Compiling thiserror-impl v2.0.20
   Compiling serde_derive v1.0.229
   Compiling bytemuck_derive v1.12.1
   Compiling foreign-types-macros v0.2.4
   Compiling zerocopy-derive v0.8.57
    Checking moxcms v0.8.1
    Checking objc2-foundation v0.3.2
    Checking objc2-core-graphics v0.3.2
    Checking foreign-types v0.5.0
    Checking core-graphics v0.23.2
    Checking bytemuck v1.25.2
    Checking naga-types v30.0.1
    Checking wgpu-types v30.0.1
    Checking color v0.3.3
    Checking font-types v0.12.5
    Checking emath v0.36.2
    Checking objc2-app-kit v0.2.2
    Checking ecolor v0.36.2
    Checking read-fonts v0.41.0
    Checking peniko v0.6.1
    Checking vello_common v0.1.0
    Checking vello_cpu v0.1.0
    Checking rusqlite v0.40.2
    Checking deadpan-core v0.1.0 (/Users/michael/Code/deadpan/crates/deadpan-core)
    Checking objc2-app-kit v0.3.2
    Checking objc2-metal v0.3.2
    Checking objc2-core-audio v0.3.2
    Checking objc2-audio-toolbox v0.3.2
    Checking accesskit_macos v0.26.3
    Checking ppv-lite86 v0.2.21
    Checking half v2.7.1
    Checking coreaudio-rs v0.14.2
    Checking rand_chacha v0.9.0
    Checking proptest v1.11.0
    Checking tiff v0.11.3
    Checking image v0.25.10
    Checking accesskit_winit v0.32.2
    Checking harfrust v0.12.0
    Checking skrifa v0.44.0
    Checking deadpan-output v0.1.0 (/Users/michael/Code/deadpan/native/deadpan-output)
    Checking objc2-quartz-core v0.3.2
    Checking arboard v3.6.1
    Checking raw-window-metal v1.1.0
    Checking epaint v0.36.2
    Checking egui v0.36.2
    Checking wgpu-naga-bridge v30.0.1
    Checking wgpu-core-deps-apple v30.0.1
    Checking egui-winit v0.36.2
    Checking egui-wgpu v0.36.2
    Checking eframe v0.36.2
    Checking egui_kittest v0.36.2
    Checking deadpan-media v0.1.0 (/Users/michael/Code/deadpan/crates/deadpan-media)
    Checking deadpan-plan v0.1.0 (/Users/michael/Code/deadpan/crates/deadpan-plan)
    Checking deadpan-jobs v0.1.0 (/Users/michael/Code/deadpan/crates/deadpan-jobs)
    Checking deadpan-render v0.1.0 (/Users/michael/Code/deadpan/crates/deadpan-render)
    Checking deadpan-store v0.1.0 (/Users/michael/Code/deadpan/crates/deadpan-store)
    Checking deadpan-audio v0.1.0 (/Users/michael/Code/deadpan/crates/deadpan-audio)
    Checking deadpan-models v0.1.0 (/Users/michael/Code/deadpan/crates/deadpan-models)
    Checking deadpan-cli v0.1.0 (/Users/michael/Code/deadpan/crates/deadpan-cli)
    Checking deadpan-playback v0.1.0 (/Users/michael/Code/deadpan/crates/deadpan-playback)
    Checking deadpan-app v0.1.0 (/Users/michael/Code/deadpan/crates/deadpan-app)
    Finished `dev` profile [unoptimized + debuginfo] target(s) in 2m 50s
