   Compiling deadpan-source v0.1.0 (/Users/michael/Code/deadpan/native/deadpan-source)
   Compiling deadpan-encode v0.1.0 (/Users/michael/Code/deadpan/native/deadpan-encode)
   Compiling deadpan-media v0.1.0 (/Users/michael/Code/deadpan/crates/deadpan-media)
   Compiling deadpan-store v0.1.0 (/Users/michael/Code/deadpan/crates/deadpan-store)
   Compiling deadpan-models v0.1.0 (/Users/michael/Code/deadpan/crates/deadpan-models)
   Compiling deadpan-audio v0.1.0 (/Users/michael/Code/deadpan/crates/deadpan-audio)
   Compiling deadpan-cli v0.1.0 (/Users/michael/Code/deadpan/crates/deadpan-cli)
    Finished `test` profile [unoptimized + debuginfo] target(s) in 43.93s
     Running unittests src/lib.rs (target/debug/deps/deadpan_cli-b575bd4794dcd690)

running 102 tests
test encoded_render::host::tests::artifact_admission_can_retain_the_native_maximum_without_the_raw_picture_spool_limit ... ok
test encoded_render::host::tests::snapshot_interruption_retains_the_public_cancellation_and_deadline_outcomes ... ok
test encoded_render::admission::host::tests::selection_is_ordered_and_uses_only_exact_admitted_native_failures ... ok
test encoded_render::admission::content::tests::content_error_limits_reject_bad_single_planes_and_inconsistent_claims ... ok
test encoded_render::admission::content::tests::exact_plane_comparison_observes_cancellation ... ok
test encoded_render::admission::content::tests::marker_observation_never_realigns_the_expected_coordinate ... ok
test encoded_render::admission::host::tests::every_noncapability_or_invalidated_failure_stops_selection ... ok
test encoded_render::admission::content::tests::worst_frame_errors_cannot_be_hidden_by_whole_movie_averages ... ok
test encoded_render::admission::worker::tests::nonencoder_probe_errors_cannot_claim_capability_through_diagnostics ... ok
test encoded_render::admission::content::tests::content_report_rejects_shifted_missing_swapped_and_unexpected_audio ... ok
test encoded_render::protocol::tests::encoded_contract_keeps_absolute_audio_phase_and_exceeds_only_raw_sink_limits ... ok
test encoded_render::protocol::tests::progress_and_terminals_bind_both_counts_and_exact_attempt ... ok
test encoded_render::protocol::tests::explicit_software_b_frame_attempt_keeps_requested_and_observed_counts_distinct ... ok
test encoded_render::protocol::tests::completed_manifest_binds_identity_contract_artifact_and_all_host_budgets ... ok
test encoded_render::admission::tests::probe_rejects_ambiguous_picture_geometry_before_starting_a_worker ... ok
test encoded_render::protocol::tests::native_reconstruction_rejects_clock_geometry_and_encoding_bounds ... ok
test encoded_render::host::tests::supervision_errors_and_control_expiry_invalidate_typed_reports ... ok
test encoded_render::admission::tests::probe_contract_has_its_own_exact_recipe_clock_and_identity ... ok
test encoded_render::admission::worker::tests::queued_probe_controls_are_drained_before_any_terminal_claim ... ok
test encoded_render::admission::worker::tests::readonly_probe_input_is_the_same_owned_file_and_rejects_replacements ... ok
test encoded_render::protocol::tests::wire_rejects_truncation_oversize_and_unbounded_diagnostics ... ok
test encoded_render::admission::tests::wire_admission_rejects_loose_fields_versions_and_work_before_execution ... ok
test encoded_render::publication::filesystem::recovery::tests::strict_file_evidence_rejects_missing_identity_and_invalid_extents ... ok
test encoded_render::protocol::tests::failures_require_a_strict_typed_boundary_independent_of_diagnostic_text ... ok
test encoded_render::protocol::tests::round_trip_handles_fragmented_frames_and_preserves_exact_cancellation ... ok
test encoded_render::publication::filesystem::recovery::tests::directory_evidence_has_strict_paths_components_and_non_utf8_round_trip ... ok
test encoded_render::protocol::tests::runtime_bound_completion_requires_the_exact_requested_observation ... ok
test encoded_render::protocol::tests::version_three_requires_explicit_binding_without_changing_persisted_manifest ... ok
test encoded_render::protocol::tests::unknown_fields_and_unrecognized_encoder_choices_fail_closed ... ok
test encoded_render::protocol::tests::request_limits_versions_and_bounded_scalars_are_admitted_before_allocation ... ok
test encoded_render::protocol::tests::completion_rejects_forged_native_counts_clocks_policy_and_drain_claims ... ok
test encoded_render::host::tests::finalization::joined_pump_panic_cannot_promote_a_successful_stage ... ok
test encoded_render::host::tests::finalization::confirmed_cleanup_preserves_the_primary_error ... ok
test encoded_render::host::tests::finalization::joined_pump_panic_invalidates_a_typed_worker_report ... ok
test encoded_render::publication::filesystem::tests::bounded_write_and_failed_exact_length_keep_partial_bytes ... ok
test encoded_render::publication::filesystem::tests::invalid_names_limits_and_existing_entries_never_change_destinations ... ok
test encoded_render::publication::filesystem::tests::control_errors_retain_typed_sources_through_read_and_write_traits ... ok
test encoded_render::publication::filesystem::recovery::tests::recovery_reads_are_bounded_controlled_and_detect_same_inode_mutation ... ok
test encoded_render::publication::filesystem::recovery::tests::byte_identical_replacement_is_rejected_even_with_restored_mtime ... ok
test encoded_render::publication::filesystem::tests::initial_directory_alias_is_allowed_but_later_retargeting_is_rejected ... ok
test encoded_render::publication::provenance::tests::full_artifact_identity_controls_coalescing_and_blank_seams_remain_separate ... ok
test encoded_render::publication::provenance::tests::generated_intervals_follow_retime_sparse_plays_and_effective_gap_branches ... ok
test encoded_render::publication::filesystem::tests::final_name_race_is_no_replace_and_keeps_complete_partial ... ok
test encoded_render::publication::filesystem::tests::bounded_copy_readback_and_no_replace_commit_preserve_owner_writable_mode ... ok
test encoded_render::publication::provenance::tests::huge_compact_repeat_rejects_full_scan_but_admits_a_small_selected_suffix ... ok
test encoded_render::publication::filesystem::tests::recorded_partial_names_are_exclusive_and_owned_after_destination_drop ... ok
test encoded_render::publication::filesystem::tests::published_hash_admission_rejects_same_length_mutation_with_restored_mtime ... ok
test encoded_render::runtime::tests::runtime_hash_rejects_changed_extent_and_control_interruption ... ok
test encoded_render::runtime::tests::binding_rejects_policy_geometry_settings_and_inventory_changes ... ok
test encoded_render::publication::filesystem::recovery::tests::selected_symlink_replacement_and_canonical_ancestor_replacement_fail ... ok
test encoded_render::publication::tests::destination_readback_requires_the_exact_extent_and_unmodified_bytes ... ok
test encoded_render::verification::protocol::tests::completion_cannot_change_the_committed_contract_or_private_bytes ... ok
test encoded_render::verification::protocol::tests::long_exports_require_enough_gops_and_actual_requested_reordering ... ok
test encoded_render::verification::protocol::tests::every_response_binds_the_complete_attempt_identity ... ok
test encoded_render::verification::protocol::tests::fragmented_wire_round_trip_preserves_the_exact_cancellation_target ... ok
test encoded_render::verification::protocol::tests::progress_totals_are_bound_to_each_captured_stage ... ok
test encoded_render::verification::protocol::tests::reordering_observations_must_use_whole_frames_within_the_captured_policy ... ok
test encoded_render::verification::protocol::tests::malformed_or_oversized_frames_and_diagnostics_are_rejected ... ok
test encoded_render::publication::filesystem::tests::revoked_guard_is_checked_after_last_sync_and_before_rename ... ok
test encoded_render::verification::worker::tests::cancellation_requires_exact_token_request_attempt_and_protocol ... ok
test encoded_render::verification::protocol::tests::unknown_fields_and_unrecognized_stages_fail_closed ... ok
test encoded_render::verification::protocol::tests::request_rejects_invalid_scalars_and_insufficient_host_budgets ... ok
test encoded_render::verification::protocol::tests::report_rejects_inconsistent_clocks_runtime_and_physical_sample_claims ... ok
test encoded_render::publication::filesystem::tests::cancellation_and_deadline_before_commit_leave_complete_partial ... ok
test encoded_render::publication::filesystem::tests::replaced_partial_entry_never_writes_or_deletes_foreign_target ... ok
test encoded_render::verification::worker::tests::eof_and_truncated_controls_never_acknowledge_cancellation ... ok
test encoded_render::worker::tests::fractional_range_rebases_absolute_audio_without_rounding_or_padding ... ok
test encoded_render::worker::tests::hashing_checks_exact_extent_and_interrupts_between_bounded_reads ... ok
test encoded_render::worker::tests::misleading_output_io_diagnostics_cannot_claim_encoder_capability ... ok
test encoded_render::worker::tests::native_failure_kinds_survive_worker_mapping_without_reading_prose ... ok
test encoded_render::worker::tests::queued_encoded_cancellation_and_invalid_controls_are_drained_before_terminal ... ok
test encoded_render::verification::worker::tests::binary_hash_covers_all_chunks_without_moving_the_descriptor_position ... ok
test encoded_render::publication::filesystem::tests::cancellation_before_rename_retains_partial_but_after_rename_does_not_undo_success ... ok
test encoded_render::workflow::owner::tests::diagnostics_remain_valid_at_utf8_and_nul_bounds ... ok
test encoded_render::verification::worker::tests::hashing_rejects_both_shrink_and_growth_against_the_captured_extent ... ok
test encoded_render::worker::tests::contract_and_source_admission_failures_are_typed_before_output_allocation ... ok
test encoded_render::publication::filesystem::tests::final_name_replacement_and_later_report_mutation_are_observed_without_unlink ... ok
test encoded_render::verification::worker::tests::hashing_keeps_the_open_file_identity_after_its_path_is_replaced ... ok
test encoded_render::workflow::owner::tests::publication_progress_serializes_as_a_status_snapshot ... ok
test encoded_render::publication::filesystem::tests::extra_hard_link_and_same_inode_mutation_reject_readback_and_commit ... ok
test encoded_render::verification::worker::tests::hashing_honors_cancellation_and_deadline_even_for_empty_files ... ok
test encoded_render::worker::tests::encoded_output_is_private_exclusive_contained_and_hashed_through_its_descriptor ... ok
test encoded_render::publication::filesystem::recovery::tests::unchanged_partial_and_renamed_file_reopen_with_original_evidence ... ok
test encoded_render::publication::filesystem::tests::replaced_parent_or_ancestor_fails_even_if_final_directory_inode_survives ... ok
test encoded_render::publication::filesystem::tests::sibling_destinations_share_the_same_directory_pin ... ok
test encoded_render::workflow::worker::tests::durable_diagnostic_retains_the_typed_failure_boundary ... ok
test encoded_render::publication::filesystem::recovery::tests::foreign_links_symlinks_modes_and_types_are_never_read_or_modified ... ok
test encoded_render::publication::filesystem::tests::every_sync_failure_reports_the_correct_side_of_the_commit_point ... ok
test encoded_render::publication::provenance::tests::bounded_serialization_preserves_control_failures_and_stable_codes ... ok
test encoded_render::publication::tests::provenance_serialization_has_a_hard_byte_ceiling ... ok
test encoded_render::publication::provenance::tests::historical_capture_ignores_live_edits_and_omits_private_catalog_labels ... ok
test encoded_render::workflow::owner::tests::capture_cancel_drains_real_worker_without_creating_job_or_media ... ok
test encoded_render::workflow::owner::tests::separate_coordinators_share_slot_until_worker_release ... ok
test encoded_render::workflow::owner::tests::disconnected_release_channel_does_not_erase_commit_knowledge ... ok
test encoded_render::workflow::owner::tests::observed_movie_commit_survives_terminal_journal_failure ... ok
test encoded_render::workflow::owner::tests::reopening_writer_never_rebinds_old_coordinator ... ok
test encoded_render::workflow::owner::tests::cancellation_is_durable_before_atomic_signal_and_terminal_waits_for_release ... ok
test encoded_render::workflow::owner::tests::unknown_cleanup_persists_cancelling_and_fences_every_coordinator ... ok
test encoded_render::workflow::owner::tests::wrong_phase_reply_never_releases_an_encoding_slot ... ok
test encoded_render::workflow::owner::tests::unknown_cleanup_preserves_previously_observed_movie_commit ... ok
test encoded_render::workflow::owner::tests::stale_revision_and_foreign_writer_are_rejected_before_work ... ok
test encoded_render::workflow::owner::tests::stopped_reconciliation_keeps_destination_uncertain_during_verification ... ok

test result: ok. 102 passed; 0 failed; 0 ignored; 0 measured; 52 filtered out; finished in 0.77s

