   Compiling deadpan-core v0.1.0 (/Users/michael/Code/deadpan/crates/deadpan-core)
   Compiling deadpan-native-process v0.1.0 (/Users/michael/Code/deadpan/native/deadpan-process)
   Compiling deadpan-media v0.1.0 (/Users/michael/Code/deadpan/crates/deadpan-media)
   Compiling deadpan-plan v0.1.0 (/Users/michael/Code/deadpan/crates/deadpan-plan)
   Compiling deadpan-jobs v0.1.0 (/Users/michael/Code/deadpan/crates/deadpan-jobs)
   Compiling deadpan-render v0.1.0 (/Users/michael/Code/deadpan/crates/deadpan-render)
   Compiling deadpan-store v0.1.0 (/Users/michael/Code/deadpan/crates/deadpan-store)
   Compiling deadpan-audio v0.1.0 (/Users/michael/Code/deadpan/crates/deadpan-audio)
   Compiling deadpan-playback v0.1.0 (/Users/michael/Code/deadpan/crates/deadpan-playback)
   Compiling deadpan-cli v0.1.0 (/Users/michael/Code/deadpan/crates/deadpan-cli)
   Compiling deadpan-app v0.1.0 (/Users/michael/Code/deadpan/crates/deadpan-app)
    Finished `release` profile [optimized] target(s) in 3m 14s
     Running `target/release/deadpan-app --ui-check --mode performance --kestrel-source /Users/michael/.dotfiles/kestrel/Sources/Kestrel/Shortcuts.swift --output /tmp/deadpan-native-sound-jzAmH7/performance-final`
workspace: PASS
editing: PASS
camera: PASS
menus: PASS
delayed-preview: PASS
rapid-input: PASS
playback-feedback: PASS
large-project: PASS
edit-latency: PASS
nested-pause: PASS
original-moment: PASS
original-playback: PASS
sound-playback: PASS
sound-placement: PASS
retime: PASS
UI feedback: /tmp/deadpan-native-sound-jzAmH7/performance-final/report.html
