   Compiling deadpan-core v0.1.0 (/Users/michael/Code/deadpan/crates/deadpan-core)
   Compiling deadpan-media v0.1.0 (/Users/michael/Code/deadpan/crates/deadpan-media)
   Compiling deadpan-jobs v0.1.0 (/Users/michael/Code/deadpan/crates/deadpan-jobs)
   Compiling deadpan-store v0.1.0 (/Users/michael/Code/deadpan/crates/deadpan-store)
    Finished `test` profile [unoptimized + debuginfo] target(s) in 52.71s
     Running tests/prepared_source_registration.rs (target/debug/deps/prepared_source_registration-eec01583c48349ce)

running 20 tests
test changed_managed_original_invalidates_prepared_token_without_history_changes ... ok
test preparation_can_run_on_worker_while_writer_edits_and_does_not_author_state ... ok
test prepared_duplicate_reuses_receipt_but_corrupted_existing_payload_is_rejected ... ok
test cancelled_prepared_insertion_leaves_no_receipt_or_edit_and_allows_retry ... ok
test moment::interior::interior_rejection_and_cursor_failure_never_publish_a_preliminary_split ... ok
test moment::failed_paste_transaction_keeps_revision_history_and_receipt_unchanged ... ok
test moment::paste_rechecks_original_and_live_writer_session ... ok
test prepared_insertion_rolls_back_on_history_failure_and_retries_same_token ... ok
test prepared_insertion_reconciles_generation_atomically_and_retries_after_cursor_failure ... ok
test moment::paste_reconciles_complete_generation_relevance_in_its_single_transaction ... ok
test moment::paste_uses_exact_measured_selection_and_one_durable_undo_entry ... ok
test moment::interior::interior_preview_and_commit_share_one_exact_transaction_and_durable_undo ... ok
test prepared_commit_rejects_read_only_wrong_project_and_reopened_sessions ... ok
test linked_relocation_requires_fresh_inventory_proof_even_when_old_path_is_unchanged ... ok
test moment::paste_rejects_stale_wrong_asset_and_invalid_selection_without_writes ... ok
test preview_is_read_only_and_prepared_token_is_bound_to_issuing_writer ... ok
test moment::paste_requires_existing_unchanged_receipt_and_never_repairs_evidence ... ok
test stale_target_is_rejected_then_same_token_registers_against_current_revision ... ok
test prepared_primary_uses_current_timing_after_automatic_basis_becomes_explicit ... ok
test prepared_token_rejects_delete_same_bytes_and_in_place_rewrite ... ok

test result: ok. 20 passed; 0 failed; 0 ignored; 0 measured; 0 filtered out; finished in 1.28s

