   Compiling deadpan-cli v0.1.0 (/Users/michael/Code/deadpan/crates/deadpan-cli)
    Finished `test` profile [unoptimized + debuginfo] target(s) in 11.65s
     Running unittests src/lib.rs (target/debug/deps/deadpan_cli-b575bd4794dcd690)

running 17 tests
test encoded_render::host::tests::artifact_admission_can_retain_the_native_maximum_without_the_raw_picture_spool_limit ... ok
test encoded_render::admission::content::tests::content_error_limits_reject_bad_single_planes_and_inconsistent_claims ... ok
test encoded_render::admission::content::tests::marker_observation_never_realigns_the_expected_coordinate ... ok
test encoded_render::admission::content::tests::worst_frame_errors_cannot_be_hidden_by_whole_movie_averages ... ok
test encoded_render::admission::content::tests::exact_plane_comparison_observes_cancellation ... ok
test encoded_render::admission::host::tests::selection_is_ordered_and_uses_only_exact_admitted_native_failures ... ok
test encoded_render::admission::content::tests::content_report_rejects_shifted_missing_swapped_and_unexpected_audio ... ok
test encoded_render::admission::host::tests::every_noncapability_or_invalidated_failure_stops_selection ... ok
test encoded_render::admission::worker::tests::nonencoder_probe_errors_cannot_claim_capability_through_diagnostics ... ok
test encoded_render::admission::tests::probe_rejects_ambiguous_picture_geometry_before_starting_a_worker ... ok
test export_picture::contract::tests::output_terminal_and_audio_boundary_overflow_are_separate_admission_failures ... ok
test encoded_render::admission::worker::tests::readonly_probe_input_is_the_same_owned_file_and_rejects_replacements ... ok
test encoded_render::admission::tests::probe_contract_has_its_own_exact_recipe_clock_and_identity ... ok
test encoded_render::worker::tests::contract_and_source_admission_failures_are_typed_before_output_allocation ... ok
test encoded_render::admission::worker::tests::queued_probe_controls_are_drained_before_any_terminal_claim ... ok
test encoded_render::admission::tests::wire_admission_rejects_loose_fields_versions_and_work_before_execution ... ok
test encoded_render::publication::filesystem::tests::published_hash_admission_rejects_same_length_mutation_with_restored_mtime ... ok

test result: ok. 17 passed; 0 failed; 0 ignored; 0 measured; 133 filtered out; finished in 0.06s

